docker :  Image proyecto-backend Building 
En línea: 1 Carácter: 1
+ docker compose build backend > build_output.txt 2>&1
+ ~~~~~~~~~~~~~~~~~~~~~~~~~~~~~~~~~~~~~~~~~~~~~~~~~~~~
    + CategoryInfo          : NotSpecified: ( Image proyecto-backend Building :String) [], RemoteException
    + FullyQualifiedErrorId : NativeCommandError
 
#1 [internal] load local bake definitions
#1 reading from stdin 573B 0.0s done
#1 DONE 0.0s

#2 [internal] load build definition from Dockerfile
#2 transferring dockerfile: 390B done
#2 DONE 0.0s

#3 [internal] load metadata for docker.io/library/eclipse-temurin:17-jre-alpine
#3 DONE 0.5s

#4 [internal] load metadata for docker.io/library/maven:3.9.6-eclipse-temurin-17-alpine
#4 DONE 0.5s

#5 [internal] load .dockerignore
#5 transferring context: 2B done
#5 DONE 0.0s

#6 [stage-1 1/3] FROM docker.io/library/eclipse-temurin:17-jre-alpine@sha256:88c0002860cda56384d5ed3b2da4d0d9a2b44dc2ee4dc02344be985bd8b524bc
#6 resolve docker.io/library/eclipse-temurin:17-jre-alpine@sha256:88c0002860cda56384d5ed3b2da4d0d9a2b44dc2ee4dc02344be985bd8b524bc 0.0s done
#6 DONE 0.0s

#7 [build 1/6] FROM docker.io/library/maven:3.9.6-eclipse-temurin-17-alpine@sha256:ffddac7b04101358048f872fba9d978b2a1f9647955d158c1e565233cb95577d
#7 resolve docker.io/library/maven:3.9.6-eclipse-temurin-17-alpine@sha256:ffddac7b04101358048f872fba9d978b2a1f9647955d158c1e565233cb95577d 0.0s done
#7 DONE 0.0s

#8 [internal] load build context
#8 transferring context: 7.19kB done
#8 DONE 0.0s

#9 [build 2/6] WORKDIR /app
#9 CACHED

#10 [build 3/6] COPY pom.xml .
#10 CACHED

#11 [build 4/6] COPY src ./src
#11 CACHED

#12 [build 5/6] COPY checkstyle.xml .
#12 CACHED

#13 [build 6/6] RUN mvn clean package -DskipTests -Dcheckstyle.skip=true
#13 1.308 [INFO] Scanning for projects...
#13 1.510 Downloading from central: https://repo.maven.apache.org/maven2/org/springframework/boot/spring-boot-starter-parent/3.2.4/spring-boot-starter-parent-3.2.4.pom
#13 1.817 Progress (1): 1.1 kB
Progress (1): 2.5 kB
Progress (1): 6.6 kB
Progress (1): 10 kB 
Progress (1): 13 kB
                   
Downloaded from central: https://repo.maven.apache.org/maven2/org/springframework/boot/spring-boot-starter-parent/3.2.4/spring-boot-starter-parent-3.2.4.pom (13 kB at 40 kB/s)
#13 1.844 Downloading from central: https://repo.maven.apache.org/maven2/org/springframework/boot/spring-boot-dependencies/3.2.4/spring-boot-dependencies-3.2.4.pom
#13 1.880 Progress (1): 1.0 kB
Progress (1): 2.3 kB
Progress (1): 4.4 kB
Progress (1): 6.5 kB
Progress (1): 8.2 kB
Progress (1): 10 kB 
Progress (1): 15 kB
Progress (1): 23 kB
Progress (1): 31 kB
Progress (1): 40 kB
Progress (1): 44 kB
Progress (1): 54 kB
Progress (1): 64 kB
Progress (1): 72 kB
Progress (1): 84 kB
Progress (1): 93 kB
Progress (1): 97 kB
Progress (1): 105 kB
Progress (1): 111 kB
                    
Downloaded from central: https://repo.maven.apache.org/maven2/org/springframework/boot/spring-boot-dependencies/3.2.4/spring-boot-dependencies-3.2.4.pom (111 kB at 2.1 MB/s)
#13 1.948 Downloading from central: https://repo.maven.apache.org/maven2/org/assertj/assertj-bom/3.24.2/assertj-bom-3.24.2.pom
#13 1.983 Progress (1): 1.0 kB
Progress (1): 3.0 kB
Progress (1): 3.7 kB
                    
Downloaded from central: https://repo.maven.apache.org/maven2/org/assertj/assertj-bom/3.24.2/assertj-bom-3.24.2.pom (3.7 kB at 96 kB/s)
#13 1.990 Downloading from central: https://repo.maven.apache.org/maven2/io/zipkin/brave/brave-bom/5.16.0/brave-bom-5.16.0.pom
#13 2.028 Progress (1): 814 B
Progress (1): 1.9 kB
Progress (1): 5.9 kB
Progress (1): 12 kB 
                   
Downloaded from central: https://repo.maven.apache.org/maven2/io/zipkin/brave/brave-bom/5.16.0/brave-bom-5.16.0.pom (12 kB at 304 kB/s)
#13 2.036 Downloading from central: https://repo.maven.apache.org/maven2/io/zipkin/reporter2/zipkin-reporter-bom/2.16.3/zipkin-reporter-bom-2.16.3.pom
#13 2.075 Progress (1): 753 B
Progress (1): 1.8 kB
Progress (1): 5.6 kB
Progress (1): 6.9 kB
                    
Downloaded from central: https://repo.maven.apache.org/maven2/io/zipkin/reporter2/zipkin-reporter-bom/2.16.3/zipkin-reporter-bom-2.16.3.pom (6.9 kB at 164 kB/s)
#13 2.083 Downloading from central: https://repo.maven.apache.org/maven2/com/datastax/oss/java-driver-bom/4.17.0/java-driver-bom-4.17.0.pom
#13 2.121 Progress (1): 844 B
Progress (1): 1.8 kB
Progress (1): 4.1 kB
                    
Downloaded from central: https://repo.maven.apache.org/maven2/com/datastax/oss/java-driver-bom/4.17.0/java-driver-bom-4.17.0.pom (4.1 kB at 99 kB/s)
#13 2.128 Downloading from central: https://repo.maven.apache.org/maven2/io/dropwizard/metrics/metrics-bom/4.2.25/metrics-bom-4.2.25.pom
#13 2.166 Progress (1): 6.3 kB
Progress (1): 8.2 kB
                    
Downloaded from central: https://repo.maven.apache.org/maven2/io/dropwizard/metrics/metrics-bom/4.2.25/metrics-bom-4.2.25.pom (8.2 kB at 210 kB/s)
#13 2.171 Downloading from central: https://repo.maven.apache.org/maven2/io/dropwizard/metrics/metrics-parent/4.2.25/metrics-parent-4.2.25.pom
#13 2.205 Progress (1): 1.8 kB
Progress (1): 3.2 kB
Progress (1): 5.3 kB
Progress (1): 8.5 kB
Progress (1): 12 kB 
Progress (1): 16 kB
Progress (1): 20 kB
Progress (1): 21 kB
                   
Downloaded from central: https://repo.maven.apache.org/maven2/io/dropwizard/metrics/metrics-parent/4.2.25/metrics-parent-4.2.25.pom (21 kB at 544 kB/s)
#13 2.214 Downloading from central: https://repo.maven.apache.org/maven2/org/glassfish/jaxb/jaxb-bom/4.0.5/jaxb-bom-4.0.5.pom
#13 2.251 Progress (1): 849 B
Progress (1): 3.3 kB
Progress (1): 11 kB 
Progress (1): 12 kB
                   
Downloaded from central: https://repo.maven.apache.org/maven2/org/glassfish/jaxb/jaxb-bom/4.0.5/jaxb-bom-4.0.5.pom (12 kB at 299 kB/s)
#13 2.257 Downloading from central: https://repo.maven.apache.org/maven2/org/eclipse/ee4j/project/1.0.9/project-1.0.9.pom
#13 2.297 Progress (1): 876 B
Progress (1): 1.8 kB
Progress (1): 4.5 kB
Progress (1): 6.9 kB
Progress (1): 9.6 kB
Progress (1): 14 kB 
Progress (1): 16 kB
                   
Downloaded from central: https://repo.maven.apache.org/maven2/org/eclipse/ee4j/project/1.0.9/project-1.0.9.pom (16 kB at 375 kB/s)
#13 2.305 Downloading from central: https://repo.maven.apache.org/maven2/org/apache/groovy/groovy-bom/4.0.20/groovy-bom-4.0.20.pom
#13 2.342 Progress (1): 867 B
Progress (1): 2.3 kB
Progress (1): 6.1 kB
Progress (1): 10 kB 
Progress (1): 12 kB
Progress (1): 16 kB
Progress (1): 20 kB
Progress (1): 22 kB
Progress (1): 27 kB
                   
Downloaded from central: https://repo.maven.apache.org/maven2/org/apache/groovy/groovy-bom/4.0.20/groovy-bom-4.0.20.pom (27 kB at 665 kB/s)
#13 2.353 Downloading from central: https://repo.maven.apache.org/maven2/org/infinispan/infinispan-bom/14.0.27.Final/infinispan-bom-14.0.27.Final.pom
#13 2.389 Progress (1): 1.1 kB
Progress (1): 8.3 kB
Progress (1): 23 kB 
Progress (1): 25 kB
                   
Downloaded from central: https://repo.maven.apache.org/maven2/org/infinispan/infinispan-bom/14.0.27.Final/infinispan-bom-14.0.27.Final.pom (25 kB at 664 kB/s)
#13 2.395 Downloading from central: https://repo.maven.apache.org/maven2/org/infinispan/infinispan-build-configuration-parent/14.0.27.Final/infinispan-build-configuration-parent-14.0.27.Final.pom
#13 2.429 Progress (1): 1.0 kB
Progress (1): 3.2 kB
Progress (1): 5.5 kB
Progress (1): 7.5 kB
Progress (1): 9.8 kB
Progress (1): 12 kB 
Progress (1): 14 kB
Progress (1): 15 kB
Progress (1): 19 kB
Progress (1): 24 kB
                   
Downloaded from central: https://repo.maven.apache.org/maven2/org/infinispan/infinispan-build-configuration-parent/14.0.27.Final/infinispan-build-configuration-parent-14.0.27.Final.pom (24 kB at 636 kB/s)
#13 2.437 Downloading from central: https://repo.maven.apache.org/maven2/org/jboss/jboss-parent/39/jboss-parent-39.pom
#13 2.471 Progress (1): 701 B
Progress (1): 2.1 kB
Progress (1): 4.5 kB
Progress (1): 6.8 kB
Progress (1): 8.9 kB
Progress (1): 13 kB 
Progress (1): 22 kB
Progress (1): 22 kB
Progress (1): 29 kB
Progress (1): 33 kB
Progress (1): 35 kB
Progress (1): 38 kB
Progress (1): 44 kB
Progress (1): 62 kB
Progress (1): 68 kB
                   
Downloaded from central: https://repo.maven.apache.org/maven2/org/jboss/jboss-parent/39/jboss-parent-39.pom (68 kB at 1.7 MB/s)
#13 2.487 Downloading from central: https://repo.maven.apache.org/maven2/com/fasterxml/jackson/jackson-bom/2.15.4/jackson-bom-2.15.4.pom
#13 2.525 Progress (1): 931 B
Progress (1): 2.7 kB
Progress (1): 8.1 kB
Progress (1): 17 kB 
Progress (1): 18 kB
                   
Downloaded from central: https://repo.maven.apache.org/maven2/com/fasterxml/jackson/jackson-bom/2.15.4/jackson-bom-2.15.4.pom (18 kB at 450 kB/s)
#13 2.531 Downloading from central: https://repo.maven.apache.org/maven2/com/fasterxml/jackson/jackson-parent/2.15/jackson-parent-2.15.pom
#13 2.565 Progress (1): 1.1 kB
Progress (1): 2.6 kB
Progress (1): 4.1 kB
Progress (1): 6.5 kB
                    
Downloaded from central: https://repo.maven.apache.org/maven2/com/fasterxml/jackson/jackson-parent/2.15/jackson-parent-2.15.pom (6.5 kB at 176 kB/s)
#13 2.571 Downloading from central: https://repo.maven.apache.org/maven2/com/fasterxml/oss-parent/50/oss-parent-50.pom
#13 2.604 Progress (1): 951 B
Progress (1): 2.6 kB
Progress (1): 4.0 kB
Progress (1): 6.0 kB
Progress (1): 9.7 kB
Progress (1): 12 kB 
Progress (1): 15 kB
Progress (1): 16 kB
Progress (1): 19 kB
Progress (1): 23 kB
Progress (1): 24 kB
                   
Downloaded from central: https://repo.maven.apache.org/maven2/com/fasterxml/oss-parent/50/oss-parent-50.pom (24 kB at 621 kB/s)
#13 2.615 Downloading from central: https://repo.maven.apache.org/maven2/org/glassfish/jersey/jersey-bom/3.1.5/jersey-bom-3.1.5.pom
#13 2.649 Progress (1): 843 B
Progress (1): 8.7 kB
Progress (1): 20 kB 
Progress (1): 21 kB
                   
Downloaded from central: https://repo.maven.apache.org/maven2/org/glassfish/jersey/jersey-bom/3.1.5/jersey-bom-3.1.5.pom (21 kB at 560 kB/s)
#13 2.654 Downloading from central: https://repo.maven.apache.org/maven2/org/eclipse/ee4j/project/1.0.8/project-1.0.8.pom
#13 2.687 Progress (1): 873 B
Progress (1): 2.5 kB
Progress (1): 5.0 kB
Progress (1): 8.2 kB
Progress (1): 12 kB 
Progress (1): 15 kB
                   
Downloaded from central: https://repo.maven.apache.org/maven2/org/eclipse/ee4j/project/1.0.8/project-1.0.8.pom (15 kB at 417 kB/s)
#13 2.693 Downloading from central: https://repo.maven.apache.org/maven2/org/eclipse/jetty/ee10/jetty-ee10-bom/12.0.7/jetty-ee10-bom-12.0.7.pom
#13 2.727 Progress (1): 1.1 kB
Progress (1): 4.5 kB
Progress (1): 9.2 kB
                    
Downloaded from central: https://repo.maven.apache.org/maven2/org/eclipse/jetty/ee10/jetty-ee10-bom/12.0.7/jetty-ee10-bom-12.0.7.pom (9.2 kB at 257 kB/s)
#13 2.732 Downloading from central: https://repo.maven.apache.org/maven2/org/eclipse/jetty/jetty-bom/12.0.7/jetty-bom-12.0.7.pom
#13 2.766 Progress (1): 1.1 kB
Progress (1): 4.5 kB
Progress (1): 14 kB 
                   
Downloaded from central: https://repo.maven.apache.org/maven2/org/eclipse/jetty/jetty-bom/12.0.7/jetty-bom-12.0.7.pom (14 kB at 403 kB/s)
#13 2.771 Downloading from central: https://repo.maven.apache.org/maven2/org/junit/junit-bom/5.10.2/junit-bom-5.10.2.pom
#13 2.835 Progress (1): 908 B
Progress (1): 4.1 kB
Progress (1): 5.6 kB
                    
Downloaded from central: https://repo.maven.apache.org/maven2/org/junit/junit-bom/5.10.2/junit-bom-5.10.2.pom (5.6 kB at 86 kB/s)
#13 2.839 Downloading from central: https://repo.maven.apache.org/maven2/org/jetbrains/kotlin/kotlin-bom/1.9.23/kotlin-bom-1.9.23.pom
#13 2.878 Progress (1): 908 B
Progress (1): 5.3 kB
Progress (1): 9.1 kB
                    
Downloaded from central: https://repo.maven.apache.org/maven2/org/jetbrains/kotlin/kotlin-bom/1.9.23/kotlin-bom-1.9.23.pom (9.1 kB at 228 kB/s)
#13 2.883 Downloading from central: https://repo.maven.apache.org/maven2/org/jetbrains/kotlinx/kotlinx-coroutines-bom/1.7.3/kotlinx-coroutines-bom-1.7.3.pom
#13 2.919 Progress (1): 1.2 kB
Progress (1): 4.3 kB
                    
Downloaded from central: https://repo.maven.apache.org/maven2/org/jetbrains/kotlinx/kotlinx-coroutines-bom/1.7.3/kotlinx-coroutines-bom-1.7.3.pom (4.3 kB at 116 kB/s)
#13 2.923 Downloading from central: https://repo.maven.apache.org/maven2/org/jetbrains/kotlinx/kotlinx-serialization-bom/1.6.3/kotlinx-serialization-bom-1.6.3.pom
#13 2.955 Progress (1): 1.2 kB
Progress (1): 3.7 kB
                    
Downloaded from central: https://repo.maven.apache.org/maven2/org/jetbrains/kotlinx/kotlinx-serialization-bom/1.6.3/kotlinx-serialization-bom-1.6.3.pom (3.7 kB at 111 kB/s)
#13 2.959 Downloading from central: https://repo.maven.apache.org/maven2/org/apache/logging/log4j/log4j-bom/2.21.1/log4j-bom-2.21.1.pom
#13 2.995 Progress (1): 793 B
Progress (1): 2.2 kB
Progress (1): 5.7 kB
Progress (1): 12 kB 
                   
Downloaded from central: https://repo.maven.apache.org/maven2/org/apache/logging/log4j/log4j-bom/2.21.1/log4j-bom-2.21.1.pom (12 kB at 337 kB/s)
#13 2.999 Downloading from central: https://repo.maven.apache.org/maven2/org/apache/logging/logging-parent/10.1.1/logging-parent-10.1.1.pom
#13 3.038 Progress (1): 738 B
Progress (1): 2.2 kB
Progress (1): 4.7 kB
Progress (1): 7.1 kB
Progress (1): 11 kB 
Progress (1): 14 kB
Progress (1): 20 kB
Progress (1): 21 kB
Progress (1): 22 kB
Progress (1): 25 kB
Progress (1): 28 kB
Progress (1): 30 kB
Progress (1): 32 kB
Progress (1): 36 kB
Progress (1): 39 kB
                   
Downloaded from central: https://repo.maven.apache.org/maven2/org/apache/logging/logging-parent/10.1.1/logging-parent-10.1.1.pom (39 kB at 933 kB/s)
#13 3.045 Downloading from central: https://repo.maven.apache.org/maven2/org/apache/apache/30/apache-30.pom
#13 3.081 Progress (1): 743 B
Progress (1): 2.1 kB
Progress (1): 4.0 kB
Progress (1): 6.3 kB
Progress (1): 11 kB 
Progress (1): 16 kB
Progress (1): 20 kB
Progress (1): 21 kB
Progress (1): 23 kB
Progress (1): 23 kB
                   
Downloaded from central: https://repo.maven.apache.org/maven2/org/apache/apache/30/apache-30.pom (23 kB at 612 kB/s)
#13 3.088 Downloading from central: https://repo.maven.apache.org/maven2/io/micrometer/micrometer-bom/1.12.4/micrometer-bom-1.12.4.pom
#13 3.127 Progress (1): 1.1 kB
Progress (1): 7.2 kB
Progress (1): 7.9 kB
                    
Downloaded from central: https://repo.maven.apache.org/maven2/io/micrometer/micrometer-bom/1.12.4/micrometer-bom-1.12.4.pom (7.9 kB at 193 kB/s)
#13 3.132 Downloading from central: https://repo.maven.apache.org/maven2/io/micrometer/micrometer-tracing-bom/1.2.4/micrometer-tracing-bom-1.2.4.pom
#13 3.163 Progress (1): 1.0 kB
Progress (1): 3.9 kB
Progress (1): 4.5 kB
                    
Downloaded from central: https://repo.maven.apache.org/maven2/io/micrometer/micrometer-tracing-bom/1.2.4/micrometer-tracing-bom-1.2.4.pom (4.5 kB at 107 kB/s)
#13 3.177 Downloading from central: https://repo.maven.apache.org/maven2/org/mockito/mockito-bom/5.7.0/mockito-bom-5.7.0.pom
#13 3.210 Progress (1): 1.5 kB
Progress (1): 3.0 kB
                    
Downloaded from central: https://repo.maven.apache.org/maven2/org/mockito/mockito-bom/5.7.0/mockito-bom-5.7.0.pom (3.0 kB at 87 kB/s)
#13 3.215 Downloading from central: https://repo.maven.apache.org/maven2/io/netty/netty-bom/4.1.107.Final/netty-bom-4.1.107.Final.pom
#13 3.249 Progress (1): 786 B
Progress (1): 2.4 kB
Progress (1): 12 kB 
Progress (1): 14 kB
                   
Downloaded from central: https://repo.maven.apache.org/maven2/io/netty/netty-bom/4.1.107.Final/netty-bom-4.1.107.Final.pom (14 kB at 382 kB/s)
#13 3.258 Downloading from central: https://repo.maven.apache.org/maven2/org/sonatype/oss/oss-parent/7/oss-parent-7.pom
#13 3.295 Progress (1): 848 B
Progress (1): 2.5 kB
Progress (1): 4.8 kB
                    
Downloaded from central: https://repo.maven.apache.org/maven2/org/sonatype/oss/oss-parent/7/oss-parent-7.pom (4.8 kB at 124 kB/s)
#13 3.300 Downloading from central: https://repo.maven.apache.org/maven2/com/squareup/okhttp3/okhttp-bom/4.12.0/okhttp-bom-4.12.0.pom
#13 3.343 Progress (1): 931 B
Progress (1): 3.1 kB
                    
Downloaded from central: https://repo.maven.apache.org/maven2/com/squareup/okhttp3/okhttp-bom/4.12.0/okhttp-bom-4.12.0.pom (3.1 kB at 65 kB/s)
#13 3.349 Downloading from central: https://repo.maven.apache.org/maven2/io/opentelemetry/opentelemetry-bom/1.31.0/opentelemetry-bom-1.31.0.pom
#13 3.385 Progress (1): 956 B
Progress (1): 7.0 kB
                    
Downloaded from central: https://repo.maven.apache.org/maven2/io/opentelemetry/opentelemetry-bom/1.31.0/opentelemetry-bom-1.31.0.pom (7.0 kB at 189 kB/s)
#13 3.389 Downloading from central: https://repo.maven.apache.org/maven2/com/oracle/database/jdbc/ojdbc-bom/21.9.0.0/ojdbc-bom-21.9.0.0.pom
#13 3.428 Progress (1): 902 B
Progress (1): 3.8 kB
Progress (1): 8.6 kB
Progress (1): 13 kB 
                   
Downloaded from central: https://repo.maven.apache.org/maven2/com/oracle/database/jdbc/ojdbc-bom/21.9.0.0/ojdbc-bom-21.9.0.0.pom (13 kB at 316 kB/s)
#13 3.433 Downloading from central: https://repo.maven.apache.org/maven2/io/prometheus/simpleclient_bom/0.16.0/simpleclient_bom-0.16.0.pom
#13 3.469 Progress (1): 1.9 kB
Progress (1): 6.0 kB
                    
Downloaded from central: https://repo.maven.apache.org/maven2/io/prometheus/simpleclient_bom/0.16.0/simpleclient_bom-0.16.0.pom (6.0 kB at 163 kB/s)
#13 3.472 Downloading from central: https://repo.maven.apache.org/maven2/io/prometheus/parent/0.16.0/parent-0.16.0.pom
#13 3.515 Progress (1): 1.1 kB
Progress (1): 3.4 kB
Progress (1): 7.9 kB
Progress (1): 13 kB 
                   
Downloaded from central: https://repo.maven.apache.org/maven2/io/prometheus/parent/0.16.0/parent-0.16.0.pom (13 kB at 284 kB/s)
#13 3.519 Downloading from central: https://repo.maven.apache.org/maven2/com/querydsl/querydsl-bom/5.0.0/querydsl-bom-5.0.0.pom
#13 3.553 Progress (1): 1.2 kB
Progress (1): 6.8 kB
Progress (1): 7.2 kB
                    
Downloaded from central: https://repo.maven.apache.org/maven2/com/querydsl/querydsl-bom/5.0.0/querydsl-bom-5.0.0.pom (7.2 kB at 205 kB/s)
#13 3.557 Downloading from central: https://repo.maven.apache.org/maven2/io/projectreactor/reactor-bom/2023.0.4/reactor-bom-2023.0.4.pom
#13 3.591 Progress (1): 907 B
Progress (1): 4.4 kB
Progress (1): 4.8 kB
                    
Downloaded from central: https://repo.maven.apache.org/maven2/io/projectreactor/reactor-bom/2023.0.4/reactor-bom-2023.0.4.pom (4.8 kB at 136 kB/s)
#13 3.595 Downloading from central: https://repo.maven.apache.org/maven2/io/rest-assured/rest-assured-bom/5.3.2/rest-assured-bom-5.3.2.pom
#13 3.627 Progress (1): 1.2 kB
Progress (1): 4.3 kB
                    
Downloaded from central: https://repo.maven.apache.org/maven2/io/rest-assured/rest-assured-bom/5.3.2/rest-assured-bom-5.3.2.pom (4.3 kB at 129 kB/s)
#13 3.631 Downloading from central: https://repo.maven.apache.org/maven2/io/rsocket/rsocket-bom/1.1.3/rsocket-bom-1.1.3.pom
#13 3.666 Progress (1): 1.2 kB
Progress (1): 2.6 kB
                    
Downloaded from central: https://repo.maven.apache.org/maven2/io/rsocket/rsocket-bom/1.1.3/rsocket-bom-1.1.3.pom (2.6 kB at 73 kB/s)
#13 3.670 Downloading from central: https://repo.maven.apache.org/maven2/org/seleniumhq/selenium/selenium-bom/4.14.1/selenium-bom-4.14.1.pom
#13 3.703 Progress (1): 1.1 kB
Progress (1): 6.0 kB
                    
Downloaded from central: https://repo.maven.apache.org/maven2/org/seleniumhq/selenium/selenium-bom/4.14.1/selenium-bom-4.14.1.pom (6.0 kB at 177 kB/s)
#13 3.707 Downloading from central: https://repo.maven.apache.org/maven2/org/springframework/amqp/spring-amqp-bom/3.1.3/spring-amqp-bom-3.1.3.pom
#13 3.741 Progress (1): 963 B
Progress (1): 3.9 kB
                    
Downloaded from central: https://repo.maven.apache.org/maven2/org/springframework/amqp/spring-amqp-bom/3.1.3/spring-amqp-bom-3.1.3.pom (3.9 kB at 107 kB/s)
#13 3.745 Downloading from central: https://repo.maven.apache.org/maven2/org/springframework/batch/spring-batch-bom/5.1.1/spring-batch-bom-5.1.1.pom
#13 3.781 Progress (1): 1.2 kB
Progress (1): 3.2 kB
                    
Downloaded from central: https://repo.maven.apache.org/maven2/org/springframework/batch/spring-batch-bom/5.1.1/spring-batch-bom-5.1.1.pom (3.2 kB at 88 kB/s)
#13 3.785 Downloading from central: https://repo.maven.apache.org/maven2/org/springframework/data/spring-data-bom/2023.1.4/spring-data-bom-2023.1.4.pom
#13 3.820 Progress (1): 963 B
Progress (1): 2.5 kB
Progress (1): 5.5 kB
                    
Downloaded from central: https://repo.maven.apache.org/maven2/org/springframework/data/spring-data-bom/2023.1.4/spring-data-bom-2023.1.4.pom (5.5 kB at 153 kB/s)
#13 3.823 Downloading from central: https://repo.maven.apache.org/maven2/org/springframework/spring-framework-bom/6.1.5/spring-framework-bom-6.1.5.pom
#13 3.857 Progress (1): 977 B
Progress (1): 5.8 kB
                    
Downloaded from central: https://repo.maven.apache.org/maven2/org/springframework/spring-framework-bom/6.1.5/spring-framework-bom-6.1.5.pom (5.8 kB at 171 kB/s)
#13 3.860 Downloading from central: https://repo.maven.apache.org/maven2/org/springframework/integration/spring-integration-bom/6.2.3/spring-integration-bom-6.2.3.pom
#13 3.894 Progress (1): 962 B
Progress (1): 6.9 kB
Progress (1): 10 kB 
                   
Downloaded from central: https://repo.maven.apache.org/maven2/org/springframework/integration/spring-integration-bom/6.2.3/spring-integration-bom-6.2.3.pom (10 kB at 299 kB/s)
#13 3.899 Downloading from central: https://repo.maven.apache.org/maven2/org/springframework/pulsar/spring-pulsar-bom/1.0.4/spring-pulsar-bom-1.0.4.pom
#13 3.931 Progress (1): 969 B
Progress (1): 2.7 kB
                    
Downloaded from central: https://repo.maven.apache.org/maven2/org/springframework/pulsar/spring-pulsar-bom/1.0.4/spring-pulsar-bom-1.0.4.pom (2.7 kB at 86 kB/s)
#13 3.934 Downloading from central: https://repo.maven.apache.org/maven2/org/springframework/restdocs/spring-restdocs-bom/3.0.1/spring-restdocs-bom-3.0.1.pom
#13 3.966 Progress (1): 1.1 kB
Progress (1): 2.6 kB
                    
Downloaded from central: https://repo.maven.apache.org/maven2/org/springframework/restdocs/spring-restdocs-bom/3.0.1/spring-restdocs-bom-3.0.1.pom (2.6 kB at 78 kB/s)
#13 3.971 Downloading from central: https://repo.maven.apache.org/maven2/org/springframework/security/spring-security-bom/6.2.3/spring-security-bom-6.2.3.pom
#13 4.002 Progress (1): 981 B
Progress (1): 3.2 kB
Progress (1): 5.3 kB
                    
Downloaded from central: https://repo.maven.apache.org/maven2/org/springframework/security/spring-security-bom/6.2.3/spring-security-bom-6.2.3.pom (5.3 kB at 162 kB/s)
#13 4.007 Downloading from central: https://repo.maven.apache.org/maven2/org/springframework/session/spring-session-bom/3.2.2/spring-session-bom-3.2.2.pom
#13 4.041 Progress (1): 1.0 kB
Progress (1): 2.9 kB
                    
Downloaded from central: https://repo.maven.apache.org/maven2/org/springframework/session/spring-session-bom/3.2.2/spring-session-bom-3.2.2.pom (2.9 kB at 83 kB/s)
#13 4.045 Downloading from central: https://repo.maven.apache.org/maven2/org/springframework/ws/spring-ws-bom/4.0.10/spring-ws-bom-4.0.10.pom
#13 4.078 Progress (1): 1.0 kB
Progress (1): 2.7 kB
Progress (1): 3.5 kB
                    
Downloaded from central: https://repo.maven.apache.org/maven2/org/springframework/ws/spring-ws-bom/4.0.10/spring-ws-bom-4.0.10.pom (3.5 kB at 100 kB/s)
#13 4.082 Downloading from central: https://repo.maven.apache.org/maven2/org/testcontainers/testcontainers-bom/1.19.7/testcontainers-bom-1.19.7.pom
#13 4.124 Progress (1): 1.2 kB
Progress (1): 10 kB 
                   
Downloaded from central: https://repo.maven.apache.org/maven2/org/testcontainers/testcontainers-bom/1.19.7/testcontainers-bom-1.19.7.pom (10 kB at 242 kB/s)
#13 4.153 [INFO] 
#13 4.153 [INFO] --------------------------< com.app:backend >---------------------------
#13 4.153 [INFO] Building backend 1.0.0
#13 4.153 [INFO]   from pom.xml
#13 4.153 [INFO] --------------------------------[ jar ]---------------------------------
#13 4.157 Downloading from central: https://repo.maven.apache.org/maven2/org/springframework/boot/spring-boot-maven-plugin/3.2.4/spring-boot-maven-plugin-3.2.4.pom
#13 4.189 Progress (1): 980 B
Progress (1): 4.2 kB
                    
Downloaded from central: https://repo.maven.apache.org/maven2/org/springframework/boot/spring-boot-maven-plugin/3.2.4/spring-boot-maven-plugin-3.2.4.pom (4.2 kB at 120 kB/s)
#13 4.200 Downloading from central: https://repo.maven.apache.org/maven2/org/springframework/boot/spring-boot-maven-plugin/3.2.4/spring-boot-maven-plugin-3.2.4.jar
#13 4.230 Progress (1): 7.7/134 kB
Progress (1): 11/134 kB 
Progress (1): 28/134 kB
Progress (1): 44/134 kB
Progress (1): 61/134 kB
Progress (1): 77/134 kB
Progress (1): 93/134 kB
Progress (1): 110/134 kB
Progress (1): 126/134 kB
Progress (1): 134 kB    
                    
Downloaded from central: https://repo.maven.apache.org/maven2/org/springframework/boot/spring-boot-maven-plugin/3.2.4/spring-boot-maven-plugin-3.2.4.jar (134 kB at 2.2 MB/s)
#13 4.269 Downloading from central: https://repo.maven.apache.org/maven2/org/apache/maven/plugins/maven-clean-plugin/3.3.2/maven-clean-plugin-3.3.2.pom
#13 4.303 Progress (1): 798 B
Progress (1): 2.3 kB
Progress (1): 4.9 kB
Progress (1): 5.3 kB
                    
Downloaded from central: https://repo.maven.apache.org/maven2/org/apache/maven/plugins/maven-clean-plugin/3.3.2/maven-clean-plugin-3.3.2.pom (5.3 kB at 152 kB/s)
#13 4.307 Downloading from central: https://repo.maven.apache.org/maven2/org/apache/maven/plugins/maven-plugins/40/maven-plugins-40.pom
#13 4.340 Progress (1): 773 B
Progress (1): 2.4 kB
Progress (1): 4.9 kB
Progress (1): 7.5 kB
Progress (1): 8.1 kB
                    
Downloaded from central: https://repo.maven.apache.org/maven2/org/apache/maven/plugins/maven-plugins/40/maven-plugins-40.pom (8.1 kB at 238 kB/s)
#13 4.344 Downloading from central: https://repo.maven.apache.org/maven2/org/apache/maven/maven-parent/40/maven-parent-40.pom
#13 4.382 Progress (1): 727 B
Progress (1): 1.9 kB
Progress (1): 5.5 kB
Progress (1): 9.9 kB
Progress (1): 14 kB 
Progress (1): 19 kB
Progress (1): 23 kB
Progress (1): 26 kB
Progress (1): 28 kB
Progress (1): 31 kB
Progress (1): 35 kB
Progress (1): 38 kB
Progress (1): 40 kB
Progress (1): 43 kB
Progress (1): 48 kB
Progress (1): 49 kB
Progress (1): 49 kB
                   
Downloaded from central: https://repo.maven.apache.org/maven2/org/apache/maven/maven-parent/40/maven-parent-40.pom (49 kB at 1.2 MB/s)
#13 4.389 Downloading from central: https://repo.maven.apache.org/maven2/org/apache/maven/plugins/maven-clean-plugin/3.3.2/maven-clean-plugin-3.3.2.jar
#13 4.419 Progress (1): 7.3/36 kB
Progress (1): 24/36 kB 
Progress (1): 36 kB   
                   
Downloaded from central: https://repo.maven.apache.org/maven2/org/apache/maven/plugins/maven-clean-plugin/3.3.2/maven-clean-plugin-3.3.2.jar (36 kB at 1.1 MB/s)
#13 4.426 Downloading from central: https://repo.maven.apache.org/maven2/org/apache/maven/plugins/maven-checkstyle-plugin/3.3.1/maven-checkstyle-plugin-3.3.1.pom
#13 4.461 Progress (1): 743 B
Progress (1): 2.2 kB
Progress (1): 4.9 kB
Progress (1): 9.4 kB
Progress (1): 12 kB 
Progress (1): 15 kB
Progress (1): 15 kB
                   
Downloaded from central: https://repo.maven.apache.org/maven2/org/apache/maven/plugins/maven-checkstyle-plugin/3.3.1/maven-checkstyle-plugin-3.3.1.pom (15 kB at 407 kB/s)
#13 4.473 Downloading from central: https://repo.maven.apache.org/maven2/org/apache/maven/plugins/maven-checkstyle-plugin/3.3.1/maven-checkstyle-plugin-3.3.1.jar
#13 4.506 Progress (1): 7.7/99 kB
Progress (1): 12/99 kB 
Progress (1): 29/99 kB
Progress (1): 45/99 kB
Progress (1): 61/99 kB
Progress (1): 78/99 kB
Progress (1): 94/99 kB
Progress (1): 99 kB   
                   
Downloaded from central: https://repo.maven.apache.org/maven2/org/apache/maven/plugins/maven-checkstyle-plugin/3.3.1/maven-checkstyle-plugin-3.3.1.jar (99 kB at 2.5 MB/s)
#13 4.520 Downloading from central: https://repo.maven.apache.org/maven2/org/apache/maven/plugins/maven-resources-plugin/3.3.1/maven-resources-plugin-3.3.1.pom
#13 4.554 Progress (1): 767 B
Progress (1): 2.2 kB
Progress (1): 4.9 kB
Progress (1): 7.5 kB
Progress (1): 8.2 kB
                    
Downloaded from central: https://repo.maven.apache.org/maven2/org/apache/maven/plugins/maven-resources-plugin/3.3.1/maven-resources-plugin-3.3.1.pom (8.2 kB at 233 kB/s)
#13 4.559 Downloading from central: https://repo.maven.apache.org/maven2/org/apache/maven/plugins/maven-plugins/39/maven-plugins-39.pom
#13 4.594 Progress (1): 773 B
Progress (1): 2.3 kB
Progress (1): 4.9 kB
Progress (1): 7.4 kB
Progress (1): 8.1 kB
                    
Downloaded from central: https://repo.maven.apache.org/maven2/org/apache/maven/plugins/maven-plugins/39/maven-plugins-39.pom (8.1 kB at 219 kB/s)
#13 4.600 Downloading from central: https://repo.maven.apache.org/maven2/org/apache/maven/maven-parent/39/maven-parent-39.pom
#13 4.644 Progress (1): 724 B
Progress (1): 1.9 kB
Progress (1): 5.5 kB
Progress (1): 9.8 kB
Progress (1): 14 kB 
Progress (1): 19 kB
Progress (1): 23 kB
Progress (1): 26 kB
Progress (1): 28 kB
Progress (1): 31 kB
Progress (1): 34 kB
Progress (1): 37 kB
Progress (1): 40 kB
Progress (1): 43 kB
Progress (1): 48 kB
                   
Downloaded from central: https://repo.maven.apache.org/maven2/org/apache/maven/maven-parent/39/maven-parent-39.pom (48 kB at 1.0 MB/s)
#13 4.650 Downloading from central: https://repo.maven.apache.org/maven2/org/apache/apache/29/apache-29.pom
#13 4.683 Progress (1): 741 B
Progress (1): 2.1 kB
Progress (1): 3.9 kB
Progress (1): 6.9 kB
Progress (1): 12 kB 
Progress (1): 16 kB
Progress (1): 19 kB
Progress (1): 21 kB
                   
Downloaded from central: https://repo.maven.apache.org/maven2/org/apache/apache/29/apache-29.pom (21 kB at 609 kB/s)
#13 4.689 Downloading from central: https://repo.maven.apache.org/maven2/org/apache/maven/plugins/maven-resources-plugin/3.3.1/maven-resources-plugin-3.3.1.jar
#13 4.722 Progress (1): 3.2/31 kB
Progress (1): 20/31 kB 
Progress (1): 31 kB   
                   
Downloaded from central: https://repo.maven.apache.org/maven2/org/apache/maven/plugins/maven-resources-plugin/3.3.1/maven-resources-plugin-3.3.1.jar (31 kB at 884 kB/s)
#13 4.728 Downloading from central: https://repo.maven.apache.org/maven2/org/apache/maven/plugins/maven-compiler-plugin/3.11.0/maven-compiler-plugin-3.11.0.pom
#13 4.764 Progress (1): 763 B
Progress (1): 2.2 kB
Progress (1): 3.9 kB
Progress (1): 7.6 kB
Progress (1): 9.8 kB
                    
Downloaded from central: https://repo.maven.apache.org/maven2/org/apache/maven/plugins/maven-compiler-plugin/3.11.0/maven-compiler-plugin-3.11.0.pom (9.8 kB at 265 kB/s)
#13 4.770 Downloading from central: https://repo.maven.apache.org/maven2/org/apache/maven/plugins/maven-compiler-plugin/3.11.0/maven-compiler-plugin-3.11.0.jar
#13 4.800 Progress (1): 7.7/66 kB
Progress (1): 8.2/66 kB
Progress (1): 25/66 kB 
Progress (1): 41/66 kB
Progress (1): 57/66 kB
Progress (1): 66 kB   
                   
Downloaded from central: https://repo.maven.apache.org/maven2/org/apache/maven/plugins/maven-compiler-plugin/3.11.0/maven-compiler-plugin-3.11.0.jar (66 kB at 1.8 MB/s)
#13 4.810 Downloading from central: https://repo.maven.apache.org/maven2/org/apache/maven/plugins/maven-surefire-plugin/3.1.2/maven-surefire-plugin-3.1.2.pom
#13 4.844 Progress (1): 832 B
Progress (1): 2.8 kB
Progress (1): 5.5 kB
                    
Downloaded from central: https://repo.maven.apache.org/maven2/org/apache/maven/plugins/maven-surefire-plugin/3.1.2/maven-surefire-plugin-3.1.2.pom (5.5 kB at 156 kB/s)
#13 4.847 Downloading from central: https://repo.maven.apache.org/maven2/org/apache/maven/surefire/surefire/3.1.2/surefire-3.1.2.pom
#13 4.880 Progress (1): 779 B
Progress (1): 2.4 kB
Progress (1): 4.1 kB
Progress (1): 8.0 kB
Progress (1): 12 kB 
Progress (1): 14 kB
Progress (1): 17 kB
Progress (1): 20 kB
Progress (1): 22 kB
                   
Downloaded from central: https://repo.maven.apache.org/maven2/org/apache/maven/surefire/surefire/3.1.2/surefire-3.1.2.pom (22 kB at 649 kB/s)
#13 4.886 Downloading from central: https://repo.maven.apache.org/maven2/org/apache/maven/plugins/maven-surefire-plugin/3.1.2/maven-surefire-plugin-3.1.2.jar
#13 4.918 Progress (1): 7.7/43 kB
Progress (1): 12/43 kB 
Progress (1): 29/43 kB
Progress (1): 43 kB   
                   
Downloaded from central: https://repo.maven.apache.org/maven2/org/apache/maven/plugins/maven-surefire-plugin/3.1.2/maven-surefire-plugin-3.1.2.jar (43 kB at 1.2 MB/s)
#13 4.925 Downloading from central: https://repo.maven.apache.org/maven2/org/apache/maven/plugins/maven-jar-plugin/3.3.0/maven-jar-plugin-3.3.0.pom
#13 4.962 Progress (1): 787 B
Progress (1): 2.2 kB
Progress (1): 5.1 kB
Progress (1): 6.8 kB
                    
Downloaded from central: https://repo.maven.apache.org/maven2/org/apache/maven/plugins/maven-jar-plugin/3.3.0/maven-jar-plugin-3.3.0.pom (6.8 kB at 178 kB/s)
#13 4.966 Downloading from central: https://repo.maven.apache.org/maven2/org/apache/maven/plugins/maven-plugins/37/maven-plugins-37.pom
#13 4.997 Progress (1): 753 B
Progress (1): 2.2 kB
Progress (1): 4.5 kB
Progress (1): 7.3 kB
Progress (1): 9.9 kB
                    
Downloaded from central: https://repo.maven.apache.org/maven2/org/apache/maven/plugins/maven-plugins/37/maven-plugins-37.pom (9.9 kB at 300 kB/s)
#13 5.000 Downloading from central: https://repo.maven.apache.org/maven2/org/apache/maven/maven-parent/37/maven-parent-37.pom
#13 5.034 Progress (1): 721 B
Progress (1): 1.9 kB
Progress (1): 5.4 kB
Progress (1): 9.5 kB
Progress (1): 14 kB 
Progress (1): 19 kB
Progress (1): 23 kB
Progress (1): 26 kB
Progress (1): 28 kB
Progress (1): 30 kB
Progress (1): 34 kB
Progress (1): 37 kB
Progress (1): 40 kB
Progress (1): 45 kB
Progress (1): 46 kB
                   
Downloaded from central: https://repo.maven.apache.org/maven2/org/apache/maven/maven-parent/37/maven-parent-37.pom (46 kB at 1.3 MB/s)
#13 5.039 Downloading from central: https://repo.maven.apache.org/maven2/org/apache/apache/27/apache-27.pom
#13 5.093 Progress (1): 745 B
Progress (1): 2.1 kB
Progress (1): 3.9 kB
Progress (1): 7.3 kB
Progress (1): 12 kB 
Progress (1): 16 kB
Progress (1): 19 kB
Progress (1): 20 kB
                   
Downloaded from central: https://repo.maven.apache.org/maven2/org/apache/apache/27/apache-27.pom (20 kB at 370 kB/s)
#13 5.098 Downloading from central: https://repo.maven.apache.org/maven2/org/apache/maven/plugins/maven-jar-plugin/3.3.0/maven-jar-plugin-3.3.0.jar
#13 5.128 Progress (1): 7.3/27 kB
Progress (1): 24/27 kB 
Progress (1): 27 kB   
                   
Downloaded from central: https://repo.maven.apache.org/maven2/org/apache/maven/plugins/maven-jar-plugin/3.3.0/maven-jar-plugin-3.3.0.jar (27 kB at 854 kB/s)
#13 5.146 Downloading from central: https://repo.maven.apache.org/maven2/org/springframework/boot/spring-boot-starter-web/3.2.4/spring-boot-starter-web-3.2.4.pom
#13 5.181 Progress (1): 926 B
Progress (1): 2.9 kB
                    
Downloaded from central: https://repo.maven.apache.org/maven2/org/springframework/boot/spring-boot-starter-web/3.2.4/spring-boot-starter-web-3.2.4.pom (2.9 kB at 81 kB/s)
#13 5.186 Downloading from central: https://repo.maven.apache.org/maven2/org/springframework/boot/spring-boot-starter/3.2.4/spring-boot-starter-3.2.4.pom
#13 5.225 Progress (1): 947 B
Progress (1): 3.0 kB
                    
Downloaded from central: https://repo.maven.apache.org/maven2/org/springframework/boot/spring-boot-starter/3.2.4/spring-boot-starter-3.2.4.pom (3.0 kB at 76 kB/s)
#13 5.229 Downloading from central: https://repo.maven.apache.org/maven2/org/springframework/boot/spring-boot/3.2.4/spring-boot-3.2.4.pom
#13 5.263 Progress (1): 1.0 kB
Progress (1): 2.2 kB
                    
Downloaded from central: https://repo.maven.apache.org/maven2/org/springframework/boot/spring-boot/3.2.4/spring-boot-3.2.4.pom (2.2 kB at 65 kB/s)
#13 5.266 Downloading from central: https://repo.maven.apache.org/maven2/org/springframework/spring-core/6.1.5/spring-core-6.1.5.pom
#13 5.305 Progress (1): 1.1 kB
Progress (1): 2.0 kB
                    
Downloaded from central: https://repo.maven.apache.org/maven2/org/springframework/spring-core/6.1.5/spring-core-6.1.5.pom (2.0 kB at 50 kB/s)
#13 5.308 Downloading from central: https://repo.maven.apache.org/maven2/org/springframework/spring-jcl/6.1.5/spring-jcl-6.1.5.pom
#13 5.341 Progress (1): 1.1 kB
Progress (1): 1.8 kB
                    
Downloaded from central: https://repo.maven.apache.org/maven2/org/springframework/spring-jcl/6.1.5/spring-jcl-6.1.5.pom (1.8 kB at 54 kB/s)
#13 5.345 Downloading from central: https://repo.maven.apache.org/maven2/org/springframework/spring-context/6.1.5/spring-context-6.1.5.pom
#13 5.379 Progress (1): 1.1 kB
Progress (1): 2.8 kB
                    
Downloaded from central: https://repo.maven.apache.org/maven2/org/springframework/spring-context/6.1.5/spring-context-6.1.5.pom (2.8 kB at 77 kB/s)
#13 5.383 Downloading from central: https://repo.maven.apache.org/maven2/org/springframework/spring-aop/6.1.5/spring-aop-6.1.5.pom
#13 5.416 Progress (1): 1.1 kB
Progress (1): 2.2 kB
                    
Downloaded from central: https://repo.maven.apache.org/maven2/org/springframework/spring-aop/6.1.5/spring-aop-6.1.5.pom (2.2 kB at 65 kB/s)
#13 5.421 Downloading from central: https://repo.maven.apache.org/maven2/org/springframework/spring-beans/6.1.5/spring-beans-6.1.5.pom
#13 5.460 Progress (1): 1.1 kB
Progress (1): 2.0 kB
                    
Downloaded from central: https://repo.maven.apache.org/maven2/org/springframework/spring-beans/6.1.5/spring-beans-6.1.5.pom (2.0 kB at 52 kB/s)
#13 5.464 Downloading from central: https://repo.maven.apache.org/maven2/org/springframework/spring-expression/6.1.5/spring-expression-6.1.5.pom
#13 5.496 Progress (1): 1.1 kB
Progress (1): 2.1 kB
                    
Downloaded from central: https://repo.maven.apache.org/maven2/org/springframework/spring-expression/6.1.5/spring-expression-6.1.5.pom (2.1 kB at 65 kB/s)
#13 5.499 Downloading from central: https://repo.maven.apache.org/maven2/io/micrometer/micrometer-observation/1.12.4/micrometer-observation-1.12.4.pom
#13 5.534 Progress (1): 1.1 kB
Progress (1): 3.4 kB
Progress (1): 3.8 kB
                    
Downloaded from central: https://repo.maven.apache.org/maven2/io/micrometer/micrometer-observation/1.12.4/micrometer-observation-1.12.4.pom (3.8 kB at 110 kB/s)
#13 5.536 Downloading from central: https://repo.maven.apache.org/maven2/io/micrometer/micrometer-commons/1.12.4/micrometer-commons-1.12.4.pom
#13 5.573 Progress (1): 1.1 kB
Progress (1): 3.0 kB
Progress (1): 3.4 kB
                    
Downloaded from central: https://repo.maven.apache.org/maven2/io/micrometer/micrometer-commons/1.12.4/micrometer-commons-1.12.4.pom (3.4 kB at 92 kB/s)
#13 5.576 Downloading from central: https://repo.maven.apache.org/maven2/org/springframework/boot/spring-boot-autoconfigure/3.2.4/spring-boot-autoconfigure-3.2.4.pom
#13 5.608 Progress (1): 1.0 kB
Progress (1): 2.1 kB
                    
Downloaded from central: https://repo.maven.apache.org/maven2/org/springframework/boot/spring-boot-autoconfigure/3.2.4/spring-boot-autoconfigure-3.2.4.pom (2.1 kB at 62 kB/s)
#13 5.612 Downloading from central: https://repo.maven.apache.org/maven2/org/springframework/boot/spring-boot-starter-logging/3.2.4/spring-boot-starter-logging-3.2.4.pom
#13 5.647 Progress (1): 983 B
Progress (1): 2.5 kB
                    
Downloaded from central: https://repo.maven.apache.org/maven2/org/springframework/boot/spring-boot-starter-logging/3.2.4/spring-boot-starter-logging-3.2.4.pom (2.5 kB at 68 kB/s)
#13 5.650 Downloading from central: https://repo.maven.apache.org/maven2/ch/qos/logback/logback-classic/1.4.14/logback-classic-1.4.14.pom
#13 5.689 Progress (1): 1.7 kB
Progress (1): 4.8 kB
Progress (1): 8.2 kB
Progress (1): 11 kB 
Progress (1): 13 kB
Progress (1): 13 kB
                   
Downloaded from central: https://repo.maven.apache.org/maven2/ch/qos/logback/logback-classic/1.4.14/logback-classic-1.4.14.pom (13 kB at 327 kB/s)
#13 5.696 Downloading from central: https://repo.maven.apache.org/maven2/ch/qos/logback/logback-parent/1.4.14/logback-parent-1.4.14.pom
#13 5.732 Progress (1): 1.1 kB
Progress (1): 2.7 kB
Progress (1): 5.0 kB
Progress (1): 9.9 kB
Progress (1): 14 kB 
Progress (1): 17 kB
Progress (1): 20 kB
                   
Downloaded from central: https://repo.maven.apache.org/maven2/ch/qos/logback/logback-parent/1.4.14/logback-parent-1.4.14.pom (20 kB at 533 kB/s)
#13 5.737 Downloading from central: https://repo.maven.apache.org/maven2/ch/qos/logback/logback-core/1.4.14/logback-core-1.4.14.pom
#13 5.774 Progress (1): 1.6 kB
Progress (1): 3.7 kB
Progress (1): 5.0 kB
                    
Downloaded from central: https://repo.maven.apache.org/maven2/ch/qos/logback/logback-core/1.4.14/logback-core-1.4.14.pom (5.0 kB at 133 kB/s)
#13 5.779 Downloading from central: https://repo.maven.apache.org/maven2/org/slf4j/slf4j-api/2.0.12/slf4j-api-2.0.12.pom
#13 5.815 Progress (1): 1.1 kB
Progress (1): 2.8 kB
                    
Downloaded from central: https://repo.maven.apache.org/maven2/org/slf4j/slf4j-api/2.0.12/slf4j-api-2.0.12.pom (2.8 kB at 76 kB/s)
#13 5.819 Downloading from central: https://repo.maven.apache.org/maven2/org/slf4j/slf4j-parent/2.0.12/slf4j-parent-2.0.12.pom
#13 5.850 Progress (1): 954 B
Progress (1): 3.2 kB
Progress (1): 6.0 kB
Progress (1): 8.2 kB
Progress (1): 11 kB 
Progress (1): 13 kB
                   
Downloaded from central: https://repo.maven.apache.org/maven2/org/slf4j/slf4j-parent/2.0.12/slf4j-parent-2.0.12.pom (13 kB at 405 kB/s)
#13 5.856 Downloading from central: https://repo.maven.apache.org/maven2/org/slf4j/slf4j-bom/2.0.12/slf4j-bom-2.0.12.pom
#13 5.897 Progress (1): 1.0 kB
Progress (1): 4.6 kB
Progress (1): 7.3 kB
Progress (1): 7.3 kB
                    
Downloaded from central: https://repo.maven.apache.org/maven2/org/slf4j/slf4j-bom/2.0.12/slf4j-bom-2.0.12.pom (7.3 kB at 171 kB/s)
#13 5.902 Downloading from central: https://repo.maven.apache.org/maven2/org/apache/logging/log4j/log4j-to-slf4j/2.21.1/log4j-to-slf4j-2.21.1.pom
#13 5.935 Progress (1): 824 B
Progress (1): 2.5 kB
Progress (1): 4.2 kB
                    
Downloaded from central: https://repo.maven.apache.org/maven2/org/apache/logging/log4j/log4j-to-slf4j/2.21.1/log4j-to-slf4j-2.21.1.pom (4.2 kB at 124 kB/s)
#13 5.938 Downloading from central: https://repo.maven.apache.org/maven2/org/apache/logging/log4j/log4j/2.21.1/log4j-2.21.1.pom
#13 5.972 Progress (1): 728 B
Progress (1): 2.2 kB
Progress (1): 4.0 kB
Progress (1): 6.0 kB
Progress (1): 10 kB 
Progress (1): 16 kB
Progress (1): 24 kB
Progress (1): 31 kB
Progress (1): 35 kB
Progress (1): 35 kB
                   
Downloaded from central: https://repo.maven.apache.org/maven2/org/apache/logging/log4j/log4j/2.21.1/log4j-2.21.1.pom (35 kB at 982 kB/s)
#13 5.980 Downloading from central: https://repo.maven.apache.org/maven2/org/ow2/asm/asm-bom/9.5/asm-bom-9.5.pom
#13 6.016 Progress (1): 1.2 kB
Progress (1): 3.2 kB
                    
Downloaded from central: https://repo.maven.apache.org/maven2/org/ow2/asm/asm-bom/9.5/asm-bom-9.5.pom (3.2 kB at 87 kB/s)
#13 6.020 Downloading from central: https://repo.maven.apache.org/maven2/org/ow2/ow2/1.5.1/ow2-1.5.1.pom
#13 6.052 Progress (1): 709 B
Progress (1): 2.1 kB
Progress (1): 3.6 kB
Progress (1): 5.7 kB
Progress (1): 8.1 kB
Progress (1): 11 kB 
                   
Downloaded from central: https://repo.maven.apache.org/maven2/org/ow2/ow2/1.5.1/ow2-1.5.1.pom (11 kB at 323 kB/s)
#13 6.057 Downloading from central: https://repo.maven.apache.org/maven2/org/codehaus/groovy/groovy-bom/3.0.19/groovy-bom-3.0.19.pom
#13 6.095 Progress (1): 959 B
Progress (1): 4.4 kB
Progress (1): 8.1 kB
Progress (1): 12 kB 
Progress (1): 15 kB
Progress (1): 19 kB
Progress (1): 23 kB
Progress (1): 26 kB
                   
Downloaded from central: https://repo.maven.apache.org/maven2/org/codehaus/groovy/groovy-bom/3.0.19/groovy-bom-3.0.19.pom (26 kB at 661 kB/s)
#13 6.099 Downloading from central: https://repo.maven.apache.org/maven2/com/fasterxml/jackson/jackson-bom/2.15.2/jackson-bom-2.15.2.pom
#13 6.134 Progress (1): 931 B
Progress (1): 2.7 kB
Progress (1): 8.1 kB
Progress (1): 17 kB 
Progress (1): 18 kB
                   
Downloaded from central: https://repo.maven.apache.org/maven2/com/fasterxml/jackson/jackson-bom/2.15.2/jackson-bom-2.15.2.pom (18 kB at 500 kB/s)
#13 6.138 Downloading from central: https://repo.maven.apache.org/maven2/jakarta/platform/jakarta.jakartaee-bom/9.1.0/jakarta.jakartaee-bom-9.1.0.pom
#13 6.171 Progress (1): 848 B
Progress (1): 4.7 kB
Progress (1): 9.6 kB
                    
Downloaded from central: https://repo.maven.apache.org/maven2/jakarta/platform/jakarta.jakartaee-bom/9.1.0/jakarta.jakartaee-bom-9.1.0.pom (9.6 kB at 281 kB/s)
#13 6.174 Downloading from central: https://repo.maven.apache.org/maven2/jakarta/platform/jakartaee-api-parent/9.1.0/jakartaee-api-parent-9.1.0.pom
#13 6.213 Progress (1): 823 B
Progress (1): 3.1 kB
Progress (1): 5.9 kB
Progress (1): 11 kB 
Progress (1): 14 kB
Progress (1): 15 kB
                   
Downloaded from central: https://repo.maven.apache.org/maven2/jakarta/platform/jakartaee-api-parent/9.1.0/jakartaee-api-parent-9.1.0.pom (15 kB at 371 kB/s)
#13 6.216 Downloading from central: https://repo.maven.apache.org/maven2/org/eclipse/ee4j/project/1.0.7/project-1.0.7.pom
#13 6.249 Progress (1): 837 B
Progress (1): 2.5 kB
Progress (1): 5.0 kB
Progress (1): 8.0 kB
Progress (1): 13 kB 
Progress (1): 14 kB
                   
Downloaded from central: https://repo.maven.apache.org/maven2/org/eclipse/ee4j/project/1.0.7/project-1.0.7.pom (14 kB at 417 kB/s)
#13 6.253 Downloading from central: https://repo.maven.apache.org/maven2/org/eclipse/jetty/jetty-bom/9.4.53.v20231009/jetty-bom-9.4.53.v20231009.pom
#13 6.309 Progress (1): 1.1 kB
Progress (1): 4.8 kB
Progress (1): 12 kB 
Progress (1): 18 kB
                   
Downloaded from central: https://repo.maven.apache.org/maven2/org/eclipse/jetty/jetty-bom/9.4.53.v20231009/jetty-bom-9.4.53.v20231009.pom (18 kB at 304 kB/s)
#13 6.313 Downloading from central: https://repo.maven.apache.org/maven2/org/junit/junit-bom/5.10.0/junit-bom-5.10.0.pom
#13 6.346 Progress (1): 913 B
Progress (1): 4.1 kB
Progress (1): 5.6 kB
                    
Downloaded from central: https://repo.maven.apache.org/maven2/org/junit/junit-bom/5.10.0/junit-bom-5.10.0.pom (5.6 kB at 166 kB/s)
#13 6.349 Downloading from central: https://repo.maven.apache.org/maven2/io/fabric8/kubernetes-client-bom/5.12.4/kubernetes-client-bom-5.12.4.pom
#13 6.396 Progress (1): 1.3 kB
Progress (1): 3.2 kB
Progress (1): 18 kB 
Progress (1): 26 kB
                   
Downloaded from central: https://repo.maven.apache.org/maven2/io/fabric8/kubernetes-client-bom/5.12.4/kubernetes-client-bom-5.12.4.pom (26 kB at 545 kB/s)
#13 6.399 Downloading from central: https://repo.maven.apache.org/maven2/org/mockito/mockito-bom/4.11.0/mockito-bom-4.11.0.pom
#13 6.431 Progress (1): 1.4 kB
Progress (1): 3.2 kB
                    
Downloaded from central: https://repo.maven.apache.org/maven2/org/mockito/mockito-bom/4.11.0/mockito-bom-4.11.0.pom (3.2 kB at 98 kB/s)
#13 6.433 Downloading from central: https://repo.maven.apache.org/maven2/io/netty/netty-bom/4.1.97.Final/netty-bom-4.1.97.Final.pom
#13 6.465 Progress (1): 786 B
Progress (1): 2.4 kB
Progress (1): 12 kB 
Progress (1): 13 kB
                   
Downloaded from central: https://repo.maven.apache.org/maven2/io/netty/netty-bom/4.1.97.Final/netty-bom-4.1.97.Final.pom (13 kB at 402 kB/s)
#13 6.468 Downloading from central: https://repo.maven.apache.org/maven2/org/springframework/spring-framework-bom/5.3.29/spring-framework-bom-5.3.29.pom
#13 6.501 Progress (1): 975 B
Progress (1): 5.7 kB
                    
Downloaded from central: https://repo.maven.apache.org/maven2/org/springframework/spring-framework-bom/5.3.29/spring-framework-bom-5.3.29.pom (5.7 kB at 171 kB/s)
#13 6.505 Downloading from central: https://repo.maven.apache.org/maven2/org/apache/logging/log4j/log4j-api/2.21.1/log4j-api-2.21.1.pom
#13 6.539 Progress (1): 818 B
Progress (1): 2.4 kB
Progress (1): 4.0 kB
                    
Downloaded from central: https://repo.maven.apache.org/maven2/org/apache/logging/log4j/log4j-api/2.21.1/log4j-api-2.21.1.pom (4.0 kB at 115 kB/s)
#13 6.546 Downloading from central: https://repo.maven.apache.org/maven2/org/slf4j/jul-to-slf4j/2.0.12/jul-to-slf4j-2.0.12.pom
#13 6.583 Progress (1): 1.1 kB
                    
Downloaded from central: https://repo.maven.apache.org/maven2/org/slf4j/jul-to-slf4j/2.0.12/jul-to-slf4j-2.0.12.pom (1.1 kB at 28 kB/s)
#13 6.586 Downloading from central: https://repo.maven.apache.org/maven2/jakarta/annotation/jakarta.annotation-api/2.1.1/jakarta.annotation-api-2.1.1.pom
#13 6.622 Progress (1): 828 B
Progress (1): 2.8 kB
Progress (1): 5.9 kB
Progress (1): 9.9 kB
Progress (1): 13 kB 
Progress (1): 16 kB
                   
Downloaded from central: https://repo.maven.apache.org/maven2/jakarta/annotation/jakarta.annotation-api/2.1.1/jakarta.annotation-api-2.1.1.pom (16 kB at 427 kB/s)
#13 6.626 Downloading from central: https://repo.maven.apache.org/maven2/org/yaml/snakeyaml/2.2/snakeyaml-2.2.pom
#13 6.662 Progress (1): 1.1 kB
Progress (1): 2.9 kB
Progress (1): 6.8 kB
Progress (1): 11 kB 
Progress (1): 15 kB
Progress (1): 20 kB
Progress (1): 21 kB
                   
Downloaded from central: https://repo.maven.apache.org/maven2/org/yaml/snakeyaml/2.2/snakeyaml-2.2.pom (21 kB at 574 kB/s)
#13 6.666 Downloading from central: https://repo.maven.apache.org/maven2/org/springframework/boot/spring-boot-starter-json/3.2.4/spring-boot-starter-json-3.2.4.pom
#13 6.701 Progress (1): 965 B
Progress (1): 3.1 kB
                    
Downloaded from central: https://repo.maven.apache.org/maven2/org/springframework/boot/spring-boot-starter-json/3.2.4/spring-boot-starter-json-3.2.4.pom (3.1 kB at 86 kB/s)
#13 6.705 Downloading from central: https://repo.maven.apache.org/maven2/org/springframework/spring-web/6.1.5/spring-web-6.1.5.pom
#13 6.739 Progress (1): 1.1 kB
Progress (1): 2.4 kB
                    
Downloaded from central: https://repo.maven.apache.org/maven2/org/springframework/spring-web/6.1.5/spring-web-6.1.5.pom (2.4 kB at 66 kB/s)
#13 6.743 Downloading from central: https://repo.maven.apache.org/maven2/com/fasterxml/jackson/core/jackson-databind/2.15.4/jackson-databind-2.15.4.pom
#13 6.782 Progress (1): 975 B
Progress (1): 2.4 kB
Progress (1): 4.0 kB
Progress (1): 6.5 kB
Progress (1): 8.4 kB
Progress (1): 10 kB 
Progress (1): 14 kB
Progress (1): 16 kB
Progress (1): 18 kB
Progress (1): 19 kB
                   
Downloaded from central: https://repo.maven.apache.org/maven2/com/fasterxml/jackson/core/jackson-databind/2.15.4/jackson-databind-2.15.4.pom (19 kB at 471 kB/s)
#13 6.785 Downloading from central: https://repo.maven.apache.org/maven2/com/fasterxml/jackson/jackson-base/2.15.4/jackson-base-2.15.4.pom
#13 6.819 Progress (1): 921 B
Progress (1): 2.4 kB
Progress (1): 4.3 kB
Progress (1): 6.3 kB
Progress (1): 8.4 kB
Progress (1): 10 kB 
Progress (1): 11 kB
                   
Downloaded from central: https://repo.maven.apache.org/maven2/com/fasterxml/jackson/jackson-base/2.15.4/jackson-base-2.15.4.pom (11 kB at 322 kB/s)
#13 6.825 Downloading from central: https://repo.maven.apache.org/maven2/org/junit/junit-bom/5.9.2/junit-bom-5.9.2.pom
#13 6.859 Progress (1): 907 B
Progress (1): 4.1 kB
Progress (1): 5.6 kB
                    
Downloaded from central: https://repo.maven.apache.org/maven2/org/junit/junit-bom/5.9.2/junit-bom-5.9.2.pom (5.6 kB at 161 kB/s)
#13 6.863 Downloading from central: https://repo.maven.apache.org/maven2/com/fasterxml/jackson/core/jackson-annotations/2.15.4/jackson-annotations-2.15.4.pom
#13 6.898 Progress (1): 946 B
Progress (1): 2.4 kB
Progress (1): 3.9 kB
Progress (1): 6.3 kB
Progress (1): 7.1 kB
                    
Downloaded from central: https://repo.maven.apache.org/maven2/com/fasterxml/jackson/core/jackson-annotations/2.15.4/jackson-annotations-2.15.4.pom (7.1 kB at 196 kB/s)
#13 6.903 Downloading from central: https://repo.maven.apache.org/maven2/com/fasterxml/jackson/core/jackson-core/2.15.4/jackson-core-2.15.4.pom
#13 6.938 Progress (1): 979 B
Progress (1): 2.9 kB
Progress (1): 6.8 kB
Progress (1): 9.3 kB
Progress (1): 9.9 kB
                    
Downloaded from central: https://repo.maven.apache.org/maven2/com/fasterxml/jackson/core/jackson-core/2.15.4/jackson-core-2.15.4.pom (9.9 kB at 282 kB/s)
#13 6.945 Downloading from central: https://repo.maven.apache.org/maven2/com/fasterxml/jackson/datatype/jackson-datatype-jdk8/2.15.4/jackson-datatype-jdk8-2.15.4.pom
#13 6.989 Progress (1): 1.0 kB
Progress (1): 2.6 kB
                    
Downloaded from central: https://repo.maven.apache.org/maven2/com/fasterxml/jackson/datatype/jackson-datatype-jdk8/2.15.4/jackson-datatype-jdk8-2.15.4.pom (2.6 kB at 57 kB/s)
#13 6.993 Downloading from central: https://repo.maven.apache.org/maven2/com/fasterxml/jackson/module/jackson-modules-java8/2.15.4/jackson-modules-java8-2.15.4.pom
#13 7.030 Progress (1): 1.4 kB
Progress (1): 3.1 kB
                    
Downloaded from central: https://repo.maven.apache.org/maven2/com/fasterxml/jackson/module/jackson-modules-java8/2.15.4/jackson-modules-java8-2.15.4.pom (3.1 kB at 82 kB/s)
#13 7.035 Downloading from central: https://repo.maven.apache.org/maven2/com/fasterxml/jackson/datatype/jackson-datatype-jsr310/2.15.4/jackson-datatype-jsr310-2.15.4.pom
#13 7.071 Progress (1): 983 B
Progress (1): 2.4 kB
Progress (1): 4.6 kB
Progress (1): 4.9 kB
                    
Downloaded from central: https://repo.maven.apache.org/maven2/com/fasterxml/jackson/datatype/jackson-datatype-jsr310/2.15.4/jackson-datatype-jsr310-2.15.4.pom (4.9 kB at 129 kB/s)
#13 7.077 Downloading from central: https://repo.maven.apache.org/maven2/com/fasterxml/jackson/module/jackson-module-parameter-names/2.15.4/jackson-module-parameter-names-2.15.4.pom
#13 7.111 Progress (1): 973 B
Progress (1): 2.9 kB
Progress (1): 4.4 kB
                    
Downloaded from central: https://repo.maven.apache.org/maven2/com/fasterxml/jackson/module/jackson-module-parameter-names/2.15.4/jackson-module-parameter-names-2.15.4.pom (4.4 kB at 125 kB/s)
#13 7.117 Downloading from central: https://repo.maven.apache.org/maven2/org/springframework/boot/spring-boot-starter-tomcat/3.2.4/spring-boot-starter-tomcat-3.2.4.pom
#13 7.150 Progress (1): 973 B
Progress (1): 3.1 kB
                    
Downloaded from central: https://repo.maven.apache.org/maven2/org/springframework/boot/spring-boot-starter-tomcat/3.2.4/spring-boot-starter-tomcat-3.2.4.pom (3.1 kB at 89 kB/s)
#13 7.155 Downloading from central: https://repo.maven.apache.org/maven2/org/apache/tomcat/embed/tomcat-embed-core/10.1.19/tomcat-embed-core-10.1.19.pom
#13 7.197 Progress (1): 843 B
Progress (1): 1.7 kB
                    
Downloaded from central: https://repo.maven.apache.org/maven2/org/apache/tomcat/embed/tomcat-embed-core/10.1.19/tomcat-embed-core-10.1.19.pom (1.7 kB at 40 kB/s)
#13 7.202 Downloading from central: https://repo.maven.apache.org/maven2/org/apache/tomcat/embed/tomcat-embed-el/10.1.19/tomcat-embed-el-10.1.19.pom
#13 7.242 Progress (1): 843 B
Progress (1): 1.5 kB
                    
Downloaded from central: https://repo.maven.apache.org/maven2/org/apache/tomcat/embed/tomcat-embed-el/10.1.19/tomcat-embed-el-10.1.19.pom (1.5 kB at 37 kB/s)
#13 7.245 Downloading from central: https://repo.maven.apache.org/maven2/org/apache/tomcat/embed/tomcat-embed-websocket/10.1.19/tomcat-embed-websocket-10.1.19.pom
#13 7.281 Progress (1): 843 B
Progress (1): 1.7 kB
                    
Downloaded from central: https://repo.maven.apache.org/maven2/org/apache/tomcat/embed/tomcat-embed-websocket/10.1.19/tomcat-embed-websocket-10.1.19.pom (1.7 kB at 47 kB/s)
#13 7.285 Downloading from central: https://repo.maven.apache.org/maven2/org/springframework/spring-webmvc/6.1.5/spring-webmvc-6.1.5.pom
#13 7.317 Progress (1): 1.0 kB
Progress (1): 2.9 kB
                    
Downloaded from central: https://repo.maven.apache.org/maven2/org/springframework/spring-webmvc/6.1.5/spring-webmvc-6.1.5.pom (2.9 kB at 89 kB/s)
#13 7.320 Downloading from central: https://repo.maven.apache.org/maven2/org/springframework/boot/spring-boot-starter-security/3.2.4/spring-boot-starter-security-3.2.4.pom
#13 7.351 Progress (1): 1.0 kB
Progress (1): 2.7 kB
                    
Downloaded from central: https://repo.maven.apache.org/maven2/org/springframework/boot/spring-boot-starter-security/3.2.4/spring-boot-starter-security-3.2.4.pom (2.7 kB at 83 kB/s)
#13 7.355 Downloading from central: https://repo.maven.apache.org/maven2/org/springframework/security/spring-security-config/6.2.3/spring-security-config-6.2.3.pom
#13 7.388 Progress (1): 1.0 kB
Progress (1): 2.8 kB
                    
Downloaded from central: https://repo.maven.apache.org/maven2/org/springframework/security/spring-security-config/6.2.3/spring-security-config-6.2.3.pom (2.8 kB at 86 kB/s)
#13 7.390 Downloading from central: https://repo.maven.apache.org/maven2/org/springframework/security/spring-security-core/6.2.3/spring-security-core-6.2.3.pom
#13 7.423 Progress (1): 1.0 kB
Progress (1): 3.2 kB
                    
Downloaded from central: https://repo.maven.apache.org/maven2/org/springframework/security/spring-security-core/6.2.3/spring-security-core-6.2.3.pom (3.2 kB at 95 kB/s)
#13 7.426 Downloading from central: https://repo.maven.apache.org/maven2/org/springframework/security/spring-security-crypto/6.2.3/spring-security-crypto-6.2.3.pom
#13 7.458 Progress (1): 1.0 kB
Progress (1): 1.9 kB
                    
Downloaded from central: https://repo.maven.apache.org/maven2/org/springframework/security/spring-security-crypto/6.2.3/spring-security-crypto-6.2.3.pom (1.9 kB at 57 kB/s)
#13 7.461 Downloading from central: https://repo.maven.apache.org/maven2/org/springframework/security/spring-security-web/6.2.3/spring-security-web-6.2.3.pom
#13 7.499 Progress (1): 1.0 kB
Progress (1): 3.2 kB
                    
Downloaded from central: https://repo.maven.apache.org/maven2/org/springframework/security/spring-security-web/6.2.3/spring-security-web-6.2.3.pom (3.2 kB at 84 kB/s)
#13 7.502 Downloading from central: https://repo.maven.apache.org/maven2/org/springframework/boot/spring-boot-starter-data-jpa/3.2.4/spring-boot-starter-data-jpa-3.2.4.pom
#13 7.543 Progress (1): 978 B
Progress (1): 2.9 kB
                    
Downloaded from central: https://repo.maven.apache.org/maven2/org/springframework/boot/spring-boot-starter-data-jpa/3.2.4/spring-boot-starter-data-jpa-3.2.4.pom (2.9 kB at 68 kB/s)
#13 7.547 Downloading from central: https://repo.maven.apache.org/maven2/org/springframework/boot/spring-boot-starter-aop/3.2.4/spring-boot-starter-aop-3.2.4.pom
#13 7.579 Progress (1): 964 B
Progress (1): 2.5 kB
                    
Downloaded from central: https://repo.maven.apache.org/maven2/org/springframework/boot/spring-boot-starter-aop/3.2.4/spring-boot-starter-aop-3.2.4.pom (2.5 kB at 75 kB/s)
#13 7.583 Downloading from central: https://repo.maven.apache.org/maven2/org/aspectj/aspectjweaver/1.9.21/aspectjweaver-1.9.21.pom
#13 7.614 Progress (1): 1.0 kB
Progress (1): 2.1 kB
                    
Downloaded from central: https://repo.maven.apache.org/maven2/org/aspectj/aspectjweaver/1.9.21/aspectjweaver-1.9.21.pom (2.1 kB at 65 kB/s)
#13 7.618 Downloading from central: https://repo.maven.apache.org/maven2/org/springframework/boot/spring-boot-starter-jdbc/3.2.4/spring-boot-starter-jdbc-3.2.4.pom
#13 7.650 Progress (1): 965 B
Progress (1): 2.5 kB
                    
Downloaded from central: https://repo.maven.apache.org/maven2/org/springframework/boot/spring-boot-starter-jdbc/3.2.4/spring-boot-starter-jdbc-3.2.4.pom (2.5 kB at 72 kB/s)
#13 7.653 Downloading from central: https://repo.maven.apache.org/maven2/com/zaxxer/HikariCP/5.0.1/HikariCP-5.0.1.pom
#13 7.686 Progress (1): 1.2 kB
Progress (1): 2.8 kB
Progress (1): 7.4 kB
Progress (1): 11 kB 
Progress (1): 13 kB
Progress (1): 17 kB
Progress (1): 20 kB
Progress (1): 24 kB
Progress (1): 25 kB
                   
Downloaded from central: https://repo.maven.apache.org/maven2/com/zaxxer/HikariCP/5.0.1/HikariCP-5.0.1.pom (25 kB at 727 kB/s)
#13 7.689 Downloading from central: https://repo.maven.apache.org/maven2/org/sonatype/oss/oss-parent/9/oss-parent-9.pom
#13 7.723 Progress (1): 838 B
Progress (1): 2.7 kB
Progress (1): 6.5 kB
Progress (1): 6.6 kB
                    
Downloaded from central: https://repo.maven.apache.org/maven2/org/sonatype/oss/oss-parent/9/oss-parent-9.pom (6.6 kB at 193 kB/s)
#13 7.726 Downloading from central: https://repo.maven.apache.org/maven2/org/springframework/spring-jdbc/6.1.5/spring-jdbc-6.1.5.pom
#13 7.759 Progress (1): 1.0 kB
Progress (1): 2.4 kB
                    
Downloaded from central: https://repo.maven.apache.org/maven2/org/springframework/spring-jdbc/6.1.5/spring-jdbc-6.1.5.pom (2.4 kB at 72 kB/s)
#13 7.762 Downloading from central: https://repo.maven.apache.org/maven2/org/springframework/spring-tx/6.1.5/spring-tx-6.1.5.pom
#13 7.794 Progress (1): 1.1 kB
Progress (1): 2.2 kB
                    
Downloaded from central: https://repo.maven.apache.org/maven2/org/springframework/spring-tx/6.1.5/spring-tx-6.1.5.pom (2.2 kB at 69 kB/s)
#13 7.797 Downloading from central: https://repo.maven.apache.org/maven2/org/hibernate/orm/hibernate-core/6.4.4.Final/hibernate-core-6.4.4.Final.pom
#13 7.832 Progress (1): 1.1 kB
Progress (1): 5.5 kB
Progress (1): 5.8 kB
                    
Downloaded from central: https://repo.maven.apache.org/maven2/org/hibernate/orm/hibernate-core/6.4.4.Final/hibernate-core-6.4.4.Final.pom (5.8 kB at 160 kB/s)
#13 7.835 Downloading from central: https://repo.maven.apache.org/maven2/jakarta/persistence/jakarta.persistence-api/3.1.0/jakarta.persistence-api-3.1.0.pom
#13 7.869 Progress (1): 862 B
Progress (1): 3.0 kB
Progress (1): 6.5 kB
Progress (1): 10.0 kB
Progress (1): 13 kB  
Progress (1): 16 kB
                   
Downloaded from central: https://repo.maven.apache.org/maven2/jakarta/persistence/jakarta.persistence-api/3.1.0/jakarta.persistence-api-3.1.0.pom (16 kB at 444 kB/s)
#13 7.872 Downloading from central: https://repo.maven.apache.org/maven2/jakarta/transaction/jakarta.transaction-api/2.0.1/jakarta.transaction-api-2.0.1.pom
#13 7.906 Progress (1): 827 B
Progress (1): 2.6 kB
Progress (1): 4.6 kB
Progress (1): 7.7 kB
Progress (1): 11 kB 
Progress (1): 14 kB
                   
Downloaded from central: https://repo.maven.apache.org/maven2/jakarta/transaction/jakarta.transaction-api/2.0.1/jakarta.transaction-api-2.0.1.pom (14 kB at 390 kB/s)
#13 7.909 Downloading from central: https://repo.maven.apache.org/maven2/org/eclipse/ee4j/project/1.0.6/project-1.0.6.pom
#13 7.939 Progress (1): 839 B
Progress (1): 2.5 kB
Progress (1): 5.0 kB
Progress (1): 7.7 kB
Progress (1): 13 kB 
Progress (1): 13 kB
                   
Downloaded from central: https://repo.maven.apache.org/maven2/org/eclipse/ee4j/project/1.0.6/project-1.0.6.pom (13 kB at 430 kB/s)
#13 7.943 Downloading from central: https://repo.maven.apache.org/maven2/org/jboss/logging/jboss-logging/3.5.3.Final/jboss-logging-3.5.3.Final.pom
#13 7.979 Progress (1): 755 B
Progress (1): 2.4 kB
Progress (1): 5.5 kB
Progress (1): 9.3 kB
Progress (1): 17 kB 
Progress (1): 19 kB
                   
Downloaded from central: https://repo.maven.apache.org/maven2/org/jboss/logging/jboss-logging/3.5.3.Final/jboss-logging-3.5.3.Final.pom (19 kB at 502 kB/s)
#13 7.982 Downloading from central: https://repo.maven.apache.org/maven2/org/jboss/logging/logging-parent/1.0.1.Final/logging-parent-1.0.1.Final.pom
#13 8.015 Progress (1): 1.2 kB
Progress (1): 3.8 kB
Progress (1): 6.0 kB
                    
Downloaded from central: https://repo.maven.apache.org/maven2/org/jboss/logging/logging-parent/1.0.1.Final/logging-parent-1.0.1.Final.pom (6.0 kB at 175 kB/s)
#13 8.020 Downloading from central: https://repo.maven.apache.org/maven2/org/junit/junit-bom/5.9.3/junit-bom-5.9.3.pom
#13 8.051 Progress (1): 907 B
Progress (1): 4.1 kB
Progress (1): 5.6 kB
                    
Downloaded from central: https://repo.maven.apache.org/maven2/org/junit/junit-bom/5.9.3/junit-bom-5.9.3.pom (5.6 kB at 176 kB/s)
#13 8.055 Downloading from central: https://repo.maven.apache.org/maven2/org/hibernate/common/hibernate-commons-annotations/6.0.6.Final/hibernate-commons-annotations-6.0.6.Final.pom
#13 8.089 Progress (1): 1.0 kB
Progress (1): 2.1 kB
                    
Downloaded from central: https://repo.maven.apache.org/maven2/org/hibernate/common/hibernate-commons-annotations/6.0.6.Final/hibernate-commons-annotations-6.0.6.Final.pom (2.1 kB at 59 kB/s)
#13 8.093 Downloading from central: https://repo.maven.apache.org/maven2/io/smallrye/jandex/3.1.2/jandex-3.1.2.pom
#13 8.126 Progress (1): 1.7 kB
Progress (1): 4.3 kB
Progress (1): 7.0 kB
                    
Downloaded from central: https://repo.maven.apache.org/maven2/io/smallrye/jandex/3.1.2/jandex-3.1.2.pom (7.0 kB at 211 kB/s)
#13 8.129 Downloading from central: https://repo.maven.apache.org/maven2/io/smallrye/jandex-parent/3.1.2/jandex-parent-3.1.2.pom
#13 8.166 Progress (1): 1.3 kB
Progress (1): 4.9 kB
Progress (1): 7.2 kB
                    
Downloaded from central: https://repo.maven.apache.org/maven2/io/smallrye/jandex-parent/3.1.2/jandex-parent-3.1.2.pom (7.2 kB at 193 kB/s)
#13 8.169 Downloading from central: https://repo.maven.apache.org/maven2/io/smallrye/smallrye-build-parent/39/smallrye-build-parent-39.pom
#13 8.202 Progress (1): 1.1 kB
Progress (1): 3.1 kB
Progress (1): 5.7 kB
Progress (1): 9.7 kB
Progress (1): 12 kB 
Progress (1): 16 kB
Progress (1): 21 kB
Progress (1): 28 kB
                   
Downloaded from central: https://repo.maven.apache.org/maven2/io/smallrye/smallrye-build-parent/39/smallrye-build-parent-39.pom (28 kB at 833 kB/s)
#13 8.206 Downloading from central: https://repo.maven.apache.org/maven2/com/fasterxml/classmate/1.6.0/classmate-1.6.0.pom
#13 8.237 Progress (1): 1.2 kB
Progress (1): 2.9 kB
Progress (1): 5.0 kB
Progress (1): 6.6 kB
                    
Downloaded from central: https://repo.maven.apache.org/maven2/com/fasterxml/classmate/1.6.0/classmate-1.6.0.pom (6.6 kB at 214 kB/s)
#13 8.239 Downloading from central: https://repo.maven.apache.org/maven2/com/fasterxml/oss-parent/55/oss-parent-55.pom
#13 8.273 Progress (1): 951 B
Progress (1): 2.6 kB
Progress (1): 4.1 kB
Progress (1): 6.6 kB
Progress (1): 9.7 kB
Progress (1): 12 kB 
Progress (1): 15 kB
Progress (1): 18 kB
Progress (1): 21 kB
Progress (1): 24 kB
                   
Downloaded from central: https://repo.maven.apache.org/maven2/com/fasterxml/oss-parent/55/oss-parent-55.pom (24 kB at 673 kB/s)
#13 8.278 Downloading from central: https://repo.maven.apache.org/maven2/net/bytebuddy/byte-buddy/1.14.12/byte-buddy-1.14.12.pom
#13 8.312 Progress (1): 973 B
Progress (1): 3.7 kB
Progress (1): 7.0 kB
Progress (1): 14 kB 
Progress (1): 16 kB
                   
Downloaded from central: https://repo.maven.apache.org/maven2/net/bytebuddy/byte-buddy/1.14.12/byte-buddy-1.14.12.pom (16 kB at 452 kB/s)
#13 8.316 Downloading from central: https://repo.maven.apache.org/maven2/net/bytebuddy/byte-buddy-parent/1.14.12/byte-buddy-parent-1.14.12.pom
#13 8.354 Progress (1): 829 B
Progress (1): 2.1 kB
Progress (1): 3.6 kB
Progress (1): 6.2 kB
Progress (1): 8.1 kB
Progress (1): 11 kB 
Progress (1): 13 kB
Progress (1): 17 kB
Progress (1): 22 kB
Progress (1): 25 kB
Progress (1): 35 kB
Progress (1): 47 kB
Progress (1): 52 kB
Progress (1): 57 kB
Progress (1): 63 kB
Progress (1): 63 kB
                   
Downloaded from central: https://repo.maven.apache.org/maven2/net/bytebuddy/byte-buddy-parent/1.14.12/byte-buddy-parent-1.14.12.pom (63 kB at 1.6 MB/s)
#13 8.359 Downloading from central: https://repo.maven.apache.org/maven2/jakarta/xml/bind/jakarta.xml.bind-api/4.0.2/jakarta.xml.bind-api-4.0.2.pom
#13 8.399 Progress (1): 845 B
Progress (1): 3.2 kB
Progress (1): 6.0 kB
Progress (1): 9.8 kB
Progress (1): 13 kB 
Progress (1): 13 kB
                   
Downloaded from central: https://repo.maven.apache.org/maven2/jakarta/xml/bind/jakarta.xml.bind-api/4.0.2/jakarta.xml.bind-api-4.0.2.pom (13 kB at 303 kB/s)
#13 8.403 Downloading from central: https://repo.maven.apache.org/maven2/jakarta/xml/bind/jakarta.xml.bind-api-parent/4.0.2/jakarta.xml.bind-api-parent-4.0.2.pom
#13 8.433 Progress (1): 897 B
Progress (1): 2.8 kB
Progress (1): 6.5 kB
Progress (1): 9.1 kB
                    
Downloaded from central: https://repo.maven.apache.org/maven2/jakarta/xml/bind/jakarta.xml.bind-api-parent/4.0.2/jakarta.xml.bind-api-parent-4.0.2.pom (9.1 kB at 295 kB/s)
#13 8.438 Downloading from central: https://repo.maven.apache.org/maven2/jakarta/activation/jakarta.activation-api/2.1.3/jakarta.activation-api-2.1.3.pom
#13 8.475 Progress (1): 857 B
Progress (1): 2.6 kB
Progress (1): 5.3 kB
Progress (1): 9.4 kB
Progress (1): 12 kB 
Progress (1): 17 kB
Progress (1): 19 kB
                   
Downloaded from central: https://repo.maven.apache.org/maven2/jakarta/activation/jakarta.activation-api/2.1.3/jakarta.activation-api-2.1.3.pom (19 kB at 487 kB/s)
#13 8.479 Downloading from central: https://repo.maven.apache.org/maven2/org/glassfish/jaxb/jaxb-runtime/4.0.5/jaxb-runtime-4.0.5.pom
#13 8.510 Progress (1): 806 B
Progress (1): 3.1 kB
Progress (1): 6.9 kB
Progress (1): 10 kB 
Progress (1): 11 kB
                   
Downloaded from central: https://repo.maven.apache.org/maven2/org/glassfish/jaxb/jaxb-runtime/4.0.5/jaxb-runtime-4.0.5.pom (11 kB at 339 kB/s)
#13 8.514 Downloading from central: https://repo.maven.apache.org/maven2/com/sun/xml/bind/mvn/jaxb-runtime-parent/4.0.5/jaxb-runtime-parent-4.0.5.pom
#13 8.554 Progress (1): 932 B
Progress (1): 1.2 kB
                    
Downloaded from central: https://repo.maven.apache.org/maven2/com/sun/xml/bind/mvn/jaxb-runtime-parent/4.0.5/jaxb-runtime-parent-4.0.5.pom (1.2 kB at 30 kB/s)
#13 8.557 Downloading from central: https://repo.maven.apache.org/maven2/com/sun/xml/bind/mvn/jaxb-parent/4.0.5/jaxb-parent-4.0.5.pom
#13 8.589 Progress (1): 778 B
Progress (1): 2.7 kB
Progress (1): 4.4 kB
Progress (1): 6.6 kB
Progress (1): 12 kB 
Progress (1): 17 kB
Progress (1): 21 kB
Progress (1): 28 kB
Progress (1): 33 kB
Progress (1): 35 kB
                   
Downloaded from central: https://repo.maven.apache.org/maven2/com/sun/xml/bind/mvn/jaxb-parent/4.0.5/jaxb-parent-4.0.5.pom (35 kB at 1.0 MB/s)
#13 8.592 Downloading from central: https://repo.maven.apache.org/maven2/com/sun/xml/bind/jaxb-bom-ext/4.0.5/jaxb-bom-ext-4.0.5.pom
#13 8.623 Progress (1): 863 B
Progress (1): 3.5 kB
                    
Downloaded from central: https://repo.maven.apache.org/maven2/com/sun/xml/bind/jaxb-bom-ext/4.0.5/jaxb-bom-ext-4.0.5.pom (3.5 kB at 109 kB/s)
#13 8.627 Downloading from central: https://repo.maven.apache.org/maven2/org/glassfish/jaxb/jaxb-core/4.0.5/jaxb-core-4.0.5.pom
#13 8.661 Progress (1): 898 B
Progress (1): 3.1 kB
Progress (1): 3.7 kB
                    
Downloaded from central: https://repo.maven.apache.org/maven2/org/glassfish/jaxb/jaxb-core/4.0.5/jaxb-core-4.0.5.pom (3.7 kB at 107 kB/s)
#13 8.666 Downloading from central: https://repo.maven.apache.org/maven2/org/eclipse/angus/angus-activation/2.0.2/angus-activation-2.0.2.pom
#13 8.699 Progress (1): 930 B
Progress (1): 3.4 kB
Progress (1): 4.0 kB
                    
Downloaded from central: https://repo.maven.apache.org/maven2/org/eclipse/angus/angus-activation/2.0.2/angus-activation-2.0.2.pom (4.0 kB at 114 kB/s)
#13 8.702 Downloading from central: https://repo.maven.apache.org/maven2/org/eclipse/angus/angus-activation-project/2.0.2/angus-activation-project-2.0.2.pom
#13 8.734 Progress (1): 873 B
Progress (1): 2.6 kB
Progress (1): 5.6 kB
Progress (1): 10 kB 
Progress (1): 14 kB
Progress (1): 18 kB
Progress (1): 20 kB
Progress (1): 21 kB
                   
Downloaded from central: https://repo.maven.apache.org/maven2/org/eclipse/angus/angus-activation-project/2.0.2/angus-activation-project-2.0.2.pom (21 kB at 633 kB/s)
#13 8.738 Downloading from central: https://repo.maven.apache.org/maven2/org/glassfish/jaxb/txw2/4.0.5/txw2-4.0.5.pom
#13 8.771 Progress (1): 931 B
Progress (1): 1.8 kB
                    
Downloaded from central: https://repo.maven.apache.org/maven2/org/glassfish/jaxb/txw2/4.0.5/txw2-4.0.5.pom (1.8 kB at 52 kB/s)
#13 8.775 Downloading from central: https://repo.maven.apache.org/maven2/com/sun/xml/bind/mvn/jaxb-txw-parent/4.0.5/jaxb-txw-parent-4.0.5.pom
#13 8.809 Progress (1): 930 B
Progress (1): 1.2 kB
                    
Downloaded from central: https://repo.maven.apache.org/maven2/com/sun/xml/bind/mvn/jaxb-txw-parent/4.0.5/jaxb-txw-parent-4.0.5.pom (1.2 kB at 33 kB/s)
#13 8.813 Downloading from central: https://repo.maven.apache.org/maven2/com/sun/istack/istack-commons-runtime/4.1.2/istack-commons-runtime-4.1.2.pom
#13 8.850 Progress (1): 933 B
Progress (1): 1.6 kB
                    
Downloaded from central: https://repo.maven.apache.org/maven2/com/sun/istack/istack-commons-runtime/4.1.2/istack-commons-runtime-4.1.2.pom (1.6 kB at 42 kB/s)
#13 8.854 Downloading from central: https://repo.maven.apache.org/maven2/com/sun/istack/istack-commons/4.1.2/istack-commons-4.1.2.pom
#13 8.884 Progress (1): 794 B
Progress (1): 2.6 kB
Progress (1): 4.8 kB
Progress (1): 12 kB 
Progress (1): 17 kB
Progress (1): 21 kB
Progress (1): 26 kB
Progress (1): 26 kB
                   
Downloaded from central: https://repo.maven.apache.org/maven2/com/sun/istack/istack-commons/4.1.2/istack-commons-4.1.2.pom (26 kB at 822 kB/s)
#13 8.888 Downloading from central: https://repo.maven.apache.org/maven2/jakarta/inject/jakarta.inject-api/2.0.1/jakarta.inject-api-2.0.1.pom
#13 8.922 Progress (1): 1.2 kB
Progress (1): 3.4 kB
Progress (1): 5.4 kB
Progress (1): 5.9 kB
                    
Downloaded from central: https://repo.maven.apache.org/maven2/jakarta/inject/jakarta.inject-api/2.0.1/jakarta.inject-api-2.0.1.pom (5.9 kB at 169 kB/s)
#13 8.926 Downloading from central: https://repo.maven.apache.org/maven2/org/antlr/antlr4-runtime/4.13.0/antlr4-runtime-4.13.0.pom
#13 8.960 Progress (1): 901 B
Progress (1): 3.0 kB
Progress (1): 3.6 kB
                    
Downloaded from central: https://repo.maven.apache.org/maven2/org/antlr/antlr4-runtime/4.13.0/antlr4-runtime-4.13.0.pom (3.6 kB at 101 kB/s)
#13 8.963 Downloading from central: https://repo.maven.apache.org/maven2/org/antlr/antlr4-master/4.13.0/antlr4-master-4.13.0.pom
#13 8.994 Progress (1): 964 B
Progress (1): 2.9 kB
Progress (1): 4.8 kB
                    
Downloaded from central: https://repo.maven.apache.org/maven2/org/antlr/antlr4-master/4.13.0/antlr4-master-4.13.0.pom (4.8 kB at 146 kB/s)
#13 8.997 Downloading from central: https://repo.maven.apache.org/maven2/org/springframework/data/spring-data-jpa/3.2.4/spring-data-jpa-3.2.4.pom
#13 9.030 Progress (1): 1.6 kB
Progress (1): 5.2 kB
Progress (1): 8.4 kB
Progress (1): 11 kB 
                   
Downloaded from central: https://repo.maven.apache.org/maven2/org/springframework/data/spring-data-jpa/3.2.4/spring-data-jpa-3.2.4.pom (11 kB at 330 kB/s)
#13 9.033 Downloading from central: https://repo.maven.apache.org/maven2/org/springframework/data/spring-data-jpa-parent/3.2.4/spring-data-jpa-parent-3.2.4.pom
#13 9.064 Progress (1): 1.2 kB
Progress (1): 2.8 kB
Progress (1): 5.9 kB
Progress (1): 7.1 kB
                    
Downloaded from central: https://repo.maven.apache.org/maven2/org/springframework/data/spring-data-jpa-parent/3.2.4/spring-data-jpa-parent-3.2.4.pom (7.1 kB at 222 kB/s)
#13 9.067 Downloading from central: https://repo.maven.apache.org/maven2/org/springframework/data/build/spring-data-parent/3.2.4/spring-data-parent-3.2.4.pom
#13 9.104 Progress (1): 730 B
Progress (1): 2.3 kB
Progress (1): 3.4 kB
Progress (1): 4.7 kB
Progress (1): 6.2 kB
Progress (1): 8.4 kB
Progress (1): 12 kB 
Progress (1): 15 kB
Progress (1): 18 kB
Progress (1): 21 kB
Progress (1): 27 kB
Progress (1): 32 kB
Progress (1): 36 kB
Progress (1): 40 kB
Progress (1): 40 kB
                   
Downloaded from central: https://repo.maven.apache.org/maven2/org/springframework/data/build/spring-data-parent/3.2.4/spring-data-parent-3.2.4.pom (40 kB at 1.1 MB/s)
#13 9.108 Downloading from central: https://repo.maven.apache.org/maven2/org/springframework/data/build/spring-data-build/3.2.4/spring-data-build-3.2.4.pom
#13 9.139 Progress (1): 954 B
Progress (1): 2.5 kB
Progress (1): 4.6 kB
Progress (1): 7.1 kB
Progress (1): 7.2 kB
                    
Downloaded from central: https://repo.maven.apache.org/maven2/org/springframework/data/build/spring-data-build/3.2.4/spring-data-build-3.2.4.pom (7.2 kB at 232 kB/s)
#13 9.143 Downloading from central: https://repo.maven.apache.org/maven2/org/springframework/data/spring-data-commons/3.2.4/spring-data-commons-3.2.4.pom
#13 9.178 Progress (1): 1.2 kB
Progress (1): 5.3 kB
Progress (1): 9.3 kB
Progress (1): 10 kB 
                   
Downloaded from central: https://repo.maven.apache.org/maven2/org/springframework/data/spring-data-commons/3.2.4/spring-data-commons-3.2.4.pom (10 kB at 272 kB/s)
#13 9.183 Downloading from central: https://repo.maven.apache.org/maven2/org/springframework/spring-orm/6.1.5/spring-orm-6.1.5.pom
#13 9.215 Progress (1): 1.0 kB
Progress (1): 2.6 kB
                    
Downloaded from central: https://repo.maven.apache.org/maven2/org/springframework/spring-orm/6.1.5/spring-orm-6.1.5.pom (2.6 kB at 79 kB/s)
#13 9.218 Downloading from central: https://repo.maven.apache.org/maven2/org/springframework/spring-aspects/6.1.5/spring-aspects-6.1.5.pom
#13 9.253 Progress (1): 1.1 kB
Progress (1): 2.0 kB
                    
Downloaded from central: https://repo.maven.apache.org/maven2/org/springframework/spring-aspects/6.1.5/spring-aspects-6.1.5.pom (2.0 kB at 58 kB/s)
#13 9.256 Downloading from central: https://repo.maven.apache.org/maven2/org/springframework/boot/spring-boot-starter-validation/3.2.4/spring-boot-starter-validation-3.2.4.pom
#13 9.289 Progress (1): 976 B
Progress (1): 2.5 kB
                    
Downloaded from central: https://repo.maven.apache.org/maven2/org/springframework/boot/spring-boot-starter-validation/3.2.4/spring-boot-starter-validation-3.2.4.pom (2.5 kB at 74 kB/s)
#13 9.293 Downloading from central: https://repo.maven.apache.org/maven2/org/hibernate/validator/hibernate-validator/8.0.1.Final/hibernate-validator-8.0.1.Final.pom
#13 9.324 Progress (1): 973 B
Progress (1): 3.1 kB
Progress (1): 6.2 kB
Progress (1): 9.0 kB
Progress (1): 13 kB 
Progress (1): 15 kB
                   
Downloaded from central: https://repo.maven.apache.org/maven2/org/hibernate/validator/hibernate-validator/8.0.1.Final/hibernate-validator-8.0.1.Final.pom (15 kB at 454 kB/s)
#13 9.327 Downloading from central: https://repo.maven.apache.org/maven2/org/hibernate/validator/hibernate-validator-parent/8.0.1.Final/hibernate-validator-parent-8.0.1.Final.pom
#13 9.364 Progress (1): 885 B
Progress (1): 3.5 kB
Progress (1): 5.4 kB
Progress (1): 7.5 kB
Progress (1): 9.6 kB
Progress (1): 12 kB 
Progress (1): 14 kB
Progress (1): 16 kB
Progress (1): 18 kB
Progress (1): 24 kB
Progress (1): 31 kB
Progress (1): 35 kB
Progress (1): 38 kB
Progress (1): 41 kB
Progress (1): 47 kB
Progress (1): 48 kB
Progress (1): 52 kB
Progress (1): 56 kB
Progress (1): 60 kB
Progress (1): 67 kB
Progress (1): 70 kB
Progress (1): 73 kB
Progress (1): 78 kB
Progress (1): 81 kB
Progress (1): 81 kB
                   
Downloaded from central: https://repo.maven.apache.org/maven2/org/hibernate/validator/hibernate-validator-parent/8.0.1.Final/hibernate-validator-parent-8.0.1.Final.pom (81 kB at 2.1 MB/s)
#13 9.369 Downloading from central: https://repo.maven.apache.org/maven2/org/jboss/arquillian/arquillian-bom/1.7.0.Alpha10/arquillian-bom-1.7.0.Alpha10.pom
#13 9.402 Progress (1): 1.0 kB
Progress (1): 6.7 kB
Progress (1): 10 kB 
                   
Downloaded from central: https://repo.maven.apache.org/maven2/org/jboss/arquillian/arquillian-bom/1.7.0.Alpha10/arquillian-bom-1.7.0.Alpha10.pom (10 kB at 306 kB/s)
#13 9.406 Downloading from central: https://repo.maven.apache.org/maven2/org/jboss/shrinkwrap/shrinkwrap-bom/1.2.6/shrinkwrap-bom-1.2.6.pom
#13 9.439 Progress (1): 986 B
Progress (1): 4.0 kB
                    
Downloaded from central: https://repo.maven.apache.org/maven2/org/jboss/shrinkwrap/shrinkwrap-bom/1.2.6/shrinkwrap-bom-1.2.6.pom (4.0 kB at 114 kB/s)
#13 9.442 Downloading from central: https://repo.maven.apache.org/maven2/org/jboss/shrinkwrap/resolver/shrinkwrap-resolver-bom/3.1.4/shrinkwrap-resolver-bom-3.1.4.pom
#13 9.477 Progress (1): 975 B
Progress (1): 5.5 kB
Progress (1): 7.0 kB
                    
Downloaded from central: https://repo.maven.apache.org/maven2/org/jboss/shrinkwrap/resolver/shrinkwrap-resolver-bom/3.1.4/shrinkwrap-resolver-bom-3.1.4.pom (7.0 kB at 194 kB/s)
#13 9.481 Downloading from central: https://repo.maven.apache.org/maven2/org/apache/maven/maven/3.6.3/maven-3.6.3.pom
#13 9.514 Progress (1): 710 B
Progress (1): 1.9 kB
Progress (1): 3.5 kB
Progress (1): 5.5 kB
Progress (1): 11 kB 
Progress (1): 16 kB
Progress (1): 20 kB
Progress (1): 23 kB
Progress (1): 26 kB
Progress (1): 26 kB
                   
Downloaded from central: https://repo.maven.apache.org/maven2/org/apache/maven/maven/3.6.3/maven-3.6.3.pom (26 kB at 755 kB/s)
#13 9.519 Downloading from central: https://repo.maven.apache.org/maven2/org/apache/maven/maven-parent/33/maven-parent-33.pom
#13 9.551 Progress (1): 717 B
Progress (1): 1.9 kB
Progress (1): 5.4 kB
Progress (1): 9.9 kB
Progress (1): 14 kB 
Progress (1): 19 kB
Progress (1): 23 kB
Progress (1): 26 kB
Progress (1): 27 kB
Progress (1): 30 kB
Progress (1): 34 kB
Progress (1): 36 kB
Progress (1): 39 kB
Progress (1): 44 kB
                   
Downloaded from central: https://repo.maven.apache.org/maven2/org/apache/maven/maven-parent/33/maven-parent-33.pom (44 kB at 1.3 MB/s)
#13 9.556 Downloading from central: https://repo.maven.apache.org/maven2/org/apache/apache/21/apache-21.pom
#13 9.588 Progress (1): 753 B
Progress (1): 2.1 kB
Progress (1): 3.9 kB
Progress (1): 8.3 kB
Progress (1): 13 kB 
Progress (1): 16 kB
Progress (1): 17 kB
                   
Downloaded from central: https://repo.maven.apache.org/maven2/org/apache/apache/21/apache-21.pom (17 kB at 462 kB/s)
#13 9.598 Downloading from central: https://repo.maven.apache.org/maven2/org/jboss/shrinkwrap/descriptors/shrinkwrap-descriptors-bom/2.0.0/shrinkwrap-descriptors-bom-2.0.0.pom
#13 9.635 Progress (1): 1.1 kB
Progress (1): 5.2 kB
Progress (1): 5.2 kB
                    
Downloaded from central: https://repo.maven.apache.org/maven2/org/jboss/shrinkwrap/descriptors/shrinkwrap-descriptors-bom/2.0.0/shrinkwrap-descriptors-bom-2.0.0.pom (5.2 kB at 138 kB/s)
#13 9.639 Downloading from central: https://repo.maven.apache.org/maven2/jakarta/validation/jakarta.validation-api/3.0.2/jakarta.validation-api-3.0.2.pom
#13 9.670 Progress (1): 1.0 kB
Progress (1): 3.7 kB
Progress (1): 6.2 kB
Progress (1): 9.4 kB
Progress (1): 11 kB 
                   
Downloaded from central: https://repo.maven.apache.org/maven2/jakarta/validation/jakarta.validation-api/3.0.2/jakarta.validation-api-3.0.2.pom (11 kB at 333 kB/s)
#13 9.674 Downloading from central: https://repo.maven.apache.org/maven2/org/postgresql/postgresql/42.6.2/postgresql-42.6.2.pom
#13 9.708 Progress (1): 1.3 kB
Progress (1): 2.7 kB
                    
Downloaded from central: https://repo.maven.apache.org/maven2/org/postgresql/postgresql/42.6.2/postgresql-42.6.2.pom (2.7 kB at 77 kB/s)
#13 9.711 Downloading from central: https://repo.maven.apache.org/maven2/org/checkerframework/checker-qual/3.31.0/checker-qual-3.31.0.pom
#13 9.752 Progress (1): 940 B
Progress (1): 2.1 kB
                    
Downloaded from central: https://repo.maven.apache.org/maven2/org/checkerframework/checker-qual/3.31.0/checker-qual-3.31.0.pom (2.1 kB at 50 kB/s)
#13 9.755 Downloading from central: https://repo.maven.apache.org/maven2/org/flywaydb/flyway-core/9.22.3/flyway-core-9.22.3.pom
#13 9.789 Progress (1): 837 B
Progress (1): 3.9 kB
Progress (1): 6.8 kB
Progress (1): 8.8 kB
                    
Downloaded from central: https://repo.maven.apache.org/maven2/org/flywaydb/flyway-core/9.22.3/flyway-core-9.22.3.pom (8.8 kB at 238 kB/s)
#13 9.794 Downloading from central: https://repo.maven.apache.org/maven2/org/flywaydb/flyway-parent/9.22.3/flyway-parent-9.22.3.pom
#13 9.832 Progress (1): 724 B
Progress (1): 2.1 kB
Progress (1): 4.5 kB
Progress (1): 6.5 kB
Progress (1): 14 kB 
Progress (1): 22 kB
Progress (1): 26 kB
Progress (1): 30 kB
Progress (1): 35 kB
                   
Downloaded from central: https://repo.maven.apache.org/maven2/org/flywaydb/flyway-parent/9.22.3/flyway-parent-9.22.3.pom (35 kB at 917 kB/s)
#13 9.836 Downloading from central: https://repo.maven.apache.org/maven2/com/fasterxml/jackson/dataformat/jackson-dataformat-toml/2.15.4/jackson-dataformat-toml-2.15.4.pom
#13 9.868 Progress (1): 999 B
Progress (1): 3.2 kB
Progress (1): 3.5 kB
                    
Downloaded from central: https://repo.maven.apache.org/maven2/com/fasterxml/jackson/dataformat/jackson-dataformat-toml/2.15.4/jackson-dataformat-toml-2.15.4.pom (3.5 kB at 109 kB/s)
#13 9.870 Downloading from central: https://repo.maven.apache.org/maven2/com/fasterxml/jackson/dataformat/jackson-dataformats-text/2.15.4/jackson-dataformats-text-2.15.4.pom
#13 9.901 Progress (1): 1.2 kB
Progress (1): 3.0 kB
Progress (1): 3.5 kB
                    
Downloaded from central: https://repo.maven.apache.org/maven2/com/fasterxml/jackson/dataformat/jackson-dataformats-text/2.15.4/jackson-dataformats-text-2.15.4.pom (3.5 kB at 109 kB/s)
#13 9.905 Downloading from central: https://repo.maven.apache.org/maven2/com/google/code/gson/gson/2.10.1/gson-2.10.1.pom
#13 9.943 Progress (1): 1.1 kB
Progress (1): 3.4 kB
Progress (1): 6.7 kB
Progress (1): 8.7 kB
Progress (1): 9.4 kB
                    
Downloaded from central: https://repo.maven.apache.org/maven2/com/google/code/gson/gson/2.10.1/gson-2.10.1.pom (9.4 kB at 240 kB/s)
#13 9.946 Downloading from central: https://repo.maven.apache.org/maven2/com/google/code/gson/gson-parent/2.10.1/gson-parent-2.10.1.pom
#13 9.980 Progress (1): 1.1 kB
Progress (1): 2.7 kB
Progress (1): 4.3 kB
Progress (1): 6.5 kB
Progress (1): 8.5 kB
Progress (1): 11 kB 
Progress (1): 13 kB
                   
Downloaded from central: https://repo.maven.apache.org/maven2/com/google/code/gson/gson-parent/2.10.1/gson-parent-2.10.1.pom (13 kB at 368 kB/s)
#13 9.983 Downloading from central: https://repo.maven.apache.org/maven2/org/projectlombok/lombok/1.18.30/lombok-1.18.30.pom
#13 10.02 Progress (1): 1.1 kB
Progress (1): 1.5 kB
                    
Downloaded from central: https://repo.maven.apache.org/maven2/org/projectlombok/lombok/1.18.30/lombok-1.18.30.pom (1.5 kB at 40 kB/s)
#13 10.02 Downloading from central: https://repo.maven.apache.org/maven2/io/jsonwebtoken/jjwt-api/0.12.5/jjwt-api-0.12.5.pom
#13 10.06 Progress (1): 848 B
Progress (1): 1.8 kB
                    
Downloaded from central: https://repo.maven.apache.org/maven2/io/jsonwebtoken/jjwt-api/0.12.5/jjwt-api-0.12.5.pom (1.8 kB at 47 kB/s)
#13 10.06 Downloading from central: https://repo.maven.apache.org/maven2/io/jsonwebtoken/jjwt-root/0.12.5/jjwt-root-0.12.5.pom
#13 10.09 Progress (1): 721 B
Progress (1): 2.5 kB
Progress (1): 4.4 kB
Progress (1): 6.3 kB
Progress (1): 11 kB 
Progress (1): 14 kB
Progress (1): 19 kB
Progress (1): 22 kB
Progress (1): 25 kB
Progress (1): 29 kB
Progress (1): 33 kB
Progress (1): 37 kB
                   
Downloaded from central: https://repo.maven.apache.org/maven2/io/jsonwebtoken/jjwt-root/0.12.5/jjwt-root-0.12.5.pom (37 kB at 1.1 MB/s)
#13 10.10 Downloading from central: https://repo.maven.apache.org/maven2/io/jsonwebtoken/jjwt-impl/0.12.5/jjwt-impl-0.12.5.pom
#13 10.13 Progress (1): 846 B
Progress (1): 2.5 kB
                    
Downloaded from central: https://repo.maven.apache.org/maven2/io/jsonwebtoken/jjwt-impl/0.12.5/jjwt-impl-0.12.5.pom (2.5 kB at 79 kB/s)
#13 10.13 Downloading from central: https://repo.maven.apache.org/maven2/io/jsonwebtoken/jjwt-jackson/0.12.5/jjwt-jackson-0.12.5.pom
#13 10.16 Progress (1): 843 B
Progress (1): 2.4 kB
Progress (1): 2.9 kB
                    
Downloaded from central: https://repo.maven.apache.org/maven2/io/jsonwebtoken/jjwt-jackson/0.12.5/jjwt-jackson-0.12.5.pom (2.9 kB at 87 kB/s)
#13 10.17 Downloading from central: https://repo.maven.apache.org/maven2/org/springframework/boot/spring-boot-starter-test/3.2.4/spring-boot-starter-test-3.2.4.pom
#13 10.20 Progress (1): 916 B
Progress (1): 4.2 kB
Progress (1): 5.0 kB
                    
Downloaded from central: https://repo.maven.apache.org/maven2/org/springframework/boot/spring-boot-starter-test/3.2.4/spring-boot-starter-test-3.2.4.pom (5.0 kB at 153 kB/s)
#13 10.20 Downloading from central: https://repo.maven.apache.org/maven2/org/springframework/boot/spring-boot-test/3.2.4/spring-boot-test-3.2.4.pom
#13 10.24 Progress (1): 1.0 kB
Progress (1): 2.0 kB
                    
Downloaded from central: https://repo.maven.apache.org/maven2/org/springframework/boot/spring-boot-test/3.2.4/spring-boot-test-3.2.4.pom (2.0 kB at 61 kB/s)
#13 10.24 Downloading from central: https://repo.maven.apache.org/maven2/org/springframework/boot/spring-boot-test-autoconfigure/3.2.4/spring-boot-test-autoconfigure-3.2.4.pom
#13 10.27 Progress (1): 1.0 kB
Progress (1): 2.5 kB
                    
Downloaded from central: https://repo.maven.apache.org/maven2/org/springframework/boot/spring-boot-test-autoconfigure/3.2.4/spring-boot-test-autoconfigure-3.2.4.pom (2.5 kB at 75 kB/s)
#13 10.27 Downloading from central: https://repo.maven.apache.org/maven2/com/jayway/jsonpath/json-path/2.9.0/json-path-2.9.0.pom
#13 10.31 Progress (1): 960 B
Progress (1): 1.9 kB
                    
Downloaded from central: https://repo.maven.apache.org/maven2/com/jayway/jsonpath/json-path/2.9.0/json-path-2.9.0.pom (1.9 kB at 56 kB/s)
#13 10.31 Downloading from central: https://repo.maven.apache.org/maven2/net/minidev/json-smart/2.5.0/json-smart-2.5.0.pom
#13 10.34 Progress (1): 788 B
Progress (1): 1.9 kB
Progress (1): 3.6 kB
Progress (1): 5.5 kB
Progress (1): 8.2 kB
Progress (1): 9.2 kB
                    
Downloaded from central: https://repo.maven.apache.org/maven2/net/minidev/json-smart/2.5.0/json-smart-2.5.0.pom (9.2 kB at 248 kB/s)
#13 10.35 Downloading from central: https://repo.maven.apache.org/maven2/net/minidev/accessors-smart/2.5.0/accessors-smart-2.5.0.pom
#13 10.39 Progress (1): 781 B
Progress (1): 2.4 kB
Progress (1): 4.3 kB
Progress (1): 7.2 kB
Progress (1): 11 kB 
Progress (1): 11 kB
                   
Downloaded from central: https://repo.maven.apache.org/maven2/net/minidev/accessors-smart/2.5.0/accessors-smart-2.5.0.pom (11 kB at 287 kB/s)
#13 10.39 Downloading from central: https://repo.maven.apache.org/maven2/org/ow2/asm/asm/9.3/asm-9.3.pom
#13 10.42 Progress (1): 1.3 kB
Progress (1): 2.4 kB
                    
Downloaded from central: https://repo.maven.apache.org/maven2/org/ow2/asm/asm/9.3/asm-9.3.pom (2.4 kB at 74 kB/s)
#13 10.42 Downloading from central: https://repo.maven.apache.org/maven2/org/ow2/ow2/1.5/ow2-1.5.pom
#13 10.46 Progress (1): 708 B
Progress (1): 2.1 kB
Progress (1): 3.6 kB
Progress (1): 6.0 kB
Progress (1): 8.2 kB
Progress (1): 11 kB 
                   
Downloaded from central: https://repo.maven.apache.org/maven2/org/ow2/ow2/1.5/ow2-1.5.pom (11 kB at 321 kB/s)
#13 10.46 Downloading from central: https://repo.maven.apache.org/maven2/org/assertj/assertj-core/3.24.2/assertj-core-3.24.2.pom
#13 10.49 Progress (1): 1.0 kB
Progress (1): 3.6 kB
Progress (1): 6.8 kB
Progress (1): 9.7 kB
Progress (1): 12 kB 
Progress (1): 15 kB
Progress (1): 17 kB
Progress (1): 19 kB
                   
Downloaded from central: https://repo.maven.apache.org/maven2/org/assertj/assertj-core/3.24.2/assertj-core-3.24.2.pom (19 kB at 583 kB/s)
#13 10.50 Downloading from central: https://repo.maven.apache.org/maven2/org/assertj/assertj-parent/3.24.2/assertj-parent-3.24.2.pom
#13 10.53 Progress (1): 1.2 kB
Progress (1): 4.2 kB
Progress (1): 8.0 kB
Progress (1): 13 kB 
                   
Downloaded from central: https://repo.maven.apache.org/maven2/org/assertj/assertj-parent/3.24.2/assertj-parent-3.24.2.pom (13 kB at 406 kB/s)
#13 10.53 Downloading from central: https://repo.maven.apache.org/maven2/org/assertj/assertj-build/3.24.2/assertj-build-3.24.2.pom
#13 10.57 Progress (1): 1.0 kB
Progress (1): 3.6 kB
Progress (1): 6.1 kB
Progress (1): 8.0 kB
Progress (1): 8.8 kB
                    
Downloaded from central: https://repo.maven.apache.org/maven2/org/assertj/assertj-build/3.24.2/assertj-build-3.24.2.pom (8.8 kB at 225 kB/s)
#13 10.57 Downloading from central: https://repo.maven.apache.org/maven2/org/junit/junit-bom/5.9.1/junit-bom-5.9.1.pom
#13 10.61 Progress (1): 907 B
Progress (1): 4.1 kB
Progress (1): 5.6 kB
                    
Downloaded from central: https://repo.maven.apache.org/maven2/org/junit/junit-bom/5.9.1/junit-bom-5.9.1.pom (5.6 kB at 161 kB/s)
#13 10.61 Downloading from central: https://repo.maven.apache.org/maven2/org/awaitility/awaitility/4.2.0/awaitility-4.2.0.pom
#13 10.64 Progress (1): 823 B
Progress (1): 3.0 kB
Progress (1): 3.5 kB
                    
Downloaded from central: https://repo.maven.apache.org/maven2/org/awaitility/awaitility/4.2.0/awaitility-4.2.0.pom (3.5 kB at 108 kB/s)
#13 10.65 Downloading from central: https://repo.maven.apache.org/maven2/org/awaitility/awaitility-parent/4.2.0/awaitility-parent-4.2.0.pom
#13 10.68 Progress (1): 824 B
Progress (1): 2.5 kB
Progress (1): 5.3 kB
Progress (1): 9.6 kB
Progress (1): 10 kB 
                   
Downloaded from central: https://repo.maven.apache.org/maven2/org/awaitility/awaitility-parent/4.2.0/awaitility-parent-4.2.0.pom (10 kB at 263 kB/s)
#13 10.69 Downloading from central: https://repo.maven.apache.org/maven2/org/hamcrest/hamcrest/2.2/hamcrest-2.2.pom
#13 10.72 Progress (1): 1.1 kB
                    
Downloaded from central: https://repo.maven.apache.org/maven2/org/hamcrest/hamcrest/2.2/hamcrest-2.2.pom (1.1 kB at 32 kB/s)
#13 10.72 Downloading from central: https://repo.maven.apache.org/maven2/org/junit/jupiter/junit-jupiter/5.10.2/junit-jupiter-5.10.2.pom
#13 10.79 Progress (1): 944 B
Progress (1): 3.2 kB
                    
Downloaded from central: https://repo.maven.apache.org/maven2/org/junit/jupiter/junit-jupiter/5.10.2/junit-jupiter-5.10.2.pom (3.2 kB at 48 kB/s)
#13 10.79 Downloading from central: https://repo.maven.apache.org/maven2/org/junit/jupiter/junit-jupiter-api/5.10.2/junit-jupiter-api-5.10.2.pom
#13 10.83 Progress (1): 954 B
Progress (1): 3.2 kB
                    
Downloaded from central: https://repo.maven.apache.org/maven2/org/junit/jupiter/junit-jupiter-api/5.10.2/junit-jupiter-api-5.10.2.pom (3.2 kB at 94 kB/s)
#13 10.83 Downloading from central: https://repo.maven.apache.org/maven2/org/opentest4j/opentest4j/1.3.0/opentest4j-1.3.0.pom
#13 10.86 Progress (1): 996 B
Progress (1): 2.0 kB
                    
Downloaded from central: https://repo.maven.apache.org/maven2/org/opentest4j/opentest4j/1.3.0/opentest4j-1.3.0.pom (2.0 kB at 57 kB/s)
#13 10.87 Downloading from central: https://repo.maven.apache.org/maven2/org/junit/platform/junit-platform-commons/1.10.2/junit-platform-commons-1.10.2.pom
#13 10.91 Progress (1): 966 B
Progress (1): 2.8 kB
                    
Downloaded from central: https://repo.maven.apache.org/maven2/org/junit/platform/junit-platform-commons/1.10.2/junit-platform-commons-1.10.2.pom (2.8 kB at 73 kB/s)
#13 10.91 Downloading from central: https://repo.maven.apache.org/maven2/org/apiguardian/apiguardian-api/1.1.2/apiguardian-api-1.1.2.pom
#13 10.94 Progress (1): 1.0 kB
Progress (1): 1.5 kB
                    
Downloaded from central: https://repo.maven.apache.org/maven2/org/apiguardian/apiguardian-api/1.1.2/apiguardian-api-1.1.2.pom (1.5 kB at 46 kB/s)
#13 10.94 Downloading from central: https://repo.maven.apache.org/maven2/org/junit/jupiter/junit-jupiter-params/5.10.2/junit-jupiter-params-5.10.2.pom
#13 10.98 Progress (1): 964 B
Progress (1): 3.0 kB
                    
Downloaded from central: https://repo.maven.apache.org/maven2/org/junit/jupiter/junit-jupiter-params/5.10.2/junit-jupiter-params-5.10.2.pom (3.0 kB at 73 kB/s)
#13 10.99 Downloading from central: https://repo.maven.apache.org/maven2/org/junit/jupiter/junit-jupiter-engine/5.10.2/junit-jupiter-engine-5.10.2.pom
#13 11.02 Progress (1): 963 B
Progress (1): 3.2 kB
                    
Downloaded from central: https://repo.maven.apache.org/maven2/org/junit/jupiter/junit-jupiter-engine/5.10.2/junit-jupiter-engine-5.10.2.pom (3.2 kB at 94 kB/s)
#13 11.02 Downloading from central: https://repo.maven.apache.org/maven2/org/junit/platform/junit-platform-engine/1.10.2/junit-platform-engine-1.10.2.pom
#13 11.06 Progress (1): 957 B
Progress (1): 3.2 kB
                    
Downloaded from central: https://repo.maven.apache.org/maven2/org/junit/platform/junit-platform-engine/1.10.2/junit-platform-engine-1.10.2.pom (3.2 kB at 73 kB/s)
#13 11.07 Downloading from central: https://repo.maven.apache.org/maven2/org/mockito/mockito-core/5.7.0/mockito-core-5.7.0.pom
#13 11.11 Progress (1): 1.6 kB
Progress (1): 2.5 kB
                    
Downloaded from central: https://repo.maven.apache.org/maven2/org/mockito/mockito-core/5.7.0/mockito-core-5.7.0.pom (2.5 kB at 67 kB/s)
#13 11.11 Downloading from central: https://repo.maven.apache.org/maven2/net/bytebuddy/byte-buddy-agent/1.14.12/byte-buddy-agent-1.14.12.pom
#13 11.14 Progress (1): 1.2 kB
Progress (1): 3.6 kB
Progress (1): 6.2 kB
Progress (1): 10 kB 
                   
Downloaded from central: https://repo.maven.apache.org/maven2/net/bytebuddy/byte-buddy-agent/1.14.12/byte-buddy-agent-1.14.12.pom (10 kB at 317 kB/s)
#13 11.15 Downloading from central: https://repo.maven.apache.org/maven2/org/objenesis/objenesis/3.3/objenesis-3.3.pom
#13 11.18 Progress (1): 795 B
Progress (1): 2.5 kB
Progress (1): 3.0 kB
                    
Downloaded from central: https://repo.maven.apache.org/maven2/org/objenesis/objenesis/3.3/objenesis-3.3.pom (3.0 kB at 97 kB/s)
#13 11.18 Downloading from central: https://repo.maven.apache.org/maven2/org/objenesis/objenesis-parent/3.3/objenesis-parent-3.3.pom
#13 11.21 Progress (1): 741 B
Progress (1): 2.3 kB
Progress (1): 4.5 kB
Progress (1): 6.6 kB
Progress (1): 10 kB 
Progress (1): 13 kB
Progress (1): 18 kB
Progress (1): 19 kB
                   
Downloaded from central: https://repo.maven.apache.org/maven2/org/objenesis/objenesis-parent/3.3/objenesis-parent-3.3.pom (19 kB at 547 kB/s)
#13 11.22 Downloading from central: https://repo.maven.apache.org/maven2/org/mockito/mockito-junit-jupiter/5.7.0/mockito-junit-jupiter-5.7.0.pom
#13 11.25 Progress (1): 1.6 kB
Progress (1): 2.3 kB
                    
Downloaded from central: https://repo.maven.apache.org/maven2/org/mockito/mockito-junit-jupiter/5.7.0/mockito-junit-jupiter-5.7.0.pom (2.3 kB at 69 kB/s)
#13 11.25 Downloading from central: https://repo.maven.apache.org/maven2/org/skyscreamer/jsonassert/1.5.1/jsonassert-1.5.1.pom
#13 11.29 Progress (1): 1.1 kB
Progress (1): 4.0 kB
Progress (1): 5.2 kB
                    
Downloaded from central: https://repo.maven.apache.org/maven2/org/skyscreamer/jsonassert/1.5.1/jsonassert-1.5.1.pom (5.2 kB at 152 kB/s)
#13 11.29 Downloading from central: https://repo.maven.apache.org/maven2/com/vaadin/external/google/android-json/0.0.20131108.vaadin1/android-json-0.0.20131108.vaadin1.pom
#13 11.33 Progress (1): 1.1 kB
Progress (1): 2.8 kB
                    
Downloaded from central: https://repo.maven.apache.org/maven2/com/vaadin/external/google/android-json/0.0.20131108.vaadin1/android-json-0.0.20131108.vaadin1.pom (2.8 kB at 75 kB/s)
#13 11.33 Downloading from central: https://repo.maven.apache.org/maven2/org/springframework/spring-test/6.1.5/spring-test-6.1.5.pom
#13 11.36 Progress (1): 1.1 kB
Progress (1): 2.0 kB
                    
Downloaded from central: https://repo.maven.apache.org/maven2/org/springframework/spring-test/6.1.5/spring-test-6.1.5.pom (2.0 kB at 60 kB/s)
#13 11.37 Downloading from central: https://repo.maven.apache.org/maven2/org/xmlunit/xmlunit-core/2.9.1/xmlunit-core-2.9.1.pom
#13 11.40 Progress (1): 849 B
Progress (1): 2.4 kB
                    
Downloaded from central: https://repo.maven.apache.org/maven2/org/xmlunit/xmlunit-core/2.9.1/xmlunit-core-2.9.1.pom (2.4 kB at 70 kB/s)
#13 11.40 Downloading from central: https://repo.maven.apache.org/maven2/org/xmlunit/xmlunit-parent/2.9.1/xmlunit-parent-2.9.1.pom
#13 11.44 Progress (1): 781 B
Progress (1): 2.2 kB
Progress (1): 4.6 kB
Progress (1): 7.7 kB
Progress (1): 11 kB 
Progress (1): 13 kB
Progress (1): 17 kB
Progress (1): 21 kB
                   
Downloaded from central: https://repo.maven.apache.org/maven2/org/xmlunit/xmlunit-parent/2.9.1/xmlunit-parent-2.9.1.pom (21 kB at 577 kB/s)
#13 11.44 Downloading from central: https://repo.maven.apache.org/maven2/org/springdoc/springdoc-openapi-starter-webmvc-ui/2.5.0/springdoc-openapi-starter-webmvc-ui-2.5.0.pom
#13 11.48 Progress (1): 1.7 kB
Progress (1): 1.8 kB
                    
Downloaded from central: https://repo.maven.apache.org/maven2/org/springdoc/springdoc-openapi-starter-webmvc-ui/2.5.0/springdoc-openapi-starter-webmvc-ui-2.5.0.pom (1.8 kB at 52 kB/s)
#13 11.48 Downloading from central: https://repo.maven.apache.org/maven2/org/springdoc/springdoc-openapi/2.5.0/springdoc-openapi-2.5.0.pom
#13 11.52 Progress (1): 1.1 kB
Progress (1): 3.2 kB
Progress (1): 6.8 kB
Progress (1): 10.0 kB
Progress (1): 10 kB  
                   
Downloaded from central: https://repo.maven.apache.org/maven2/org/springdoc/springdoc-openapi/2.5.0/springdoc-openapi-2.5.0.pom (10 kB at 281 kB/s)
#13 11.52 Downloading from central: https://repo.maven.apache.org/maven2/org/springdoc/springdoc-openapi-starter-webmvc-api/2.5.0/springdoc-openapi-starter-webmvc-api-2.5.0.pom
#13 11.56 Progress (1): 1.6 kB
Progress (1): 1.8 kB
                    
Downloaded from central: https://repo.maven.apache.org/maven2/org/springdoc/springdoc-openapi-starter-webmvc-api/2.5.0/springdoc-openapi-starter-webmvc-api-2.5.0.pom (1.8 kB at 48 kB/s)
#13 11.57 Downloading from central: https://repo.maven.apache.org/maven2/org/springdoc/springdoc-openapi-starter-common/2.5.0/springdoc-openapi-starter-common-2.5.0.pom
#13 11.60 Progress (1): 1.8 kB
Progress (1): 4.3 kB
Progress (1): 4.5 kB
                    
Downloaded from central: https://repo.maven.apache.org/maven2/org/springdoc/springdoc-openapi-starter-common/2.5.0/springdoc-openapi-starter-common-2.5.0.pom (4.5 kB at 136 kB/s)
#13 11.60 Downloading from central: https://repo.maven.apache.org/maven2/io/swagger/core/v3/swagger-core-jakarta/2.2.21/swagger-core-jakarta-2.2.21.pom
#13 11.64 Progress (1): 1.8 kB
Progress (1): 5.6 kB
                    
Downloaded from central: https://repo.maven.apache.org/maven2/io/swagger/core/v3/swagger-core-jakarta/2.2.21/swagger-core-jakarta-2.2.21.pom (5.6 kB at 146 kB/s)
#13 11.64 Downloading from central: https://repo.maven.apache.org/maven2/io/swagger/core/v3/swagger-project-jakarta/2.2.21/swagger-project-jakarta-2.2.21.pom
#13 11.68 Progress (1): 1.3 kB
Progress (1): 3.4 kB
Progress (1): 6.0 kB
Progress (1): 11 kB 
Progress (1): 16 kB
Progress (1): 22 kB
Progress (1): 23 kB
                   
Downloaded from central: https://repo.maven.apache.org/maven2/io/swagger/core/v3/swagger-project-jakarta/2.2.21/swagger-project-jakarta-2.2.21.pom (23 kB at 671 kB/s)
#13 11.68 Downloading from central: https://repo.maven.apache.org/maven2/org/apache/commons/commons-lang3/3.13.0/commons-lang3-3.13.0.pom
#13 11.72 Progress (1): 741 B
Progress (1): 2.0 kB
Progress (1): 4.7 kB
Progress (1): 8.4 kB
Progress (1): 12 kB 
Progress (1): 15 kB
Progress (1): 17 kB
Progress (1): 18 kB
Progress (1): 21 kB
Progress (1): 24 kB
Progress (1): 28 kB
Progress (1): 30 kB
Progress (1): 31 kB
                   
Downloaded from central: https://repo.maven.apache.org/maven2/org/apache/commons/commons-lang3/3.13.0/commons-lang3-3.13.0.pom (31 kB at 815 kB/s)
#13 11.72 Downloading from central: https://repo.maven.apache.org/maven2/org/apache/commons/commons-parent/58/commons-parent-58.pom
#13 11.76 Progress (1): 707 B
Progress (1): 1.9 kB
Progress (1): 3.1 kB
Progress (1): 4.6 kB
Progress (1): 6.5 kB
Progress (1): 8.4 kB
Progress (1): 10 kB 
Progress (1): 12 kB
Progress (1): 15 kB
Progress (1): 18 kB
Progress (1): 20 kB
Progress (1): 23 kB
Progress (1): 26 kB
Progress (1): 29 kB
Progress (1): 33 kB
Progress (1): 33 kB
Progress (1): 36 kB
Progress (1): 41 kB
Progress (1): 44 kB
Progress (1): 47 kB
Progress (1): 49 kB
Progress (1): 51 kB
Progress (1): 55 kB
Progress (1): 58 kB
Progress (1): 61 kB
Progress (1): 64 kB
Progress (1): 67 kB
Progress (1): 73 kB
Progress (1): 76 kB
Progress (1): 80 kB
Progress (1): 83 kB
                   
Downloaded from central: https://repo.maven.apache.org/maven2/org/apache/commons/commons-parent/58/commons-parent-58.pom (83 kB at 1.9 MB/s)
#13 11.77 Downloading from central: https://repo.maven.apache.org/maven2/io/swagger/core/v3/swagger-annotations-jakarta/2.2.21/swagger-annotations-jakarta-2.2.21.pom
#13 11.80 Progress (1): 1.9 kB
Progress (1): 3.3 kB
                    
Downloaded from central: https://repo.maven.apache.org/maven2/io/swagger/core/v3/swagger-annotations-jakarta/2.2.21/swagger-annotations-jakarta-2.2.21.pom (3.3 kB at 102 kB/s)
#13 11.80 Downloading from central: https://repo.maven.apache.org/maven2/io/swagger/core/v3/swagger-models-jakarta/2.2.21/swagger-models-jakarta-2.2.21.pom
#13 11.84 Progress (1): 2.1 kB
Progress (1): 3.4 kB
                    
Downloaded from central: https://repo.maven.apache.org/maven2/io/swagger/core/v3/swagger-models-jakarta/2.2.21/swagger-models-jakarta-2.2.21.pom (3.4 kB at 97 kB/s)
#13 11.84 Downloading from central: https://repo.maven.apache.org/maven2/com/fasterxml/jackson/dataformat/jackson-dataformat-yaml/2.15.4/jackson-dataformat-yaml-2.15.4.pom
#13 11.88 Progress (1): 972 B
Progress (1): 2.5 kB
Progress (1): 2.6 kB
                    
Downloaded from central: https://repo.maven.apache.org/maven2/com/fasterxml/jackson/dataformat/jackson-dataformat-yaml/2.15.4/jackson-dataformat-yaml-2.15.4.pom (2.6 kB at 73 kB/s)
#13 11.88 Downloading from central: https://repo.maven.apache.org/maven2/org/webjars/swagger-ui/5.13.0/swagger-ui-5.13.0.pom
#13 11.91 Progress (1): 1.1 kB
Progress (1): 3.8 kB
Progress (1): 6.2 kB
                    
Downloaded from central: https://repo.maven.apache.org/maven2/org/webjars/swagger-ui/5.13.0/swagger-ui-5.13.0.pom (6.2 kB at 181 kB/s)
#13 11.92 Downloading from central: https://repo.maven.apache.org/maven2/me/paulschwarz/spring-dotenv/4.0.0/spring-dotenv-4.0.0.pom
#13 11.95 Progress (1): 1.0 kB
Progress (1): 1.8 kB
                    
Downloaded from central: https://repo.maven.apache.org/maven2/me/paulschwarz/spring-dotenv/4.0.0/spring-dotenv-4.0.0.pom (1.8 kB at 47 kB/s)
#13 11.96 Downloading from central: https://repo.maven.apache.org/maven2/io/github/cdimascio/dotenv-java/3.0.0/dotenv-java-3.0.0.pom
#13 12.00 Progress (1): 1.0 kB
Progress (1): 3.0 kB
Progress (1): 6.1 kB
Progress (1): 9.8 kB
Progress (1): 11 kB 
                   
Downloaded from central: https://repo.maven.apache.org/maven2/io/github/cdimascio/dotenv-java/3.0.0/dotenv-java-3.0.0.pom (11 kB at 305 kB/s)
#13 12.02 Downloading from central: https://repo.maven.apache.org/maven2/org/springframework/boot/spring-boot-starter-web/3.2.4/spring-boot-starter-web-3.2.4.jar
#13 12.06 Progress (1): 4.8 kB
                    
Downloaded from central: https://repo.maven.apache.org/maven2/org/springframework/boot/spring-boot-starter-web/3.2.4/spring-boot-starter-web-3.2.4.jar (4.8 kB at 133 kB/s)
#13 12.06 Downloading from central: https://repo.maven.apache.org/maven2/org/springframework/boot/spring-boot-starter/3.2.4/spring-boot-starter-3.2.4.jar
#13 12.06 Downloading from central: https://repo.maven.apache.org/maven2/org/springframework/boot/spring-boot/3.2.4/spring-boot-3.2.4.jar
#13 12.06 Downloading from central: https://repo.maven.apache.org/maven2/org/springframework/boot/spring-boot-autoconfigure/3.2.4/spring-boot-autoconfigure-3.2.4.jar
#13 12.06 Downloading from central: https://repo.maven.apache.org/maven2/org/springframework/boot/spring-boot-starter-logging/3.2.4/spring-boot-starter-logging-3.2.4.jar
#13 12.06 Downloading from central: https://repo.maven.apache.org/maven2/ch/qos/logback/logback-classic/1.4.14/logback-classic-1.4.14.jar
#13 12.09 Progress (1): 0/1.6 MB
Progress (1): 0/1.6 MB
Progress (1): 0/1.6 MB
Progress (1): 0/1.6 MB
Progress (1): 0.1/1.6 MB
Progress (1): 0.1/1.6 MB
Progress (1): 0.1/1.6 MB
Progress (1): 0.1/1.6 MB
Progress (1): 0.1/1.6 MB
Progress (1): 0.1/1.6 MB
Progress (1): 0.2/1.6 MB
Progress (1): 0.2/1.6 MB
Progress (1): 0.2/1.6 MB
Progress (1): 0.2/1.6 MB
Progress (1): 0.2/1.6 MB
Progress (1): 0.2/1.6 MB
Progress (1): 0.3/1.6 MB
Progress (1): 0.3/1.6 MB
Progress (1): 0.3/1.6 MB
Progress (1): 0.3/1.6 MB
Progress (1): 0.3/1.6 MB
Progress (1): 0.3/1.6 MB
Progress (1): 0.4/1.6 MB
Progress (1): 0.4/1.6 MB
Progress (1): 0.4/1.6 MB
Progress (1): 0.4/1.6 MB
Progress (1): 0.4/1.6 MB
Progress (1): 0.4/1.6 MB
Progress (1): 0.5/1.6 MB
Progress (1): 0.5/1.6 MB
Progress (1): 0.5/1.6 MB
Progress (1): 0.5/1.6 MB
Progress (1): 0.5/1.6 MB
Progress (1): 0.5/1.6 MB
Progress (1): 0.6/1.6 MB
Progress (1): 0.6/1.6 MB
Progress (1): 0.6/1.6 MB
Progress (2): 0.6/1.6 MB | 0.9/4.8 kB
Progress (2): 0.6/1.6 MB | 2.3/4.8 kB
Progress (2): 0.6/1.6 MB | 2.3/4.8 kB
Progress (2): 0.6/1.6 MB | 3.2/4.8 kB
Progress (2): 0.6/1.6 MB | 4.6/4.8 kB
Progress (2): 0.6/1.6 MB | 4.8 kB    
Progress (2): 0.6/1.6 MB | 4.8 kB
                                 
Downloaded from central: https://repo.maven.apache.org/maven2/org/springframework/boot/spring-boot-starter/3.2.4/spring-boot-starter-3.2.4.jar (4.8 kB at 52 kB/s)
#13 12.15 Downloading from central: https://repo.maven.apache.org/maven2/ch/qos/logback/logback-core/1.4.14/logback-core-1.4.14.jar
#13 12.15 Progress (1): 0.6/1.6 MB
Progress (1): 0.7/1.6 MB
Progress (1): 0.7/1.6 MB
Progress (1): 0.7/1.6 MB
Progress (1): 0.7/1.6 MB
Progress (1): 0.7/1.6 MB
Progress (1): 0.7/1.6 MB
Progress (1): 0.7/1.6 MB
Progress (1): 0.8/1.6 MB
Progress (1): 0.8/1.6 MB
Progress (1): 0.8/1.6 MB
Progress (1): 0.8/1.6 MB
Progress (1): 0.8/1.6 MB
Progress (1): 0.8/1.6 MB
Progress (1): 0.9/1.6 MB
Progress (1): 0.9/1.6 MB
Progress (1): 0.9/1.6 MB
Progress (1): 0.9/1.6 MB
Progress (1): 0.9/1.6 MB
Progress (1): 0.9/1.6 MB
Progress (1): 1.0/1.6 MB
Progress (2): 1.0/1.6 MB | 0/1.9 MB
Progress (2): 1.0/1.6 MB | 0/1.9 MB
Progress (2): 1.0/1.6 MB | 0/1.9 MB
Progress (2): 1.0/1.6 MB | 0/1.9 MB
Progress (2): 1.0/1.6 MB | 0/1.9 MB
Progress (2): 1.0/1.6 MB | 0/1.9 MB
Progress (2): 1.0/1.6 MB | 0/1.9 MB
Progress (2): 1.0/1.6 MB | 0/1.9 MB
Progress (2): 1.0/1.6 MB | 0/1.9 MB
Progress (2): 1.0/1.6 MB | 0/1.9 MB
Progress (2): 1.0/1.6 MB | 0/1.9 MB
Progress (2): 1.0/1.6 MB | 0/1.9 MB
Progress (2): 1.0/1.6 MB | 0/1.9 MB
Progress (2): 1.0/1.6 MB | 0/1.9 MB
Progress (2): 1.0/1.6 MB | 0/1.9 MB
Progress (2): 1.0/1.6 MB | 0/1.9 MB
Progress (2): 1.0/1.6 MB | 0/1.9 MB
Progress (2): 1.0/1.6 MB | 0/1.9 MB
Progress (2): 1.0/1.6 MB | 0/1.9 MB
Progress (2): 1.0/1.6 MB | 0/1.9 MB
Progress (2): 1.0/1.6 MB | 0/1.9 MB
Progress (3): 1.0/1.6 MB | 0/1.9 MB | 0.9/284 kB
Progress (3): 1.0/1.6 MB | 0/1.9 MB | 0.9/284 kB
Progress (3): 1.0/1.6 MB | 0/1.9 MB | 2.3/284 kB
Progress (3): 1.0/1.6 MB | 0/1.9 MB | 2.3/284 kB
Progress (3): 1.0/1.6 MB | 0/1.9 MB | 3.6/284 kB
Progress (3): 1.0/1.6 MB | 0/1.9 MB | 3.6/284 kB
Progress (3): 1.0/1.6 MB | 0/1.9 MB | 5.0/284 kB
Progress (3): 1.0/1.6 MB | 0/1.9 MB | 5.0/284 kB
Progress (3): 1.0/1.6 MB | 0/1.9 MB | 5.0/284 kB
Progress (3): 1.0/1.6 MB | 0/1.9 MB | 6.4/284 kB
Progress (3): 1.0/1.6 MB | 0/1.9 MB | 7.7/284 kB
Progress (3): 1.0/1.6 MB | 0/1.9 MB | 7.7/284 kB
Progress (3): 1.0/1.6 MB | 0/1.9 MB | 9.1/284 kB
Progress (3): 1.0/1.6 MB | 0/1.9 MB | 10/284 kB 
Progress (3): 1.0/1.6 MB | 0/1.9 MB | 12/284 kB
Progress (3): 1.0/1.6 MB | 0/1.9 MB | 12/284 kB
Progress (3): 1.0/1.6 MB | 0/1.9 MB | 13/284 kB
Progress (3): 1.0/1.6 MB | 0/1.9 MB | 15/284 kB
Progress (3): 1.0/1.6 MB | 0/1.9 MB | 16/284 kB
Progress (3): 1.0/1.6 MB | 0/1.9 MB | 16/284 kB
Progress (3): 1.0/1.6 MB | 0/1.9 MB | 17/284 kB
Progress (3): 1.0/1.6 MB | 0/1.9 MB | 19/284 kB
Progress (3): 1.0/1.6 MB | 0/1.9 MB | 20/284 kB
Progress (3): 1.0/1.6 MB | 0/1.9 MB | 21/284 kB
Progress (3): 1.0/1.6 MB | 0/1.9 MB | 23/284 kB
Progress (3): 1.0/1.6 MB | 0/1.9 MB | 24/284 kB
Progress (3): 1.0/1.6 MB | 0/1.9 MB | 25/284 kB
Progress (3): 1.0/1.6 MB | 0/1.9 MB | 26/284 kB
Progress (3): 1.0/1.6 MB | 0/1.9 MB | 26/284 kB
Progress (3): 1.0/1.6 MB | 0/1.9 MB | 27/284 kB
Progress (3): 1.0/1.6 MB | 0/1.9 MB | 27/284 kB
Progress (3): 1.1/1.6 MB | 0/1.9 MB | 27/284 kB
Progress (3): 1.1/1.6 MB | 0/1.9 MB | 27/284 kB
Progress (3): 1.1/1.6 MB | 0/1.9 MB | 29/284 kB
Progress (3): 1.1/1.6 MB | 0/1.9 MB | 29/284 kB
Progress (3): 1.1/1.6 MB | 0/1.9 MB | 29/284 kB
Progress (3): 1.1/1.6 MB | 0/1.9 MB | 30/284 kB
Progress (3): 1.1/1.6 MB | 0/1.9 MB | 30/284 kB
Progress (3): 1.1/1.6 MB | 0/1.9 MB | 30/284 kB
Progress (3): 1.1/1.6 MB | 0/1.9 MB | 30/284 kB
Progress (3): 1.1/1.6 MB | 0/1.9 MB | 31/284 kB
Progress (3): 1.1/1.6 MB | 0/1.9 MB | 31/284 kB
Progress (3): 1.1/1.6 MB | 0/1.9 MB | 33/284 kB
Progress (3): 1.1/1.6 MB | 0/1.9 MB | 33/284 kB
Progress (3): 1.1/1.6 MB | 0/1.9 MB | 34/284 kB
Progress (3): 1.1/1.6 MB | 0/1.9 MB | 34/284 kB
Progress (3): 1.1/1.6 MB | 0/1.9 MB | 36/284 kB
Progress (3): 1.1/1.6 MB | 0/1.9 MB | 36/284 kB
Progress (3): 1.1/1.6 MB | 0/1.9 MB | 37/284 kB
Progress (3): 1.1/1.6 MB | 0/1.9 MB | 37/284 kB
Progress (3): 1.1/1.6 MB | 0/1.9 MB | 38/284 kB
Progress (3): 1.1/1.6 MB | 0/1.9 MB | 38/284 kB
Progress (3): 1.1/1.6 MB | 0/1.9 MB | 40/284 kB
Progress (3): 1.1/1.6 MB | 0/1.9 MB | 40/284 kB
Progress (3): 1.1/1.6 MB | 0/1.9 MB | 41/284 kB
Progress (3): 1.1/1.6 MB | 0.1/1.9 MB | 41/284 kB
Progress (3): 1.1/1.6 MB | 0.1/1.9 MB | 42/284 kB
Progress (3): 1.1/1.6 MB | 0.1/1.9 MB | 42/284 kB
Progress (3): 1.1/1.6 MB | 0.1/1.9 MB | 44/284 kB
Progress (3): 1.1/1.6 MB | 0.1/1.9 MB | 44/284 kB
Progress (3): 1.1/1.6 MB | 0.1/1.9 MB | 45/284 kB
Progress (3): 1.1/1.6 MB | 0.1/1.9 MB | 45/284 kB
Progress (3): 1.1/1.6 MB | 0.1/1.9 MB | 46/284 kB
Progress (3): 1.1/1.6 MB | 0.1/1.9 MB | 48/284 kB
Progress (3): 1.1/1.6 MB | 0.1/1.9 MB | 49/284 kB
Progress (3): 1.1/1.6 MB | 0.1/1.9 MB | 51/284 kB
Progress (3): 1.1/1.6 MB | 0.1/1.9 MB | 52/284 kB
Progress (3): 1.1/1.6 MB | 0.1/1.9 MB | 53/284 kB
Progress (3): 1.1/1.6 MB | 0.1/1.9 MB | 53/284 kB
Progress (3): 1.1/1.6 MB | 0.1/1.9 MB | 55/284 kB
Progress (3): 1.1/1.6 MB | 0.1/1.9 MB | 55/284 kB
Progress (3): 1.1/1.6 MB | 0.1/1.9 MB | 59/284 kB
Progress (3): 1.1/1.6 MB | 0.1/1.9 MB | 63/284 kB
Progress (3): 1.1/1.6 MB | 0.1/1.9 MB | 63/284 kB
Progress (3): 1.1/1.6 MB | 0.1/1.9 MB | 63/284 kB
Progress (3): 1.1/1.6 MB | 0.1/1.9 MB | 63/284 kB
Progress (3): 1.2/1.6 MB | 0.1/1.9 MB | 63/284 kB
Progress (3): 1.2/1.6 MB | 0.1/1.9 MB | 63/284 kB
Progress (3): 1.2/1.6 MB | 0.1/1.9 MB | 63/284 kB
Progress (3): 1.2/1.6 MB | 0.1/1.9 MB | 63/284 kB
Progress (3): 1.2/1.6 MB | 0.1/1.9 MB | 63/284 kB
Progress (3): 1.2/1.6 MB | 0.1/1.9 MB | 63/284 kB
Progress (3): 1.2/1.6 MB | 0.1/1.9 MB | 63/284 kB
Progress (3): 1.2/1.6 MB | 0.1/1.9 MB | 63/284 kB
Progress (3): 1.2/1.6 MB | 0.1/1.9 MB | 63/284 kB
Progress (3): 1.2/1.6 MB | 0.1/1.9 MB | 67/284 kB
Progress (3): 1.2/1.6 MB | 0.1/1.9 MB | 67/284 kB
Progress (3): 1.2/1.6 MB | 0.1/1.9 MB | 67/284 kB
Progress (3): 1.2/1.6 MB | 0.1/1.9 MB | 67/284 kB
Progress (3): 1.2/1.6 MB | 0.1/1.9 MB | 67/284 kB
Progress (3): 1.2/1.6 MB | 0.1/1.9 MB | 72/284 kB
Progress (3): 1.2/1.6 MB | 0.1/1.9 MB | 76/284 kB
Progress (3): 1.2/1.6 MB | 0.1/1.9 MB | 76/284 kB
Progress (3): 1.2/1.6 MB | 0.1/1.9 MB | 80/284 kB
Progress (3): 1.2/1.6 MB | 0.1/1.9 MB | 80/284 kB
Progress (3): 1.2/1.6 MB | 0.1/1.9 MB | 84/284 kB
Progress (3): 1.2/1.6 MB | 0.1/1.9 MB | 84/284 kB
Progress (3): 1.2/1.6 MB | 0.1/1.9 MB | 89/284 kB
Progress (3): 1.2/1.6 MB | 0.1/1.9 MB | 89/284 kB
Progress (3): 1.2/1.6 MB | 0.1/1.9 MB | 93/284 kB
Progress (3): 1.2/1.6 MB | 0.1/1.9 MB | 93/284 kB
Progress (3): 1.2/1.6 MB | 0.1/1.9 MB | 97/284 kB
Progress (3): 1.2/1.6 MB | 0.1/1.9 MB | 97/284 kB
Progress (3): 1.2/1.6 MB | 0.1/1.9 MB | 101/284 kB
Progress (3): 1.2/1.6 MB | 0.1/1.9 MB | 105/284 kB
Progress (3): 1.2/1.6 MB | 0.1/1.9 MB | 110/284 kB
Progress (3): 1.2/1.6 MB | 0.1/1.9 MB | 114/284 kB
Progress (3): 1.2/1.6 MB | 0.1/1.9 MB | 118/284 kB
Progress (3): 1.2/1.6 MB | 0.1/1.9 MB | 122/284 kB
Progress (3): 1.2/1.6 MB | 0.1/1.9 MB | 127/284 kB
Progress (3): 1.2/1.6 MB | 0.1/1.9 MB | 127/284 kB
Progress (3): 1.2/1.6 MB | 0.1/1.9 MB | 127/284 kB
Progress (3): 1.3/1.6 MB | 0.1/1.9 MB | 127/284 kB
Progress (3): 1.3/1.6 MB | 0.1/1.9 MB | 127/284 kB
Progress (3): 1.3/1.6 MB | 0.1/1.9 MB | 127/284 kB
Progress (3): 1.3/1.6 MB | 0.1/1.9 MB | 127/284 kB
Progress (3): 1.3/1.6 MB | 0.1/1.9 MB | 127/284 kB
Progress (3): 1.3/1.6 MB | 0.1/1.9 MB | 127/284 kB
Progress (3): 1.3/1.6 MB | 0.1/1.9 MB | 131/284 kB
Progress (3): 1.3/1.6 MB | 0.1/1.9 MB | 131/284 kB
Progress (3): 1.3/1.6 MB | 0.1/1.9 MB | 131/284 kB
Progress (3): 1.3/1.6 MB | 0.1/1.9 MB | 131/284 kB
Progress (3): 1.3/1.6 MB | 0.1/1.9 MB | 135/284 kB
Progress (3): 1.3/1.6 MB | 0.1/1.9 MB | 135/284 kB
Progress (3): 1.3/1.6 MB | 0.1/1.9 MB | 139/284 kB
Progress (3): 1.3/1.6 MB | 0.1/1.9 MB | 139/284 kB
Progress (3): 1.3/1.6 MB | 0.2/1.9 MB | 139/284 kB
Progress (3): 1.3/1.6 MB | 0.2/1.9 MB | 139/284 kB
Progress (3): 1.3/1.6 MB | 0.2/1.9 MB | 139/284 kB
Progress (3): 1.3/1.6 MB | 0.2/1.9 MB | 144/284 kB
Progress (3): 1.3/1.6 MB | 0.2/1.9 MB | 144/284 kB
Progress (3): 1.3/1.6 MB | 0.2/1.9 MB | 148/284 kB
Progress (3): 1.3/1.6 MB | 0.2/1.9 MB | 148/284 kB
Progress (3): 1.3/1.6 MB | 0.2/1.9 MB | 152/284 kB
Progress (3): 1.3/1.6 MB | 0.2/1.9 MB | 156/284 kB
Progress (3): 1.3/1.6 MB | 0.2/1.9 MB | 156/284 kB
Progress (3): 1.3/1.6 MB | 0.2/1.9 MB | 160/284 kB
Progress (3): 1.3/1.6 MB | 0.2/1.9 MB | 160/284 kB
Progress (3): 1.3/1.6 MB | 0.2/1.9 MB | 164/284 kB
Progress (3): 1.3/1.6 MB | 0.2/1.9 MB | 164/284 kB
Progress (3): 1.3/1.6 MB | 0.2/1.9 MB | 164/284 kB
Progress (3): 1.3/1.6 MB | 0.2/1.9 MB | 164/284 kB
Progress (3): 1.3/1.6 MB | 0.2/1.9 MB | 168/284 kB
Progress (3): 1.3/1.6 MB | 0.2/1.9 MB | 168/284 kB
Progress (3): 1.3/1.6 MB | 0.2/1.9 MB | 173/284 kB
Progress (3): 1.3/1.6 MB | 0.2/1.9 MB | 173/284 kB
Progress (3): 1.3/1.6 MB | 0.2/1.9 MB | 177/284 kB
Progress (3): 1.3/1.6 MB | 0.2/1.9 MB | 177/284 kB
Progress (3): 1.3/1.6 MB | 0.2/1.9 MB | 181/284 kB
Progress (3): 1.3/1.6 MB | 0.2/1.9 MB | 185/284 kB
Progress (3): 1.3/1.6 MB | 0.2/1.9 MB | 185/284 kB
Progress (3): 1.3/1.6 MB | 0.2/1.9 MB | 189/284 kB
Progress (3): 1.4/1.6 MB | 0.2/1.9 MB | 189/284 kB
Progress (3): 1.4/1.6 MB | 0.2/1.9 MB | 194/284 kB
Progress (3): 1.4/1.6 MB | 0.2/1.9 MB | 194/284 kB
Progress (3): 1.4/1.6 MB | 0.2/1.9 MB | 198/284 kB
Progress (3): 1.4/1.6 MB | 0.2/1.9 MB | 202/284 kB
Progress (3): 1.4/1.6 MB | 0.2/1.9 MB | 202/284 kB
Progress (3): 1.4/1.6 MB | 0.2/1.9 MB | 206/284 kB
Progress (3): 1.4/1.6 MB | 0.2/1.9 MB | 206/284 kB
Progress (3): 1.4/1.6 MB | 0.2/1.9 MB | 206/284 kB
Progress (3): 1.4/1.6 MB | 0.2/1.9 MB | 206/284 kB
Progress (3): 1.4/1.6 MB | 0.2/1.9 MB | 206/284 kB
Progress (3): 1.4/1.6 MB | 0.2/1.9 MB | 211/284 kB
Progress (3): 1.4/1.6 MB | 0.2/1.9 MB | 215/284 kB
Progress (3): 1.4/1.6 MB | 0.2/1.9 MB | 219/284 kB
Progress (3): 1.4/1.6 MB | 0.2/1.9 MB | 219/284 kB
Progress (3): 1.4/1.6 MB | 0.2/1.9 MB | 223/284 kB
Progress (3): 1.4/1.6 MB | 0.2/1.9 MB | 223/284 kB
Progress (3): 1.4/1.6 MB | 0.2/1.9 MB | 223/284 kB
Progress (3): 1.4/1.6 MB | 0.3/1.9 MB | 223/284 kB
Progress (3): 1.4/1.6 MB | 0.3/1.9 MB | 240/284 kB
Progress (3): 1.4/1.6 MB | 0.3/1.9 MB | 240/284 kB
Progress (3): 1.4/1.6 MB | 0.3/1.9 MB | 240/284 kB
Progress (3): 1.4/1.6 MB | 0.3/1.9 MB | 240/284 kB
Progress (3): 1.4/1.6 MB | 0.3/1.9 MB | 256/284 kB
Progress (3): 1.4/1.6 MB | 0.3/1.9 MB | 256/284 kB
Progress (3): 1.4/1.6 MB | 0.3/1.9 MB | 256/284 kB
Progress (3): 1.4/1.6 MB | 0.3/1.9 MB | 256/284 kB
Progress (4): 1.4/1.6 MB | 0.3/1.9 MB | 256/284 kB | 0.9/4.8 kB
Progress (4): 1.5/1.6 MB | 0.3/1.9 MB | 256/284 kB | 0.9/4.8 kB
Progress (4): 1.5/1.6 MB | 0.3/1.9 MB | 256/284 kB | 2.3/4.8 kB
Progress (4): 1.5/1.6 MB | 0.3/1.9 MB | 256/284 kB | 3.6/4.8 kB
Progress (4): 1.5/1.6 MB | 0.3/1.9 MB | 256/284 kB | 3.6/4.8 kB
Progress (5): 1.5/1.6 MB | 0.3/1.9 MB | 256/284 kB | 3.6/4.8 kB | 0.9/597 kB
Progress (5): 1.5/1.6 MB | 0.3/1.9 MB | 256/284 kB | 4.8 kB | 0.9/597 kB    
Progress (5): 1.5/1.6 MB | 0.3/1.9 MB | 256/284 kB | 4.8 kB | 2.3/597 kB
Progress (5): 1.5/1.6 MB | 0.3/1.9 MB | 256/284 kB | 4.8 kB | 3.6/597 kB
Progress (5): 1.5/1.6 MB | 0.3/1.9 MB | 256/284 kB | 4.8 kB | 5.0/597 kB
Progress (5): 1.5/1.6 MB | 0.3/1.9 MB | 256/284 kB | 4.8 kB | 6.4/597 kB
Progress (5): 1.5/1.6 MB | 0.3/1.9 MB | 256/284 kB | 4.8 kB | 7.7/597 kB
Progress (5): 1.5/1.6 MB | 0.3/1.9 MB | 256/284 kB | 4.8 kB | 9.1/597 kB
Progress (5): 1.5/1.6 MB | 0.3/1.9 MB | 272/284 kB | 4.8 kB | 9.1/597 kB
                                                                        
Downloaded from central: https://repo.maven.apache.org/maven2/org/springframework/boot/spring-boot-starter-logging/3.2.4/spring-boot-starter-logging-3.2.4.jar (4.8 kB at 30 kB/s)
#13 12.22 Progress (4): 1.5/1.6 MB | 0.3/1.9 MB | 272/284 kB | 9.1/597 kB
Progress (4): 1.5/1.6 MB | 0.3/1.9 MB | 272/284 kB | 9.1/597 kB
Progress (4): 1.5/1.6 MB | 0.3/1.9 MB | 272/284 kB | 10/597 kB 
                                                              
Downloading from central: https://repo.maven.apache.org/maven2/org/apache/logging/log4j/log4j-to-slf4j/2.21.1/log4j-to-slf4j-2.21.1.jar
#13 12.22 Progress (4): 1.5/1.6 MB | 0.3/1.9 MB | 272/284 kB | 12/597 kB
Progress (4): 1.5/1.6 MB | 0.3/1.9 MB | 272/284 kB | 13/597 kB
Progress (4): 1.5/1.6 MB | 0.3/1.9 MB | 272/284 kB | 15/597 kB
Progress (4): 1.5/1.6 MB | 0.3/1.9 MB | 272/284 kB | 16/597 kB
Progress (4): 1.5/1.6 MB | 0.3/1.9 MB | 272/284 kB | 16/597 kB
Progress (4): 1.5/1.6 MB | 0.3/1.9 MB | 272/284 kB | 17/597 kB
Progress (4): 1.5/1.6 MB | 0.3/1.9 MB | 284 kB | 17/597 kB    
Progress (4): 1.5/1.6 MB | 0.3/1.9 MB | 284 kB | 17/597 kB
Progress (4): 1.5/1.6 MB | 0.3/1.9 MB | 284 kB | 17/597 kB
Progress (4): 1.5/1.6 MB | 0.3/1.9 MB | 284 kB | 19/597 kB
Progress (4): 1.5/1.6 MB | 0.3/1.9 MB | 284 kB | 20/597 kB
Progress (4): 1.5/1.6 MB | 0.4/1.9 MB | 284 kB | 20/597 kB
Progress (4): 1.5/1.6 MB | 0.4/1.9 MB | 284 kB | 21/597 kB
Progress (4): 1.5/1.6 MB | 0.4/1.9 MB | 284 kB | 21/597 kB
                                                          
Downloaded from central: https://repo.maven.apache.org/maven2/ch/qos/logback/logback-classic/1.4.14/logback-classic-1.4.14.jar (284 kB at 1.8 MB/s)
#13 12.22 Progress (3): 1.5/1.6 MB | 0.4/1.9 MB | 23/597 kB
Progress (3): 1.5/1.6 MB | 0.4/1.9 MB | 23/597 kB
Progress (3): 1.5/1.6 MB | 0.4/1.9 MB | 24/597 kB
                                                 
Downloading from central: https://repo.maven.apache.org/maven2/org/apache/logging/log4j/log4j-api/2.21.1/log4j-api-2.21.1.jar
#13 12.22 Progress (3): 1.5/1.6 MB | 0.4/1.9 MB | 25/597 kB
Progress (3): 1.5/1.6 MB | 0.4/1.9 MB | 27/597 kB
Progress (3): 1.5/1.6 MB | 0.4/1.9 MB | 27/597 kB
Progress (3): 1.6/1.6 MB | 0.4/1.9 MB | 27/597 kB
Progress (3): 1.6/1.6 MB | 0.4/1.9 MB | 28/597 kB
Progress (3): 1.6/1.6 MB | 0.4/1.9 MB | 30/597 kB
Progress (3): 1.6/1.6 MB | 0.4/1.9 MB | 30/597 kB
Progress (3): 1.6/1.6 MB | 0.4/1.9 MB | 30/597 kB
Progress (3): 1.6/1.6 MB | 0.4/1.9 MB | 31/597 kB
Progress (3): 1.6/1.6 MB | 0.4/1.9 MB | 32/597 kB
Progress (3): 1.6/1.6 MB | 0.4/1.9 MB | 34/597 kB
Progress (3): 1.6/1.6 MB | 0.4/1.9 MB | 35/597 kB
Progress (3): 1.6/1.6 MB | 0.4/1.9 MB | 35/597 kB
Progress (3): 1.6/1.6 MB | 0.4/1.9 MB | 36/597 kB
Progress (3): 1.6/1.6 MB | 0.4/1.9 MB | 38/597 kB
Progress (3): 1.6/1.6 MB | 0.4/1.9 MB | 39/597 kB
Progress (3): 1.6/1.6 MB | 0.4/1.9 MB | 39/597 kB
Progress (3): 1.6/1.6 MB | 0.4/1.9 MB | 41/597 kB
Progress (3): 1.6/1.6 MB | 0.4/1.9 MB | 42/597 kB
Progress (3): 1.6/1.6 MB | 0.4/1.9 MB | 43/597 kB
Progress (3): 1.6/1.6 MB | 0.4/1.9 MB | 45/597 kB
Progress (3): 1.6/1.6 MB | 0.4/1.9 MB | 45/597 kB
Progress (3): 1.6/1.6 MB | 0.4/1.9 MB | 46/597 kB
Progress (3): 1.6/1.6 MB | 0.4/1.9 MB | 47/597 kB
Progress (3): 1.6/1.6 MB | 0.4/1.9 MB | 49/597 kB
Progress (3): 1.6/1.6 MB | 0.4/1.9 MB | 53/597 kB
Progress (3): 1.6/1.6 MB | 0.4/1.9 MB | 53/597 kB
Progress (3): 1.6/1.6 MB | 0.4/1.9 MB | 53/597 kB
Progress (3): 1.6/1.6 MB | 0.4/1.9 MB | 57/597 kB
Progress (3): 1.6/1.6 MB | 0.4/1.9 MB | 61/597 kB
Progress (3): 1.6 MB | 0.4/1.9 MB | 61/597 kB    
Progress (3): 1.6 MB | 0.4/1.9 MB | 66/597 kB
Progress (3): 1.6 MB | 0.4/1.9 MB | 70/597 kB
Progress (3): 1.6 MB | 0.4/1.9 MB | 74/597 kB
Progress (3): 1.6 MB | 0.4/1.9 MB | 78/597 kB
                                             
Downloaded from central: https://repo.maven.apache.org/maven2/org/springframework/boot/spring-boot/3.2.4/spring-boot-3.2.4.jar (1.6 MB at 9.6 MB/s)
#13 12.23 Downloading from central: https://repo.maven.apache.org/maven2/org/slf4j/jul-to-slf4j/2.0.12/jul-to-slf4j-2.0.12.jar
#13 12.23 Progress (2): 0.4/1.9 MB | 83/597 kB
Progress (2): 0.4/1.9 MB | 87/597 kB
Progress (2): 0.5/1.9 MB | 87/597 kB
Progress (2): 0.5/1.9 MB | 91/597 kB
Progress (2): 0.5/1.9 MB | 95/597 kB
Progress (2): 0.5/1.9 MB | 95/597 kB
Progress (2): 0.5/1.9 MB | 100/597 kB
Progress (2): 0.5/1.9 MB | 104/597 kB
Progress (2): 0.5/1.9 MB | 108/597 kB
Progress (2): 0.5/1.9 MB | 112/597 kB
Progress (2): 0.5/1.9 MB | 116/597 kB
Progress (2): 0.5/1.9 MB | 116/597 kB
Progress (2): 0.5/1.9 MB | 121/597 kB
Progress (2): 0.5/1.9 MB | 122/597 kB
Progress (2): 0.5/1.9 MB | 122/597 kB
Progress (2): 0.5/1.9 MB | 127/597 kB
Progress (2): 0.5/1.9 MB | 131/597 kB
Progress (2): 0.5/1.9 MB | 135/597 kB
Progress (2): 0.5/1.9 MB | 135/597 kB
Progress (2): 0.5/1.9 MB | 139/597 kB
Progress (2): 0.5/1.9 MB | 144/597 kB
Progress (2): 0.5/1.9 MB | 148/597 kB
Progress (2): 0.5/1.9 MB | 152/597 kB
Progress (2): 0.5/1.9 MB | 152/597 kB
Progress (2): 0.5/1.9 MB | 156/597 kB
Progress (2): 0.5/1.9 MB | 160/597 kB
Progress (2): 0.5/1.9 MB | 165/597 kB
Progress (2): 0.5/1.9 MB | 169/597 kB
Progress (2): 0.5/1.9 MB | 173/597 kB
Progress (2): 0.5/1.9 MB | 177/597 kB
Progress (2): 0.5/1.9 MB | 182/597 kB
Progress (2): 0.5/1.9 MB | 186/597 kB
Progress (2): 0.5/1.9 MB | 190/597 kB
Progress (2): 0.6/1.9 MB | 190/597 kB
Progress (2): 0.6/1.9 MB | 194/597 kB
Progress (2): 0.6/1.9 MB | 199/597 kB
Progress (2): 0.6/1.9 MB | 203/597 kB
Progress (2): 0.6/1.9 MB | 207/597 kB
Progress (2): 0.6/1.9 MB | 211/597 kB
Progress (2): 0.6/1.9 MB | 215/597 kB
Progress (2): 0.6/1.9 MB | 215/597 kB
Progress (2): 0.6/1.9 MB | 232/597 kB
Progress (2): 0.6/1.9 MB | 248/597 kB
Progress (2): 0.6/1.9 MB | 253/597 kB
Progress (2): 0.6/1.9 MB | 253/597 kB
Progress (2): 0.6/1.9 MB | 270/597 kB
Progress (2): 0.6/1.9 MB | 286/597 kB
Progress (2): 0.6/1.9 MB | 286/597 kB
Progress (2): 0.6/1.9 MB | 303/597 kB
Progress (2): 0.6/1.9 MB | 319/597 kB
Progress (2): 0.6/1.9 MB | 319/597 kB
Progress (2): 0.6/1.9 MB | 335/597 kB
Progress (2): 0.6/1.9 MB | 335/597 kB
Progress (2): 0.7/1.9 MB | 335/597 kB
Progress (2): 0.7/1.9 MB | 335/597 kB
Progress (2): 0.7/1.9 MB | 352/597 kB
Progress (2): 0.7/1.9 MB | 352/597 kB
Progress (2): 0.7/1.9 MB | 368/597 kB
Progress (2): 0.7/1.9 MB | 368/597 kB
Progress (2): 0.7/1.9 MB | 385/597 kB
Progress (2): 0.7/1.9 MB | 385/597 kB
Progress (2): 0.7/1.9 MB | 401/597 kB
Progress (2): 0.7/1.9 MB | 417/597 kB
Progress (2): 0.7/1.9 MB | 417/597 kB
Progress (2): 0.7/1.9 MB | 417/597 kB
Progress (2): 0.7/1.9 MB | 434/597 kB
Progress (2): 0.7/1.9 MB | 450/597 kB
Progress (2): 0.7/1.9 MB | 450/597 kB
Progress (2): 0.7/1.9 MB | 466/597 kB
Progress (2): 0.8/1.9 MB | 466/597 kB
Progress (2): 0.8/1.9 MB | 483/597 kB
Progress (2): 0.8/1.9 MB | 499/597 kB
Progress (2): 0.8/1.9 MB | 516/597 kB
Progress (3): 0.8/1.9 MB | 516/597 kB | 0.9/23 kB
Progress (3): 0.8/1.9 MB | 516/597 kB | 2.3/23 kB
Progress (3): 0.8/1.9 MB | 516/597 kB | 3.6/23 kB
Progress (3): 0.8/1.9 MB | 516/597 kB | 5.0/23 kB
Progress (3): 0.8/1.9 MB | 516/597 kB | 6.4/23 kB
Progress (3): 0.8/1.9 MB | 516/597 kB | 7.7/23 kB
Progress (3): 0.8/1.9 MB | 516/597 kB | 9.1/23 kB
Progress (3): 0.8/1.9 MB | 532/597 kB | 9.1/23 kB
Progress (3): 0.8/1.9 MB | 532/597 kB | 9.1/23 kB
Progress (3): 0.8/1.9 MB | 548/597 kB | 9.1/23 kB
Progress (3): 0.8/1.9 MB | 548/597 kB | 10/23 kB 
Progress (3): 0.8/1.9 MB | 548/597 kB | 12/23 kB
Progress (3): 0.8/1.9 MB | 548/597 kB | 13/23 kB
Progress (3): 0.8/1.9 MB | 548/597 kB | 15/23 kB
Progress (3): 0.8/1.9 MB | 565/597 kB | 15/23 kB
Progress (3): 0.8/1.9 MB | 565/597 kB | 15/23 kB
Progress (3): 0.8/1.9 MB | 565/597 kB | 15/23 kB
Progress (3): 0.8/1.9 MB | 565/597 kB | 17/23 kB
Progress (3): 0.8/1.9 MB | 581/597 kB | 17/23 kB
Progress (3): 0.8/1.9 MB | 581/597 kB | 18/23 kB
Progress (4): 0.8/1.9 MB | 581/597 kB | 18/23 kB | 6.3 kB
Progress (4): 0.8/1.9 MB | 581/597 kB | 18/23 kB | 6.3 kB
Progress (4): 0.8/1.9 MB | 581/597 kB | 20/23 kB | 6.3 kB
Progress (4): 0.8/1.9 MB | 581/597 kB | 21/23 kB | 6.3 kB
Progress (4): 0.8/1.9 MB | 581/597 kB | 22/23 kB | 6.3 kB
Progress (4): 0.8/1.9 MB | 581/597 kB | 23 kB | 6.3 kB   
Progress (4): 0.8/1.9 MB | 597 kB | 23 kB | 6.3 kB    
                                                  
Downloaded from central: https://repo.maven.apache.org/maven2/org/apache/logging/log4j/log4j-to-slf4j/2.21.1/log4j-to-slf4j-2.21.1.jar (23 kB at 114 kB/s)
#13 12.27 Downloaded from central: https://repo.maven.apache.org/maven2/ch/qos/logback/logback-core/1.4.14/logback-core-1.4.14.jar (597 kB at 2.9 MB/s)
#13 12.27 Downloading from central: https://repo.maven.apache.org/maven2/org/yaml/snakeyaml/2.2/snakeyaml-2.2.jar
#13 12.27 Downloading from central: https://repo.maven.apache.org/maven2/jakarta/annotation/jakarta.annotation-api/2.1.1/jakarta.annotation-api-2.1.1.jar
#13 12.27 Progress (2): 0.8/1.9 MB | 6.3 kB
                                 
Downloaded from central: https://repo.maven.apache.org/maven2/org/slf4j/jul-to-slf4j/2.0.12/jul-to-slf4j-2.0.12.jar (6.3 kB at 31 kB/s)
#13 12.27 Downloading from central: https://repo.maven.apache.org/maven2/org/springframework/boot/spring-boot-starter-json/3.2.4/spring-boot-starter-json-3.2.4.jar
#13 12.27 Progress (1): 0.8/1.9 MB
Progress (2): 0.8/1.9 MB | 7.7/317 kB
Progress (2): 0.8/1.9 MB | 16/317 kB 
Progress (2): 0.8/1.9 MB | 28/317 kB
Progress (2): 0.9/1.9 MB | 28/317 kB
Progress (2): 0.9/1.9 MB | 28/317 kB
Progress (2): 0.9/1.9 MB | 44/317 kB
Progress (2): 0.9/1.9 MB | 44/317 kB
Progress (2): 0.9/1.9 MB | 61/317 kB
Progress (2): 0.9/1.9 MB | 61/317 kB
Progress (2): 0.9/1.9 MB | 77/317 kB
Progress (2): 0.9/1.9 MB | 77/317 kB
Progress (2): 0.9/1.9 MB | 93/317 kB
Progress (2): 0.9/1.9 MB | 93/317 kB
Progress (2): 1.0/1.9 MB | 93/317 kB
Progress (2): 1.0/1.9 MB | 110/317 kB
Progress (2): 1.0/1.9 MB | 110/317 kB
Progress (2): 1.0/1.9 MB | 126/317 kB
Progress (2): 1.0/1.9 MB | 126/317 kB
Progress (2): 1.0/1.9 MB | 142/317 kB
Progress (2): 1.0/1.9 MB | 142/317 kB
Progress (2): 1.0/1.9 MB | 159/317 kB
Progress (2): 1.0/1.9 MB | 159/317 kB
Progress (2): 1.0/1.9 MB | 175/317 kB
Progress (2): 1.0/1.9 MB | 192/317 kB
Progress (2): 1.0/1.9 MB | 208/317 kB
Progress (2): 1.0/1.9 MB | 208/317 kB
Progress (2): 1.0/1.9 MB | 224/317 kB
Progress (2): 1.0/1.9 MB | 241/317 kB
Progress (2): 1.0/1.9 MB | 257/317 kB
Progress (2): 1.1/1.9 MB | 257/317 kB
Progress (2): 1.1/1.9 MB | 257/317 kB
Progress (2): 1.1/1.9 MB | 274/317 kB
Progress (2): 1.1/1.9 MB | 290/317 kB
Progress (2): 1.1/1.9 MB | 290/317 kB
Progress (2): 1.1/1.9 MB | 290/317 kB
Progress (2): 1.1/1.9 MB | 306/317 kB
Progress (2): 1.1/1.9 MB | 306/317 kB
Progress (2): 1.1/1.9 MB | 317 kB    
Progress (2): 1.1/1.9 MB | 317 kB
Progress (2): 1.2/1.9 MB | 317 kB
                                 
Downloaded from central: https://repo.maven.apache.org/maven2/org/apache/logging/log4j/log4j-api/2.21.1/log4j-api-2.21.1.jar (317 kB at 1.4 MB/s)
#13 12.29 Progress (1): 1.2/1.9 MB
                        
Downloading from central: https://repo.maven.apache.org/maven2/com/fasterxml/jackson/datatype/jackson-datatype-jdk8/2.15.4/jackson-datatype-jdk8-2.15.4.jar
#13 12.29 Progress (1): 1.2/1.9 MB
Progress (1): 1.2/1.9 MB
Progress (1): 1.2/1.9 MB
Progress (1): 1.2/1.9 MB
Progress (2): 1.2/1.9 MB | 4.7 kB
Progress (2): 1.2/1.9 MB | 4.7 kB
Progress (2): 1.3/1.9 MB | 4.7 kB
                                 
Downloaded from central: https://repo.maven.apache.org/maven2/org/springframework/boot/spring-boot-starter-json/3.2.4/spring-boot-starter-json-3.2.4.jar (4.7 kB at 20 kB/s)
#13 12.29 Downloading from central: https://repo.maven.apache.org/maven2/com/fasterxml/jackson/datatype/jackson-datatype-jsr310/2.15.4/jackson-datatype-jsr310-2.15.4.jar
#13 12.30 Progress (2): 1.3/1.9 MB | 7.7/334 kB
Progress (2): 1.3/1.9 MB | 15/334 kB 
Progress (2): 1.3/1.9 MB | 15/334 kB
Progress (2): 1.3/1.9 MB | 15/334 kB
Progress (2): 1.3/1.9 MB | 32/334 kB
Progress (2): 1.3/1.9 MB | 32/334 kB
Progress (2): 1.3/1.9 MB | 32/334 kB
Progress (2): 1.3/1.9 MB | 48/334 kB
Progress (2): 1.3/1.9 MB | 48/334 kB
Progress (2): 1.4/1.9 MB | 48/334 kB
Progress (2): 1.4/1.9 MB | 65/334 kB
Progress (3): 1.4/1.9 MB | 65/334 kB | 0.9/26 kB
Progress (3): 1.4/1.9 MB | 65/334 kB | 2.3/26 kB
Progress (3): 1.4/1.9 MB | 65/334 kB | 3.6/26 kB
Progress (3): 1.4/1.9 MB | 81/334 kB | 3.6/26 kB
Progress (3): 1.4/1.9 MB | 81/334 kB | 3.6/26 kB
Progress (3): 1.4/1.9 MB | 81/334 kB | 5.0/26 kB
Progress (3): 1.4/1.9 MB | 81/334 kB | 6.4/26 kB
Progress (3): 1.4/1.9 MB | 81/334 kB | 7.7/26 kB
Progress (3): 1.4/1.9 MB | 97/334 kB | 7.7/26 kB
Progress (3): 1.4/1.9 MB | 97/334 kB | 9.1/26 kB
Progress (3): 1.4/1.9 MB | 97/334 kB | 9.1/26 kB
Progress (3): 1.4/1.9 MB | 114/334 kB | 9.1/26 kB
Progress (3): 1.4/1.9 MB | 114/334 kB | 9.1/26 kB
Progress (3): 1.4/1.9 MB | 114/334 kB | 10/26 kB 
Progress (3): 1.4/1.9 MB | 114/334 kB | 12/26 kB
Progress (3): 1.4/1.9 MB | 114/334 kB | 13/26 kB
Progress (3): 1.4/1.9 MB | 114/334 kB | 13/26 kB
Progress (3): 1.4/1.9 MB | 114/334 kB | 15/26 kB
Progress (3): 1.4/1.9 MB | 114/334 kB | 16/26 kB
Progress (3): 1.4/1.9 MB | 130/334 kB | 16/26 kB
Progress (3): 1.4/1.9 MB | 130/334 kB | 17/26 kB
Progress (3): 1.4/1.9 MB | 147/334 kB | 17/26 kB
Progress (3): 1.4/1.9 MB | 147/334 kB | 17/26 kB
Progress (3): 1.4/1.9 MB | 147/334 kB | 19/26 kB
Progress (3): 1.4/1.9 MB | 147/334 kB | 20/26 kB
Progress (3): 1.4/1.9 MB | 147/334 kB | 21/26 kB
Progress (3): 1.4/1.9 MB | 147/334 kB | 23/26 kB
Progress (3): 1.5/1.9 MB | 147/334 kB | 23/26 kB
Progress (3): 1.5/1.9 MB | 163/334 kB | 23/26 kB
Progress (3): 1.5/1.9 MB | 163/334 kB | 23/26 kB
Progress (3): 1.5/1.9 MB | 163/334 kB | 24/26 kB
Progress (3): 1.5/1.9 MB | 163/334 kB | 26/26 kB
Progress (3): 1.5/1.9 MB | 163/334 kB | 26 kB   
Progress (3): 1.5/1.9 MB | 163/334 kB | 26 kB
Progress (3): 1.5/1.9 MB | 179/334 kB | 26 kB
                                             
Downloaded from central: https://repo.maven.apache.org/maven2/jakarta/annotation/jakarta.annotation-api/2.1.1/jakarta.annotation-api-2.1.1.jar (26 kB at 107 kB/s)
#13 12.31 Downloading from central: https://repo.maven.apache.org/maven2/com/fasterxml/jackson/module/jackson-module-parameter-names/2.15.4/jackson-module-parameter-names-2.15.4.jar
#13 12.31 Progress (2): 1.5/1.9 MB | 179/334 kB
Progress (2): 1.5/1.9 MB | 196/334 kB
Progress (2): 1.5/1.9 MB | 196/334 kB
Progress (2): 1.5/1.9 MB | 196/334 kB
Progress (2): 1.5/1.9 MB | 212/334 kB
Progress (2): 1.5/1.9 MB | 228/334 kB
Progress (2): 1.5/1.9 MB | 245/334 kB
Progress (2): 1.6/1.9 MB | 245/334 kB
Progress (2): 1.6/1.9 MB | 245/334 kB
Progress (2): 1.6/1.9 MB | 261/334 kB
Progress (2): 1.6/1.9 MB | 261/334 kB
Progress (2): 1.6/1.9 MB | 278/334 kB
Progress (2): 1.6/1.9 MB | 278/334 kB
Progress (2): 1.6/1.9 MB | 278/334 kB
Progress (2): 1.6/1.9 MB | 294/334 kB
Progress (2): 1.6/1.9 MB | 294/334 kB
Progress (2): 1.6/1.9 MB | 294/334 kB
Progress (2): 1.7/1.9 MB | 294/334 kB
Progress (2): 1.7/1.9 MB | 311/334 kB
Progress (2): 1.7/1.9 MB | 311/334 kB
Progress (2): 1.7/1.9 MB | 327/334 kB
Progress (2): 1.7/1.9 MB | 334 kB    
Progress (2): 1.7/1.9 MB | 334 kB
                                 
Downloaded from central: https://repo.maven.apache.org/maven2/org/yaml/snakeyaml/2.2/snakeyaml-2.2.jar (334 kB at 1.3 MB/s)
#13 12.32 Downloading from central: https://repo.maven.apache.org/maven2/org/springframework/boot/spring-boot-starter-tomcat/3.2.4/spring-boot-starter-tomcat-3.2.4.jar
#13 12.32 Progress (1): 1.7/1.9 MB
Progress (1): 1.7/1.9 MB
Progress (1): 1.7/1.9 MB
Progress (1): 1.8/1.9 MB
Progress (1): 1.8/1.9 MB
Progress (2): 1.8/1.9 MB | 7.3/123 kB
Progress (2): 1.8/1.9 MB | 7.3/123 kB
Progress (2): 1.8/1.9 MB | 7.3/123 kB
Progress (2): 1.8/1.9 MB | 7.3/123 kB
Progress (2): 1.8/1.9 MB | 24/123 kB 
Progress (2): 1.8/1.9 MB | 24/123 kB
Progress (2): 1.8/1.9 MB | 40/123 kB
Progress (2): 1.8/1.9 MB | 56/123 kB
Progress (2): 1.8/1.9 MB | 65/123 kB
Progress (2): 1.9/1.9 MB | 65/123 kB
Progress (2): 1.9/1.9 MB | 65/123 kB
Progress (2): 1.9/1.9 MB | 65/123 kB
Progress (2): 1.9/1.9 MB | 81/123 kB
Progress (2): 1.9/1.9 MB | 81/123 kB
Progress (2): 1.9/1.9 MB | 97/123 kB
Progress (2): 1.9/1.9 MB | 97/123 kB
Progress (3): 1.9/1.9 MB | 97/123 kB | 7.7/36 kB
Progress (3): 1.9/1.9 MB | 97/123 kB | 12/36 kB 
Progress (3): 1.9/1.9 MB | 97/123 kB | 29/36 kB
Progress (3): 1.9/1.9 MB | 114/123 kB | 29/36 kB
Progress (3): 1.9 MB | 114/123 kB | 29/36 kB    
Progress (3): 1.9 MB | 123 kB | 29/36 kB    
Progress (3): 1.9 MB | 123 kB | 36 kB   
                                     
Downloaded from central: https://repo.maven.apache.org/maven2/com/fasterxml/jackson/datatype/jackson-datatype-jdk8/2.15.4/jackson-datatype-jdk8-2.15.4.jar (36 kB at 132 kB/s)
#13 12.34 Downloaded from central: https://repo.maven.apache.org/maven2/com/fasterxml/jackson/datatype/jackson-datatype-jsr310/2.15.4/jackson-datatype-jsr310-2.15.4.jar (123 kB at 449 kB/s)
#13 12.34 Downloading from central: https://repo.maven.apache.org/maven2/org/apache/tomcat/embed/tomcat-embed-core/10.1.19/tomcat-embed-core-10.1.19.jar
#13 12.34 Downloading from central: https://repo.maven.apache.org/maven2/org/apache/tomcat/embed/tomcat-embed-websocket/10.1.19/tomcat-embed-websocket-10.1.19.jar
#13 12.34 Downloaded from central: https://repo.maven.apache.org/maven2/org/springframework/boot/spring-boot-autoconfigure/3.2.4/spring-boot-autoconfigure-3.2.4.jar (1.9 MB at 7.0 MB/s)
#13 12.34 Downloading from central: https://repo.maven.apache.org/maven2/org/springframework/spring-web/6.1.5/spring-web-6.1.5.jar
#13 12.35 Progress (1): 3.8/10 kB
Progress (1): 8.0/10 kB
Progress (1): 10 kB    
                   
Downloaded from central: https://repo.maven.apache.org/maven2/com/fasterxml/jackson/module/jackson-module-parameter-names/2.15.4/jackson-module-parameter-names-2.15.4.jar (10 kB at 36 kB/s)
#13 12.35 Downloading from central: https://repo.maven.apache.org/maven2/org/springframework/spring-beans/6.1.5/spring-beans-6.1.5.jar
#13 12.35 Progress (1): 4.8 kB
                    
Downloaded from central: https://repo.maven.apache.org/maven2/org/springframework/boot/spring-boot-starter-tomcat/3.2.4/spring-boot-starter-tomcat-3.2.4.jar (4.8 kB at 16 kB/s)
#13 12.35 Downloading from central: https://repo.maven.apache.org/maven2/io/micrometer/micrometer-observation/1.12.4/micrometer-observation-1.12.4.jar
#13 12.37 Progress (1): 7.7/282 kB
Progress (1): 16/282 kB 
Progress (1): 24/282 kB
Progress (1): 40/282 kB
Progress (1): 57/282 kB
Progress (2): 57/282 kB | 0/1.9 MB
Progress (2): 57/282 kB | 0/1.9 MB
Progress (2): 57/282 kB | 0/1.9 MB
Progress (2): 73/282 kB | 0/1.9 MB
Progress (2): 90/282 kB | 0/1.9 MB
Progress (2): 106/282 kB | 0/1.9 MB
Progress (2): 106/282 kB | 0/1.9 MB
Progress (2): 122/282 kB | 0/1.9 MB
Progress (2): 122/282 kB | 0.1/1.9 MB
Progress (2): 139/282 kB | 0.1/1.9 MB
Progress (2): 155/282 kB | 0.1/1.9 MB
Progress (2): 172/282 kB | 0.1/1.9 MB
Progress (2): 172/282 kB | 0.1/1.9 MB
Progress (2): 188/282 kB | 0.1/1.9 MB
Progress (3): 188/282 kB | 0.1/1.9 MB | 0/3.5 MB
Progress (3): 188/282 kB | 0.1/1.9 MB | 0/3.5 MB
Progress (3): 204/282 kB | 0.1/1.9 MB | 0/3.5 MB
Progress (3): 204/282 kB | 0.1/1.9 MB | 0/3.5 MB
Progress (3): 204/282 kB | 0.1/1.9 MB | 0/3.5 MB
Progress (3): 204/282 kB | 0.1/1.9 MB | 0/3.5 MB
Progress (3): 221/282 kB | 0.1/1.9 MB | 0/3.5 MB
Progress (3): 221/282 kB | 0.1/1.9 MB | 0/3.5 MB
Progress (3): 221/282 kB | 0.1/1.9 MB | 0.1/3.5 MB
Progress (3): 237/282 kB | 0.1/1.9 MB | 0.1/3.5 MB
Progress (3): 237/282 kB | 0.1/1.9 MB | 0.1/3.5 MB
Progress (3): 237/282 kB | 0.1/1.9 MB | 0.1/3.5 MB
Progress (3): 237/282 kB | 0.1/1.9 MB | 0.1/3.5 MB
Progress (3): 237/282 kB | 0.1/1.9 MB | 0.1/3.5 MB
Progress (3): 237/282 kB | 0.2/1.9 MB | 0.1/3.5 MB
Progress (3): 253/282 kB | 0.2/1.9 MB | 0.1/3.5 MB
Progress (3): 253/282 kB | 0.2/1.9 MB | 0.1/3.5 MB
Progress (3): 253/282 kB | 0.2/1.9 MB | 0.1/3.5 MB
Progress (3): 253/282 kB | 0.2/1.9 MB | 0.1/3.5 MB
Progress (3): 270/282 kB | 0.2/1.9 MB | 0.1/3.5 MB
Progress (3): 270/282 kB | 0.2/1.9 MB | 0.1/3.5 MB
Progress (3): 270/282 kB | 0.2/1.9 MB | 0.1/3.5 MB
Progress (3): 270/282 kB | 0.2/1.9 MB | 0.1/3.5 MB
Progress (3): 270/282 kB | 0.2/1.9 MB | 0.1/3.5 MB
Progress (3): 270/282 kB | 0.2/1.9 MB | 0.1/3.5 MB
Progress (3): 270/282 kB | 0.2/1.9 MB | 0.1/3.5 MB
Progress (3): 282 kB | 0.2/1.9 MB | 0.1/3.5 MB    
Progress (3): 282 kB | 0.2/1.9 MB | 0.2/3.5 MB
Progress (3): 282 kB | 0.2/1.9 MB | 0.2/3.5 MB
Progress (4): 282 kB | 0.2/1.9 MB | 0.2/3.5 MB | 3.8/858 kB
Progress (4): 282 kB | 0.2/1.9 MB | 0.2/3.5 MB | 3.8/858 kB
Progress (4): 282 kB | 0.2/1.9 MB | 0.2/3.5 MB | 8.0/858 kB
Progress (4): 282 kB | 0.3/1.9 MB | 0.2/3.5 MB | 8.0/858 kB
Progress (4): 282 kB | 0.3/1.9 MB | 0.2/3.5 MB | 12/858 kB 
                                                          
Downloaded from central: https://repo.maven.apache.org/maven2/org/apache/tomcat/embed/tomcat-embed-websocket/10.1.19/tomcat-embed-websocket-10.1.19.jar (282 kB at 848 kB/s)
#13 12.40 Progress (3): 0.3/1.9 MB | 0.2/3.5 MB | 12/858 kB
Progress (3): 0.3/1.9 MB | 0.2/3.5 MB | 12/858 kB
Progress (3): 0.3/1.9 MB | 0.2/3.5 MB | 12/858 kB
                                                 
Downloading from central: https://repo.maven.apache.org/maven2/io/micrometer/micrometer-commons/1.12.4/micrometer-commons-1.12.4.jar
#13 12.40 Progress (3): 0.3/1.9 MB | 0.2/3.5 MB | 12/858 kB
Progress (4): 0.3/1.9 MB | 0.2/3.5 MB | 12/858 kB | 7.7/72 kB
Progress (4): 0.3/1.9 MB | 0.2/3.5 MB | 12/858 kB | 16/72 kB 
Progress (4): 0.3/1.9 MB | 0.2/3.5 MB | 12/858 kB | 16/72 kB
Progress (4): 0.3/1.9 MB | 0.2/3.5 MB | 12/858 kB | 16/72 kB
Progress (4): 0.3/1.9 MB | 0.2/3.5 MB | 12/858 kB | 16/72 kB
Progress (4): 0.4/1.9 MB | 0.2/3.5 MB | 12/858 kB | 16/72 kB
Progress (4): 0.4/1.9 MB | 0.2/3.5 MB | 12/858 kB | 16/72 kB
Progress (4): 0.4/1.9 MB | 0.2/3.5 MB | 12/858 kB | 16/72 kB
Progress (4): 0.4/1.9 MB | 0.2/3.5 MB | 12/858 kB | 28/72 kB
Progress (4): 0.4/1.9 MB | 0.2/3.5 MB | 17/858 kB | 28/72 kB
Progress (4): 0.4/1.9 MB | 0.2/3.5 MB | 17/858 kB | 28/72 kB
Progress (4): 0.4/1.9 MB | 0.2/3.5 MB | 21/858 kB | 28/72 kB
Progress (4): 0.4/1.9 MB | 0.2/3.5 MB | 21/858 kB | 28/72 kB
Progress (4): 0.4/1.9 MB | 0.2/3.5 MB | 25/858 kB | 28/72 kB
Progress (4): 0.4/1.9 MB | 0.2/3.5 MB | 29/858 kB | 28/72 kB
Progress (4): 0.4/1.9 MB | 0.2/3.5 MB | 33/858 kB | 28/72 kB
Progress (4): 0.4/1.9 MB | 0.2/3.5 MB | 33/858 kB | 28/72 kB
Progress (4): 0.4/1.9 MB | 0.2/3.5 MB | 33/858 kB | 28/72 kB
Progress (4): 0.4/1.9 MB | 0.2/3.5 MB | 38/858 kB | 28/72 kB
Progress (4): 0.4/1.9 MB | 0.2/3.5 MB | 38/858 kB | 44/72 kB
Progress (4): 0.4/1.9 MB | 0.2/3.5 MB | 42/858 kB | 44/72 kB
Progress (4): 0.4/1.9 MB | 0.2/3.5 MB | 46/858 kB | 44/72 kB
Progress (4): 0.4/1.9 MB | 0.2/3.5 MB | 50/858 kB | 44/72 kB
Progress (4): 0.4/1.9 MB | 0.2/3.5 MB | 55/858 kB | 44/72 kB
Progress (4): 0.4/1.9 MB | 0.2/3.5 MB | 59/858 kB | 44/72 kB
Progress (4): 0.4/1.9 MB | 0.2/3.5 MB | 63/858 kB | 44/72 kB
Progress (4): 0.4/1.9 MB | 0.2/3.5 MB | 63/858 kB | 44/72 kB
Progress (4): 0.4/1.9 MB | 0.2/3.5 MB | 63/858 kB | 44/72 kB
Progress (4): 0.4/1.9 MB | 0.2/3.5 MB | 63/858 kB | 44/72 kB
Progress (4): 0.4/1.9 MB | 0.3/3.5 MB | 63/858 kB | 44/72 kB
Progress (4): 0.4/1.9 MB | 0.3/3.5 MB | 63/858 kB | 44/72 kB
Progress (4): 0.4/1.9 MB | 0.3/3.5 MB | 63/858 kB | 44/72 kB
Progress (4): 0.4/1.9 MB | 0.3/3.5 MB | 63/858 kB | 44/72 kB
Progress (4): 0.4/1.9 MB | 0.3/3.5 MB | 63/858 kB | 61/72 kB
Progress (4): 0.4/1.9 MB | 0.3/3.5 MB | 63/858 kB | 61/72 kB
Progress (4): 0.4/1.9 MB | 0.3/3.5 MB | 63/858 kB | 61/72 kB
Progress (4): 0.5/1.9 MB | 0.3/3.5 MB | 63/858 kB | 61/72 kB
Progress (4): 0.5/1.9 MB | 0.3/3.5 MB | 63/858 kB | 72 kB   
                                                         
Downloaded from central: https://repo.maven.apache.org/maven2/io/micrometer/micrometer-observation/1.12.4/micrometer-observation-1.12.4.jar (72 kB at 210 kB/s)
#13 12.40 Downloading from central: https://repo.maven.apache.org/maven2/org/springframework/spring-webmvc/6.1.5/spring-webmvc-6.1.5.jar
#13 12.40 Progress (3): 0.5/1.9 MB | 0.3/3.5 MB | 63/858 kB
Progress (3): 0.5/1.9 MB | 0.3/3.5 MB | 63/858 kB
Progress (3): 0.5/1.9 MB | 0.3/3.5 MB | 63/858 kB
Progress (3): 0.5/1.9 MB | 0.3/3.5 MB | 67/858 kB
Progress (3): 0.5/1.9 MB | 0.3/3.5 MB | 67/858 kB
Progress (3): 0.5/1.9 MB | 0.3/3.5 MB | 71/858 kB
Progress (3): 0.5/1.9 MB | 0.3/3.5 MB | 76/858 kB
Progress (3): 0.5/1.9 MB | 0.3/3.5 MB | 76/858 kB
Progress (3): 0.5/1.9 MB | 0.3/3.5 MB | 80/858 kB
Progress (3): 0.5/1.9 MB | 0.3/3.5 MB | 80/858 kB
Progress (3): 0.5/1.9 MB | 0.3/3.5 MB | 84/858 kB
Progress (3): 0.5/1.9 MB | 0.3/3.5 MB | 88/858 kB
Progress (3): 0.5/1.9 MB | 0.3/3.5 MB | 88/858 kB
Progress (3): 0.5/1.9 MB | 0.3/3.5 MB | 93/858 kB
Progress (3): 0.5/1.9 MB | 0.3/3.5 MB | 97/858 kB
Progress (3): 0.5/1.9 MB | 0.4/3.5 MB | 97/858 kB
Progress (3): 0.5/1.9 MB | 0.4/3.5 MB | 101/858 kB
Progress (3): 0.5/1.9 MB | 0.4/3.5 MB | 105/858 kB
Progress (3): 0.5/1.9 MB | 0.4/3.5 MB | 110/858 kB
Progress (3): 0.5/1.9 MB | 0.4/3.5 MB | 114/858 kB
Progress (3): 0.5/1.9 MB | 0.4/3.5 MB | 114/858 kB
Progress (3): 0.6/1.9 MB | 0.4/3.5 MB | 114/858 kB
Progress (3): 0.6/1.9 MB | 0.4/3.5 MB | 114/858 kB
Progress (3): 0.6/1.9 MB | 0.4/3.5 MB | 114/858 kB
Progress (3): 0.6/1.9 MB | 0.4/3.5 MB | 118/858 kB
Progress (3): 0.6/1.9 MB | 0.4/3.5 MB | 122/858 kB
Progress (3): 0.6/1.9 MB | 0.4/3.5 MB | 126/858 kB
Progress (3): 0.6/1.9 MB | 0.4/3.5 MB | 126/858 kB
Progress (3): 0.6/1.9 MB | 0.4/3.5 MB | 126/858 kB
Progress (3): 0.6/1.9 MB | 0.4/3.5 MB | 131/858 kB
Progress (3): 0.6/1.9 MB | 0.4/3.5 MB | 135/858 kB
Progress (3): 0.6/1.9 MB | 0.4/3.5 MB | 135/858 kB
Progress (3): 0.6/1.9 MB | 0.4/3.5 MB | 139/858 kB
Progress (3): 0.6/1.9 MB | 0.4/3.5 MB | 139/858 kB
Progress (3): 0.6/1.9 MB | 0.4/3.5 MB | 139/858 kB
Progress (3): 0.6/1.9 MB | 0.4/3.5 MB | 139/858 kB
Progress (3): 0.6/1.9 MB | 0.4/3.5 MB | 143/858 kB
Progress (3): 0.6/1.9 MB | 0.4/3.5 MB | 148/858 kB
Progress (3): 0.6/1.9 MB | 0.4/3.5 MB | 148/858 kB
Progress (3): 0.6/1.9 MB | 0.5/3.5 MB | 148/858 kB
Progress (3): 0.6/1.9 MB | 0.5/3.5 MB | 148/858 kB
Progress (3): 0.6/1.9 MB | 0.5/3.5 MB | 164/858 kB
Progress (3): 0.6/1.9 MB | 0.5/3.5 MB | 164/858 kB
Progress (3): 0.6/1.9 MB | 0.5/3.5 MB | 164/858 kB
Progress (3): 0.7/1.9 MB | 0.5/3.5 MB | 164/858 kB
Progress (3): 0.7/1.9 MB | 0.5/3.5 MB | 180/858 kB
Progress (3): 0.7/1.9 MB | 0.5/3.5 MB | 180/858 kB
Progress (3): 0.7/1.9 MB | 0.5/3.5 MB | 197/858 kB
Progress (3): 0.7/1.9 MB | 0.5/3.5 MB | 197/858 kB
Progress (3): 0.7/1.9 MB | 0.5/3.5 MB | 197/858 kB
Progress (3): 0.7/1.9 MB | 0.5/3.5 MB | 197/858 kB
Progress (3): 0.7/1.9 MB | 0.5/3.5 MB | 213/858 kB
Progress (3): 0.7/1.9 MB | 0.6/3.5 MB | 213/858 kB
Progress (3): 0.7/1.9 MB | 0.6/3.5 MB | 213/858 kB
Progress (3): 0.7/1.9 MB | 0.6/3.5 MB | 213/858 kB
Progress (3): 0.7/1.9 MB | 0.6/3.5 MB | 213/858 kB
Progress (4): 0.7/1.9 MB | 0.6/3.5 MB | 213/858 kB | 7.7/47 kB
Progress (4): 0.7/1.9 MB | 0.6/3.5 MB | 213/858 kB | 16/47 kB 
Progress (4): 0.7/1.9 MB | 0.6/3.5 MB | 213/858 kB | 16/47 kB
Progress (4): 0.7/1.9 MB | 0.6/3.5 MB | 230/858 kB | 16/47 kB
Progress (4): 0.7/1.9 MB | 0.6/3.5 MB | 230/858 kB | 32/47 kB
Progress (4): 0.7/1.9 MB | 0.6/3.5 MB | 230/858 kB | 32/47 kB
Progress (4): 0.7/1.9 MB | 0.6/3.5 MB | 230/858 kB | 47 kB   
Progress (4): 0.7/1.9 MB | 0.6/3.5 MB | 230/858 kB | 47 kB
Progress (4): 0.7/1.9 MB | 0.6/3.5 MB | 230/858 kB | 47 kB
Progress (4): 0.7/1.9 MB | 0.6/3.5 MB | 230/858 kB | 47 kB
Progress (4): 0.7/1.9 MB | 0.6/3.5 MB | 246/858 kB | 47 kB
                                                          
Downloaded from central: https://repo.maven.apache.org/maven2/io/micrometer/micrometer-commons/1.12.4/micrometer-commons-1.12.4.jar (47 kB at 129 kB/s)
#13 12.43 Downloading from central: https://repo.maven.apache.org/maven2/org/springframework/spring-context/6.1.5/spring-context-6.1.5.jar
#13 12.43 Progress (3): 0.7/1.9 MB | 0.6/3.5 MB | 246/858 kB
Progress (3): 0.7/1.9 MB | 0.7/3.5 MB | 246/858 kB
Progress (3): 0.7/1.9 MB | 0.7/3.5 MB | 246/858 kB
Progress (3): 0.8/1.9 MB | 0.7/3.5 MB | 246/858 kB
Progress (3): 0.8/1.9 MB | 0.7/3.5 MB | 246/858 kB
Progress (3): 0.8/1.9 MB | 0.7/3.5 MB | 246/858 kB
Progress (3): 0.8/1.9 MB | 0.7/3.5 MB | 246/858 kB
Progress (3): 0.8/1.9 MB | 0.7/3.5 MB | 246/858 kB
Progress (3): 0.8/1.9 MB | 0.7/3.5 MB | 262/858 kB
Progress (3): 0.8/1.9 MB | 0.7/3.5 MB | 262/858 kB
Progress (4): 0.8/1.9 MB | 0.7/3.5 MB | 262/858 kB | 0/1.0 MB
Progress (4): 0.8/1.9 MB | 0.7/3.5 MB | 262/858 kB | 0/1.0 MB
Progress (4): 0.8/1.9 MB | 0.7/3.5 MB | 262/858 kB | 0/1.0 MB
Progress (4): 0.8/1.9 MB | 0.7/3.5 MB | 262/858 kB | 0/1.0 MB
Progress (4): 0.8/1.9 MB | 0.7/3.5 MB | 262/858 kB | 0/1.0 MB
Progress (4): 0.8/1.9 MB | 0.7/3.5 MB | 274/858 kB | 0/1.0 MB
Progress (4): 0.8/1.9 MB | 0.7/3.5 MB | 274/858 kB | 0/1.0 MB
Progress (4): 0.8/1.9 MB | 0.7/3.5 MB | 279/858 kB | 0/1.0 MB
Progress (4): 0.8/1.9 MB | 0.8/3.5 MB | 279/858 kB | 0/1.0 MB
Progress (4): 0.8/1.9 MB | 0.8/3.5 MB | 279/858 kB | 0/1.0 MB
Progress (4): 0.8/1.9 MB | 0.8/3.5 MB | 295/858 kB | 0/1.0 MB
Progress (4): 0.8/1.9 MB | 0.8/3.5 MB | 295/858 kB | 0/1.0 MB
Progress (4): 0.8/1.9 MB | 0.8/3.5 MB | 295/858 kB | 0/1.0 MB
Progress (4): 0.8/1.9 MB | 0.8/3.5 MB | 295/858 kB | 0/1.0 MB
Progress (4): 0.9/1.9 MB | 0.8/3.5 MB | 295/858 kB | 0/1.0 MB
Progress (4): 0.9/1.9 MB | 0.8/3.5 MB | 311/858 kB | 0/1.0 MB
Progress (4): 0.9/1.9 MB | 0.8/3.5 MB | 311/858 kB | 0/1.0 MB
Progress (4): 0.9/1.9 MB | 0.8/3.5 MB | 311/858 kB | 0.1/1.0 MB
Progress (4): 0.9/1.9 MB | 0.8/3.5 MB | 328/858 kB | 0.1/1.0 MB
Progress (4): 0.9/1.9 MB | 0.8/3.5 MB | 328/858 kB | 0.1/1.0 MB
Progress (4): 0.9/1.9 MB | 0.8/3.5 MB | 328/858 kB | 0.1/1.0 MB
Progress (4): 0.9/1.9 MB | 0.8/3.5 MB | 328/858 kB | 0.1/1.0 MB
Progress (4): 0.9/1.9 MB | 0.8/3.5 MB | 328/858 kB | 0.1/1.0 MB
Progress (4): 0.9/1.9 MB | 0.8/3.5 MB | 344/858 kB | 0.1/1.0 MB
Progress (4): 0.9/1.9 MB | 0.8/3.5 MB | 344/858 kB | 0.1/1.0 MB
Progress (4): 0.9/1.9 MB | 0.8/3.5 MB | 344/858 kB | 0.1/1.0 MB
Progress (4): 0.9/1.9 MB | 0.8/3.5 MB | 344/858 kB | 0.1/1.0 MB
Progress (4): 0.9/1.9 MB | 0.8/3.5 MB | 344/858 kB | 0.1/1.0 MB
Progress (4): 0.9/1.9 MB | 0.8/3.5 MB | 344/858 kB | 0.1/1.0 MB
Progress (4): 0.9/1.9 MB | 0.8/3.5 MB | 344/858 kB | 0.1/1.0 MB
Progress (4): 0.9/1.9 MB | 0.8/3.5 MB | 344/858 kB | 0.1/1.0 MB
Progress (4): 0.9/1.9 MB | 0.8/3.5 MB | 344/858 kB | 0.1/1.0 MB
Progress (4): 1.0/1.9 MB | 0.8/3.5 MB | 344/858 kB | 0.1/1.0 MB
Progress (4): 1.0/1.9 MB | 0.9/3.5 MB | 344/858 kB | 0.1/1.0 MB
Progress (4): 1.0/1.9 MB | 0.9/3.5 MB | 361/858 kB | 0.1/1.0 MB
Progress (4): 1.0/1.9 MB | 0.9/3.5 MB | 361/858 kB | 0.1/1.0 MB
Progress (4): 1.0/1.9 MB | 0.9/3.5 MB | 361/858 kB | 0.1/1.0 MB
Progress (4): 1.0/1.9 MB | 0.9/3.5 MB | 377/858 kB | 0.1/1.0 MB
Progress (4): 1.0/1.9 MB | 0.9/3.5 MB | 377/858 kB | 0.2/1.0 MB
Progress (4): 1.0/1.9 MB | 0.9/3.5 MB | 377/858 kB | 0.2/1.0 MB
Progress (4): 1.0/1.9 MB | 0.9/3.5 MB | 393/858 kB | 0.2/1.0 MB
Progress (4): 1.0/1.9 MB | 0.9/3.5 MB | 406/858 kB | 0.2/1.0 MB
Progress (4): 1.0/1.9 MB | 0.9/3.5 MB | 406/858 kB | 0.2/1.0 MB
Progress (4): 1.0/1.9 MB | 0.9/3.5 MB | 410/858 kB | 0.2/1.0 MB
Progress (4): 1.0/1.9 MB | 0.9/3.5 MB | 426/858 kB | 0.2/1.0 MB
Progress (4): 1.0/1.9 MB | 0.9/3.5 MB | 426/858 kB | 0.2/1.0 MB
Progress (4): 1.0/1.9 MB | 0.9/3.5 MB | 426/858 kB | 0.2/1.0 MB
Progress (4): 1.0/1.9 MB | 0.9/3.5 MB | 426/858 kB | 0.2/1.0 MB
Progress (4): 1.0/1.9 MB | 0.9/3.5 MB | 426/858 kB | 0.2/1.0 MB
Progress (4): 1.0/1.9 MB | 0.9/3.5 MB | 443/858 kB | 0.2/1.0 MB
Progress (4): 1.0/1.9 MB | 0.9/3.5 MB | 443/858 kB | 0.2/1.0 MB
Progress (4): 1.0/1.9 MB | 0.9/3.5 MB | 459/858 kB | 0.2/1.0 MB
Progress (4): 1.0/1.9 MB | 0.9/3.5 MB | 459/858 kB | 0.2/1.0 MB
Progress (4): 1.0/1.9 MB | 0.9/3.5 MB | 459/858 kB | 0.2/1.0 MB
Progress (4): 1.0/1.9 MB | 0.9/3.5 MB | 475/858 kB | 0.2/1.0 MB
Progress (4): 1.0/1.9 MB | 0.9/3.5 MB | 492/858 kB | 0.2/1.0 MB
Progress (4): 1.0/1.9 MB | 0.9/3.5 MB | 492/858 kB | 0.2/1.0 MB
Progress (4): 1.0/1.9 MB | 0.9/3.5 MB | 508/858 kB | 0.2/1.0 MB
Progress (4): 1.0/1.9 MB | 0.9/3.5 MB | 508/858 kB | 0.2/1.0 MB
Progress (4): 1.0/1.9 MB | 1.0/3.5 MB | 508/858 kB | 0.2/1.0 MB
Progress (4): 1.0/1.9 MB | 1.0/3.5 MB | 508/858 kB | 0.2/1.0 MB
Progress (4): 1.0/1.9 MB | 1.0/3.5 MB | 508/858 kB | 0.2/1.0 MB
Progress (4): 1.0/1.9 MB | 1.0/3.5 MB | 508/858 kB | 0.2/1.0 MB
Progress (4): 1.0/1.9 MB | 1.0/3.5 MB | 508/858 kB | 0.2/1.0 MB
Progress (4): 1.1/1.9 MB | 1.0/3.5 MB | 508/858 kB | 0.2/1.0 MB
Progress (4): 1.1/1.9 MB | 1.0/3.5 MB | 508/858 kB | 0.2/1.0 MB
Progress (4): 1.1/1.9 MB | 1.0/3.5 MB | 524/858 kB | 0.2/1.0 MB
Progress (4): 1.1/1.9 MB | 1.0/3.5 MB | 524/858 kB | 0.2/1.0 MB
Progress (4): 1.1/1.9 MB | 1.0/3.5 MB | 524/858 kB | 0.2/1.0 MB
Progress (4): 1.1/1.9 MB | 1.0/3.5 MB | 537/858 kB | 0.2/1.0 MB
Progress (4): 1.1/1.9 MB | 1.0/3.5 MB | 537/858 kB | 0.2/1.0 MB
Progress (4): 1.1/1.9 MB | 1.0/3.5 MB | 537/858 kB | 0.2/1.0 MB
Progress (4): 1.1/1.9 MB | 1.0/3.5 MB | 553/858 kB | 0.2/1.0 MB
Progress (4): 1.1/1.9 MB | 1.0/3.5 MB | 553/858 kB | 0.2/1.0 MB
Progress (4): 1.1/1.9 MB | 1.0/3.5 MB | 553/858 kB | 0.2/1.0 MB
Progress (4): 1.1/1.9 MB | 1.0/3.5 MB | 553/858 kB | 0.3/1.0 MB
Progress (4): 1.1/1.9 MB | 1.0/3.5 MB | 569/858 kB | 0.3/1.0 MB
Progress (4): 1.1/1.9 MB | 1.0/3.5 MB | 569/858 kB | 0.3/1.0 MB
Progress (4): 1.1/1.9 MB | 1.0/3.5 MB | 569/858 kB | 0.3/1.0 MB
Progress (4): 1.1/1.9 MB | 1.0/3.5 MB | 569/858 kB | 0.3/1.0 MB
Progress (4): 1.2/1.9 MB | 1.0/3.5 MB | 569/858 kB | 0.3/1.0 MB
Progress (4): 1.2/1.9 MB | 1.0/3.5 MB | 586/858 kB | 0.3/1.0 MB
Progress (4): 1.2/1.9 MB | 1.0/3.5 MB | 586/858 kB | 0.3/1.0 MB
Progress (4): 1.2/1.9 MB | 1.0/3.5 MB | 586/858 kB | 0.3/1.0 MB
Progress (4): 1.2/1.9 MB | 1.0/3.5 MB | 602/858 kB | 0.3/1.0 MB
Progress (4): 1.2/1.9 MB | 1.0/3.5 MB | 602/858 kB | 0.3/1.0 MB
Progress (4): 1.2/1.9 MB | 1.0/3.5 MB | 602/858 kB | 0.3/1.0 MB
Progress (4): 1.2/1.9 MB | 1.0/3.5 MB | 602/858 kB | 0.3/1.0 MB
Progress (4): 1.2/1.9 MB | 1.0/3.5 MB | 618/858 kB | 0.3/1.0 MB
Progress (4): 1.2/1.9 MB | 1.0/3.5 MB | 618/858 kB | 0.3/1.0 MB
Progress (4): 1.2/1.9 MB | 1.0/3.5 MB | 618/858 kB | 0.3/1.0 MB
Progress (4): 1.2/1.9 MB | 1.0/3.5 MB | 618/858 kB | 0.3/1.0 MB
Progress (4): 1.2/1.9 MB | 1.0/3.5 MB | 635/858 kB | 0.3/1.0 MB
Progress (4): 1.2/1.9 MB | 1.0/3.5 MB | 635/858 kB | 0.3/1.0 MB
Progress (4): 1.2/1.9 MB | 1.0/3.5 MB | 635/858 kB | 0.3/1.0 MB
Progress (4): 1.2/1.9 MB | 1.0/3.5 MB | 635/858 kB | 0.4/1.0 MB
Progress (4): 1.2/1.9 MB | 1.0/3.5 MB | 635/858 kB | 0.4/1.0 MB
Progress (4): 1.2/1.9 MB | 1.0/3.5 MB | 635/858 kB | 0.4/1.0 MB
Progress (4): 1.2/1.9 MB | 1.0/3.5 MB | 635/858 kB | 0.4/1.0 MB
Progress (4): 1.2/1.9 MB | 1.0/3.5 MB | 651/858 kB | 0.4/1.0 MB
Progress (5): 1.2/1.9 MB | 1.0/3.5 MB | 651/858 kB | 0.4/1.0 MB | 0/1.3 MB
Progress (5): 1.2/1.9 MB | 1.0/3.5 MB | 651/858 kB | 0.4/1.0 MB | 0/1.3 MB
Progress (5): 1.2/1.9 MB | 1.0/3.5 MB | 651/858 kB | 0.4/1.0 MB | 0/1.3 MB
Progress (5): 1.3/1.9 MB | 1.0/3.5 MB | 651/858 kB | 0.4/1.0 MB | 0/1.3 MB
Progress (5): 1.3/1.9 MB | 1.0/3.5 MB | 651/858 kB | 0.4/1.0 MB | 0/1.3 MB
Progress (5): 1.3/1.9 MB | 1.0/3.5 MB | 651/858 kB | 0.4/1.0 MB | 0/1.3 MB
Progress (5): 1.3/1.9 MB | 1.0/3.5 MB | 651/858 kB | 0.4/1.0 MB | 0/1.3 MB
Progress (5): 1.3/1.9 MB | 1.0/3.5 MB | 651/858 kB | 0.4/1.0 MB | 0/1.3 MB
Progress (5): 1.3/1.9 MB | 1.0/3.5 MB | 651/858 kB | 0.5/1.0 MB | 0/1.3 MB
Progress (5): 1.3/1.9 MB | 1.0/3.5 MB | 651/858 kB | 0.5/1.0 MB | 0/1.3 MB
Progress (5): 1.3/1.9 MB | 1.0/3.5 MB | 651/858 kB | 0.5/1.0 MB | 0/1.3 MB
Progress (5): 1.3/1.9 MB | 1.0/3.5 MB | 668/858 kB | 0.5/1.0 MB | 0/1.3 MB
Progress (5): 1.3/1.9 MB | 1.0/3.5 MB | 668/858 kB | 0.5/1.0 MB | 0/1.3 MB
Progress (5): 1.3/1.9 MB | 1.0/3.5 MB | 684/858 kB | 0.5/1.0 MB | 0/1.3 MB
Progress (5): 1.3/1.9 MB | 1.0/3.5 MB | 684/858 kB | 0.5/1.0 MB | 0/1.3 MB
Progress (5): 1.3/1.9 MB | 1.0/3.5 MB | 700/858 kB | 0.5/1.0 MB | 0/1.3 MB
Progress (5): 1.3/1.9 MB | 1.0/3.5 MB | 700/858 kB | 0.5/1.0 MB | 0/1.3 MB
Progress (5): 1.3/1.9 MB | 1.0/3.5 MB | 700/858 kB | 0.5/1.0 MB | 0/1.3 MB
Progress (5): 1.3/1.9 MB | 1.0/3.5 MB | 700/858 kB | 0.5/1.0 MB | 0/1.3 MB
Progress (5): 1.3/1.9 MB | 1.0/3.5 MB | 700/858 kB | 0.5/1.0 MB | 0/1.3 MB
Progress (5): 1.3/1.9 MB | 1.0/3.5 MB | 700/858 kB | 0.5/1.0 MB | 0/1.3 MB
Progress (5): 1.3/1.9 MB | 1.0/3.5 MB | 700/858 kB | 0.5/1.0 MB | 0.1/1.3 MB
Progress (5): 1.3/1.9 MB | 1.0/3.5 MB | 717/858 kB | 0.5/1.0 MB | 0.1/1.3 MB
Progress (5): 1.3/1.9 MB | 1.0/3.5 MB | 717/858 kB | 0.5/1.0 MB | 0.1/1.3 MB
Progress (5): 1.3/1.9 MB | 1.0/3.5 MB | 717/858 kB | 0.6/1.0 MB | 0.1/1.3 MB
Progress (5): 1.3/1.9 MB | 1.0/3.5 MB | 733/858 kB | 0.6/1.0 MB | 0.1/1.3 MB
Progress (5): 1.3/1.9 MB | 1.0/3.5 MB | 733/858 kB | 0.6/1.0 MB | 0.1/1.3 MB
Progress (5): 1.3/1.9 MB | 1.0/3.5 MB | 733/858 kB | 0.6/1.0 MB | 0.1/1.3 MB
Progress (5): 1.3/1.9 MB | 1.0/3.5 MB | 748/858 kB | 0.6/1.0 MB | 0.1/1.3 MB
Progress (5): 1.3/1.9 MB | 1.0/3.5 MB | 748/858 kB | 0.6/1.0 MB | 0.1/1.3 MB
Progress (5): 1.3/1.9 MB | 1.0/3.5 MB | 765/858 kB | 0.6/1.0 MB | 0.1/1.3 MB
Progress (5): 1.4/1.9 MB | 1.0/3.5 MB | 765/858 kB | 0.6/1.0 MB | 0.1/1.3 MB
Progress (5): 1.4/1.9 MB | 1.0/3.5 MB | 765/858 kB | 0.6/1.0 MB | 0.1/1.3 MB
Progress (5): 1.4/1.9 MB | 1.0/3.5 MB | 765/858 kB | 0.6/1.0 MB | 0.1/1.3 MB
Progress (5): 1.4/1.9 MB | 1.0/3.5 MB | 765/858 kB | 0.6/1.0 MB | 0.1/1.3 MB
Progress (5): 1.4/1.9 MB | 1.0/3.5 MB | 765/858 kB | 0.6/1.0 MB | 0.1/1.3 MB
Progress (5): 1.4/1.9 MB | 1.0/3.5 MB | 781/858 kB | 0.6/1.0 MB | 0.1/1.3 MB
Progress (5): 1.4/1.9 MB | 1.0/3.5 MB | 781/858 kB | 0.6/1.0 MB | 0.1/1.3 MB
Progress (5): 1.4/1.9 MB | 1.0/3.5 MB | 781/858 kB | 0.6/1.0 MB | 0.1/1.3 MB
Progress (5): 1.4/1.9 MB | 1.0/3.5 MB | 781/858 kB | 0.6/1.0 MB | 0.1/1.3 MB
Progress (5): 1.4/1.9 MB | 1.0/3.5 MB | 781/858 kB | 0.6/1.0 MB | 0.1/1.3 MB
Progress (5): 1.4/1.9 MB | 1.0/3.5 MB | 797/858 kB | 0.6/1.0 MB | 0.1/1.3 MB
Progress (5): 1.4/1.9 MB | 1.0/3.5 MB | 797/858 kB | 0.6/1.0 MB | 0.1/1.3 MB
Progress (5): 1.4/1.9 MB | 1.0/3.5 MB | 797/858 kB | 0.7/1.0 MB | 0.1/1.3 MB
Progress (5): 1.4/1.9 MB | 1.0/3.5 MB | 814/858 kB | 0.7/1.0 MB | 0.1/1.3 MB
Progress (5): 1.4/1.9 MB | 1.0/3.5 MB | 814/858 kB | 0.7/1.0 MB | 0.1/1.3 MB
Progress (5): 1.4/1.9 MB | 1.0/3.5 MB | 814/858 kB | 0.7/1.0 MB | 0.1/1.3 MB
Progress (5): 1.4/1.9 MB | 1.0/3.5 MB | 814/858 kB | 0.7/1.0 MB | 0.1/1.3 MB
Progress (5): 1.4/1.9 MB | 1.0/3.5 MB | 814/858 kB | 0.7/1.0 MB | 0.1/1.3 MB
Progress (5): 1.4/1.9 MB | 1.0/3.5 MB | 814/858 kB | 0.7/1.0 MB | 0.1/1.3 MB
Progress (5): 1.4/1.9 MB | 1.0/3.5 MB | 830/858 kB | 0.7/1.0 MB | 0.1/1.3 MB
Progress (5): 1.4/1.9 MB | 1.0/3.5 MB | 847/858 kB | 0.7/1.0 MB | 0.1/1.3 MB
Progress (5): 1.4/1.9 MB | 1.0/3.5 MB | 858 kB | 0.7/1.0 MB | 0.1/1.3 MB    
Progress (5): 1.4/1.9 MB | 1.0/3.5 MB | 858 kB | 0.7/1.0 MB | 0.1/1.3 MB
Progress (5): 1.4/1.9 MB | 1.0/3.5 MB | 858 kB | 0.7/1.0 MB | 0.1/1.3 MB
Progress (5): 1.4/1.9 MB | 1.0/3.5 MB | 858 kB | 0.7/1.0 MB | 0.1/1.3 MB
                                                                        
Downloaded from central: https://repo.maven.apache.org/maven2/org/springframework/spring-beans/6.1.5/spring-beans-6.1.5.jar (858 kB at 1.9 MB/s)
#13 12.50 Progress (4): 1.4/1.9 MB | 1.0/3.5 MB | 0.7/1.0 MB | 0.2/1.3 MB
                                                               
Downloading from central: https://repo.maven.apache.org/maven2/org/springframework/spring-expression/6.1.5/spring-expression-6.1.5.jar
#13 12.50 Progress (4): 1.4/1.9 MB | 1.0/3.5 MB | 0.7/1.0 MB | 0.2/1.3 MB
Progress (4): 1.5/1.9 MB | 1.0/3.5 MB | 0.7/1.0 MB | 0.2/1.3 MB
Progress (4): 1.5/1.9 MB | 1.0/3.5 MB | 0.7/1.0 MB | 0.2/1.3 MB
Progress (4): 1.5/1.9 MB | 1.0/3.5 MB | 0.7/1.0 MB | 0.2/1.3 MB
Progress (4): 1.5/1.9 MB | 1.0/3.5 MB | 0.7/1.0 MB | 0.2/1.3 MB
Progress (4): 1.5/1.9 MB | 1.0/3.5 MB | 0.7/1.0 MB | 0.2/1.3 MB
Progress (4): 1.5/1.9 MB | 1.0/3.5 MB | 0.8/1.0 MB | 0.2/1.3 MB
Progress (4): 1.5/1.9 MB | 1.0/3.5 MB | 0.8/1.0 MB | 0.2/1.3 MB
Progress (4): 1.5/1.9 MB | 1.0/3.5 MB | 0.8/1.0 MB | 0.2/1.3 MB
Progress (4): 1.5/1.9 MB | 1.0/3.5 MB | 0.8/1.0 MB | 0.2/1.3 MB
Progress (4): 1.5/1.9 MB | 1.0/3.5 MB | 0.8/1.0 MB | 0.2/1.3 MB
Progress (4): 1.5/1.9 MB | 1.0/3.5 MB | 0.8/1.0 MB | 0.2/1.3 MB
Progress (4): 1.5/1.9 MB | 1.0/3.5 MB | 0.8/1.0 MB | 0.2/1.3 MB
Progress (4): 1.5/1.9 MB | 1.0/3.5 MB | 0.8/1.0 MB | 0.2/1.3 MB
Progress (4): 1.5/1.9 MB | 1.1/3.5 MB | 0.8/1.0 MB | 0.2/1.3 MB
Progress (4): 1.5/1.9 MB | 1.1/3.5 MB | 0.8/1.0 MB | 0.2/1.3 MB
Progress (4): 1.5/1.9 MB | 1.1/3.5 MB | 0.8/1.0 MB | 0.2/1.3 MB
Progress (4): 1.5/1.9 MB | 1.1/3.5 MB | 0.8/1.0 MB | 0.2/1.3 MB
Progress (4): 1.5/1.9 MB | 1.1/3.5 MB | 0.8/1.0 MB | 0.2/1.3 MB
Progress (4): 1.5/1.9 MB | 1.1/3.5 MB | 0.8/1.0 MB | 0.2/1.3 MB
Progress (4): 1.5/1.9 MB | 1.1/3.5 MB | 0.8/1.0 MB | 0.2/1.3 MB
Progress (4): 1.5/1.9 MB | 1.1/3.5 MB | 0.8/1.0 MB | 0.2/1.3 MB
Progress (4): 1.5/1.9 MB | 1.1/3.5 MB | 0.8/1.0 MB | 0.2/1.3 MB
Progress (4): 1.5/1.9 MB | 1.1/3.5 MB | 0.8/1.0 MB | 0.2/1.3 MB
Progress (4): 1.5/1.9 MB | 1.1/3.5 MB | 0.8/1.0 MB | 0.2/1.3 MB
Progress (4): 1.5/1.9 MB | 1.1/3.5 MB | 0.8/1.0 MB | 0.3/1.3 MB
Progress (4): 1.5/1.9 MB | 1.1/3.5 MB | 0.9/1.0 MB | 0.3/1.3 MB
Progress (4): 1.5/1.9 MB | 1.1/3.5 MB | 0.9/1.0 MB | 0.3/1.3 MB
Progress (4): 1.5/1.9 MB | 1.1/3.5 MB | 0.9/1.0 MB | 0.3/1.3 MB
Progress (4): 1.5/1.9 MB | 1.1/3.5 MB | 0.9/1.0 MB | 0.3/1.3 MB
Progress (4): 1.5/1.9 MB | 1.1/3.5 MB | 0.9/1.0 MB | 0.3/1.3 MB
Progress (4): 1.6/1.9 MB | 1.1/3.5 MB | 0.9/1.0 MB | 0.3/1.3 MB
Progress (4): 1.6/1.9 MB | 1.1/3.5 MB | 0.9/1.0 MB | 0.3/1.3 MB
Progress (4): 1.6/1.9 MB | 1.1/3.5 MB | 0.9/1.0 MB | 0.3/1.3 MB
Progress (4): 1.6/1.9 MB | 1.1/3.5 MB | 0.9/1.0 MB | 0.3/1.3 MB
Progress (4): 1.6/1.9 MB | 1.1/3.5 MB | 0.9/1.0 MB | 0.3/1.3 MB
Progress (4): 1.6/1.9 MB | 1.1/3.5 MB | 0.9/1.0 MB | 0.3/1.3 MB
Progress (4): 1.6/1.9 MB | 1.2/3.5 MB | 0.9/1.0 MB | 0.3/1.3 MB
Progress (4): 1.6/1.9 MB | 1.2/3.5 MB | 0.9/1.0 MB | 0.3/1.3 MB
Progress (4): 1.6/1.9 MB | 1.2/3.5 MB | 0.9/1.0 MB | 0.3/1.3 MB
Progress (4): 1.6/1.9 MB | 1.2/3.5 MB | 0.9/1.0 MB | 0.3/1.3 MB
Progress (4): 1.6/1.9 MB | 1.2/3.5 MB | 0.9/1.0 MB | 0.3/1.3 MB
Progress (4): 1.6/1.9 MB | 1.2/3.5 MB | 0.9/1.0 MB | 0.3/1.3 MB
Progress (4): 1.6/1.9 MB | 1.2/3.5 MB | 0.9/1.0 MB | 0.3/1.3 MB
Progress (4): 1.6/1.9 MB | 1.2/3.5 MB | 0.9/1.0 MB | 0.3/1.3 MB
Progress (4): 1.6/1.9 MB | 1.2/3.5 MB | 0.9/1.0 MB | 0.3/1.3 MB
Progress (4): 1.6/1.9 MB | 1.2/3.5 MB | 0.9/1.0 MB | 0.3/1.3 MB
Progress (4): 1.6/1.9 MB | 1.2/3.5 MB | 0.9/1.0 MB | 0.3/1.3 MB
Progress (4): 1.6/1.9 MB | 1.2/3.5 MB | 0.9/1.0 MB | 0.3/1.3 MB
Progress (4): 1.6/1.9 MB | 1.2/3.5 MB | 0.9/1.0 MB | 0.3/1.3 MB
Progress (4): 1.6/1.9 MB | 1.2/3.5 MB | 0.9/1.0 MB | 0.4/1.3 MB
Progress (4): 1.6/1.9 MB | 1.2/3.5 MB | 0.9/1.0 MB | 0.4/1.3 MB
Progress (4): 1.6/1.9 MB | 1.2/3.5 MB | 0.9/1.0 MB | 0.4/1.3 MB
Progress (4): 1.6/1.9 MB | 1.2/3.5 MB | 0.9/1.0 MB | 0.4/1.3 MB
Progress (4): 1.6/1.9 MB | 1.2/3.5 MB | 0.9/1.0 MB | 0.4/1.3 MB
Progress (4): 1.6/1.9 MB | 1.2/3.5 MB | 1.0/1.0 MB | 0.4/1.3 MB
Progress (4): 1.7/1.9 MB | 1.2/3.5 MB | 1.0/1.0 MB | 0.4/1.3 MB
Progress (4): 1.7/1.9 MB | 1.3/3.5 MB | 1.0/1.0 MB | 0.4/1.3 MB
Progress (4): 1.7/1.9 MB | 1.3/3.5 MB | 1.0/1.0 MB | 0.4/1.3 MB
Progress (4): 1.7/1.9 MB | 1.3/3.5 MB | 1.0/1.0 MB | 0.4/1.3 MB
Progress (4): 1.7/1.9 MB | 1.3/3.5 MB | 1.0/1.0 MB | 0.4/1.3 MB
Progress (4): 1.7/1.9 MB | 1.3/3.5 MB | 1.0/1.0 MB | 0.4/1.3 MB
Progress (4): 1.7/1.9 MB | 1.3/3.5 MB | 1.0/1.0 MB | 0.4/1.3 MB
Progress (4): 1.7/1.9 MB | 1.3/3.5 MB | 1.0/1.0 MB | 0.4/1.3 MB
Progress (4): 1.7/1.9 MB | 1.3/3.5 MB | 1.0/1.0 MB | 0.4/1.3 MB
Progress (4): 1.7/1.9 MB | 1.3/3.5 MB | 1.0/1.0 MB | 0.4/1.3 MB
Progress (4): 1.7/1.9 MB | 1.3/3.5 MB | 1.0/1.0 MB | 0.4/1.3 MB
Progress (4): 1.7/1.9 MB | 1.3/3.5 MB | 1.0/1.0 MB | 0.4/1.3 MB
Progress (4): 1.7/1.9 MB | 1.3/3.5 MB | 1.0/1.0 MB | 0.4/1.3 MB
Progress (4): 1.7/1.9 MB | 1.3/3.5 MB | 1.0/1.0 MB | 0.4/1.3 MB
Progress (4): 1.7/1.9 MB | 1.3/3.5 MB | 1.0/1.0 MB | 0.4/1.3 MB
Progress (4): 1.7/1.9 MB | 1.3/3.5 MB | 1.0/1.0 MB | 0.4/1.3 MB
Progress (4): 1.7/1.9 MB | 1.3/3.5 MB | 1.0/1.0 MB | 0.4/1.3 MB
Progress (4): 1.7/1.9 MB | 1.3/3.5 MB | 1.0/1.0 MB | 0.4/1.3 MB
Progress (4): 1.7/1.9 MB | 1.3/3.5 MB | 1.0/1.0 MB | 0.5/1.3 MB
Progress (4): 1.7/1.9 MB | 1.3/3.5 MB | 1.0/1.0 MB | 0.5/1.3 MB
Progress (4): 1.8/1.9 MB | 1.3/3.5 MB | 1.0/1.0 MB | 0.5/1.3 MB
Progress (4): 1.8/1.9 MB | 1.3/3.5 MB | 1.0/1.0 MB | 0.5/1.3 MB
Progress (4): 1.8/1.9 MB | 1.3/3.5 MB | 1.0/1.0 MB | 0.5/1.3 MB
Progress (4): 1.8/1.9 MB | 1.3/3.5 MB | 1.0/1.0 MB | 0.5/1.3 MB
Progress (4): 1.8/1.9 MB | 1.3/3.5 MB | 1.0/1.0 MB | 0.5/1.3 MB
Progress (4): 1.8/1.9 MB | 1.3/3.5 MB | 1.0/1.0 MB | 0.5/1.3 MB
Progress (4): 1.8/1.9 MB | 1.3/3.5 MB | 1.0/1.0 MB | 0.5/1.3 MB
Progress (4): 1.8/1.9 MB | 1.4/3.5 MB | 1.0/1.0 MB | 0.5/1.3 MB
Progress (4): 1.8/1.9 MB | 1.4/3.5 MB | 1.0 MB | 0.5/1.3 MB    
Progress (4): 1.8/1.9 MB | 1.4/3.5 MB | 1.0 MB | 0.5/1.3 MB
Progress (4): 1.8/1.9 MB | 1.4/3.5 MB | 1.0 MB | 0.5/1.3 MB
Progress (4): 1.8/1.9 MB | 1.4/3.5 MB | 1.0 MB | 0.5/1.3 MB
                                                           
Downloaded from central: https://repo.maven.apache.org/maven2/org/springframework/spring-webmvc/6.1.5/spring-webmvc-6.1.5.jar (1.0 MB at 2.2 MB/s)
#13 12.54 Progress (3): 1.8/1.9 MB | 1.4/3.5 MB | 0.5/1.3 MB
                                                  
Downloading from central: https://repo.maven.apache.org/maven2/org/springframework/boot/spring-boot-starter-security/3.2.4/spring-boot-starter-security-3.2.4.jar
#13 12.54 Progress (3): 1.8/1.9 MB | 1.4/3.5 MB | 0.5/1.3 MB
Progress (3): 1.8/1.9 MB | 1.4/3.5 MB | 0.5/1.3 MB
Progress (3): 1.8/1.9 MB | 1.4/3.5 MB | 0.5/1.3 MB
Progress (3): 1.8/1.9 MB | 1.4/3.5 MB | 0.5/1.3 MB
Progress (3): 1.8/1.9 MB | 1.4/3.5 MB | 0.6/1.3 MB
Progress (3): 1.8/1.9 MB | 1.4/3.5 MB | 0.6/1.3 MB
Progress (3): 1.8/1.9 MB | 1.4/3.5 MB | 0.6/1.3 MB
Progress (3): 1.8/1.9 MB | 1.4/3.5 MB | 0.6/1.3 MB
Progress (3): 1.8/1.9 MB | 1.4/3.5 MB | 0.6/1.3 MB
Progress (3): 1.8/1.9 MB | 1.4/3.5 MB | 0.6/1.3 MB
Progress (4): 1.8/1.9 MB | 1.4/3.5 MB | 0.6/1.3 MB | 7.7/303 kB
Progress (4): 1.8/1.9 MB | 1.5/3.5 MB | 0.6/1.3 MB | 7.7/303 kB
Progress (4): 1.8/1.9 MB | 1.5/3.5 MB | 0.6/1.3 MB | 15/303 kB 
Progress (4): 1.8/1.9 MB | 1.5/3.5 MB | 0.6/1.3 MB | 32/303 kB
Progress (4): 1.8/1.9 MB | 1.5/3.5 MB | 0.6/1.3 MB | 32/303 kB
Progress (4): 1.8/1.9 MB | 1.5/3.5 MB | 0.6/1.3 MB | 48/303 kB
Progress (4): 1.8/1.9 MB | 1.5/3.5 MB | 0.6/1.3 MB | 48/303 kB
Progress (4): 1.8/1.9 MB | 1.5/3.5 MB | 0.6/1.3 MB | 48/303 kB
Progress (4): 1.8/1.9 MB | 1.5/3.5 MB | 0.6/1.3 MB | 48/303 kB
Progress (4): 1.8/1.9 MB | 1.5/3.5 MB | 0.6/1.3 MB | 65/303 kB
Progress (4): 1.8/1.9 MB | 1.5/3.5 MB | 0.7/1.3 MB | 65/303 kB
Progress (4): 1.8/1.9 MB | 1.5/3.5 MB | 0.7/1.3 MB | 65/303 kB
Progress (4): 1.8/1.9 MB | 1.5/3.5 MB | 0.7/1.3 MB | 65/303 kB
Progress (4): 1.9/1.9 MB | 1.5/3.5 MB | 0.7/1.3 MB | 65/303 kB
Progress (4): 1.9/1.9 MB | 1.5/3.5 MB | 0.7/1.3 MB | 65/303 kB
Progress (4): 1.9/1.9 MB | 1.5/3.5 MB | 0.7/1.3 MB | 65/303 kB
Progress (4): 1.9/1.9 MB | 1.5/3.5 MB | 0.7/1.3 MB | 81/303 kB
Progress (4): 1.9/1.9 MB | 1.5/3.5 MB | 0.7/1.3 MB | 81/303 kB
Progress (4): 1.9/1.9 MB | 1.5/3.5 MB | 0.7/1.3 MB | 81/303 kB
Progress (4): 1.9/1.9 MB | 1.5/3.5 MB | 0.7/1.3 MB | 81/303 kB
Progress (4): 1.9/1.9 MB | 1.5/3.5 MB | 0.7/1.3 MB | 97/303 kB
Progress (4): 1.9/1.9 MB | 1.5/3.5 MB | 0.7/1.3 MB | 97/303 kB
Progress (4): 1.9/1.9 MB | 1.6/3.5 MB | 0.7/1.3 MB | 97/303 kB
Progress (4): 1.9/1.9 MB | 1.6/3.5 MB | 0.7/1.3 MB | 114/303 kB
Progress (4): 1.9/1.9 MB | 1.6/3.5 MB | 0.7/1.3 MB | 114/303 kB
Progress (4): 1.9/1.9 MB | 1.6/3.5 MB | 0.7/1.3 MB | 130/303 kB
Progress (4): 1.9/1.9 MB | 1.6/3.5 MB | 0.7/1.3 MB | 130/303 kB
Progress (4): 1.9/1.9 MB | 1.6/3.5 MB | 0.7/1.3 MB | 130/303 kB
Progress (4): 1.9/1.9 MB | 1.6/3.5 MB | 0.7/1.3 MB | 130/303 kB
Progress (4): 1.9 MB | 1.6/3.5 MB | 0.7/1.3 MB | 130/303 kB    
Progress (4): 1.9 MB | 1.6/3.5 MB | 0.8/1.3 MB | 130/303 kB
Progress (4): 1.9 MB | 1.6/3.5 MB | 0.8/1.3 MB | 130/303 kB
Progress (4): 1.9 MB | 1.6/3.5 MB | 0.8/1.3 MB | 147/303 kB
Progress (4): 1.9 MB | 1.6/3.5 MB | 0.8/1.3 MB | 147/303 kB
                                                           
Downloaded from central: https://repo.maven.apache.org/maven2/org/springframework/spring-web/6.1.5/spring-web-6.1.5.jar (1.9 MB at 3.8 MB/s)
#13 12.56 Downloading from central: https://repo.maven.apache.org/maven2/org/springframework/spring-aop/6.1.5/spring-aop-6.1.5.jar
#13 12.56 Progress (3): 1.6/3.5 MB | 0.8/1.3 MB | 147/303 kB
Progress (3): 1.6/3.5 MB | 0.8/1.3 MB | 147/303 kB
Progress (3): 1.6/3.5 MB | 0.8/1.3 MB | 163/303 kB
Progress (3): 1.6/3.5 MB | 0.8/1.3 MB | 163/303 kB
Progress (3): 1.6/3.5 MB | 0.8/1.3 MB | 163/303 kB
Progress (3): 1.6/3.5 MB | 0.8/1.3 MB | 163/303 kB
Progress (3): 1.6/3.5 MB | 0.8/1.3 MB | 179/303 kB
Progress (3): 1.6/3.5 MB | 0.8/1.3 MB | 196/303 kB
Progress (3): 1.6/3.5 MB | 0.8/1.3 MB | 196/303 kB
Progress (3): 1.6/3.5 MB | 0.8/1.3 MB | 196/303 kB
Progress (3): 1.6/3.5 MB | 0.8/1.3 MB | 212/303 kB
Progress (3): 1.7/3.5 MB | 0.8/1.3 MB | 212/303 kB
Progress (3): 1.7/3.5 MB | 0.8/1.3 MB | 228/303 kB
Progress (3): 1.7/3.5 MB | 0.9/1.3 MB | 228/303 kB
Progress (3): 1.7/3.5 MB | 0.9/1.3 MB | 245/303 kB
Progress (3): 1.7/3.5 MB | 0.9/1.3 MB | 245/303 kB
Progress (3): 1.7/3.5 MB | 0.9/1.3 MB | 245/303 kB
Progress (3): 1.7/3.5 MB | 0.9/1.3 MB | 261/303 kB
Progress (3): 1.7/3.5 MB | 0.9/1.3 MB | 261/303 kB
Progress (3): 1.7/3.5 MB | 0.9/1.3 MB | 261/303 kB
Progress (3): 1.7/3.5 MB | 0.9/1.3 MB | 278/303 kB
Progress (3): 1.7/3.5 MB | 0.9/1.3 MB | 278/303 kB
Progress (4): 1.7/3.5 MB | 0.9/1.3 MB | 278/303 kB | 4.7 kB
Progress (4): 1.7/3.5 MB | 0.9/1.3 MB | 294/303 kB | 4.7 kB
                                                           
Downloaded from central: https://repo.maven.apache.org/maven2/org/springframework/boot/spring-boot-starter-security/3.2.4/spring-boot-starter-security-3.2.4.jar (4.7 kB at 9.3 kB/s)
#13 12.57 Downloading from central: https://repo.maven.apache.org/maven2/org/springframework/security/spring-security-config/6.2.3/spring-security-config-6.2.3.jar
#13 12.57 Progress (3): 1.7/3.5 MB | 0.9/1.3 MB | 294/303 kB
Progress (3): 1.7/3.5 MB | 0.9/1.3 MB | 303 kB    
Progress (3): 1.7/3.5 MB | 0.9/1.3 MB | 303 kB
Progress (3): 1.7/3.5 MB | 0.9/1.3 MB | 303 kB
Progress (3): 1.7/3.5 MB | 0.9/1.3 MB | 303 kB
                                              
Downloaded from central: https://repo.maven.apache.org/maven2/org/springframework/spring-expression/6.1.5/spring-expression-6.1.5.jar (303 kB at 589 kB/s)
#13 12.58 Downloading from central: https://repo.maven.apache.org/maven2/org/springframework/security/spring-security-core/6.2.3/spring-security-core-6.2.3.jar
#13 12.58 Progress (2): 1.7/3.5 MB | 0.9/1.3 MB
Progress (2): 1.8/3.5 MB | 0.9/1.3 MB
Progress (2): 1.8/3.5 MB | 0.9/1.3 MB
Progress (2): 1.8/3.5 MB | 0.9/1.3 MB
Progress (2): 1.8/3.5 MB | 0.9/1.3 MB
Progress (2): 1.8/3.5 MB | 0.9/1.3 MB
Progress (2): 1.8/3.5 MB | 1.0/1.3 MB
Progress (2): 1.8/3.5 MB | 1.0/1.3 MB
Progress (2): 1.8/3.5 MB | 1.0/1.3 MB
Progress (2): 1.8/3.5 MB | 1.0/1.3 MB
Progress (2): 1.8/3.5 MB | 1.0/1.3 MB
Progress (2): 1.8/3.5 MB | 1.0/1.3 MB
Progress (2): 1.8/3.5 MB | 1.0/1.3 MB
Progress (2): 1.9/3.5 MB | 1.0/1.3 MB
Progress (2): 1.9/3.5 MB | 1.0/1.3 MB
Progress (2): 1.9/3.5 MB | 1.0/1.3 MB
Progress (2): 1.9/3.5 MB | 1.0/1.3 MB
Progress (2): 1.9/3.5 MB | 1.0/1.3 MB
Progress (2): 1.9/3.5 MB | 1.0/1.3 MB
Progress (2): 1.9/3.5 MB | 1.0/1.3 MB
Progress (2): 1.9/3.5 MB | 1.1/1.3 MB
Progress (3): 1.9/3.5 MB | 1.1/1.3 MB | 7.3/416 kB
Progress (3): 1.9/3.5 MB | 1.1/1.3 MB | 7.3/416 kB
Progress (3): 1.9/3.5 MB | 1.1/1.3 MB | 24/416 kB 
Progress (3): 1.9/3.5 MB | 1.1/1.3 MB | 24/416 kB
Progress (3): 2.0/3.5 MB | 1.1/1.3 MB | 24/416 kB
Progress (3): 2.0/3.5 MB | 1.1/1.3 MB | 24/416 kB
Progress (3): 2.0/3.5 MB | 1.1/1.3 MB | 32/416 kB
Progress (3): 2.0/3.5 MB | 1.1/1.3 MB | 32/416 kB
Progress (3): 2.0/3.5 MB | 1.1/1.3 MB | 32/416 kB
Progress (3): 2.0/3.5 MB | 1.1/1.3 MB | 32/416 kB
Progress (3): 2.0/3.5 MB | 1.1/1.3 MB | 32/416 kB
Progress (3): 2.0/3.5 MB | 1.1/1.3 MB | 32/416 kB
Progress (3): 2.0/3.5 MB | 1.1/1.3 MB | 32/416 kB
Progress (3): 2.0/3.5 MB | 1.1/1.3 MB | 32/416 kB
Progress (3): 2.0/3.5 MB | 1.1/1.3 MB | 48/416 kB
Progress (3): 2.0/3.5 MB | 1.1/1.3 MB | 48/416 kB
Progress (3): 2.1/3.5 MB | 1.1/1.3 MB | 48/416 kB
Progress (3): 2.1/3.5 MB | 1.1/1.3 MB | 48/416 kB
Progress (3): 2.1/3.5 MB | 1.1/1.3 MB | 48/416 kB
Progress (3): 2.1/3.5 MB | 1.1/1.3 MB | 65/416 kB
Progress (3): 2.1/3.5 MB | 1.1/1.3 MB | 65/416 kB
Progress (3): 2.1/3.5 MB | 1.1/1.3 MB | 81/416 kB
Progress (4): 2.1/3.5 MB | 1.1/1.3 MB | 81/416 kB | 0/1.8 MB
Progress (4): 2.1/3.5 MB | 1.1/1.3 MB | 81/416 kB | 0/1.8 MB
Progress (4): 2.1/3.5 MB | 1.1/1.3 MB | 81/416 kB | 0/1.8 MB
Progress (4): 2.1/3.5 MB | 1.2/1.3 MB | 81/416 kB | 0/1.8 MB
Progress (4): 2.1/3.5 MB | 1.2/1.3 MB | 81/416 kB | 0/1.8 MB
Progress (4): 2.1/3.5 MB | 1.2/1.3 MB | 97/416 kB | 0/1.8 MB
Progress (4): 2.1/3.5 MB | 1.2/1.3 MB | 97/416 kB | 0/1.8 MB
Progress (4): 2.1/3.5 MB | 1.2/1.3 MB | 97/416 kB | 0/1.8 MB
Progress (4): 2.1/3.5 MB | 1.2/1.3 MB | 97/416 kB | 0/1.8 MB
Progress (4): 2.1/3.5 MB | 1.2/1.3 MB | 114/416 kB | 0/1.8 MB
Progress (4): 2.2/3.5 MB | 1.2/1.3 MB | 114/416 kB | 0/1.8 MB
Progress (4): 2.2/3.5 MB | 1.2/1.3 MB | 114/416 kB | 0/1.8 MB
Progress (4): 2.2/3.5 MB | 1.2/1.3 MB | 114/416 kB | 0.1/1.8 MB
Progress (4): 2.2/3.5 MB | 1.2/1.3 MB | 114/416 kB | 0.1/1.8 MB
Progress (4): 2.2/3.5 MB | 1.2/1.3 MB | 130/416 kB | 0.1/1.8 MB
Progress (4): 2.2/3.5 MB | 1.2/1.3 MB | 130/416 kB | 0.1/1.8 MB
Progress (4): 2.2/3.5 MB | 1.2/1.3 MB | 130/416 kB | 0.1/1.8 MB
Progress (4): 2.2/3.5 MB | 1.2/1.3 MB | 147/416 kB | 0.1/1.8 MB
Progress (4): 2.2/3.5 MB | 1.2/1.3 MB | 147/416 kB | 0.1/1.8 MB
Progress (4): 2.2/3.5 MB | 1.2/1.3 MB | 147/416 kB | 0.1/1.8 MB
Progress (4): 2.2/3.5 MB | 1.2/1.3 MB | 163/416 kB | 0.1/1.8 MB
Progress (4): 2.2/3.5 MB | 1.2/1.3 MB | 163/416 kB | 0.1/1.8 MB
Progress (5): 2.2/3.5 MB | 1.2/1.3 MB | 163/416 kB | 0.1/1.8 MB | 7.7/513 kB
Progress (5): 2.2/3.5 MB | 1.2/1.3 MB | 163/416 kB | 0.1/1.8 MB | 7.7/513 kB
Progress (5): 2.2/3.5 MB | 1.2/1.3 MB | 163/416 kB | 0.1/1.8 MB | 15/513 kB 
Progress (5): 2.2/3.5 MB | 1.2/1.3 MB | 179/416 kB | 0.1/1.8 MB | 15/513 kB
Progress (5): 2.2/3.5 MB | 1.2/1.3 MB | 179/416 kB | 0.1/1.8 MB | 32/513 kB
Progress (5): 2.2/3.5 MB | 1.2/1.3 MB | 179/416 kB | 0.1/1.8 MB | 32/513 kB
Progress (5): 2.2/3.5 MB | 1.2/1.3 MB | 196/416 kB | 0.1/1.8 MB | 32/513 kB
Progress (5): 2.2/3.5 MB | 1.2/1.3 MB | 196/416 kB | 0.1/1.8 MB | 32/513 kB
Progress (5): 2.2/3.5 MB | 1.2/1.3 MB | 196/416 kB | 0.1/1.8 MB | 32/513 kB
Progress (5): 2.2/3.5 MB | 1.2/1.3 MB | 212/416 kB | 0.1/1.8 MB | 32/513 kB
Progress (5): 2.2/3.5 MB | 1.2/1.3 MB | 212/416 kB | 0.1/1.8 MB | 32/513 kB
Progress (5): 2.2/3.5 MB | 1.2/1.3 MB | 212/416 kB | 0.1/1.8 MB | 32/513 kB
Progress (5): 2.2/3.5 MB | 1.2/1.3 MB | 212/416 kB | 0.1/1.8 MB | 32/513 kB
Progress (5): 2.2/3.5 MB | 1.2/1.3 MB | 228/416 kB | 0.1/1.8 MB | 32/513 kB
Progress (5): 2.2/3.5 MB | 1.2/1.3 MB | 228/416 kB | 0.1/1.8 MB | 48/513 kB
Progress (5): 2.3/3.5 MB | 1.2/1.3 MB | 228/416 kB | 0.1/1.8 MB | 48/513 kB
Progress (5): 2.3/3.5 MB | 1.2/1.3 MB | 228/416 kB | 0.1/1.8 MB | 48/513 kB
Progress (5): 2.3/3.5 MB | 1.2/1.3 MB | 228/416 kB | 0.1/1.8 MB | 48/513 kB
Progress (5): 2.3/3.5 MB | 1.3/1.3 MB | 228/416 kB | 0.1/1.8 MB | 48/513 kB
Progress (5): 2.3/3.5 MB | 1.3/1.3 MB | 228/416 kB | 0.2/1.8 MB | 48/513 kB
Progress (5): 2.3/3.5 MB | 1.3/1.3 MB | 228/416 kB | 0.2/1.8 MB | 48/513 kB
Progress (5): 2.3/3.5 MB | 1.3/1.3 MB | 245/416 kB | 0.2/1.8 MB | 48/513 kB
Progress (5): 2.3/3.5 MB | 1.3/1.3 MB | 246/416 kB | 0.2/1.8 MB | 48/513 kB
Progress (5): 2.3/3.5 MB | 1.3/1.3 MB | 246/416 kB | 0.2/1.8 MB | 48/513 kB
Progress (5): 2.3/3.5 MB | 1.3/1.3 MB | 246/416 kB | 0.2/1.8 MB | 48/513 kB
Progress (5): 2.3/3.5 MB | 1.3/1.3 MB | 262/416 kB | 0.2/1.8 MB | 48/513 kB
Progress (5): 2.3/3.5 MB | 1.3/1.3 MB | 262/416 kB | 0.2/1.8 MB | 65/513 kB
Progress (5): 2.3/3.5 MB | 1.3/1.3 MB | 262/416 kB | 0.2/1.8 MB | 65/513 kB
Progress (5): 2.3/3.5 MB | 1.3/1.3 MB | 262/416 kB | 0.2/1.8 MB | 65/513 kB
Progress (5): 2.3/3.5 MB | 1.3/1.3 MB | 262/416 kB | 0.2/1.8 MB | 65/513 kB
Progress (5): 2.3/3.5 MB | 1.3/1.3 MB | 262/416 kB | 0.2/1.8 MB | 81/513 kB
Progress (5): 2.3/3.5 MB | 1.3/1.3 MB | 279/416 kB | 0.2/1.8 MB | 81/513 kB
Progress (5): 2.3/3.5 MB | 1.3/1.3 MB | 279/416 kB | 0.2/1.8 MB | 81/513 kB
Progress (5): 2.3/3.5 MB | 1.3/1.3 MB | 279/416 kB | 0.2/1.8 MB | 81/513 kB
Progress (5): 2.3/3.5 MB | 1.3/1.3 MB | 279/416 kB | 0.2/1.8 MB | 81/513 kB
Progress (5): 2.3/3.5 MB | 1.3/1.3 MB | 279/416 kB | 0.2/1.8 MB | 81/513 kB
Progress (5): 2.3/3.5 MB | 1.3/1.3 MB | 295/416 kB | 0.2/1.8 MB | 81/513 kB
Progress (5): 2.4/3.5 MB | 1.3/1.3 MB | 295/416 kB | 0.2/1.8 MB | 81/513 kB
Progress (5): 2.4/3.5 MB | 1.3/1.3 MB | 311/416 kB | 0.2/1.8 MB | 81/513 kB
Progress (5): 2.4/3.5 MB | 1.3/1.3 MB | 311/416 kB | 0.2/1.8 MB | 97/513 kB
Progress (5): 2.4/3.5 MB | 1.3 MB | 311/416 kB | 0.2/1.8 MB | 97/513 kB    
                                                                       
Downloaded from central: https://repo.maven.apache.org/maven2/org/springframework/spring-context/6.1.5/spring-context-6.1.5.jar (1.3 MB at 2.2 MB/s)
#13 12.65 Downloading from central: https://repo.maven.apache.org/maven2/org/springframework/security/spring-security-crypto/6.2.3/spring-security-crypto-6.2.3.jar
#13 12.65 Progress (4): 2.4/3.5 MB | 311/416 kB | 0.2/1.8 MB | 97/513 kB
Progress (4): 2.4/3.5 MB | 311/416 kB | 0.2/1.8 MB | 97/513 kB
Progress (4): 2.4/3.5 MB | 311/416 kB | 0.2/1.8 MB | 97/513 kB
Progress (4): 2.4/3.5 MB | 311/416 kB | 0.2/1.8 MB | 114/513 kB
Progress (4): 2.4/3.5 MB | 328/416 kB | 0.2/1.8 MB | 114/513 kB
Progress (4): 2.4/3.5 MB | 328/416 kB | 0.2/1.8 MB | 114/513 kB
Progress (4): 2.4/3.5 MB | 328/416 kB | 0.2/1.8 MB | 114/513 kB
Progress (4): 2.4/3.5 MB | 344/416 kB | 0.2/1.8 MB | 114/513 kB
Progress (4): 2.4/3.5 MB | 360/416 kB | 0.2/1.8 MB | 114/513 kB
Progress (4): 2.4/3.5 MB | 360/416 kB | 0.2/1.8 MB | 130/513 kB
Progress (4): 2.4/3.5 MB | 360/416 kB | 0.2/1.8 MB | 130/513 kB
Progress (4): 2.5/3.5 MB | 360/416 kB | 0.2/1.8 MB | 130/513 kB
Progress (4): 2.5/3.5 MB | 360/416 kB | 0.2/1.8 MB | 130/513 kB
Progress (4): 2.5/3.5 MB | 377/416 kB | 0.2/1.8 MB | 130/513 kB
Progress (4): 2.5/3.5 MB | 377/416 kB | 0.3/1.8 MB | 130/513 kB
Progress (4): 2.5/3.5 MB | 393/416 kB | 0.3/1.8 MB | 130/513 kB
Progress (4): 2.5/3.5 MB | 393/416 kB | 0.3/1.8 MB | 147/513 kB
Progress (4): 2.5/3.5 MB | 410/416 kB | 0.3/1.8 MB | 147/513 kB
Progress (4): 2.5/3.5 MB | 410/416 kB | 0.3/1.8 MB | 147/513 kB
Progress (4): 2.5/3.5 MB | 416 kB | 0.3/1.8 MB | 147/513 kB    
Progress (4): 2.5/3.5 MB | 416 kB | 0.3/1.8 MB | 163/513 kB
Progress (4): 2.5/3.5 MB | 416 kB | 0.3/1.8 MB | 163/513 kB
Progress (4): 2.5/3.5 MB | 416 kB | 0.3/1.8 MB | 163/513 kB
                                                           
Downloaded from central: https://repo.maven.apache.org/maven2/org/springframework/spring-aop/6.1.5/spring-aop-6.1.5.jar (416 kB at 701 kB/s)
#13 12.66 Progress (3): 2.5/3.5 MB | 0.3/1.8 MB | 179/513 kB
                                                  
Downloading from central: https://repo.maven.apache.org/maven2/org/springframework/security/spring-security-web/6.2.3/spring-security-web-6.2.3.jar
#13 12.66 Progress (3): 2.5/3.5 MB | 0.3/1.8 MB | 179/513 kB
Progress (3): 2.5/3.5 MB | 0.3/1.8 MB | 179/513 kB
Progress (3): 2.5/3.5 MB | 0.3/1.8 MB | 196/513 kB
Progress (3): 2.5/3.5 MB | 0.3/1.8 MB | 196/513 kB
Progress (3): 2.5/3.5 MB | 0.3/1.8 MB | 212/513 kB
Progress (3): 2.5/3.5 MB | 0.3/1.8 MB | 212/513 kB
Progress (3): 2.5/3.5 MB | 0.3/1.8 MB | 212/513 kB
Progress (3): 2.5/3.5 MB | 0.3/1.8 MB | 212/513 kB
Progress (3): 2.5/3.5 MB | 0.3/1.8 MB | 228/513 kB
Progress (3): 2.5/3.5 MB | 0.3/1.8 MB | 228/513 kB
Progress (3): 2.6/3.5 MB | 0.3/1.8 MB | 228/513 kB
Progress (3): 2.6/3.5 MB | 0.4/1.8 MB | 228/513 kB
Progress (3): 2.6/3.5 MB | 0.4/1.8 MB | 245/513 kB
Progress (3): 2.6/3.5 MB | 0.4/1.8 MB | 245/513 kB
Progress (3): 2.6/3.5 MB | 0.4/1.8 MB | 261/513 kB
Progress (3): 2.6/3.5 MB | 0.4/1.8 MB | 261/513 kB
Progress (3): 2.6/3.5 MB | 0.4/1.8 MB | 278/513 kB
Progress (3): 2.6/3.5 MB | 0.4/1.8 MB | 278/513 kB
Progress (3): 2.6/3.5 MB | 0.4/1.8 MB | 278/513 kB
Progress (3): 2.6/3.5 MB | 0.4/1.8 MB | 294/513 kB
Progress (3): 2.6/3.5 MB | 0.4/1.8 MB | 294/513 kB
Progress (3): 2.6/3.5 MB | 0.4/1.8 MB | 294/513 kB
Progress (3): 2.6/3.5 MB | 0.4/1.8 MB | 310/513 kB
Progress (3): 2.6/3.5 MB | 0.4/1.8 MB | 310/513 kB
Progress (3): 2.6/3.5 MB | 0.4/1.8 MB | 310/513 kB
Progress (3): 2.6/3.5 MB | 0.4/1.8 MB | 310/513 kB
Progress (3): 2.6/3.5 MB | 0.4/1.8 MB | 327/513 kB
Progress (3): 2.6/3.5 MB | 0.4/1.8 MB | 327/513 kB
Progress (3): 2.6/3.5 MB | 0.4/1.8 MB | 327/513 kB
Progress (3): 2.6/3.5 MB | 0.4/1.8 MB | 343/513 kB
Progress (3): 2.6/3.5 MB | 0.5/1.8 MB | 343/513 kB
Progress (3): 2.7/3.5 MB | 0.5/1.8 MB | 343/513 kB
Progress (3): 2.7/3.5 MB | 0.5/1.8 MB | 343/513 kB
Progress (3): 2.7/3.5 MB | 0.5/1.8 MB | 360/513 kB
Progress (3): 2.7/3.5 MB | 0.5/1.8 MB | 360/513 kB
Progress (3): 2.7/3.5 MB | 0.5/1.8 MB | 360/513 kB
Progress (3): 2.7/3.5 MB | 0.5/1.8 MB | 360/513 kB
Progress (3): 2.7/3.5 MB | 0.5/1.8 MB | 360/513 kB
Progress (3): 2.7/3.5 MB | 0.5/1.8 MB | 376/513 kB
Progress (3): 2.7/3.5 MB | 0.5/1.8 MB | 376/513 kB
Progress (3): 2.7/3.5 MB | 0.5/1.8 MB | 376/513 kB
Progress (3): 2.7/3.5 MB | 0.5/1.8 MB | 392/513 kB
Progress (3): 2.7/3.5 MB | 0.5/1.8 MB | 392/513 kB
Progress (3): 2.7/3.5 MB | 0.5/1.8 MB | 392/513 kB
Progress (3): 2.7/3.5 MB | 0.5/1.8 MB | 392/513 kB
Progress (3): 2.7/3.5 MB | 0.5/1.8 MB | 392/513 kB
Progress (3): 2.8/3.5 MB | 0.5/1.8 MB | 392/513 kB
Progress (3): 2.8/3.5 MB | 0.5/1.8 MB | 409/513 kB
Progress (3): 2.8/3.5 MB | 0.5/1.8 MB | 409/513 kB
Progress (3): 2.8/3.5 MB | 0.6/1.8 MB | 409/513 kB
Progress (3): 2.8/3.5 MB | 0.6/1.8 MB | 409/513 kB
Progress (3): 2.8/3.5 MB | 0.6/1.8 MB | 409/513 kB
Progress (3): 2.8/3.5 MB | 0.6/1.8 MB | 425/513 kB
Progress (4): 2.8/3.5 MB | 0.6/1.8 MB | 425/513 kB | 7.7/84 kB
Progress (4): 2.8/3.5 MB | 0.6/1.8 MB | 425/513 kB | 16/84 kB 
Progress (4): 2.8/3.5 MB | 0.6/1.8 MB | 425/513 kB | 16/84 kB
Progress (4): 2.8/3.5 MB | 0.6/1.8 MB | 441/513 kB | 16/84 kB
Progress (4): 2.8/3.5 MB | 0.6/1.8 MB | 441/513 kB | 32/84 kB
Progress (4): 2.8/3.5 MB | 0.6/1.8 MB | 441/513 kB | 32/84 kB
Progress (4): 2.8/3.5 MB | 0.6/1.8 MB | 441/513 kB | 49/84 kB
Progress (4): 2.8/3.5 MB | 0.6/1.8 MB | 458/513 kB | 49/84 kB
Progress (4): 2.8/3.5 MB | 0.6/1.8 MB | 458/513 kB | 65/84 kB
Progress (4): 2.8/3.5 MB | 0.6/1.8 MB | 458/513 kB | 65/84 kB
Progress (4): 2.8/3.5 MB | 0.6/1.8 MB | 458/513 kB | 65/84 kB
Progress (4): 2.8/3.5 MB | 0.6/1.8 MB | 458/513 kB | 65/84 kB
Progress (4): 2.8/3.5 MB | 0.6/1.8 MB | 474/513 kB | 65/84 kB
Progress (4): 2.8/3.5 MB | 0.6/1.8 MB | 474/513 kB | 65/84 kB
Progress (4): 2.8/3.5 MB | 0.6/1.8 MB | 474/513 kB | 65/84 kB
Progress (4): 2.8/3.5 MB | 0.6/1.8 MB | 491/513 kB | 65/84 kB
Progress (4): 2.8/3.5 MB | 0.6/1.8 MB | 491/513 kB | 81/84 kB
Progress (4): 2.8/3.5 MB | 0.6/1.8 MB | 491/513 kB | 84 kB   
Progress (4): 2.9/3.5 MB | 0.6/1.8 MB | 491/513 kB | 84 kB
Progress (4): 2.9/3.5 MB | 0.6/1.8 MB | 491/513 kB | 84 kB
Progress (4): 2.9/3.5 MB | 0.6/1.8 MB | 491/513 kB | 84 kB
                                                          
Downloaded from central: https://repo.maven.apache.org/maven2/org/springframework/security/spring-security-crypto/6.2.3/spring-security-crypto-6.2.3.jar (84 kB at 135 kB/s)
#13 12.69 Downloading from central: https://repo.maven.apache.org/maven2/org/springframework/boot/spring-boot-starter-data-jpa/3.2.4/spring-boot-starter-data-jpa-3.2.4.jar
#13 12.69 Progress (3): 2.9/3.5 MB | 0.7/1.8 MB | 491/513 kB
Progress (3): 2.9/3.5 MB | 0.7/1.8 MB | 491/513 kB
Progress (3): 2.9/3.5 MB | 0.7/1.8 MB | 491/513 kB
Progress (3): 2.9/3.5 MB | 0.7/1.8 MB | 491/513 kB
Progress (3): 2.9/3.5 MB | 0.7/1.8 MB | 507/513 kB
Progress (3): 2.9/3.5 MB | 0.7/1.8 MB | 507/513 kB
Progress (3): 2.9/3.5 MB | 0.7/1.8 MB | 507/513 kB
Progress (3): 2.9/3.5 MB | 0.7/1.8 MB | 507/513 kB
Progress (4): 2.9/3.5 MB | 0.7/1.8 MB | 507/513 kB | 7.3/781 kB
Progress (4): 2.9/3.5 MB | 0.7/1.8 MB | 513 kB | 7.3/781 kB    
Progress (4): 2.9/3.5 MB | 0.7/1.8 MB | 513 kB | 7.3/781 kB
Progress (4): 2.9/3.5 MB | 0.7/1.8 MB | 513 kB | 24/781 kB 
Progress (4): 3.0/3.5 MB | 0.7/1.8 MB | 513 kB | 24/781 kB
Progress (4): 3.0/3.5 MB | 0.7/1.8 MB | 513 kB | 24/781 kB
Progress (4): 3.0/3.5 MB | 0.7/1.8 MB | 513 kB | 24/781 kB
                                                          
Downloaded from central: https://repo.maven.apache.org/maven2/org/springframework/security/spring-security-core/6.2.3/spring-security-core-6.2.3.jar (513 kB at 813 kB/s)
#13 12.70 Downloading from central: https://repo.maven.apache.org/maven2/org/springframework/boot/spring-boot-starter-aop/3.2.4/spring-boot-starter-aop-3.2.4.jar
#13 12.70 Progress (3): 3.0/3.5 MB | 0.7/1.8 MB | 24/781 kB
Progress (3): 3.0/3.5 MB | 0.7/1.8 MB | 24/781 kB
Progress (3): 3.0/3.5 MB | 0.7/1.8 MB | 40/781 kB
Progress (3): 3.0/3.5 MB | 0.7/1.8 MB | 56/781 kB
Progress (3): 3.0/3.5 MB | 0.7/1.8 MB | 65/781 kB
Progress (3): 3.0/3.5 MB | 0.7/1.8 MB | 65/781 kB
Progress (3): 3.0/3.5 MB | 0.7/1.8 MB | 65/781 kB
Progress (3): 3.0/3.5 MB | 0.7/1.8 MB | 65/781 kB
Progress (3): 3.0/3.5 MB | 0.7/1.8 MB | 81/781 kB
Progress (3): 3.0/3.5 MB | 0.7/1.8 MB | 81/781 kB
Progress (3): 3.1/3.5 MB | 0.7/1.8 MB | 81/781 kB
Progress (3): 3.1/3.5 MB | 0.7/1.8 MB | 81/781 kB
Progress (3): 3.1/3.5 MB | 0.7/1.8 MB | 97/781 kB
Progress (3): 3.1/3.5 MB | 0.7/1.8 MB | 97/781 kB
Progress (3): 3.1/3.5 MB | 0.7/1.8 MB | 97/781 kB
Progress (3): 3.1/3.5 MB | 0.8/1.8 MB | 97/781 kB
Progress (3): 3.1/3.5 MB | 0.8/1.8 MB | 114/781 kB
Progress (3): 3.1/3.5 MB | 0.8/1.8 MB | 114/781 kB
Progress (3): 3.1/3.5 MB | 0.8/1.8 MB | 114/781 kB
Progress (3): 3.1/3.5 MB | 0.8/1.8 MB | 114/781 kB
Progress (3): 3.1/3.5 MB | 0.8/1.8 MB | 130/781 kB
Progress (3): 3.1/3.5 MB | 0.8/1.8 MB | 130/781 kB
Progress (3): 3.1/3.5 MB | 0.8/1.8 MB | 130/781 kB
Progress (3): 3.2/3.5 MB | 0.8/1.8 MB | 130/781 kB
Progress (3): 3.2/3.5 MB | 0.8/1.8 MB | 147/781 kB
Progress (3): 3.2/3.5 MB | 0.8/1.8 MB | 147/781 kB
Progress (3): 3.2/3.5 MB | 0.8/1.8 MB | 147/781 kB
Progress (3): 3.2/3.5 MB | 0.8/1.8 MB | 163/781 kB
Progress (3): 3.2/3.5 MB | 0.8/1.8 MB | 163/781 kB
Progress (3): 3.2/3.5 MB | 0.8/1.8 MB | 179/781 kB
Progress (3): 3.2/3.5 MB | 0.9/1.8 MB | 179/781 kB
Progress (3): 3.2/3.5 MB | 0.9/1.8 MB | 179/781 kB
Progress (3): 3.2/3.5 MB | 0.9/1.8 MB | 179/781 kB
Progress (3): 3.2/3.5 MB | 0.9/1.8 MB | 196/781 kB
Progress (3): 3.2/3.5 MB | 0.9/1.8 MB | 212/781 kB
Progress (3): 3.2/3.5 MB | 0.9/1.8 MB | 228/781 kB
Progress (3): 3.2/3.5 MB | 0.9/1.8 MB | 228/781 kB
Progress (3): 3.2/3.5 MB | 0.9/1.8 MB | 228/781 kB
Progress (3): 3.2/3.5 MB | 0.9/1.8 MB | 228/781 kB
Progress (3): 3.2/3.5 MB | 0.9/1.8 MB | 245/781 kB
Progress (3): 3.2/3.5 MB | 0.9/1.8 MB | 245/781 kB
Progress (3): 3.2/3.5 MB | 0.9/1.8 MB | 245/781 kB
Progress (3): 3.2/3.5 MB | 0.9/1.8 MB | 245/781 kB
Progress (3): 3.2/3.5 MB | 0.9/1.8 MB | 245/781 kB
Progress (3): 3.2/3.5 MB | 0.9/1.8 MB | 261/781 kB
Progress (3): 3.2/3.5 MB | 1.0/1.8 MB | 261/781 kB
Progress (3): 3.2/3.5 MB | 1.0/1.8 MB | 278/781 kB
Progress (3): 3.2/3.5 MB | 1.0/1.8 MB | 278/781 kB
Progress (3): 3.2/3.5 MB | 1.0/1.8 MB | 278/781 kB
Progress (3): 3.2/3.5 MB | 1.0/1.8 MB | 278/781 kB
Progress (3): 3.2/3.5 MB | 1.0/1.8 MB | 294/781 kB
Progress (3): 3.3/3.5 MB | 1.0/1.8 MB | 294/781 kB
Progress (3): 3.3/3.5 MB | 1.0/1.8 MB | 294/781 kB
Progress (3): 3.3/3.5 MB | 1.0/1.8 MB | 310/781 kB
Progress (3): 3.3/3.5 MB | 1.0/1.8 MB | 310/781 kB
Progress (3): 3.3/3.5 MB | 1.0/1.8 MB | 311/781 kB
Progress (3): 3.3/3.5 MB | 1.0/1.8 MB | 311/781 kB
Progress (3): 3.3/3.5 MB | 1.0/1.8 MB | 311/781 kB
Progress (3): 3.3/3.5 MB | 1.0/1.8 MB | 328/781 kB
Progress (3): 3.3/3.5 MB | 1.0/1.8 MB | 328/781 kB
Progress (3): 3.3/3.5 MB | 1.0/1.8 MB | 344/781 kB
Progress (3): 3.3/3.5 MB | 1.0/1.8 MB | 344/781 kB
Progress (3): 3.3/3.5 MB | 1.0/1.8 MB | 360/781 kB
Progress (3): 3.3/3.5 MB | 1.0/1.8 MB | 377/781 kB
Progress (3): 3.3/3.5 MB | 1.0/1.8 MB | 377/781 kB
Progress (3): 3.3/3.5 MB | 1.0/1.8 MB | 393/781 kB
Progress (3): 3.3/3.5 MB | 1.1/1.8 MB | 393/781 kB
Progress (3): 3.3/3.5 MB | 1.1/1.8 MB | 393/781 kB
Progress (3): 3.3/3.5 MB | 1.1/1.8 MB | 410/781 kB
Progress (3): 3.3/3.5 MB | 1.1/1.8 MB | 426/781 kB
Progress (3): 3.3/3.5 MB | 1.1/1.8 MB | 442/781 kB
Progress (3): 3.3/3.5 MB | 1.1/1.8 MB | 442/781 kB
Progress (3): 3.3/3.5 MB | 1.1/1.8 MB | 442/781 kB
Progress (3): 3.3/3.5 MB | 1.1/1.8 MB | 442/781 kB
Progress (3): 3.3/3.5 MB | 1.1/1.8 MB | 442/781 kB
Progress (3): 3.3/3.5 MB | 1.1/1.8 MB | 442/781 kB
Progress (4): 3.3/3.5 MB | 1.1/1.8 MB | 442/781 kB | 4.8 kB
Progress (4): 3.3/3.5 MB | 1.1/1.8 MB | 459/781 kB | 4.8 kB
Progress (4): 3.3/3.5 MB | 1.1/1.8 MB | 459/781 kB | 4.8 kB
Progress (4): 3.3/3.5 MB | 1.1/1.8 MB | 475/781 kB | 4.8 kB
Progress (4): 3.4/3.5 MB | 1.1/1.8 MB | 475/781 kB | 4.8 kB
                                                           
Downloaded from central: https://repo.maven.apache.org/maven2/org/springframework/boot/spring-boot-starter-data-jpa/3.2.4/spring-boot-starter-data-jpa-3.2.4.jar (4.8 kB at 7.2 kB/s)
#13 12.73 Downloading from central: https://repo.maven.apache.org/maven2/org/aspectj/aspectjweaver/1.9.21/aspectjweaver-1.9.21.jar
#13 12.73 Progress (3): 3.4/3.5 MB | 1.2/1.8 MB | 475/781 kB
Progress (3): 3.4/3.5 MB | 1.2/1.8 MB | 475/781 kB
Progress (3): 3.4/3.5 MB | 1.2/1.8 MB | 492/781 kB
Progress (3): 3.4/3.5 MB | 1.2/1.8 MB | 492/781 kB
Progress (3): 3.4/3.5 MB | 1.2/1.8 MB | 492/781 kB
Progress (3): 3.4/3.5 MB | 1.2/1.8 MB | 508/781 kB
Progress (3): 3.4/3.5 MB | 1.2/1.8 MB | 508/781 kB
Progress (3): 3.4/3.5 MB | 1.2/1.8 MB | 524/781 kB
Progress (3): 3.4/3.5 MB | 1.2/1.8 MB | 524/781 kB
Progress (4): 3.4/3.5 MB | 1.2/1.8 MB | 524/781 kB | 4.8 kB
Progress (4): 3.4/3.5 MB | 1.2/1.8 MB | 524/781 kB | 4.8 kB
                                                           
Downloaded from central: https://repo.maven.apache.org/maven2/org/springframework/boot/spring-boot-starter-aop/3.2.4/spring-boot-starter-aop-3.2.4.jar (4.8 kB at 7.1 kB/s)
#13 12.73 Downloading from central: https://repo.maven.apache.org/maven2/org/springframework/boot/spring-boot-starter-jdbc/3.2.4/spring-boot-starter-jdbc-3.2.4.jar
#13 12.73 Progress (3): 3.4/3.5 MB | 1.2/1.8 MB | 524/781 kB
Progress (3): 3.4/3.5 MB | 1.2/1.8 MB | 524/781 kB
Progress (3): 3.5/3.5 MB | 1.2/1.8 MB | 524/781 kB
Progress (3): 3.5/3.5 MB | 1.2/1.8 MB | 524/781 kB
Progress (3): 3.5/3.5 MB | 1.2/1.8 MB | 524/781 kB
Progress (3): 3.5/3.5 MB | 1.2/1.8 MB | 541/781 kB
Progress (3): 3.5/3.5 MB | 1.2/1.8 MB | 541/781 kB
Progress (3): 3.5/3.5 MB | 1.2/1.8 MB | 541/781 kB
Progress (3): 3.5/3.5 MB | 1.2/1.8 MB | 541/781 kB
Progress (3): 3.5/3.5 MB | 1.3/1.8 MB | 541/781 kB
Progress (3): 3.5/3.5 MB | 1.3/1.8 MB | 541/781 kB
Progress (3): 3.5 MB | 1.3/1.8 MB | 541/781 kB    
Progress (3): 3.5 MB | 1.3/1.8 MB | 557/781 kB
Progress (3): 3.5 MB | 1.3/1.8 MB | 557/781 kB
                                              
Downloaded from central: https://repo.maven.apache.org/maven2/org/apache/tomcat/embed/tomcat-embed-core/10.1.19/tomcat-embed-core-10.1.19.jar (3.5 MB at 5.2 MB/s)
#13 12.74 Progress (2): 1.3/1.8 MB | 557/781 kB
                                     
Downloading from central: https://repo.maven.apache.org/maven2/com/zaxxer/HikariCP/5.0.1/HikariCP-5.0.1.jar
#13 12.74 Progress (2): 1.3/1.8 MB | 573/781 kB
Progress (2): 1.3/1.8 MB | 573/781 kB
Progress (2): 1.3/1.8 MB | 573/781 kB
Progress (2): 1.3/1.8 MB | 590/781 kB
Progress (2): 1.3/1.8 MB | 606/781 kB
Progress (2): 1.3/1.8 MB | 606/781 kB
Progress (2): 1.4/1.8 MB | 606/781 kB
Progress (2): 1.4/1.8 MB | 623/781 kB
Progress (2): 1.4/1.8 MB | 639/781 kB
Progress (2): 1.4/1.8 MB | 655/781 kB
Progress (2): 1.4/1.8 MB | 655/781 kB
Progress (2): 1.4/1.8 MB | 672/781 kB
Progress (2): 1.4/1.8 MB | 688/781 kB
Progress (2): 1.4/1.8 MB | 688/781 kB
Progress (2): 1.4/1.8 MB | 705/781 kB
Progress (2): 1.4/1.8 MB | 721/781 kB
Progress (2): 1.4/1.8 MB | 737/781 kB
Progress (2): 1.4/1.8 MB | 754/781 kB
Progress (2): 1.4/1.8 MB | 754/781 kB
Progress (2): 1.4/1.8 MB | 770/781 kB
Progress (2): 1.4/1.8 MB | 781 kB    
Progress (2): 1.4/1.8 MB | 781 kB
                                 
Downloaded from central: https://repo.maven.apache.org/maven2/org/springframework/security/spring-security-web/6.2.3/spring-security-web-6.2.3.jar (781 kB at 1.1 MB/s)
#13 12.76 Downloading from central: https://repo.maven.apache.org/maven2/org/springframework/spring-jdbc/6.1.5/spring-jdbc-6.1.5.jar
#13 12.76 Progress (1): 1.4/1.8 MB
Progress (1): 1.5/1.8 MB
Progress (2): 1.5/1.8 MB | 0/2.1 MB
Progress (2): 1.5/1.8 MB | 0/2.1 MB
Progress (2): 1.5/1.8 MB | 0/2.1 MB
Progress (2): 1.5/1.8 MB | 0/2.1 MB
Progress (2): 1.5/1.8 MB | 0/2.1 MB
Progress (2): 1.5/1.8 MB | 0/2.1 MB
Progress (2): 1.5/1.8 MB | 0/2.1 MB
Progress (2): 1.5/1.8 MB | 0.1/2.1 MB
Progress (2): 1.5/1.8 MB | 0.1/2.1 MB
Progress (2): 1.5/1.8 MB | 0.1/2.1 MB
Progress (2): 1.5/1.8 MB | 0.1/2.1 MB
Progress (2): 1.5/1.8 MB | 0.1/2.1 MB
Progress (2): 1.5/1.8 MB | 0.1/2.1 MB
Progress (2): 1.5/1.8 MB | 0.1/2.1 MB
Progress (2): 1.5/1.8 MB | 0.1/2.1 MB
Progress (2): 1.5/1.8 MB | 0.1/2.1 MB
Progress (2): 1.6/1.8 MB | 0.1/2.1 MB
Progress (2): 1.6/1.8 MB | 0.2/2.1 MB
Progress (2): 1.6/1.8 MB | 0.2/2.1 MB
Progress (2): 1.6/1.8 MB | 0.2/2.1 MB
Progress (3): 1.6/1.8 MB | 0.2/2.1 MB | 7.7/162 kB
Progress (3): 1.6/1.8 MB | 0.2/2.1 MB | 16/162 kB 
Progress (4): 1.6/1.8 MB | 0.2/2.1 MB | 16/162 kB | 4.8 kB
Progress (4): 1.6/1.8 MB | 0.2/2.1 MB | 16/162 kB | 4.8 kB
                                                          
Downloaded from central: https://repo.maven.apache.org/maven2/org/springframework/boot/spring-boot-starter-jdbc/3.2.4/spring-boot-starter-jdbc-3.2.4.jar (4.8 kB at 6.7 kB/s)
#13 12.78 Progress (3): 1.6/1.8 MB | 0.2/2.1 MB | 16/162 kB
                                                 
Downloading from central: https://repo.maven.apache.org/maven2/org/hibernate/orm/hibernate-core/6.4.4.Final/hibernate-core-6.4.4.Final.jar
#13 12.78 Progress (3): 1.6/1.8 MB | 0.2/2.1 MB | 32/162 kB
Progress (3): 1.6/1.8 MB | 0.2/2.1 MB | 32/162 kB
Progress (3): 1.6/1.8 MB | 0.2/2.1 MB | 49/162 kB
Progress (3): 1.6/1.8 MB | 0.2/2.1 MB | 57/162 kB
Progress (3): 1.6/1.8 MB | 0.2/2.1 MB | 57/162 kB
Progress (3): 1.6/1.8 MB | 0.2/2.1 MB | 57/162 kB
Progress (3): 1.6/1.8 MB | 0.2/2.1 MB | 57/162 kB
Progress (3): 1.6/1.8 MB | 0.2/2.1 MB | 74/162 kB
Progress (3): 1.6/1.8 MB | 0.2/2.1 MB | 74/162 kB
Progress (3): 1.6/1.8 MB | 0.2/2.1 MB | 90/162 kB
Progress (3): 1.6/1.8 MB | 0.2/2.1 MB | 106/162 kB
Progress (3): 1.6/1.8 MB | 0.2/2.1 MB | 106/162 kB
Progress (3): 1.7/1.8 MB | 0.2/2.1 MB | 106/162 kB
Progress (3): 1.7/1.8 MB | 0.2/2.1 MB | 123/162 kB
Progress (3): 1.7/1.8 MB | 0.2/2.1 MB | 123/162 kB
Progress (3): 1.7/1.8 MB | 0.2/2.1 MB | 139/162 kB
Progress (3): 1.7/1.8 MB | 0.2/2.1 MB | 156/162 kB
Progress (3): 1.7/1.8 MB | 0.2/2.1 MB | 162 kB    
Progress (3): 1.7/1.8 MB | 0.2/2.1 MB | 162 kB
Progress (3): 1.7/1.8 MB | 0.2/2.1 MB | 162 kB
                                              
Downloaded from central: https://repo.maven.apache.org/maven2/com/zaxxer/HikariCP/5.0.1/HikariCP-5.0.1.jar (162 kB at 225 kB/s)
#13 12.78 Downloading from central: https://repo.maven.apache.org/maven2/jakarta/persistence/jakarta.persistence-api/3.1.0/jakarta.persistence-api-3.1.0.jar
#13 12.78 Progress (2): 1.7/1.8 MB | 0.3/2.1 MB
Progress (2): 1.7/1.8 MB | 0.3/2.1 MB
Progress (2): 1.7/1.8 MB | 0.3/2.1 MB
Progress (2): 1.7/1.8 MB | 0.3/2.1 MB
Progress (2): 1.7/1.8 MB | 0.3/2.1 MB
Progress (2): 1.8/1.8 MB | 0.3/2.1 MB
Progress (2): 1.8/1.8 MB | 0.3/2.1 MB
Progress (2): 1.8/1.8 MB | 0.3/2.1 MB
Progress (2): 1.8/1.8 MB | 0.3/2.1 MB
Progress (2): 1.8/1.8 MB | 0.3/2.1 MB
Progress (2): 1.8/1.8 MB | 0.3/2.1 MB
Progress (2): 1.8 MB | 0.3/2.1 MB    
Progress (2): 1.8 MB | 0.3/2.1 MB
Progress (2): 1.8 MB | 0.4/2.1 MB
                                 
Downloaded from central: https://repo.maven.apache.org/maven2/org/springframework/security/spring-security-config/6.2.3/spring-security-config-6.2.3.jar (1.8 MB at 2.5 MB/s)
#13 12.79 Downloading from central: https://repo.maven.apache.org/maven2/jakarta/transaction/jakarta.transaction-api/2.0.1/jakarta.transaction-api-2.0.1.jar
#13 12.79 Progress (1): 0.4/2.1 MB
Progress (1): 0.4/2.1 MB
Progress (1): 0.4/2.1 MB
Progress (1): 0.4/2.1 MB
Progress (1): 0.4/2.1 MB
Progress (1): 0.5/2.1 MB
Progress (2): 0.5/2.1 MB | 8.2/467 kB
Progress (2): 0.5/2.1 MB | 25/467 kB 
Progress (2): 0.5/2.1 MB | 25/467 kB
Progress (2): 0.5/2.1 MB | 25/467 kB
Progress (2): 0.5/2.1 MB | 41/467 kB
Progress (2): 0.5/2.1 MB | 41/467 kB
Progress (2): 0.5/2.1 MB | 57/467 kB
Progress (2): 0.5/2.1 MB | 57/467 kB
Progress (2): 0.5/2.1 MB | 57/467 kB
Progress (2): 0.5/2.1 MB | 66/467 kB
Progress (2): 0.6/2.1 MB | 66/467 kB
Progress (2): 0.6/2.1 MB | 82/467 kB
Progress (2): 0.6/2.1 MB | 82/467 kB
Progress (2): 0.6/2.1 MB | 82/467 kB
Progress (2): 0.6/2.1 MB | 98/467 kB
Progress (2): 0.6/2.1 MB | 98/467 kB
Progress (2): 0.6/2.1 MB | 98/467 kB
Progress (2): 0.6/2.1 MB | 115/467 kB
Progress (2): 0.6/2.1 MB | 115/467 kB
Progress (2): 0.6/2.1 MB | 131/467 kB
Progress (2): 0.7/2.1 MB | 131/467 kB
Progress (2): 0.7/2.1 MB | 147/467 kB
Progress (2): 0.7/2.1 MB | 147/467 kB
Progress (2): 0.7/2.1 MB | 164/467 kB
Progress (2): 0.7/2.1 MB | 168/467 kB
Progress (2): 0.7/2.1 MB | 184/467 kB
Progress (2): 0.7/2.1 MB | 184/467 kB
Progress (2): 0.7/2.1 MB | 197/467 kB
Progress (2): 0.7/2.1 MB | 213/467 kB
Progress (2): 0.7/2.1 MB | 229/467 kB
Progress (2): 0.7/2.1 MB | 229/467 kB
Progress (2): 0.7/2.1 MB | 229/467 kB
Progress (2): 0.7/2.1 MB | 246/467 kB
Progress (2): 0.7/2.1 MB | 262/467 kB
Progress (2): 0.7/2.1 MB | 266/467 kB
Progress (2): 0.7/2.1 MB | 266/467 kB
Progress (2): 0.7/2.1 MB | 282/467 kB
Progress (2): 0.7/2.1 MB | 299/467 kB
Progress (3): 0.7/2.1 MB | 299/467 kB | 0/12 MB
Progress (3): 0.7/2.1 MB | 299/467 kB | 0/12 MB
Progress (3): 0.7/2.1 MB | 315/467 kB | 0/12 MB
Progress (3): 0.7/2.1 MB | 315/467 kB | 0/12 MB
Progress (3): 0.8/2.1 MB | 315/467 kB | 0/12 MB
Progress (3): 0.8/2.1 MB | 328/467 kB | 0/12 MB
Progress (3): 0.8/2.1 MB | 344/467 kB | 0/12 MB
Progress (3): 0.8/2.1 MB | 360/467 kB | 0/12 MB
Progress (3): 0.8/2.1 MB | 360/467 kB | 0/12 MB
Progress (3): 0.8/2.1 MB | 360/467 kB | 0/12 MB
Progress (4): 0.8/2.1 MB | 360/467 kB | 0/12 MB | 7.7/165 kB
Progress (4): 0.8/2.1 MB | 360/467 kB | 0/12 MB | 16/165 kB 
Progress (4): 0.8/2.1 MB | 360/467 kB | 0/12 MB | 32/165 kB
Progress (4): 0.8/2.1 MB | 377/467 kB | 0/12 MB | 32/165 kB
Progress (4): 0.8/2.1 MB | 393/467 kB | 0/12 MB | 32/165 kB
Progress (4): 0.8/2.1 MB | 393/467 kB | 0/12 MB | 32/165 kB
Progress (4): 0.8/2.1 MB | 393/467 kB | 0/12 MB | 48/165 kB
Progress (4): 0.8/2.1 MB | 393/467 kB | 0/12 MB | 65/165 kB
Progress (4): 0.8/2.1 MB | 410/467 kB | 0/12 MB | 65/165 kB
Progress (4): 0.8/2.1 MB | 410/467 kB | 0/12 MB | 65/165 kB
Progress (4): 0.8/2.1 MB | 410/467 kB | 0.1/12 MB | 65/165 kB
Progress (4): 0.8/2.1 MB | 410/467 kB | 0.1/12 MB | 65/165 kB
Progress (4): 0.8/2.1 MB | 426/467 kB | 0.1/12 MB | 65/165 kB
Progress (5): 0.8/2.1 MB | 426/467 kB | 0.1/12 MB | 65/165 kB | 7.7/29 kB
Progress (5): 0.8/2.1 MB | 426/467 kB | 0.1/12 MB | 65/165 kB | 16/29 kB 
Progress (5): 0.8/2.1 MB | 426/467 kB | 0.1/12 MB | 81/165 kB | 16/29 kB
Progress (5): 0.8/2.1 MB | 426/467 kB | 0.1/12 MB | 97/165 kB | 16/29 kB
Progress (5): 0.8/2.1 MB | 426/467 kB | 0.1/12 MB | 114/165 kB | 16/29 kB
Progress (5): 0.8/2.1 MB | 442/467 kB | 0.1/12 MB | 114/165 kB | 16/29 kB
Progress (5): 0.8/2.1 MB | 442/467 kB | 0.1/12 MB | 114/165 kB | 29 kB   
                                                                      
Downloaded from central: https://repo.maven.apache.org/maven2/jakarta/transaction/jakarta.transaction-api/2.0.1/jakarta.transaction-api-2.0.1.jar (29 kB at 37 kB/s)
#13 12.83 Downloading from central: https://repo.maven.apache.org/maven2/org/jboss/logging/jboss-logging/3.5.3.Final/jboss-logging-3.5.3.Final.jar
#13 12.83 Progress (4): 0.8/2.1 MB | 442/467 kB | 0.1/12 MB | 114/165 kB
Progress (4): 0.8/2.1 MB | 442/467 kB | 0.1/12 MB | 130/165 kB
Progress (4): 0.8/2.1 MB | 442/467 kB | 0.1/12 MB | 147/165 kB
Progress (4): 0.8/2.1 MB | 459/467 kB | 0.1/12 MB | 147/165 kB
Progress (4): 0.9/2.1 MB | 459/467 kB | 0.1/12 MB | 147/165 kB
Progress (4): 0.9/2.1 MB | 459/467 kB | 0.1/12 MB | 163/165 kB
Progress (4): 0.9/2.1 MB | 467 kB | 0.1/12 MB | 163/165 kB    
Progress (4): 0.9/2.1 MB | 467 kB | 0.1/12 MB | 163/165 kB
Progress (4): 0.9/2.1 MB | 467 kB | 0.1/12 MB | 163/165 kB
Progress (4): 0.9/2.1 MB | 467 kB | 0.1/12 MB | 165 kB    
Progress (4): 0.9/2.1 MB | 467 kB | 0.1/12 MB | 165 kB
                                                      
Downloaded from central: https://repo.maven.apache.org/maven2/jakarta/persistence/jakarta.persistence-api/3.1.0/jakarta.persistence-api-3.1.0.jar (165 kB at 212 kB/s)
#13 12.85 Downloading from central: https://repo.maven.apache.org/maven2/org/hibernate/common/hibernate-commons-annotations/6.0.6.Final/hibernate-commons-annotations-6.0.6.Final.jar
#13 12.85 Downloaded from central: https://repo.maven.apache.org/maven2/org/springframework/spring-jdbc/6.1.5/spring-jdbc-6.1.5.jar (467 kB at 597 kB/s)
#13 12.85 Downloading from central: https://repo.maven.apache.org/maven2/io/smallrye/jandex/3.1.2/jandex-3.1.2.jar
#13 12.85 Progress (2): 0.9/2.1 MB | 0.1/12 MB
Progress (2): 0.9/2.1 MB | 0.1/12 MB
Progress (2): 0.9/2.1 MB | 0.1/12 MB
Progress (2): 0.9/2.1 MB | 0.1/12 MB
Progress (2): 0.9/2.1 MB | 0.1/12 MB
Progress (2): 0.9/2.1 MB | 0.1/12 MB
Progress (2): 0.9/2.1 MB | 0.1/12 MB
Progress (2): 0.9/2.1 MB | 0.1/12 MB
Progress (2): 0.9/2.1 MB | 0.1/12 MB
Progress (2): 1.0/2.1 MB | 0.1/12 MB
Progress (2): 1.0/2.1 MB | 0.1/12 MB
Progress (2): 1.0/2.1 MB | 0.2/12 MB
Progress (2): 1.0/2.1 MB | 0.2/12 MB
Progress (2): 1.0/2.1 MB | 0.2/12 MB
Progress (2): 1.0/2.1 MB | 0.2/12 MB
Progress (2): 1.0/2.1 MB | 0.2/12 MB
Progress (2): 1.0/2.1 MB | 0.2/12 MB
Progress (2): 1.0/2.1 MB | 0.2/12 MB
Progress (2): 1.0/2.1 MB | 0.2/12 MB
Progress (2): 1.0/2.1 MB | 0.2/12 MB
Progress (2): 1.0/2.1 MB | 0.2/12 MB
Progress (2): 1.0/2.1 MB | 0.3/12 MB
Progress (2): 1.0/2.1 MB | 0.3/12 MB
Progress (2): 1.0/2.1 MB | 0.3/12 MB
Progress (2): 1.0/2.1 MB | 0.3/12 MB
Progress (2): 1.1/2.1 MB | 0.3/12 MB
Progress (2): 1.1/2.1 MB | 0.3/12 MB
Progress (2): 1.1/2.1 MB | 0.3/12 MB
Progress (2): 1.1/2.1 MB | 0.3/12 MB
Progress (2): 1.1/2.1 MB | 0.3/12 MB
Progress (2): 1.1/2.1 MB | 0.3/12 MB
Progress (2): 1.1/2.1 MB | 0.3/12 MB
Progress (2): 1.1/2.1 MB | 0.3/12 MB
Progress (2): 1.1/2.1 MB | 0.3/12 MB
Progress (2): 1.1/2.1 MB | 0.3/12 MB
Progress (2): 1.2/2.1 MB | 0.3/12 MB
Progress (3): 1.2/2.1 MB | 0.3/12 MB | 7.3/59 kB
Progress (3): 1.2/2.1 MB | 0.3/12 MB | 7.3/59 kB
Progress (3): 1.2/2.1 MB | 0.4/12 MB | 7.3/59 kB
Progress (3): 1.2/2.1 MB | 0.4/12 MB | 7.3/59 kB
Progress (3): 1.2/2.1 MB | 0.4/12 MB | 7.3/59 kB
Progress (3): 1.2/2.1 MB | 0.4/12 MB | 7.3/59 kB
Progress (3): 1.2/2.1 MB | 0.4/12 MB | 7.3/59 kB
Progress (3): 1.2/2.1 MB | 0.4/12 MB | 24/59 kB 
Progress (3): 1.2/2.1 MB | 0.4/12 MB | 24/59 kB
Progress (3): 1.2/2.1 MB | 0.4/12 MB | 24/59 kB
Progress (3): 1.2/2.1 MB | 0.4/12 MB | 32/59 kB
Progress (3): 1.2/2.1 MB | 0.4/12 MB | 32/59 kB
Progress (3): 1.3/2.1 MB | 0.4/12 MB | 32/59 kB
Progress (3): 1.3/2.1 MB | 0.4/12 MB | 32/59 kB
Progress (3): 1.3/2.1 MB | 0.4/12 MB | 32/59 kB
Progress (3): 1.3/2.1 MB | 0.4/12 MB | 32/59 kB
Progress (3): 1.3/2.1 MB | 0.4/12 MB | 32/59 kB
Progress (3): 1.3/2.1 MB | 0.4/12 MB | 32/59 kB
Progress (3): 1.3/2.1 MB | 0.4/12 MB | 32/59 kB
Progress (3): 1.3/2.1 MB | 0.4/12 MB | 32/59 kB
Progress (3): 1.3/2.1 MB | 0.4/12 MB | 48/59 kB
Progress (3): 1.3/2.1 MB | 0.5/12 MB | 48/59 kB
Progress (3): 1.3/2.1 MB | 0.5/12 MB | 59 kB   
Progress (3): 1.3/2.1 MB | 0.5/12 MB | 59 kB
Progress (3): 1.4/2.1 MB | 0.5/12 MB | 59 kB
Progress (3): 1.4/2.1 MB | 0.5/12 MB | 59 kB
                                            
Downloaded from central: https://repo.maven.apache.org/maven2/org/jboss/logging/jboss-logging/3.5.3.Final/jboss-logging-3.5.3.Final.jar (59 kB at 73 kB/s)
#13 12.87 Progress (2): 1.4/2.1 MB | 0.5/12 MB
                                    
Downloading from central: https://repo.maven.apache.org/maven2/com/fasterxml/classmate/1.6.0/classmate-1.6.0.jar
#13 12.87 Progress (2): 1.4/2.1 MB | 0.5/12 MB
Progress (2): 1.4/2.1 MB | 0.5/12 MB
Progress (2): 1.4/2.1 MB | 0.5/12 MB
Progress (2): 1.4/2.1 MB | 0.5/12 MB
Progress (2): 1.4/2.1 MB | 0.5/12 MB
Progress (2): 1.4/2.1 MB | 0.5/12 MB
Progress (2): 1.4/2.1 MB | 0.6/12 MB
Progress (2): 1.4/2.1 MB | 0.6/12 MB
Progress (2): 1.4/2.1 MB | 0.6/12 MB
Progress (2): 1.4/2.1 MB | 0.6/12 MB
Progress (2): 1.4/2.1 MB | 0.6/12 MB
Progress (2): 1.4/2.1 MB | 0.6/12 MB
Progress (2): 1.4/2.1 MB | 0.6/12 MB
Progress (2): 1.5/2.1 MB | 0.6/12 MB
Progress (2): 1.5/2.1 MB | 0.6/12 MB
Progress (2): 1.5/2.1 MB | 0.6/12 MB
Progress (2): 1.5/2.1 MB | 0.6/12 MB
Progress (2): 1.5/2.1 MB | 0.6/12 MB
Progress (2): 1.5/2.1 MB | 0.6/12 MB
Progress (3): 1.5/2.1 MB | 0.6/12 MB | 4.1/327 kB
Progress (3): 1.5/2.1 MB | 0.6/12 MB | 20/327 kB 
Progress (3): 1.5/2.1 MB | 0.7/12 MB | 20/327 kB
Progress (3): 1.5/2.1 MB | 0.7/12 MB | 20/327 kB
Progress (3): 1.6/2.1 MB | 0.7/12 MB | 20/327 kB
Progress (3): 1.6/2.1 MB | 0.7/12 MB | 20/327 kB
Progress (3): 1.6/2.1 MB | 0.7/12 MB | 20/327 kB
Progress (3): 1.6/2.1 MB | 0.7/12 MB | 20/327 kB
Progress (3): 1.6/2.1 MB | 0.7/12 MB | 20/327 kB
Progress (3): 1.6/2.1 MB | 0.7/12 MB | 37/327 kB
Progress (3): 1.6/2.1 MB | 0.7/12 MB | 37/327 kB
Progress (3): 1.6/2.1 MB | 0.7/12 MB | 37/327 kB
Progress (3): 1.6/2.1 MB | 0.7/12 MB | 53/327 kB
Progress (3): 1.6/2.1 MB | 0.7/12 MB | 53/327 kB
Progress (3): 1.6/2.1 MB | 0.7/12 MB | 53/327 kB
Progress (3): 1.6/2.1 MB | 0.7/12 MB | 53/327 kB
Progress (4): 1.6/2.1 MB | 0.7/12 MB | 53/327 kB | 7.7/68 kB
Progress (4): 1.6/2.1 MB | 0.7/12 MB | 53/327 kB | 15/68 kB 
Progress (4): 1.7/2.1 MB | 0.7/12 MB | 53/327 kB | 15/68 kB
Progress (4): 1.7/2.1 MB | 0.7/12 MB | 53/327 kB | 15/68 kB
Progress (4): 1.7/2.1 MB | 0.7/12 MB | 53/327 kB | 15/68 kB
Progress (4): 1.7/2.1 MB | 0.7/12 MB | 70/327 kB | 15/68 kB
Progress (4): 1.7/2.1 MB | 0.7/12 MB | 70/327 kB | 15/68 kB
Progress (4): 1.7/2.1 MB | 0.7/12 MB | 70/327 kB | 32/68 kB
Progress (4): 1.7/2.1 MB | 0.7/12 MB | 70/327 kB | 32/68 kB
Progress (4): 1.7/2.1 MB | 0.7/12 MB | 70/327 kB | 32/68 kB
Progress (4): 1.7/2.1 MB | 0.7/12 MB | 86/327 kB | 32/68 kB
Progress (4): 1.7/2.1 MB | 0.7/12 MB | 86/327 kB | 32/68 kB
Progress (4): 1.7/2.1 MB | 0.8/12 MB | 86/327 kB | 32/68 kB
Progress (4): 1.7/2.1 MB | 0.8/12 MB | 86/327 kB | 32/68 kB
Progress (4): 1.8/2.1 MB | 0.8/12 MB | 86/327 kB | 32/68 kB
Progress (4): 1.8/2.1 MB | 0.8/12 MB | 102/327 kB | 32/68 kB
Progress (4): 1.8/2.1 MB | 0.8/12 MB | 102/327 kB | 32/68 kB
Progress (4): 1.8/2.1 MB | 0.8/12 MB | 102/327 kB | 32/68 kB
Progress (4): 1.8/2.1 MB | 0.8/12 MB | 102/327 kB | 32/68 kB
Progress (4): 1.8/2.1 MB | 0.8/12 MB | 102/327 kB | 48/68 kB
Progress (4): 1.8/2.1 MB | 0.8/12 MB | 102/327 kB | 48/68 kB
Progress (4): 1.8/2.1 MB | 0.8/12 MB | 119/327 kB | 48/68 kB
Progress (4): 1.8/2.1 MB | 0.8/12 MB | 119/327 kB | 48/68 kB
Progress (4): 1.8/2.1 MB | 0.8/12 MB | 127/327 kB | 48/68 kB
Progress (4): 1.8/2.1 MB | 0.8/12 MB | 127/327 kB | 65/68 kB
Progress (4): 1.8/2.1 MB | 0.8/12 MB | 127/327 kB | 65/68 kB
Progress (4): 1.8/2.1 MB | 0.8/12 MB | 127/327 kB | 65/68 kB
Progress (4): 1.8/2.1 MB | 0.8/12 MB | 143/327 kB | 65/68 kB
Progress (4): 1.8/2.1 MB | 0.8/12 MB | 143/327 kB | 68 kB   
Progress (5): 1.8/2.1 MB | 0.8/12 MB | 143/327 kB | 68 kB | 7.7/69 kB
Progress (5): 1.8/2.1 MB | 0.8/12 MB | 143/327 kB | 68 kB | 7.7/69 kB
Progress (5): 1.8/2.1 MB | 0.8/12 MB | 160/327 kB | 68 kB | 7.7/69 kB
Progress (5): 1.8/2.1 MB | 0.8/12 MB | 160/327 kB | 68 kB | 7.7/69 kB
                                                                     
Downloaded from central: https://repo.maven.apache.org/maven2/org/hibernate/common/hibernate-commons-annotations/6.0.6.Final/hibernate-commons-annotations-6.0.6.Final.jar (68 kB at 80 kB/s)
#13 12.91 Progress (4): 1.8/2.1 MB | 0.9/12 MB | 160/327 kB | 7.7/69 kB
                                                             
Downloading from central: https://repo.maven.apache.org/maven2/net/bytebuddy/byte-buddy/1.14.12/byte-buddy-1.14.12.jar
#13 12.91 Progress (4): 1.8/2.1 MB | 0.9/12 MB | 176/327 kB | 7.7/69 kB
Progress (4): 1.8/2.1 MB | 0.9/12 MB | 176/327 kB | 16/69 kB 
Progress (4): 1.8/2.1 MB | 0.9/12 MB | 176/327 kB | 16/69 kB
Progress (4): 1.8/2.1 MB | 0.9/12 MB | 176/327 kB | 25/69 kB
Progress (4): 1.8/2.1 MB | 0.9/12 MB | 176/327 kB | 25/69 kB
Progress (4): 1.8/2.1 MB | 0.9/12 MB | 193/327 kB | 25/69 kB
Progress (4): 1.8/2.1 MB | 0.9/12 MB | 193/327 kB | 25/69 kB
Progress (4): 1.8/2.1 MB | 0.9/12 MB | 193/327 kB | 25/69 kB
Progress (4): 1.8/2.1 MB | 0.9/12 MB | 209/327 kB | 25/69 kB
Progress (4): 1.8/2.1 MB | 0.9/12 MB | 209/327 kB | 41/69 kB
Progress (4): 1.9/2.1 MB | 0.9/12 MB | 209/327 kB | 41/69 kB
Progress (4): 1.9/2.1 MB | 0.9/12 MB | 209/327 kB | 41/69 kB
Progress (4): 1.9/2.1 MB | 0.9/12 MB | 209/327 kB | 41/69 kB
Progress (4): 1.9/2.1 MB | 0.9/12 MB | 209/327 kB | 41/69 kB
Progress (4): 1.9/2.1 MB | 0.9/12 MB | 209/327 kB | 41/69 kB
Progress (4): 1.9/2.1 MB | 0.9/12 MB | 225/327 kB | 41/69 kB
Progress (4): 1.9/2.1 MB | 0.9/12 MB | 225/327 kB | 41/69 kB
Progress (4): 1.9/2.1 MB | 0.9/12 MB | 225/327 kB | 41/69 kB
Progress (4): 1.9/2.1 MB | 0.9/12 MB | 225/327 kB | 41/69 kB
Progress (4): 1.9/2.1 MB | 0.9/12 MB | 225/327 kB | 57/69 kB
Progress (4): 1.9/2.1 MB | 0.9/12 MB | 242/327 kB | 57/69 kB
Progress (4): 2.0/2.1 MB | 0.9/12 MB | 242/327 kB | 57/69 kB
Progress (4): 2.0/2.1 MB | 1.0/12 MB | 242/327 kB | 57/69 kB
Progress (4): 2.0/2.1 MB | 1.0/12 MB | 242/327 kB | 57/69 kB
Progress (4): 2.0/2.1 MB | 1.0/12 MB | 258/327 kB | 57/69 kB
Progress (4): 2.0/2.1 MB | 1.0/12 MB | 258/327 kB | 69 kB   
Progress (4): 2.0/2.1 MB | 1.0/12 MB | 258/327 kB | 69 kB
Progress (4): 2.0/2.1 MB | 1.0/12 MB | 274/327 kB | 69 kB
Progress (4): 2.0/2.1 MB | 1.0/12 MB | 274/327 kB | 69 kB
                                                         
Downloaded from central: https://repo.maven.apache.org/maven2/com/fasterxml/classmate/1.6.0/classmate-1.6.0.jar (69 kB at 80 kB/s)
#13 12.92 Progress (3): 2.0/2.1 MB | 1.0/12 MB | 274/327 kB
                                                 
Downloading from central: https://repo.maven.apache.org/maven2/org/glassfish/jaxb/jaxb-runtime/4.0.5/jaxb-runtime-4.0.5.jar
#13 12.92 Progress (3): 2.0/2.1 MB | 1.0/12 MB | 274/327 kB
Progress (3): 2.0/2.1 MB | 1.0/12 MB | 274/327 kB
Progress (3): 2.0/2.1 MB | 1.0/12 MB | 274/327 kB
Progress (3): 2.0/2.1 MB | 1.0/12 MB | 274/327 kB
Progress (3): 2.0/2.1 MB | 1.0/12 MB | 291/327 kB
Progress (3): 2.0/2.1 MB | 1.0/12 MB | 291/327 kB
Progress (3): 2.0/2.1 MB | 1.0/12 MB | 307/327 kB
Progress (3): 2.1/2.1 MB | 1.0/12 MB | 307/327 kB
Progress (3): 2.1/2.1 MB | 1.0/12 MB | 307/327 kB
Progress (3): 2.1/2.1 MB | 1.0/12 MB | 307/327 kB
Progress (3): 2.1/2.1 MB | 1.0/12 MB | 307/327 kB
Progress (3): 2.1/2.1 MB | 1.0/12 MB | 307/327 kB
Progress (3): 2.1/2.1 MB | 1.0/12 MB | 324/327 kB
Progress (3): 2.1/2.1 MB | 1.0/12 MB | 327 kB    
Progress (3): 2.1/2.1 MB | 1.1/12 MB | 327 kB
Progress (3): 2.1 MB | 1.1/12 MB | 327 kB    
                                         
Downloaded from central: https://repo.maven.apache.org/maven2/org/aspectj/aspectjweaver/1.9.21/aspectjweaver-1.9.21.jar (2.1 MB at 2.4 MB/s)
#13 12.93 Downloading from central: https://repo.maven.apache.org/maven2/org/glassfish/jaxb/jaxb-core/4.0.5/jaxb-core-4.0.5.jar
#13 12.93 Progress (2): 1.1/12 MB | 327 kB
                                
Downloaded from central: https://repo.maven.apache.org/maven2/io/smallrye/jandex/3.1.2/jandex-3.1.2.jar (327 kB at 378 kB/s)
#13 12.93 Downloading from central: https://repo.maven.apache.org/maven2/org/eclipse/angus/angus-activation/2.0.2/angus-activation-2.0.2.jar
#13 12.93 Progress (1): 1.1/12 MB
Progress (1): 1.1/12 MB
Progress (1): 1.1/12 MB
Progress (1): 1.1/12 MB
Progress (1): 1.2/12 MB
Progress (1): 1.2/12 MB
Progress (1): 1.2/12 MB
Progress (1): 1.2/12 MB
Progress (1): 1.2/12 MB
Progress (1): 1.2/12 MB
Progress (1): 1.3/12 MB
Progress (1): 1.3/12 MB
Progress (1): 1.3/12 MB
Progress (1): 1.3/12 MB
Progress (1): 1.3/12 MB
Progress (1): 1.3/12 MB
Progress (1): 1.3/12 MB
Progress (1): 1.4/12 MB
Progress (1): 1.4/12 MB
Progress (1): 1.4/12 MB
Progress (1): 1.4/12 MB
Progress (1): 1.4/12 MB
Progress (1): 1.4/12 MB
Progress (1): 1.5/12 MB
Progress (1): 1.5/12 MB
Progress (1): 1.5/12 MB
Progress (1): 1.5/12 MB
Progress (1): 1.5/12 MB
Progress (1): 1.5/12 MB
Progress (1): 1.6/12 MB
Progress (1): 1.6/12 MB
Progress (2): 1.6/12 MB | 0/4.2 MB
Progress (2): 1.6/12 MB | 0/4.2 MB
Progress (2): 1.6/12 MB | 0/4.2 MB
Progress (2): 1.6/12 MB | 0/4.2 MB
Progress (2): 1.6/12 MB | 0/4.2 MB
Progress (2): 1.6/12 MB | 0/4.2 MB
Progress (2): 1.6/12 MB | 0/4.2 MB
Progress (2): 1.6/12 MB | 0.1/4.2 MB
Progress (2): 1.6/12 MB | 0.1/4.2 MB
Progress (2): 1.6/12 MB | 0.1/4.2 MB
Progress (2): 1.7/12 MB | 0.1/4.2 MB
Progress (2): 1.7/12 MB | 0.1/4.2 MB
Progress (3): 1.7/12 MB | 0.1/4.2 MB | 7.7/139 kB
Progress (3): 1.7/12 MB | 0.1/4.2 MB | 16/139 kB 
Progress (3): 1.7/12 MB | 0.1/4.2 MB | 25/139 kB
Progress (3): 1.7/12 MB | 0.1/4.2 MB | 25/139 kB
Progress (3): 1.7/12 MB | 0.1/4.2 MB | 25/139 kB
Progress (3): 1.7/12 MB | 0.1/4.2 MB | 25/139 kB
Progress (4): 1.7/12 MB | 0.1/4.2 MB | 25/139 kB | 7.7/920 kB
Progress (4): 1.7/12 MB | 0.1/4.2 MB | 25/139 kB | 12/920 kB 
Progress (4): 1.7/12 MB | 0.1/4.2 MB | 25/139 kB | 12/920 kB
Progress (4): 1.7/12 MB | 0.1/4.2 MB | 25/139 kB | 12/920 kB
Progress (4): 1.7/12 MB | 0.1/4.2 MB | 41/139 kB | 12/920 kB
Progress (4): 1.7/12 MB | 0.1/4.2 MB | 41/139 kB | 12/920 kB
Progress (4): 1.7/12 MB | 0.1/4.2 MB | 41/139 kB | 12/920 kB
Progress (4): 1.7/12 MB | 0.1/4.2 MB | 57/139 kB | 12/920 kB
Progress (4): 1.7/12 MB | 0.2/4.2 MB | 57/139 kB | 12/920 kB
Progress (5): 1.7/12 MB | 0.2/4.2 MB | 57/139 kB | 12/920 kB | 7.3/27 kB
Progress (5): 1.7/12 MB | 0.2/4.2 MB | 57/139 kB | 12/920 kB | 24/27 kB 
Progress (5): 1.7/12 MB | 0.2/4.2 MB | 57/139 kB | 12/920 kB | 27 kB   
Progress (5): 1.7/12 MB | 0.2/4.2 MB | 57/139 kB | 29/920 kB | 27 kB
Progress (5): 1.7/12 MB | 0.2/4.2 MB | 57/139 kB | 29/920 kB | 27 kB
Progress (5): 1.7/12 MB | 0.2/4.2 MB | 74/139 kB | 29/920 kB | 27 kB
Progress (5): 1.7/12 MB | 0.2/4.2 MB | 90/139 kB | 29/920 kB | 27 kB
                                                                    
Downloaded from central: https://repo.maven.apache.org/maven2/org/eclipse/angus/angus-activation/2.0.2/angus-activation-2.0.2.jar (27 kB at 30 kB/s)
#13 12.97 Downloading from central: https://repo.maven.apache.org/maven2/org/glassfish/jaxb/txw2/4.0.5/txw2-4.0.5.jar
#13 12.97 Progress (4): 1.7/12 MB | 0.2/4.2 MB | 90/139 kB | 29/920 kB
Progress (4): 1.8/12 MB | 0.2/4.2 MB | 90/139 kB | 29/920 kB
Progress (4): 1.8/12 MB | 0.2/4.2 MB | 90/139 kB | 45/920 kB
Progress (4): 1.8/12 MB | 0.2/4.2 MB | 90/139 kB | 45/920 kB
Progress (4): 1.8/12 MB | 0.2/4.2 MB | 90/139 kB | 45/920 kB
Progress (4): 1.8/12 MB | 0.2/4.2 MB | 90/139 kB | 45/920 kB
Progress (4): 1.8/12 MB | 0.2/4.2 MB | 106/139 kB | 45/920 kB
Progress (4): 1.8/12 MB | 0.2/4.2 MB | 106/139 kB | 45/920 kB
Progress (4): 1.8/12 MB | 0.2/4.2 MB | 123/139 kB | 45/920 kB
Progress (4): 1.8/12 MB | 0.2/4.2 MB | 139 kB | 45/920 kB    
                                                         
Downloaded from central: https://repo.maven.apache.org/maven2/org/glassfish/jaxb/jaxb-core/4.0.5/jaxb-core-4.0.5.jar (139 kB at 153 kB/s)
#13 12.97 Downloading from central: https://repo.maven.apache.org/maven2/com/sun/istack/istack-commons-runtime/4.1.2/istack-commons-runtime-4.1.2.jar
#13 12.97 Progress (3): 1.8/12 MB | 0.2/4.2 MB | 45/920 kB
Progress (3): 1.8/12 MB | 0.2/4.2 MB | 61/920 kB
Progress (3): 1.8/12 MB | 0.2/4.2 MB | 61/920 kB
Progress (3): 1.8/12 MB | 0.2/4.2 MB | 61/920 kB
Progress (3): 1.8/12 MB | 0.3/4.2 MB | 61/920 kB
Progress (3): 1.8/12 MB | 0.3/4.2 MB | 78/920 kB
Progress (3): 1.8/12 MB | 0.3/4.2 MB | 78/920 kB
Progress (3): 1.8/12 MB | 0.3/4.2 MB | 78/920 kB
Progress (3): 1.8/12 MB | 0.3/4.2 MB | 78/920 kB
Progress (3): 1.8/12 MB | 0.3/4.2 MB | 78/920 kB
Progress (3): 1.8/12 MB | 0.3/4.2 MB | 94/920 kB
Progress (3): 1.8/12 MB | 0.3/4.2 MB | 94/920 kB
Progress (3): 1.8/12 MB | 0.3/4.2 MB | 111/920 kB
Progress (3): 1.9/12 MB | 0.3/4.2 MB | 111/920 kB
Progress (3): 1.9/12 MB | 0.3/4.2 MB | 111/920 kB
Progress (3): 1.9/12 MB | 0.3/4.2 MB | 111/920 kB
Progress (3): 1.9/12 MB | 0.3/4.2 MB | 127/920 kB
Progress (3): 1.9/12 MB | 0.3/4.2 MB | 127/920 kB
Progress (3): 1.9/12 MB | 0.3/4.2 MB | 127/920 kB
Progress (3): 1.9/12 MB | 0.3/4.2 MB | 127/920 kB
Progress (3): 1.9/12 MB | 0.3/4.2 MB | 127/920 kB
Progress (3): 1.9/12 MB | 0.4/4.2 MB | 127/920 kB
Progress (3): 1.9/12 MB | 0.4/4.2 MB | 127/920 kB
Progress (3): 1.9/12 MB | 0.4/4.2 MB | 143/920 kB
Progress (3): 1.9/12 MB | 0.4/4.2 MB | 143/920 kB
Progress (3): 1.9/12 MB | 0.4/4.2 MB | 143/920 kB
Progress (3): 2.0/12 MB | 0.4/4.2 MB | 143/920 kB
Progress (3): 2.0/12 MB | 0.4/4.2 MB | 143/920 kB
Progress (3): 2.0/12 MB | 0.4/4.2 MB | 160/920 kB
Progress (3): 2.0/12 MB | 0.4/4.2 MB | 160/920 kB
Progress (3): 2.0/12 MB | 0.4/4.2 MB | 160/920 kB
Progress (3): 2.0/12 MB | 0.4/4.2 MB | 160/920 kB
Progress (3): 2.0/12 MB | 0.4/4.2 MB | 160/920 kB
Progress (3): 2.0/12 MB | 0.4/4.2 MB | 160/920 kB
Progress (3): 2.0/12 MB | 0.4/4.2 MB | 160/920 kB
Progress (3): 2.0/12 MB | 0.4/4.2 MB | 176/920 kB
Progress (3): 2.0/12 MB | 0.4/4.2 MB | 176/920 kB
Progress (3): 2.0/12 MB | 0.5/4.2 MB | 176/920 kB
Progress (3): 2.0/12 MB | 0.5/4.2 MB | 193/920 kB
Progress (3): 2.0/12 MB | 0.5/4.2 MB | 193/920 kB
Progress (3): 2.0/12 MB | 0.5/4.2 MB | 209/920 kB
Progress (3): 2.0/12 MB | 0.5/4.2 MB | 209/920 kB
Progress (3): 2.0/12 MB | 0.5/4.2 MB | 209/920 kB
Progress (3): 2.0/12 MB | 0.5/4.2 MB | 225/920 kB
Progress (3): 2.0/12 MB | 0.5/4.2 MB | 242/920 kB
Progress (3): 2.1/12 MB | 0.5/4.2 MB | 242/920 kB
Progress (3): 2.1/12 MB | 0.5/4.2 MB | 242/920 kB
Progress (3): 2.1/12 MB | 0.5/4.2 MB | 242/920 kB
Progress (3): 2.1/12 MB | 0.5/4.2 MB | 242/920 kB
Progress (3): 2.1/12 MB | 0.5/4.2 MB | 242/920 kB
Progress (3): 2.1/12 MB | 0.5/4.2 MB | 242/920 kB
Progress (3): 2.1/12 MB | 0.5/4.2 MB | 242/920 kB
Progress (3): 2.1/12 MB | 0.5/4.2 MB | 242/920 kB
Progress (3): 2.1/12 MB | 0.6/4.2 MB | 242/920 kB
Progress (3): 2.1/12 MB | 0.6/4.2 MB | 258/920 kB
Progress (3): 2.1/12 MB | 0.6/4.2 MB | 274/920 kB
Progress (3): 2.1/12 MB | 0.6/4.2 MB | 274/920 kB
Progress (3): 2.1/12 MB | 0.6/4.2 MB | 274/920 kB
Progress (3): 2.1/12 MB | 0.6/4.2 MB | 274/920 kB
Progress (3): 2.1/12 MB | 0.6/4.2 MB | 274/920 kB
Progress (3): 2.2/12 MB | 0.6/4.2 MB | 274/920 kB
Progress (3): 2.2/12 MB | 0.6/4.2 MB | 274/920 kB
Progress (3): 2.2/12 MB | 0.6/4.2 MB | 274/920 kB
Progress (3): 2.2/12 MB | 0.6/4.2 MB | 279/920 kB
Progress (3): 2.2/12 MB | 0.6/4.2 MB | 279/920 kB
Progress (3): 2.2/12 MB | 0.6/4.2 MB | 279/920 kB
Progress (3): 2.2/12 MB | 0.6/4.2 MB | 295/920 kB
Progress (3): 2.2/12 MB | 0.6/4.2 MB | 295/920 kB
Progress (3): 2.2/12 MB | 0.6/4.2 MB | 311/920 kB
Progress (3): 2.2/12 MB | 0.6/4.2 MB | 315/920 kB
Progress (3): 2.2/12 MB | 0.6/4.2 MB | 315/920 kB
Progress (4): 2.2/12 MB | 0.6/4.2 MB | 315/920 kB | 7.7/73 kB
Progress (4): 2.2/12 MB | 0.6/4.2 MB | 331/920 kB | 7.7/73 kB
Progress (4): 2.2/12 MB | 0.6/4.2 MB | 331/920 kB | 15/73 kB 
Progress (4): 2.2/12 MB | 0.6/4.2 MB | 331/920 kB | 15/73 kB
Progress (4): 2.2/12 MB | 0.6/4.2 MB | 331/920 kB | 32/73 kB
Progress (4): 2.2/12 MB | 0.6/4.2 MB | 348/920 kB | 32/73 kB
Progress (4): 2.2/12 MB | 0.6/4.2 MB | 348/920 kB | 32/73 kB
Progress (4): 2.3/12 MB | 0.6/4.2 MB | 348/920 kB | 32/73 kB
Progress (4): 2.3/12 MB | 0.6/4.2 MB | 364/920 kB | 32/73 kB
Progress (4): 2.3/12 MB | 0.7/4.2 MB | 364/920 kB | 32/73 kB
Progress (4): 2.3/12 MB | 0.7/4.2 MB | 381/920 kB | 32/73 kB
Progress (4): 2.3/12 MB | 0.7/4.2 MB | 397/920 kB | 32/73 kB
Progress (4): 2.3/12 MB | 0.7/4.2 MB | 397/920 kB | 32/73 kB
Progress (4): 2.3/12 MB | 0.7/4.2 MB | 397/920 kB | 48/73 kB
Progress (4): 2.3/12 MB | 0.7/4.2 MB | 410/920 kB | 48/73 kB
Progress (5): 2.3/12 MB | 0.7/4.2 MB | 410/920 kB | 48/73 kB | 3.2/26 kB
Progress (5): 2.3/12 MB | 0.7/4.2 MB | 426/920 kB | 48/73 kB | 3.2/26 kB
Progress (5): 2.3/12 MB | 0.7/4.2 MB | 426/920 kB | 48/73 kB | 20/26 kB 
Progress (5): 2.3/12 MB | 0.7/4.2 MB | 426/920 kB | 48/73 kB | 26 kB   
Progress (5): 2.3/12 MB | 0.7/4.2 MB | 426/920 kB | 48/73 kB | 26 kB
Progress (5): 2.3/12 MB | 0.7/4.2 MB | 426/920 kB | 65/73 kB | 26 kB
Progress (5): 2.3/12 MB | 0.7/4.2 MB | 426/920 kB | 65/73 kB | 26 kB
Progress (5): 2.3/12 MB | 0.7/4.2 MB | 426/920 kB | 73 kB | 26 kB   
                                                                 
Downloaded from central: https://repo.maven.apache.org/maven2/com/sun/istack/istack-commons-runtime/4.1.2/istack-commons-runtime-4.1.2.jar (26 kB at 27 kB/s)
#13 13.01 Progress (4): 2.3/12 MB | 0.7/4.2 MB | 426/920 kB | 73 kB
                                                         
Downloading from central: https://repo.maven.apache.org/maven2/jakarta/inject/jakarta.inject-api/2.0.1/jakarta.inject-api-2.0.1.jar
#13 13.01 Downloaded from central: https://repo.maven.apache.org/maven2/org/glassfish/jaxb/txw2/4.0.5/txw2-4.0.5.jar (73 kB at 77 kB/s)
#13 13.01 Downloading from central: https://repo.maven.apache.org/maven2/org/antlr/antlr4-runtime/4.13.0/antlr4-runtime-4.13.0.jar
#13 13.02 Progress (3): 2.3/12 MB | 0.7/4.2 MB | 442/920 kB
Progress (3): 2.3/12 MB | 0.7/4.2 MB | 459/920 kB
Progress (3): 2.3/12 MB | 0.7/4.2 MB | 475/920 kB
Progress (3): 2.3/12 MB | 0.7/4.2 MB | 475/920 kB
Progress (3): 2.3/12 MB | 0.7/4.2 MB | 475/920 kB
Progress (3): 2.3/12 MB | 0.7/4.2 MB | 475/920 kB
Progress (3): 2.4/12 MB | 0.7/4.2 MB | 475/920 kB
Progress (3): 2.4/12 MB | 0.7/4.2 MB | 475/920 kB
Progress (3): 2.4/12 MB | 0.7/4.2 MB | 475/920 kB
Progress (3): 2.4/12 MB | 0.7/4.2 MB | 475/920 kB
Progress (3): 2.4/12 MB | 0.7/4.2 MB | 492/920 kB
Progress (3): 2.4/12 MB | 0.7/4.2 MB | 508/920 kB
Progress (3): 2.4/12 MB | 0.7/4.2 MB | 524/920 kB
Progress (3): 2.4/12 MB | 0.7/4.2 MB | 524/920 kB
Progress (3): 2.4/12 MB | 0.7/4.2 MB | 524/920 kB
Progress (3): 2.4/12 MB | 0.7/4.2 MB | 524/920 kB
Progress (3): 2.4/12 MB | 0.7/4.2 MB | 541/920 kB
Progress (3): 2.4/12 MB | 0.7/4.2 MB | 541/920 kB
Progress (3): 2.5/12 MB | 0.7/4.2 MB | 541/920 kB
Progress (3): 2.5/12 MB | 0.7/4.2 MB | 557/920 kB
Progress (3): 2.5/12 MB | 0.7/4.2 MB | 557/920 kB
Progress (3): 2.5/12 MB | 0.7/4.2 MB | 573/920 kB
Progress (3): 2.5/12 MB | 0.7/4.2 MB | 590/920 kB
Progress (3): 2.5/12 MB | 0.7/4.2 MB | 590/920 kB
Progress (3): 2.5/12 MB | 0.7/4.2 MB | 606/920 kB
Progress (3): 2.5/12 MB | 0.7/4.2 MB | 606/920 kB
Progress (3): 2.5/12 MB | 0.7/4.2 MB | 606/920 kB
Progress (3): 2.5/12 MB | 0.7/4.2 MB | 606/920 kB
Progress (3): 2.5/12 MB | 0.8/4.2 MB | 606/920 kB
Progress (3): 2.5/12 MB | 0.8/4.2 MB | 606/920 kB
Progress (3): 2.5/12 MB | 0.8/4.2 MB | 606/920 kB
Progress (3): 2.5/12 MB | 0.8/4.2 MB | 606/920 kB
Progress (3): 2.6/12 MB | 0.8/4.2 MB | 606/920 kB
Progress (3): 2.6/12 MB | 0.8/4.2 MB | 623/920 kB
Progress (3): 2.6/12 MB | 0.8/4.2 MB | 623/920 kB
Progress (3): 2.6/12 MB | 0.8/4.2 MB | 623/920 kB
Progress (3): 2.6/12 MB | 0.8/4.2 MB | 639/920 kB
Progress (3): 2.6/12 MB | 0.8/4.2 MB | 655/920 kB
Progress (3): 2.6/12 MB | 0.8/4.2 MB | 672/920 kB
Progress (3): 2.6/12 MB | 0.8/4.2 MB | 672/920 kB
Progress (3): 2.6/12 MB | 0.8/4.2 MB | 672/920 kB
Progress (3): 2.6/12 MB | 0.8/4.2 MB | 672/920 kB
Progress (3): 2.6/12 MB | 0.8/4.2 MB | 672/920 kB
Progress (3): 2.6/12 MB | 0.8/4.2 MB | 688/920 kB
Progress (3): 2.6/12 MB | 0.8/4.2 MB | 688/920 kB
Progress (3): 2.7/12 MB | 0.8/4.2 MB | 688/920 kB
Progress (3): 2.7/12 MB | 0.8/4.2 MB | 688/920 kB
Progress (3): 2.7/12 MB | 0.8/4.2 MB | 705/920 kB
Progress (3): 2.7/12 MB | 0.8/4.2 MB | 705/920 kB
Progress (3): 2.7/12 MB | 0.9/4.2 MB | 705/920 kB
Progress (3): 2.7/12 MB | 0.9/4.2 MB | 705/920 kB
Progress (3): 2.7/12 MB | 0.9/4.2 MB | 721/920 kB
Progress (3): 2.7/12 MB | 0.9/4.2 MB | 737/920 kB
Progress (3): 2.7/12 MB | 0.9/4.2 MB | 737/920 kB
Progress (3): 2.7/12 MB | 0.9/4.2 MB | 737/920 kB
Progress (3): 2.7/12 MB | 0.9/4.2 MB | 754/920 kB
Progress (3): 2.7/12 MB | 0.9/4.2 MB | 754/920 kB
Progress (3): 2.7/12 MB | 0.9/4.2 MB | 754/920 kB
Progress (3): 2.7/12 MB | 0.9/4.2 MB | 770/920 kB
Progress (3): 2.7/12 MB | 0.9/4.2 MB | 786/920 kB
Progress (3): 2.7/12 MB | 0.9/4.2 MB | 786/920 kB
Progress (3): 2.7/12 MB | 0.9/4.2 MB | 786/920 kB
Progress (3): 2.7/12 MB | 0.9/4.2 MB | 803/920 kB
Progress (3): 2.8/12 MB | 0.9/4.2 MB | 803/920 kB
Progress (3): 2.8/12 MB | 0.9/4.2 MB | 819/920 kB
Progress (3): 2.8/12 MB | 0.9/4.2 MB | 819/920 kB
Progress (3): 2.8/12 MB | 0.9/4.2 MB | 836/920 kB
Progress (3): 2.8/12 MB | 0.9/4.2 MB | 836/920 kB
Progress (3): 2.8/12 MB | 0.9/4.2 MB | 852/920 kB
Progress (3): 2.8/12 MB | 0.9/4.2 MB | 852/920 kB
Progress (3): 2.8/12 MB | 0.9/4.2 MB | 852/920 kB
Progress (3): 2.8/12 MB | 0.9/4.2 MB | 868/920 kB
Progress (3): 2.8/12 MB | 0.9/4.2 MB | 885/920 kB
Progress (3): 2.8/12 MB | 0.9/4.2 MB | 885/920 kB
Progress (3): 2.8/12 MB | 0.9/4.2 MB | 900/920 kB
Progress (3): 2.8/12 MB | 0.9/4.2 MB | 900/920 kB
Progress (3): 2.8/12 MB | 0.9/4.2 MB | 900/920 kB
Progress (3): 2.8/12 MB | 0.9/4.2 MB | 900/920 kB
Progress (3): 2.9/12 MB | 0.9/4.2 MB | 900/920 kB
Progress (3): 2.9/12 MB | 0.9/4.2 MB | 917/920 kB
Progress (3): 2.9/12 MB | 1.0/4.2 MB | 917/920 kB
Progress (3): 2.9/12 MB | 1.0/4.2 MB | 917/920 kB
Progress (3): 2.9/12 MB | 1.0/4.2 MB | 920 kB    
Progress (3): 2.9/12 MB | 1.0/4.2 MB | 920 kB
Progress (3): 2.9/12 MB | 1.0/4.2 MB | 920 kB
Progress (3): 2.9/12 MB | 1.0/4.2 MB | 920 kB
Progress (3): 2.9/12 MB | 1.0/4.2 MB | 920 kB
                                             
Downloaded from central: https://repo.maven.apache.org/maven2/org/glassfish/jaxb/jaxb-runtime/4.0.5/jaxb-runtime-4.0.5.jar (920 kB at 930 kB/s)
#13 13.05 Downloading from central: https://repo.maven.apache.org/maven2/org/springframework/data/spring-data-jpa/3.2.4/spring-data-jpa-3.2.4.jar
#13 13.05 Progress (2): 2.9/12 MB | 1.0/4.2 MB
Progress (2): 2.9/12 MB | 1.0/4.2 MB
Progress (2): 2.9/12 MB | 1.0/4.2 MB
Progress (2): 2.9/12 MB | 1.0/4.2 MB
Progress (2): 2.9/12 MB | 1.0/4.2 MB
Progress (2): 2.9/12 MB | 1.1/4.2 MB
Progress (2): 2.9/12 MB | 1.1/4.2 MB
Progress (2): 3.0/12 MB | 1.1/4.2 MB
Progress (2): 3.0/12 MB | 1.1/4.2 MB
Progress (2): 3.0/12 MB | 1.1/4.2 MB
Progress (2): 3.0/12 MB | 1.1/4.2 MB
Progress (2): 3.0/12 MB | 1.1/4.2 MB
Progress (2): 3.0/12 MB | 1.1/4.2 MB
Progress (2): 3.0/12 MB | 1.1/4.2 MB
Progress (2): 3.0/12 MB | 1.1/4.2 MB
Progress (2): 3.0/12 MB | 1.1/4.2 MB
Progress (2): 3.0/12 MB | 1.1/4.2 MB
Progress (2): 3.0/12 MB | 1.1/4.2 MB
Progress (2): 3.0/12 MB | 1.2/4.2 MB
Progress (2): 3.0/12 MB | 1.2/4.2 MB
Progress (2): 3.1/12 MB | 1.2/4.2 MB
Progress (2): 3.1/12 MB | 1.2/4.2 MB
Progress (2): 3.1/12 MB | 1.2/4.2 MB
Progress (2): 3.1/12 MB | 1.2/4.2 MB
Progress (2): 3.1/12 MB | 1.2/4.2 MB
Progress (2): 3.1/12 MB | 1.2/4.2 MB
Progress (2): 3.1/12 MB | 1.2/4.2 MB
Progress (2): 3.1/12 MB | 1.2/4.2 MB
Progress (2): 3.1/12 MB | 1.2/4.2 MB
Progress (2): 3.1/12 MB | 1.2/4.2 MB
Progress (2): 3.2/12 MB | 1.2/4.2 MB
Progress (2): 3.2/12 MB | 1.2/4.2 MB
Progress (2): 3.2/12 MB | 1.3/4.2 MB
Progress (2): 3.2/12 MB | 1.3/4.2 MB
Progress (2): 3.2/12 MB | 1.3/4.2 MB
Progress (2): 3.2/12 MB | 1.3/4.2 MB
Progress (2): 3.2/12 MB | 1.3/4.2 MB
Progress (2): 3.2/12 MB | 1.3/4.2 MB
Progress (2): 3.2/12 MB | 1.3/4.2 MB
Progress (2): 3.2/12 MB | 1.3/4.2 MB
Progress (2): 3.2/12 MB | 1.3/4.2 MB
Progress (2): 3.3/12 MB | 1.3/4.2 MB
Progress (2): 3.3/12 MB | 1.3/4.2 MB
Progress (2): 3.3/12 MB | 1.3/4.2 MB
Progress (2): 3.3/12 MB | 1.3/4.2 MB
Progress (2): 3.3/12 MB | 1.4/4.2 MB
Progress (2): 3.3/12 MB | 1.4/4.2 MB
Progress (2): 3.3/12 MB | 1.4/4.2 MB
Progress (2): 3.3/12 MB | 1.4/4.2 MB
Progress (2): 3.3/12 MB | 1.4/4.2 MB
Progress (2): 3.3/12 MB | 1.4/4.2 MB
Progress (2): 3.3/12 MB | 1.4/4.2 MB
Progress (2): 3.3/12 MB | 1.4/4.2 MB
Progress (2): 3.4/12 MB | 1.4/4.2 MB
Progress (2): 3.4/12 MB | 1.4/4.2 MB
Progress (2): 3.4/12 MB | 1.4/4.2 MB
Progress (2): 3.4/12 MB | 1.4/4.2 MB
Progress (2): 3.4/12 MB | 1.4/4.2 MB
Progress (2): 3.4/12 MB | 1.4/4.2 MB
Progress (2): 3.4/12 MB | 1.5/4.2 MB
Progress (2): 3.4/12 MB | 1.5/4.2 MB
Progress (2): 3.4/12 MB | 1.5/4.2 MB
Progress (2): 3.5/12 MB | 1.5/4.2 MB
Progress (2): 3.5/12 MB | 1.5/4.2 MB
Progress (2): 3.5/12 MB | 1.5/4.2 MB
Progress (2): 3.5/12 MB | 1.5/4.2 MB
Progress (2): 3.5/12 MB | 1.5/4.2 MB
Progress (2): 3.5/12 MB | 1.5/4.2 MB
Progress (2): 3.5/12 MB | 1.5/4.2 MB
Progress (2): 3.5/12 MB | 1.5/4.2 MB
Progress (2): 3.5/12 MB | 1.5/4.2 MB
Progress (2): 3.5/12 MB | 1.5/4.2 MB
Progress (2): 3.5/12 MB | 1.6/4.2 MB
Progress (2): 3.5/12 MB | 1.6/4.2 MB
Progress (2): 3.5/12 MB | 1.6/4.2 MB
Progress (2): 3.5/12 MB | 1.6/4.2 MB
Progress (2): 3.5/12 MB | 1.6/4.2 MB
Progress (2): 3.5/12 MB | 1.6/4.2 MB
Progress (2): 3.6/12 MB | 1.6/4.2 MB
Progress (2): 3.6/12 MB | 1.6/4.2 MB
Progress (2): 3.6/12 MB | 1.6/4.2 MB
Progress (2): 3.6/12 MB | 1.6/4.2 MB
Progress (2): 3.6/12 MB | 1.6/4.2 MB
Progress (2): 3.6/12 MB | 1.6/4.2 MB
Progress (2): 3.6/12 MB | 1.7/4.2 MB
Progress (2): 3.6/12 MB | 1.7/4.2 MB
Progress (2): 3.6/12 MB | 1.7/4.2 MB
Progress (2): 3.6/12 MB | 1.7/4.2 MB
Progress (2): 3.6/12 MB | 1.7/4.2 MB
Progress (2): 3.6/12 MB | 1.7/4.2 MB
Progress (2): 3.6/12 MB | 1.7/4.2 MB
Progress (2): 3.6/12 MB | 1.7/4.2 MB
Progress (2): 3.6/12 MB | 1.7/4.2 MB
Progress (2): 3.6/12 MB | 1.8/4.2 MB
Progress (2): 3.7/12 MB | 1.8/4.2 MB
Progress (2): 3.7/12 MB | 1.8/4.2 MB
Progress (2): 3.7/12 MB | 1.8/4.2 MB
Progress (2): 3.7/12 MB | 1.8/4.2 MB
Progress (2): 3.7/12 MB | 1.8/4.2 MB
Progress (2): 3.7/12 MB | 1.8/4.2 MB
Progress (2): 3.7/12 MB | 1.8/4.2 MB
Progress (2): 3.7/12 MB | 1.8/4.2 MB
Progress (2): 3.7/12 MB | 1.8/4.2 MB
Progress (2): 3.7/12 MB | 1.9/4.2 MB
Progress (2): 3.7/12 MB | 1.9/4.2 MB
Progress (2): 3.7/12 MB | 1.9/4.2 MB
Progress (2): 3.7/12 MB | 1.9/4.2 MB
Progress (2): 3.7/12 MB | 1.9/4.2 MB
Progress (2): 3.7/12 MB | 1.9/4.2 MB
Progress (2): 3.7/12 MB | 1.9/4.2 MB
Progress (2): 3.8/12 MB | 1.9/4.2 MB
Progress (2): 3.8/12 MB | 1.9/4.2 MB
Progress (2): 3.8/12 MB | 1.9/4.2 MB
Progress (2): 3.8/12 MB | 2.0/4.2 MB
Progress (2): 3.8/12 MB | 2.0/4.2 MB
Progress (2): 3.8/12 MB | 2.0/4.2 MB
Progress (2): 3.8/12 MB | 2.0/4.2 MB
Progress (2): 3.8/12 MB | 2.0/4.2 MB
Progress (3): 3.8/12 MB | 2.0/4.2 MB | 7.7/326 kB
Progress (3): 3.8/12 MB | 2.0/4.2 MB | 7.7/326 kB
Progress (3): 3.8/12 MB | 2.0/4.2 MB | 7.7/326 kB
Progress (3): 3.8/12 MB | 2.0/4.2 MB | 24/326 kB 
Progress (3): 3.8/12 MB | 2.0/4.2 MB | 24/326 kB
Progress (3): 3.8/12 MB | 2.0/4.2 MB | 24/326 kB
Progress (3): 3.8/12 MB | 2.0/4.2 MB | 24/326 kB
Progress (4): 3.8/12 MB | 2.0/4.2 MB | 24/326 kB | 0/1.5 MB
Progress (4): 3.8/12 MB | 2.0/4.2 MB | 24/326 kB | 0/1.5 MB
Progress (4): 3.8/12 MB | 2.0/4.2 MB | 24/326 kB | 0/1.5 MB
Progress (4): 3.8/12 MB | 2.1/4.2 MB | 24/326 kB | 0/1.5 MB
Progress (4): 3.8/12 MB | 2.1/4.2 MB | 24/326 kB | 0/1.5 MB
Progress (4): 3.8/12 MB | 2.1/4.2 MB | 24/326 kB | 0/1.5 MB
Progress (4): 3.8/12 MB | 2.1/4.2 MB | 40/326 kB | 0/1.5 MB
Progress (4): 3.9/12 MB | 2.1/4.2 MB | 40/326 kB | 0/1.5 MB
Progress (4): 3.9/12 MB | 2.1/4.2 MB | 40/326 kB | 0/1.5 MB
Progress (4): 3.9/12 MB | 2.1/4.2 MB | 40/326 kB | 0/1.5 MB
Progress (4): 3.9/12 MB | 2.1/4.2 MB | 40/326 kB | 0/1.5 MB
Progress (5): 3.9/12 MB | 2.1/4.2 MB | 40/326 kB | 0/1.5 MB | 7.7/11 kB
Progress (5): 3.9/12 MB | 2.1/4.2 MB | 40/326 kB | 0/1.5 MB | 11 kB    
Progress (5): 3.9/12 MB | 2.1/4.2 MB | 40/326 kB | 0/1.5 MB | 11 kB
Progress (5): 3.9/12 MB | 2.1/4.2 MB | 40/326 kB | 0.1/1.5 MB | 11 kB
Progress (5): 3.9/12 MB | 2.1/4.2 MB | 40/326 kB | 0.1/1.5 MB | 11 kB
                                                                     
Downloaded from central: https://repo.maven.apache.org/maven2/jakarta/inject/jakarta.inject-api/2.0.1/jakarta.inject-api-2.0.1.jar (11 kB at 10 kB/s)
#13 13.11 Downloading from central: https://repo.maven.apache.org/maven2/org/springframework/data/spring-data-commons/3.2.4/spring-data-commons-3.2.4.jar
#13 13.11 Progress (4): 3.9/12 MB | 2.1/4.2 MB | 40/326 kB | 0.1/1.5 MB
Progress (4): 3.9/12 MB | 2.1/4.2 MB | 40/326 kB | 0.1/1.5 MB
Progress (4): 3.9/12 MB | 2.1/4.2 MB | 57/326 kB | 0.1/1.5 MB
Progress (4): 3.9/12 MB | 2.1/4.2 MB | 57/326 kB | 0.1/1.5 MB
Progress (4): 3.9/12 MB | 2.1/4.2 MB | 57/326 kB | 0.1/1.5 MB
Progress (4): 3.9/12 MB | 2.1/4.2 MB | 57/326 kB | 0.1/1.5 MB
Progress (4): 3.9/12 MB | 2.2/4.2 MB | 57/326 kB | 0.1/1.5 MB
Progress (4): 3.9/12 MB | 2.2/4.2 MB | 57/326 kB | 0.1/1.5 MB
Progress (4): 3.9/12 MB | 2.2/4.2 MB | 57/326 kB | 0.1/1.5 MB
Progress (4): 3.9/12 MB | 2.2/4.2 MB | 57/326 kB | 0.1/1.5 MB
Progress (4): 3.9/12 MB | 2.2/4.2 MB | 73/326 kB | 0.1/1.5 MB
Progress (4): 3.9/12 MB | 2.2/4.2 MB | 73/326 kB | 0.1/1.5 MB
Progress (4): 3.9/12 MB | 2.2/4.2 MB | 73/326 kB | 0.1/1.5 MB
Progress (4): 3.9/12 MB | 2.2/4.2 MB | 73/326 kB | 0.1/1.5 MB
Progress (4): 3.9/12 MB | 2.2/4.2 MB | 73/326 kB | 0.1/1.5 MB
Progress (4): 3.9/12 MB | 2.2/4.2 MB | 90/326 kB | 0.1/1.5 MB
Progress (4): 3.9/12 MB | 2.2/4.2 MB | 90/326 kB | 0.1/1.5 MB
Progress (4): 3.9/12 MB | 2.2/4.2 MB | 90/326 kB | 0.1/1.5 MB
Progress (4): 3.9/12 MB | 2.2/4.2 MB | 90/326 kB | 0.1/1.5 MB
Progress (4): 3.9/12 MB | 2.2/4.2 MB | 90/326 kB | 0.2/1.5 MB
Progress (4): 3.9/12 MB | 2.2/4.2 MB | 106/326 kB | 0.2/1.5 MB
Progress (4): 3.9/12 MB | 2.2/4.2 MB | 115/326 kB | 0.2/1.5 MB
Progress (4): 3.9/12 MB | 2.2/4.2 MB | 115/326 kB | 0.2/1.5 MB
Progress (4): 3.9/12 MB | 2.2/4.2 MB | 115/326 kB | 0.2/1.5 MB
Progress (4): 3.9/12 MB | 2.3/4.2 MB | 115/326 kB | 0.2/1.5 MB
Progress (4): 3.9/12 MB | 2.3/4.2 MB | 115/326 kB | 0.2/1.5 MB
Progress (4): 3.9/12 MB | 2.3/4.2 MB | 115/326 kB | 0.2/1.5 MB
Progress (4): 3.9/12 MB | 2.3/4.2 MB | 115/326 kB | 0.2/1.5 MB
Progress (4): 3.9/12 MB | 2.3/4.2 MB | 115/326 kB | 0.2/1.5 MB
Progress (4): 4.0/12 MB | 2.3/4.2 MB | 115/326 kB | 0.2/1.5 MB
Progress (4): 4.0/12 MB | 2.3/4.2 MB | 115/326 kB | 0.2/1.5 MB
Progress (4): 4.0/12 MB | 2.3/4.2 MB | 131/326 kB | 0.2/1.5 MB
Progress (4): 4.0/12 MB | 2.3/4.2 MB | 131/326 kB | 0.2/1.5 MB
Progress (4): 4.0/12 MB | 2.3/4.2 MB | 131/326 kB | 0.2/1.5 MB
Progress (4): 4.0/12 MB | 2.3/4.2 MB | 131/326 kB | 0.2/1.5 MB
Progress (4): 4.0/12 MB | 2.3/4.2 MB | 147/326 kB | 0.2/1.5 MB
Progress (4): 4.0/12 MB | 2.3/4.2 MB | 147/326 kB | 0.2/1.5 MB
Progress (4): 4.0/12 MB | 2.3/4.2 MB | 147/326 kB | 0.2/1.5 MB
Progress (4): 4.0/12 MB | 2.3/4.2 MB | 147/326 kB | 0.2/1.5 MB
Progress (4): 4.0/12 MB | 2.3/4.2 MB | 147/326 kB | 0.2/1.5 MB
Progress (4): 4.0/12 MB | 2.3/4.2 MB | 164/326 kB | 0.2/1.5 MB
Progress (4): 4.0/12 MB | 2.3/4.2 MB | 180/326 kB | 0.2/1.5 MB
Progress (4): 4.0/12 MB | 2.4/4.2 MB | 180/326 kB | 0.2/1.5 MB
Progress (4): 4.0/12 MB | 2.4/4.2 MB | 180/326 kB | 0.2/1.5 MB
Progress (4): 4.0/12 MB | 2.4/4.2 MB | 197/326 kB | 0.2/1.5 MB
Progress (4): 4.0/12 MB | 2.4/4.2 MB | 213/326 kB | 0.2/1.5 MB
Progress (4): 4.0/12 MB | 2.4/4.2 MB | 213/326 kB | 0.2/1.5 MB
Progress (4): 4.0/12 MB | 2.4/4.2 MB | 213/326 kB | 0.2/1.5 MB
Progress (4): 4.0/12 MB | 2.4/4.2 MB | 213/326 kB | 0.2/1.5 MB
Progress (4): 4.0/12 MB | 2.4/4.2 MB | 229/326 kB | 0.2/1.5 MB
Progress (4): 4.0/12 MB | 2.4/4.2 MB | 229/326 kB | 0.3/1.5 MB
Progress (4): 4.0/12 MB | 2.4/4.2 MB | 229/326 kB | 0.3/1.5 MB
Progress (4): 4.0/12 MB | 2.4/4.2 MB | 246/326 kB | 0.3/1.5 MB
Progress (4): 4.0/12 MB | 2.4/4.2 MB | 246/326 kB | 0.3/1.5 MB
Progress (4): 4.0/12 MB | 2.4/4.2 MB | 246/326 kB | 0.3/1.5 MB
Progress (4): 4.1/12 MB | 2.4/4.2 MB | 246/326 kB | 0.3/1.5 MB
Progress (4): 4.1/12 MB | 2.4/4.2 MB | 262/326 kB | 0.3/1.5 MB
Progress (4): 4.1/12 MB | 2.4/4.2 MB | 266/326 kB | 0.3/1.5 MB
Progress (4): 4.1/12 MB | 2.4/4.2 MB | 283/326 kB | 0.3/1.5 MB
Progress (4): 4.1/12 MB | 2.4/4.2 MB | 283/326 kB | 0.3/1.5 MB
Progress (4): 4.1/12 MB | 2.4/4.2 MB | 283/326 kB | 0.3/1.5 MB
Progress (4): 4.1/12 MB | 2.4/4.2 MB | 295/326 kB | 0.3/1.5 MB
Progress (4): 4.1/12 MB | 2.4/4.2 MB | 295/326 kB | 0.3/1.5 MB
Progress (4): 4.1/12 MB | 2.4/4.2 MB | 295/326 kB | 0.3/1.5 MB
Progress (4): 4.1/12 MB | 2.4/4.2 MB | 295/326 kB | 0.3/1.5 MB
Progress (4): 4.1/12 MB | 2.4/4.2 MB | 311/326 kB | 0.3/1.5 MB
Progress (4): 4.1/12 MB | 2.4/4.2 MB | 311/326 kB | 0.3/1.5 MB
Progress (4): 4.1/12 MB | 2.4/4.2 MB | 326 kB | 0.3/1.5 MB    
Progress (4): 4.1/12 MB | 2.4/4.2 MB | 326 kB | 0.3/1.5 MB
Progress (4): 4.1/12 MB | 2.4/4.2 MB | 326 kB | 0.3/1.5 MB
Progress (4): 4.1/12 MB | 2.4/4.2 MB | 326 kB | 0.4/1.5 MB
                                                          
Downloaded from central: https://repo.maven.apache.org/maven2/org/antlr/antlr4-runtime/4.13.0/antlr4-runtime-4.13.0.jar (326 kB at 306 kB/s)
#13 13.13 Downloading from central: https://repo.maven.apache.org/maven2/org/springframework/spring-orm/6.1.5/spring-orm-6.1.5.jar
#13 13.13 Progress (3): 4.1/12 MB | 2.4/4.2 MB | 0.4/1.5 MB
Progress (3): 4.1/12 MB | 2.4/4.2 MB | 0.4/1.5 MB
Progress (3): 4.1/12 MB | 2.4/4.2 MB | 0.4/1.5 MB
Progress (3): 4.1/12 MB | 2.4/4.2 MB | 0.4/1.5 MB
Progress (3): 4.1/12 MB | 2.4/4.2 MB | 0.4/1.5 MB
Progress (3): 4.2/12 MB | 2.4/4.2 MB | 0.4/1.5 MB
Progress (3): 4.2/12 MB | 2.4/4.2 MB | 0.4/1.5 MB
Progress (3): 4.2/12 MB | 2.4/4.2 MB | 0.4/1.5 MB
Progress (3): 4.2/12 MB | 2.4/4.2 MB | 0.4/1.5 MB
Progress (3): 4.2/12 MB | 2.4/4.2 MB | 0.4/1.5 MB
Progress (3): 4.2/12 MB | 2.4/4.2 MB | 0.4/1.5 MB
Progress (3): 4.2/12 MB | 2.4/4.2 MB | 0.4/1.5 MB
Progress (3): 4.2/12 MB | 2.4/4.2 MB | 0.4/1.5 MB
Progress (3): 4.2/12 MB | 2.4/4.2 MB | 0.4/1.5 MB
Progress (3): 4.2/12 MB | 2.4/4.2 MB | 0.4/1.5 MB
Progress (3): 4.2/12 MB | 2.4/4.2 MB | 0.4/1.5 MB
Progress (3): 4.2/12 MB | 2.4/4.2 MB | 0.4/1.5 MB
Progress (3): 4.2/12 MB | 2.4/4.2 MB | 0.4/1.5 MB
Progress (3): 4.2/12 MB | 2.4/4.2 MB | 0.5/1.5 MB
Progress (3): 4.3/12 MB | 2.4/4.2 MB | 0.5/1.5 MB
Progress (3): 4.3/12 MB | 2.4/4.2 MB | 0.5/1.5 MB
Progress (3): 4.3/12 MB | 2.5/4.2 MB | 0.5/1.5 MB
Progress (3): 4.3/12 MB | 2.5/4.2 MB | 0.5/1.5 MB
Progress (3): 4.3/12 MB | 2.5/4.2 MB | 0.5/1.5 MB
Progress (3): 4.3/12 MB | 2.5/4.2 MB | 0.5/1.5 MB
Progress (3): 4.3/12 MB | 2.5/4.2 MB | 0.5/1.5 MB
Progress (3): 4.3/12 MB | 2.5/4.2 MB | 0.5/1.5 MB
Progress (3): 4.3/12 MB | 2.5/4.2 MB | 0.5/1.5 MB
Progress (3): 4.3/12 MB | 2.5/4.2 MB | 0.5/1.5 MB
Progress (3): 4.3/12 MB | 2.5/4.2 MB | 0.5/1.5 MB
Progress (3): 4.3/12 MB | 2.5/4.2 MB | 0.5/1.5 MB
Progress (3): 4.3/12 MB | 2.5/4.2 MB | 0.5/1.5 MB
Progress (3): 4.3/12 MB | 2.5/4.2 MB | 0.5/1.5 MB
Progress (3): 4.4/12 MB | 2.5/4.2 MB | 0.5/1.5 MB
Progress (3): 4.4/12 MB | 2.5/4.2 MB | 0.6/1.5 MB
Progress (4): 4.4/12 MB | 2.5/4.2 MB | 0.6/1.5 MB | 0/1.4 MB
Progress (4): 4.4/12 MB | 2.5/4.2 MB | 0.6/1.5 MB | 0/1.4 MB
Progress (4): 4.4/12 MB | 2.5/4.2 MB | 0.6/1.5 MB | 0/1.4 MB
Progress (4): 4.4/12 MB | 2.5/4.2 MB | 0.6/1.5 MB | 0/1.4 MB
Progress (4): 4.4/12 MB | 2.5/4.2 MB | 0.6/1.5 MB | 0/1.4 MB
Progress (4): 4.4/12 MB | 2.5/4.2 MB | 0.6/1.5 MB | 0/1.4 MB
Progress (4): 4.4/12 MB | 2.5/4.2 MB | 0.6/1.5 MB | 0/1.4 MB
Progress (4): 4.4/12 MB | 2.5/4.2 MB | 0.6/1.5 MB | 0/1.4 MB
Progress (4): 4.4/12 MB | 2.5/4.2 MB | 0.6/1.5 MB | 0/1.4 MB
Progress (4): 4.4/12 MB | 2.5/4.2 MB | 0.6/1.5 MB | 0/1.4 MB
Progress (4): 4.4/12 MB | 2.5/4.2 MB | 0.6/1.5 MB | 0/1.4 MB
Progress (4): 4.4/12 MB | 2.5/4.2 MB | 0.6/1.5 MB | 0/1.4 MB
Progress (4): 4.4/12 MB | 2.6/4.2 MB | 0.6/1.5 MB | 0/1.4 MB
Progress (4): 4.4/12 MB | 2.6/4.2 MB | 0.6/1.5 MB | 0/1.4 MB
Progress (4): 4.4/12 MB | 2.6/4.2 MB | 0.6/1.5 MB | 0/1.4 MB
Progress (4): 4.4/12 MB | 2.6/4.2 MB | 0.6/1.5 MB | 0/1.4 MB
Progress (4): 4.4/12 MB | 2.6/4.2 MB | 0.6/1.5 MB | 0/1.4 MB
Progress (4): 4.4/12 MB | 2.6/4.2 MB | 0.6/1.5 MB | 0/1.4 MB
Progress (4): 4.4/12 MB | 2.6/4.2 MB | 0.7/1.5 MB | 0/1.4 MB
Progress (4): 4.4/12 MB | 2.6/4.2 MB | 0.7/1.5 MB | 0/1.4 MB
Progress (4): 4.4/12 MB | 2.6/4.2 MB | 0.7/1.5 MB | 0/1.4 MB
Progress (4): 4.4/12 MB | 2.6/4.2 MB | 0.7/1.5 MB | 0/1.4 MB
Progress (4): 4.4/12 MB | 2.6/4.2 MB | 0.7/1.5 MB | 0/1.4 MB
Progress (4): 4.4/12 MB | 2.6/4.2 MB | 0.7/1.5 MB | 0/1.4 MB
Progress (4): 4.4/12 MB | 2.6/4.2 MB | 0.7/1.5 MB | 0/1.4 MB
Progress (4): 4.5/12 MB | 2.6/4.2 MB | 0.7/1.5 MB | 0/1.4 MB
Progress (4): 4.5/12 MB | 2.6/4.2 MB | 0.7/1.5 MB | 0.1/1.4 MB
Progress (4): 4.5/12 MB | 2.6/4.2 MB | 0.7/1.5 MB | 0.1/1.4 MB
Progress (4): 4.5/12 MB | 2.6/4.2 MB | 0.8/1.5 MB | 0.1/1.4 MB
Progress (4): 4.5/12 MB | 2.6/4.2 MB | 0.8/1.5 MB | 0.1/1.4 MB
Progress (4): 4.5/12 MB | 2.6/4.2 MB | 0.8/1.5 MB | 0.1/1.4 MB
Progress (4): 4.5/12 MB | 2.6/4.2 MB | 0.8/1.5 MB | 0.1/1.4 MB
Progress (5): 4.5/12 MB | 2.6/4.2 MB | 0.8/1.5 MB | 0.1/1.4 MB | 7.7/237 kB
Progress (5): 4.5/12 MB | 2.6/4.2 MB | 0.8/1.5 MB | 0.1/1.4 MB | 11/237 kB 
Progress (5): 4.5/12 MB | 2.6/4.2 MB | 0.8/1.5 MB | 0.1/1.4 MB | 11/237 kB
Progress (5): 4.5/12 MB | 2.6/4.2 MB | 0.8/1.5 MB | 0.1/1.4 MB | 11/237 kB
Progress (5): 4.5/12 MB | 2.6/4.2 MB | 0.8/1.5 MB | 0.1/1.4 MB | 11/237 kB
Progress (5): 4.5/12 MB | 2.6/4.2 MB | 0.8/1.5 MB | 0.1/1.4 MB | 11/237 kB
Progress (5): 4.5/12 MB | 2.6/4.2 MB | 0.8/1.5 MB | 0.1/1.4 MB | 11/237 kB
Progress (5): 4.5/12 MB | 2.6/4.2 MB | 0.8/1.5 MB | 0.1/1.4 MB | 11/237 kB
Progress (5): 4.5/12 MB | 2.6/4.2 MB | 0.8/1.5 MB | 0.1/1.4 MB | 11/237 kB
Progress (5): 4.5/12 MB | 2.6/4.2 MB | 0.8/1.5 MB | 0.1/1.4 MB | 11/237 kB
Progress (5): 4.5/12 MB | 2.6/4.2 MB | 0.8/1.5 MB | 0.1/1.4 MB | 11/237 kB
Progress (5): 4.5/12 MB | 2.6/4.2 MB | 0.8/1.5 MB | 0.1/1.4 MB | 11/237 kB
Progress (5): 4.5/12 MB | 2.6/4.2 MB | 0.8/1.5 MB | 0.1/1.4 MB | 28/237 kB
Progress (5): 4.5/12 MB | 2.6/4.2 MB | 0.8/1.5 MB | 0.1/1.4 MB | 28/237 kB
Progress (5): 4.5/12 MB | 2.6/4.2 MB | 0.9/1.5 MB | 0.1/1.4 MB | 28/237 kB
Progress (5): 4.5/12 MB | 2.6/4.2 MB | 0.9/1.5 MB | 0.1/1.4 MB | 28/237 kB
Progress (5): 4.5/12 MB | 2.6/4.2 MB | 0.9/1.5 MB | 0.1/1.4 MB | 28/237 kB
Progress (5): 4.5/12 MB | 2.7/4.2 MB | 0.9/1.5 MB | 0.1/1.4 MB | 28/237 kB
Progress (5): 4.5/12 MB | 2.7/4.2 MB | 0.9/1.5 MB | 0.1/1.4 MB | 28/237 kB
Progress (5): 4.5/12 MB | 2.7/4.2 MB | 0.9/1.5 MB | 0.1/1.4 MB | 44/237 kB
Progress (5): 4.5/12 MB | 2.7/4.2 MB | 0.9/1.5 MB | 0.1/1.4 MB | 44/237 kB
Progress (5): 4.5/12 MB | 2.7/4.2 MB | 0.9/1.5 MB | 0.2/1.4 MB | 44/237 kB
Progress (5): 4.5/12 MB | 2.7/4.2 MB | 0.9/1.5 MB | 0.2/1.4 MB | 44/237 kB
Progress (5): 4.5/12 MB | 2.7/4.2 MB | 0.9/1.5 MB | 0.2/1.4 MB | 44/237 kB
Progress (5): 4.5/12 MB | 2.7/4.2 MB | 0.9/1.5 MB | 0.2/1.4 MB | 44/237 kB
Progress (5): 4.5/12 MB | 2.7/4.2 MB | 0.9/1.5 MB | 0.2/1.4 MB | 61/237 kB
Progress (5): 4.5/12 MB | 2.7/4.2 MB | 0.9/1.5 MB | 0.2/1.4 MB | 61/237 kB
Progress (5): 4.5/12 MB | 2.7/4.2 MB | 0.9/1.5 MB | 0.2/1.4 MB | 61/237 kB
Progress (5): 4.5/12 MB | 2.7/4.2 MB | 0.9/1.5 MB | 0.2/1.4 MB | 61/237 kB
Progress (5): 4.5/12 MB | 2.7/4.2 MB | 0.9/1.5 MB | 0.2/1.4 MB | 77/237 kB
Progress (5): 4.5/12 MB | 2.7/4.2 MB | 0.9/1.5 MB | 0.2/1.4 MB | 77/237 kB
Progress (5): 4.5/12 MB | 2.7/4.2 MB | 0.9/1.5 MB | 0.2/1.4 MB | 77/237 kB
Progress (5): 4.5/12 MB | 2.7/4.2 MB | 0.9/1.5 MB | 0.2/1.4 MB | 77/237 kB
Progress (5): 4.5/12 MB | 2.7/4.2 MB | 0.9/1.5 MB | 0.2/1.4 MB | 77/237 kB
Progress (5): 4.6/12 MB | 2.7/4.2 MB | 0.9/1.5 MB | 0.2/1.4 MB | 77/237 kB
Progress (5): 4.6/12 MB | 2.7/4.2 MB | 0.9/1.5 MB | 0.2/1.4 MB | 77/237 kB
Progress (5): 4.6/12 MB | 2.7/4.2 MB | 0.9/1.5 MB | 0.2/1.4 MB | 77/237 kB
Progress (5): 4.6/12 MB | 2.7/4.2 MB | 0.9/1.5 MB | 0.2/1.4 MB | 93/237 kB
Progress (5): 4.6/12 MB | 2.7/4.2 MB | 0.9/1.5 MB | 0.2/1.4 MB | 93/237 kB
Progress (5): 4.6/12 MB | 2.7/4.2 MB | 0.9/1.5 MB | 0.2/1.4 MB | 93/237 kB
Progress (5): 4.6/12 MB | 2.7/4.2 MB | 0.9/1.5 MB | 0.2/1.4 MB | 93/237 kB
Progress (5): 4.6/12 MB | 2.7/4.2 MB | 0.9/1.5 MB | 0.2/1.4 MB | 110/237 kB
Progress (5): 4.6/12 MB | 2.7/4.2 MB | 0.9/1.5 MB | 0.2/1.4 MB | 110/237 kB
Progress (5): 4.6/12 MB | 2.7/4.2 MB | 0.9/1.5 MB | 0.2/1.4 MB | 110/237 kB
Progress (5): 4.6/12 MB | 2.7/4.2 MB | 0.9/1.5 MB | 0.3/1.4 MB | 110/237 kB
Progress (5): 4.6/12 MB | 2.7/4.2 MB | 0.9/1.5 MB | 0.3/1.4 MB | 126/237 kB
Progress (5): 4.6/12 MB | 2.7/4.2 MB | 1.0/1.5 MB | 0.3/1.4 MB | 126/237 kB
Progress (5): 4.6/12 MB | 2.7/4.2 MB | 1.0/1.5 MB | 0.3/1.4 MB | 126/237 kB
Progress (5): 4.6/12 MB | 2.7/4.2 MB | 1.0/1.5 MB | 0.3/1.4 MB | 142/237 kB
Progress (5): 4.6/12 MB | 2.7/4.2 MB | 1.0/1.5 MB | 0.3/1.4 MB | 142/237 kB
Progress (5): 4.6/12 MB | 2.7/4.2 MB | 1.0/1.5 MB | 0.3/1.4 MB | 142/237 kB
Progress (5): 4.6/12 MB | 2.7/4.2 MB | 1.0/1.5 MB | 0.3/1.4 MB | 142/237 kB
Progress (5): 4.6/12 MB | 2.7/4.2 MB | 1.0/1.5 MB | 0.3/1.4 MB | 159/237 kB
Progress (5): 4.6/12 MB | 2.7/4.2 MB | 1.0/1.5 MB | 0.3/1.4 MB | 159/237 kB
Progress (5): 4.6/12 MB | 2.7/4.2 MB | 1.0/1.5 MB | 0.3/1.4 MB | 159/237 kB
Progress (5): 4.6/12 MB | 2.7/4.2 MB | 1.0/1.5 MB | 0.3/1.4 MB | 159/237 kB
Progress (5): 4.7/12 MB | 2.7/4.2 MB | 1.0/1.5 MB | 0.3/1.4 MB | 159/237 kB
Progress (5): 4.7/12 MB | 2.7/4.2 MB | 1.0/1.5 MB | 0.3/1.4 MB | 159/237 kB
Progress (5): 4.7/12 MB | 2.7/4.2 MB | 1.0/1.5 MB | 0.3/1.4 MB | 159/237 kB
Progress (5): 4.7/12 MB | 2.7/4.2 MB | 1.0/1.5 MB | 0.3/1.4 MB | 175/237 kB
Progress (5): 4.7/12 MB | 2.7/4.2 MB | 1.0/1.5 MB | 0.3/1.4 MB | 175/237 kB
Progress (5): 4.7/12 MB | 2.7/4.2 MB | 1.0/1.5 MB | 0.3/1.4 MB | 175/237 kB
Progress (5): 4.7/12 MB | 2.7/4.2 MB | 1.0/1.5 MB | 0.3/1.4 MB | 175/237 kB
Progress (5): 4.7/12 MB | 2.7/4.2 MB | 1.0/1.5 MB | 0.3/1.4 MB | 192/237 kB
Progress (5): 4.7/12 MB | 2.7/4.2 MB | 1.0/1.5 MB | 0.3/1.4 MB | 192/237 kB
Progress (5): 4.7/12 MB | 2.7/4.2 MB | 1.0/1.5 MB | 0.3/1.4 MB | 192/237 kB
Progress (5): 4.7/12 MB | 2.7/4.2 MB | 1.0/1.5 MB | 0.3/1.4 MB | 208/237 kB
Progress (5): 4.7/12 MB | 2.7/4.2 MB | 1.0/1.5 MB | 0.3/1.4 MB | 208/237 kB
Progress (5): 4.7/12 MB | 2.7/4.2 MB | 1.0/1.5 MB | 0.3/1.4 MB | 208/237 kB
Progress (5): 4.7/12 MB | 2.7/4.2 MB | 1.0/1.5 MB | 0.3/1.4 MB | 224/237 kB
Progress (5): 4.7/12 MB | 2.7/4.2 MB | 1.1/1.5 MB | 0.3/1.4 MB | 224/237 kB
Progress (5): 4.7/12 MB | 2.7/4.2 MB | 1.1/1.5 MB | 0.3/1.4 MB | 224/237 kB
Progress (5): 4.7/12 MB | 2.7/4.2 MB | 1.1/1.5 MB | 0.3/1.4 MB | 224/237 kB
Progress (5): 4.7/12 MB | 2.7/4.2 MB | 1.1/1.5 MB | 0.3/1.4 MB | 237 kB    
Progress (5): 4.7/12 MB | 2.7/4.2 MB | 1.1/1.5 MB | 0.3/1.4 MB | 237 kB
                                                                       
Downloaded from central: https://repo.maven.apache.org/maven2/org/springframework/spring-orm/6.1.5/spring-orm-6.1.5.jar (237 kB at 211 kB/s)
#13 13.19 Progress (4): 4.7/12 MB | 2.7/4.2 MB | 1.1/1.5 MB | 0.4/1.4 MB
                                                              
Downloading from central: https://repo.maven.apache.org/maven2/org/springframework/spring-tx/6.1.5/spring-tx-6.1.5.jar
#13 13.19 Progress (4): 4.8/12 MB | 2.7/4.2 MB | 1.1/1.5 MB | 0.4/1.4 MB
Progress (4): 4.8/12 MB | 2.7/4.2 MB | 1.1/1.5 MB | 0.4/1.4 MB
Progress (4): 4.8/12 MB | 2.7/4.2 MB | 1.1/1.5 MB | 0.4/1.4 MB
Progress (4): 4.8/12 MB | 2.7/4.2 MB | 1.1/1.5 MB | 0.4/1.4 MB
Progress (4): 4.8/12 MB | 2.7/4.2 MB | 1.1/1.5 MB | 0.4/1.4 MB
Progress (4): 4.8/12 MB | 2.7/4.2 MB | 1.1/1.5 MB | 0.4/1.4 MB
Progress (4): 4.8/12 MB | 2.7/4.2 MB | 1.1/1.5 MB | 0.4/1.4 MB
Progress (4): 4.8/12 MB | 2.7/4.2 MB | 1.1/1.5 MB | 0.4/1.4 MB
Progress (4): 4.8/12 MB | 2.7/4.2 MB | 1.1/1.5 MB | 0.4/1.4 MB
Progress (4): 4.8/12 MB | 2.7/4.2 MB | 1.1/1.5 MB | 0.4/1.4 MB
Progress (4): 4.8/12 MB | 2.7/4.2 MB | 1.1/1.5 MB | 0.4/1.4 MB
Progress (4): 4.8/12 MB | 2.7/4.2 MB | 1.1/1.5 MB | 0.4/1.4 MB
Progress (4): 4.8/12 MB | 2.7/4.2 MB | 1.1/1.5 MB | 0.4/1.4 MB
Progress (4): 4.8/12 MB | 2.7/4.2 MB | 1.1/1.5 MB | 0.4/1.4 MB
Progress (4): 4.8/12 MB | 2.7/4.2 MB | 1.1/1.5 MB | 0.4/1.4 MB
Progress (4): 4.8/12 MB | 2.7/4.2 MB | 1.1/1.5 MB | 0.4/1.4 MB
Progress (4): 4.8/12 MB | 2.7/4.2 MB | 1.1/1.5 MB | 0.4/1.4 MB
Progress (4): 4.8/12 MB | 2.7/4.2 MB | 1.1/1.5 MB | 0.4/1.4 MB
Progress (4): 4.8/12 MB | 2.7/4.2 MB | 1.1/1.5 MB | 0.5/1.4 MB
Progress (4): 4.8/12 MB | 2.7/4.2 MB | 1.2/1.5 MB | 0.5/1.4 MB
Progress (4): 4.8/12 MB | 2.7/4.2 MB | 1.2/1.5 MB | 0.5/1.4 MB
Progress (4): 4.8/12 MB | 2.7/4.2 MB | 1.2/1.5 MB | 0.5/1.4 MB
Progress (4): 4.8/12 MB | 2.7/4.2 MB | 1.2/1.5 MB | 0.5/1.4 MB
Progress (4): 4.8/12 MB | 2.7/4.2 MB | 1.2/1.5 MB | 0.5/1.4 MB
Progress (4): 4.8/12 MB | 2.7/4.2 MB | 1.2/1.5 MB | 0.5/1.4 MB
Progress (4): 4.8/12 MB | 2.7/4.2 MB | 1.2/1.5 MB | 0.5/1.4 MB
Progress (4): 4.9/12 MB | 2.7/4.2 MB | 1.2/1.5 MB | 0.5/1.4 MB
Progress (4): 4.9/12 MB | 2.7/4.2 MB | 1.2/1.5 MB | 0.5/1.4 MB
Progress (4): 4.9/12 MB | 2.7/4.2 MB | 1.2/1.5 MB | 0.5/1.4 MB
Progress (4): 4.9/12 MB | 2.7/4.2 MB | 1.2/1.5 MB | 0.5/1.4 MB
Progress (4): 4.9/12 MB | 2.7/4.2 MB | 1.2/1.5 MB | 0.5/1.4 MB
Progress (4): 4.9/12 MB | 2.8/4.2 MB | 1.2/1.5 MB | 0.5/1.4 MB
Progress (4): 4.9/12 MB | 2.8/4.2 MB | 1.2/1.5 MB | 0.6/1.4 MB
Progress (4): 4.9/12 MB | 2.8/4.2 MB | 1.2/1.5 MB | 0.6/1.4 MB
Progress (4): 4.9/12 MB | 2.8/4.2 MB | 1.2/1.5 MB | 0.6/1.4 MB
Progress (4): 4.9/12 MB | 2.8/4.2 MB | 1.2/1.5 MB | 0.6/1.4 MB
Progress (4): 4.9/12 MB | 2.8/4.2 MB | 1.2/1.5 MB | 0.6/1.4 MB
Progress (4): 4.9/12 MB | 2.8/4.2 MB | 1.2/1.5 MB | 0.6/1.4 MB
Progress (4): 4.9/12 MB | 2.8/4.2 MB | 1.2/1.5 MB | 0.6/1.4 MB
Progress (4): 4.9/12 MB | 2.8/4.2 MB | 1.2/1.5 MB | 0.6/1.4 MB
Progress (4): 4.9/12 MB | 2.8/4.2 MB | 1.2/1.5 MB | 0.6/1.4 MB
Progress (4): 4.9/12 MB | 2.8/4.2 MB | 1.2/1.5 MB | 0.6/1.4 MB
Progress (4): 5.0/12 MB | 2.8/4.2 MB | 1.2/1.5 MB | 0.6/1.4 MB
Progress (4): 5.0/12 MB | 2.8/4.2 MB | 1.2/1.5 MB | 0.6/1.4 MB
Progress (4): 5.0/12 MB | 2.8/4.2 MB | 1.2/1.5 MB | 0.6/1.4 MB
Progress (4): 5.0/12 MB | 2.8/4.2 MB | 1.2/1.5 MB | 0.6/1.4 MB
Progress (4): 5.0/12 MB | 2.8/4.2 MB | 1.2/1.5 MB | 0.6/1.4 MB
Progress (4): 5.0/12 MB | 2.8/4.2 MB | 1.2/1.5 MB | 0.6/1.4 MB
Progress (4): 5.0/12 MB | 2.8/4.2 MB | 1.2/1.5 MB | 0.6/1.4 MB
Progress (4): 5.0/12 MB | 2.8/4.2 MB | 1.2/1.5 MB | 0.6/1.4 MB
Progress (4): 5.0/12 MB | 2.8/4.2 MB | 1.2/1.5 MB | 0.6/1.4 MB
Progress (4): 5.0/12 MB | 2.8/4.2 MB | 1.2/1.5 MB | 0.7/1.4 MB
Progress (4): 5.0/12 MB | 2.8/4.2 MB | 1.2/1.5 MB | 0.7/1.4 MB
Progress (4): 5.0/12 MB | 2.8/4.2 MB | 1.2/1.5 MB | 0.7/1.4 MB
Progress (4): 5.0/12 MB | 2.8/4.2 MB | 1.2/1.5 MB | 0.7/1.4 MB
Progress (4): 5.0/12 MB | 2.9/4.2 MB | 1.2/1.5 MB | 0.7/1.4 MB
Progress (4): 5.0/12 MB | 2.9/4.2 MB | 1.2/1.5 MB | 0.7/1.4 MB
Progress (4): 5.0/12 MB | 2.9/4.2 MB | 1.2/1.5 MB | 0.7/1.4 MB
Progress (4): 5.0/12 MB | 2.9/4.2 MB | 1.2/1.5 MB | 0.7/1.4 MB
Progress (4): 5.0/12 MB | 2.9/4.2 MB | 1.2/1.5 MB | 0.7/1.4 MB
Progress (4): 5.0/12 MB | 2.9/4.2 MB | 1.2/1.5 MB | 0.7/1.4 MB
Progress (4): 5.0/12 MB | 2.9/4.2 MB | 1.2/1.5 MB | 0.7/1.4 MB
Progress (4): 5.0/12 MB | 2.9/4.2 MB | 1.2/1.5 MB | 0.7/1.4 MB
Progress (4): 5.0/12 MB | 2.9/4.2 MB | 1.2/1.5 MB | 0.7/1.4 MB
Progress (4): 5.0/12 MB | 2.9/4.2 MB | 1.2/1.5 MB | 0.7/1.4 MB
Progress (4): 5.0/12 MB | 2.9/4.2 MB | 1.3/1.5 MB | 0.7/1.4 MB
Progress (4): 5.0/12 MB | 2.9/4.2 MB | 1.3/1.5 MB | 0.7/1.4 MB
Progress (4): 5.0/12 MB | 2.9/4.2 MB | 1.3/1.5 MB | 0.8/1.4 MB
Progress (4): 5.1/12 MB | 2.9/4.2 MB | 1.3/1.5 MB | 0.8/1.4 MB
Progress (4): 5.1/12 MB | 2.9/4.2 MB | 1.3/1.5 MB | 0.8/1.4 MB
Progress (4): 5.1/12 MB | 2.9/4.2 MB | 1.3/1.5 MB | 0.8/1.4 MB
Progress (4): 5.1/12 MB | 2.9/4.2 MB | 1.3/1.5 MB | 0.8/1.4 MB
Progress (4): 5.1/12 MB | 2.9/4.2 MB | 1.3/1.5 MB | 0.8/1.4 MB
Progress (4): 5.1/12 MB | 2.9/4.2 MB | 1.3/1.5 MB | 0.8/1.4 MB
Progress (4): 5.1/12 MB | 2.9/4.2 MB | 1.3/1.5 MB | 0.8/1.4 MB
Progress (4): 5.1/12 MB | 2.9/4.2 MB | 1.3/1.5 MB | 0.8/1.4 MB
Progress (4): 5.1/12 MB | 2.9/4.2 MB | 1.3/1.5 MB | 0.8/1.4 MB
Progress (4): 5.1/12 MB | 2.9/4.2 MB | 1.3/1.5 MB | 0.8/1.4 MB
Progress (5): 5.1/12 MB | 2.9/4.2 MB | 1.3/1.5 MB | 0.8/1.4 MB | 7.7/284 kB
Progress (5): 5.1/12 MB | 2.9/4.2 MB | 1.3/1.5 MB | 0.8/1.4 MB | 11/284 kB 
Progress (5): 5.1/12 MB | 2.9/4.2 MB | 1.3/1.5 MB | 0.8/1.4 MB | 11/284 kB
Progress (5): 5.1/12 MB | 2.9/4.2 MB | 1.3/1.5 MB | 0.8/1.4 MB | 11/284 kB
Progress (5): 5.1/12 MB | 2.9/4.2 MB | 1.3/1.5 MB | 0.8/1.4 MB | 28/284 kB
Progress (5): 5.1/12 MB | 2.9/4.2 MB | 1.3/1.5 MB | 0.8/1.4 MB | 28/284 kB
Progress (5): 5.1/12 MB | 2.9/4.2 MB | 1.3/1.5 MB | 0.8/1.4 MB | 28/284 kB
Progress (5): 5.1/12 MB | 2.9/4.2 MB | 1.3/1.5 MB | 0.8/1.4 MB | 28/284 kB
Progress (5): 5.1/12 MB | 2.9/4.2 MB | 1.4/1.5 MB | 0.8/1.4 MB | 28/284 kB
Progress (5): 5.2/12 MB | 2.9/4.2 MB | 1.4/1.5 MB | 0.8/1.4 MB | 28/284 kB
Progress (5): 5.2/12 MB | 2.9/4.2 MB | 1.4/1.5 MB | 0.8/1.4 MB | 28/284 kB
Progress (5): 5.2/12 MB | 2.9/4.2 MB | 1.4/1.5 MB | 0.8/1.4 MB | 44/284 kB
Progress (5): 5.2/12 MB | 2.9/4.2 MB | 1.4/1.5 MB | 0.8/1.4 MB | 44/284 kB
Progress (5): 5.2/12 MB | 2.9/4.2 MB | 1.4/1.5 MB | 0.8/1.4 MB | 44/284 kB
Progress (5): 5.2/12 MB | 2.9/4.2 MB | 1.4/1.5 MB | 0.9/1.4 MB | 44/284 kB
Progress (5): 5.2/12 MB | 2.9/4.2 MB | 1.4/1.5 MB | 0.9/1.4 MB | 61/284 kB
Progress (5): 5.2/12 MB | 2.9/4.2 MB | 1.4/1.5 MB | 0.9/1.4 MB | 61/284 kB
Progress (5): 5.2/12 MB | 2.9/4.2 MB | 1.4/1.5 MB | 0.9/1.4 MB | 61/284 kB
Progress (5): 5.2/12 MB | 2.9/4.2 MB | 1.4/1.5 MB | 0.9/1.4 MB | 61/284 kB
Progress (5): 5.2/12 MB | 2.9/4.2 MB | 1.4/1.5 MB | 0.9/1.4 MB | 61/284 kB
Progress (5): 5.2/12 MB | 2.9/4.2 MB | 1.4/1.5 MB | 0.9/1.4 MB | 61/284 kB
Progress (5): 5.2/12 MB | 2.9/4.2 MB | 1.4/1.5 MB | 0.9/1.4 MB | 61/284 kB
Progress (5): 5.2/12 MB | 2.9/4.2 MB | 1.4/1.5 MB | 0.9/1.4 MB | 61/284 kB
Progress (5): 5.2/12 MB | 2.9/4.2 MB | 1.4/1.5 MB | 0.9/1.4 MB | 61/284 kB
Progress (5): 5.2/12 MB | 2.9/4.2 MB | 1.4/1.5 MB | 0.9/1.4 MB | 77/284 kB
Progress (5): 5.2/12 MB | 2.9/4.2 MB | 1.4/1.5 MB | 0.9/1.4 MB | 77/284 kB
Progress (5): 5.2/12 MB | 2.9/4.2 MB | 1.4/1.5 MB | 0.9/1.4 MB | 77/284 kB
Progress (5): 5.2/12 MB | 2.9/4.2 MB | 1.4/1.5 MB | 0.9/1.4 MB | 93/284 kB
Progress (5): 5.2/12 MB | 3.0/4.2 MB | 1.4/1.5 MB | 0.9/1.4 MB | 93/284 kB
Progress (5): 5.2/12 MB | 3.0/4.2 MB | 1.4/1.5 MB | 0.9/1.4 MB | 93/284 kB
Progress (5): 5.2/12 MB | 3.0/4.2 MB | 1.4/1.5 MB | 0.9/1.4 MB | 93/284 kB
Progress (5): 5.2/12 MB | 3.0/4.2 MB | 1.4/1.5 MB | 0.9/1.4 MB | 93/284 kB
Progress (5): 5.2/12 MB | 3.0/4.2 MB | 1.4/1.5 MB | 0.9/1.4 MB | 93/284 kB
Progress (5): 5.3/12 MB | 3.0/4.2 MB | 1.4/1.5 MB | 0.9/1.4 MB | 93/284 kB
Progress (5): 5.3/12 MB | 3.0/4.2 MB | 1.4/1.5 MB | 0.9/1.4 MB | 93/284 kB
Progress (5): 5.3/12 MB | 3.0/4.2 MB | 1.4/1.5 MB | 0.9/1.4 MB | 93/284 kB
Progress (5): 5.3/12 MB | 3.0/4.2 MB | 1.4/1.5 MB | 0.9/1.4 MB | 110/284 kB
Progress (5): 5.3/12 MB | 3.0/4.2 MB | 1.4/1.5 MB | 0.9/1.4 MB | 110/284 kB
Progress (5): 5.3/12 MB | 3.0/4.2 MB | 1.4/1.5 MB | 0.9/1.4 MB | 126/284 kB
Progress (5): 5.3/12 MB | 3.0/4.2 MB | 1.4/1.5 MB | 0.9/1.4 MB | 126/284 kB
Progress (5): 5.3/12 MB | 3.0/4.2 MB | 1.4/1.5 MB | 0.9/1.4 MB | 126/284 kB
Progress (5): 5.3/12 MB | 3.0/4.2 MB | 1.4/1.5 MB | 0.9/1.4 MB | 126/284 kB
Progress (5): 5.3/12 MB | 3.0/4.2 MB | 1.4/1.5 MB | 1.0/1.4 MB | 126/284 kB
Progress (5): 5.3/12 MB | 3.0/4.2 MB | 1.4/1.5 MB | 1.0/1.4 MB | 126/284 kB
Progress (5): 5.3/12 MB | 3.0/4.2 MB | 1.4/1.5 MB | 1.0/1.4 MB | 126/284 kB
Progress (5): 5.3/12 MB | 3.0/4.2 MB | 1.4/1.5 MB | 1.0/1.4 MB | 126/284 kB
Progress (5): 5.3/12 MB | 3.0/4.2 MB | 1.4/1.5 MB | 1.0/1.4 MB | 142/284 kB
Progress (5): 5.3/12 MB | 3.0/4.2 MB | 1.4/1.5 MB | 1.0/1.4 MB | 159/284 kB
Progress (5): 5.3/12 MB | 3.0/4.2 MB | 1.4/1.5 MB | 1.0/1.4 MB | 159/284 kB
Progress (5): 5.3/12 MB | 3.0/4.2 MB | 1.4/1.5 MB | 1.0/1.4 MB | 159/284 kB
Progress (5): 5.3/12 MB | 3.0/4.2 MB | 1.5/1.5 MB | 1.0/1.4 MB | 159/284 kB
Progress (5): 5.3/12 MB | 3.0/4.2 MB | 1.5/1.5 MB | 1.0/1.4 MB | 175/284 kB
Progress (5): 5.3/12 MB | 3.0/4.2 MB | 1.5/1.5 MB | 1.0/1.4 MB | 175/284 kB
Progress (5): 5.3/12 MB | 3.0/4.2 MB | 1.5/1.5 MB | 1.0/1.4 MB | 175/284 kB
Progress (5): 5.3/12 MB | 3.0/4.2 MB | 1.5/1.5 MB | 1.0/1.4 MB | 175/284 kB
Progress (5): 5.3/12 MB | 3.0/4.2 MB | 1.5/1.5 MB | 1.0/1.4 MB | 192/284 kB
Progress (5): 5.3/12 MB | 3.0/4.2 MB | 1.5/1.5 MB | 1.0/1.4 MB | 192/284 kB
Progress (5): 5.3/12 MB | 3.0/4.2 MB | 1.5/1.5 MB | 1.0/1.4 MB | 192/284 kB
Progress (5): 5.3/12 MB | 3.0/4.2 MB | 1.5/1.5 MB | 1.0/1.4 MB | 208/284 kB
Progress (5): 5.3/12 MB | 3.0/4.2 MB | 1.5/1.5 MB | 1.0/1.4 MB | 208/284 kB
Progress (5): 5.3/12 MB | 3.0/4.2 MB | 1.5/1.5 MB | 1.0/1.4 MB | 208/284 kB
Progress (5): 5.4/12 MB | 3.0/4.2 MB | 1.5/1.5 MB | 1.0/1.4 MB | 208/284 kB
Progress (5): 5.4/12 MB | 3.0/4.2 MB | 1.5/1.5 MB | 1.0/1.4 MB | 224/284 kB
Progress (5): 5.4/12 MB | 3.0/4.2 MB | 1.5/1.5 MB | 1.0/1.4 MB | 224/284 kB
Progress (5): 5.4/12 MB | 3.0/4.2 MB | 1.5/1.5 MB | 1.0/1.4 MB | 224/284 kB
Progress (5): 5.4/12 MB | 3.0/4.2 MB | 1.5/1.5 MB | 1.0/1.4 MB | 224/284 kB
Progress (5): 5.4/12 MB | 3.0/4.2 MB | 1.5/1.5 MB | 1.0/1.4 MB | 241/284 kB
Progress (5): 5.4/12 MB | 3.0/4.2 MB | 1.5 MB | 1.0/1.4 MB | 241/284 kB    
Progress (5): 5.4/12 MB | 3.0/4.2 MB | 1.5 MB | 1.0/1.4 MB | 241/284 kB
Progress (5): 5.4/12 MB | 3.0/4.2 MB | 1.5 MB | 1.0/1.4 MB | 241/284 kB
Progress (5): 5.4/12 MB | 3.0/4.2 MB | 1.5 MB | 1.0/1.4 MB | 241/284 kB
Progress (5): 5.4/12 MB | 3.0/4.2 MB | 1.5 MB | 1.1/1.4 MB | 241/284 kB
Progress (5): 5.4/12 MB | 3.0/4.2 MB | 1.5 MB | 1.1/1.4 MB | 257/284 kB
Progress (5): 5.4/12 MB | 3.0/4.2 MB | 1.5 MB | 1.1/1.4 MB | 257/284 kB
                                                                       
Downloaded from central: https://repo.maven.apache.org/maven2/org/springframework/data/spring-data-jpa/3.2.4/spring-data-jpa-3.2.4.jar (1.5 MB at 1.3 MB/s)
#13 13.24 Downloading from central: https://repo.maven.apache.org/maven2/org/slf4j/slf4j-api/2.0.12/slf4j-api-2.0.12.jar
#13 13.24 Progress (4): 5.4/12 MB | 3.0/4.2 MB | 1.1/1.4 MB | 257/284 kB
Progress (4): 5.4/12 MB | 3.0/4.2 MB | 1.1/1.4 MB | 274/284 kB
Progress (4): 5.4/12 MB | 3.0/4.2 MB | 1.1/1.4 MB | 274/284 kB
Progress (4): 5.4/12 MB | 3.1/4.2 MB | 1.1/1.4 MB | 274/284 kB
Progress (4): 5.4/12 MB | 3.1/4.2 MB | 1.1/1.4 MB | 284 kB    
Progress (4): 5.4/12 MB | 3.1/4.2 MB | 1.1/1.4 MB | 284 kB
Progress (4): 5.4/12 MB | 3.1/4.2 MB | 1.1/1.4 MB | 284 kB
Progress (4): 5.4/12 MB | 3.1/4.2 MB | 1.1/1.4 MB | 284 kB
Progress (4): 5.4/12 MB | 3.1/4.2 MB | 1.1/1.4 MB | 284 kB
Progress (4): 5.4/12 MB | 3.1/4.2 MB | 1.1/1.4 MB | 284 kB
                                                          
Downloaded from central: https://repo.maven.apache.org/maven2/org/springframework/spring-tx/6.1.5/spring-tx-6.1.5.jar (284 kB at 241 kB/s)
#13 13.25 Downloading from central: https://repo.maven.apache.org/maven2/org/springframework/spring-aspects/6.1.5/spring-aspects-6.1.5.jar
#13 13.25 Progress (3): 5.4/12 MB | 3.1/4.2 MB | 1.1/1.4 MB
Progress (3): 5.4/12 MB | 3.1/4.2 MB | 1.1/1.4 MB
Progress (3): 5.5/12 MB | 3.1/4.2 MB | 1.1/1.4 MB
Progress (3): 5.5/12 MB | 3.1/4.2 MB | 1.1/1.4 MB
Progress (3): 5.5/12 MB | 3.1/4.2 MB | 1.1/1.4 MB
Progress (3): 5.5/12 MB | 3.1/4.2 MB | 1.1/1.4 MB
Progress (3): 5.5/12 MB | 3.1/4.2 MB | 1.2/1.4 MB
Progress (3): 5.5/12 MB | 3.1/4.2 MB | 1.2/1.4 MB
Progress (3): 5.5/12 MB | 3.1/4.2 MB | 1.2/1.4 MB
Progress (3): 5.5/12 MB | 3.1/4.2 MB | 1.2/1.4 MB
Progress (3): 5.5/12 MB | 3.1/4.2 MB | 1.2/1.4 MB
Progress (3): 5.5/12 MB | 3.1/4.2 MB | 1.2/1.4 MB
Progress (3): 5.5/12 MB | 3.1/4.2 MB | 1.2/1.4 MB
Progress (3): 5.5/12 MB | 3.1/4.2 MB | 1.2/1.4 MB
Progress (3): 5.5/12 MB | 3.1/4.2 MB | 1.2/1.4 MB
Progress (3): 5.5/12 MB | 3.1/4.2 MB | 1.2/1.4 MB
Progress (3): 5.5/12 MB | 3.1/4.2 MB | 1.2/1.4 MB
Progress (3): 5.5/12 MB | 3.1/4.2 MB | 1.2/1.4 MB
Progress (3): 5.5/12 MB | 3.2/4.2 MB | 1.2/1.4 MB
Progress (3): 5.5/12 MB | 3.2/4.2 MB | 1.3/1.4 MB
Progress (3): 5.5/12 MB | 3.2/4.2 MB | 1.3/1.4 MB
Progress (3): 5.5/12 MB | 3.2/4.2 MB | 1.3/1.4 MB
Progress (3): 5.5/12 MB | 3.2/4.2 MB | 1.3/1.4 MB
Progress (3): 5.5/12 MB | 3.2/4.2 MB | 1.3/1.4 MB
Progress (3): 5.5/12 MB | 3.2/4.2 MB | 1.3/1.4 MB
Progress (3): 5.5/12 MB | 3.2/4.2 MB | 1.3/1.4 MB
Progress (3): 5.6/12 MB | 3.2/4.2 MB | 1.3/1.4 MB
Progress (3): 5.6/12 MB | 3.2/4.2 MB | 1.3/1.4 MB
Progress (3): 5.6/12 MB | 3.2/4.2 MB | 1.3/1.4 MB
Progress (3): 5.6/12 MB | 3.2/4.2 MB | 1.3/1.4 MB
Progress (3): 5.6/12 MB | 3.2/4.2 MB | 1.3/1.4 MB
Progress (3): 5.6/12 MB | 3.2/4.2 MB | 1.3/1.4 MB
Progress (3): 5.6/12 MB | 3.2/4.2 MB | 1.3/1.4 MB
Progress (3): 5.6/12 MB | 3.2/4.2 MB | 1.3/1.4 MB
Progress (3): 5.6/12 MB | 3.2/4.2 MB | 1.3/1.4 MB
Progress (3): 5.6/12 MB | 3.2/4.2 MB | 1.3/1.4 MB
Progress (3): 5.6/12 MB | 3.2/4.2 MB | 1.3/1.4 MB
Progress (3): 5.6/12 MB | 3.2/4.2 MB | 1.3/1.4 MB
Progress (3): 5.6/12 MB | 3.2/4.2 MB | 1.4/1.4 MB
Progress (3): 5.6/12 MB | 3.2/4.2 MB | 1.4/1.4 MB
Progress (3): 5.6/12 MB | 3.3/4.2 MB | 1.4/1.4 MB
Progress (3): 5.6/12 MB | 3.3/4.2 MB | 1.4/1.4 MB
Progress (3): 5.7/12 MB | 3.3/4.2 MB | 1.4/1.4 MB
Progress (3): 5.7/12 MB | 3.3/4.2 MB | 1.4/1.4 MB
Progress (3): 5.7/12 MB | 3.3/4.2 MB | 1.4/1.4 MB
Progress (3): 5.7/12 MB | 3.3/4.2 MB | 1.4/1.4 MB
Progress (3): 5.7/12 MB | 3.3/4.2 MB | 1.4/1.4 MB
Progress (3): 5.7/12 MB | 3.3/4.2 MB | 1.4/1.4 MB
Progress (3): 5.7/12 MB | 3.3/4.2 MB | 1.4/1.4 MB
Progress (3): 5.7/12 MB | 3.3/4.2 MB | 1.4/1.4 MB
Progress (3): 5.7/12 MB | 3.3/4.2 MB | 1.4/1.4 MB
Progress (3): 5.7/12 MB | 3.3/4.2 MB | 1.4/1.4 MB
Progress (3): 5.7/12 MB | 3.3/4.2 MB | 1.4/1.4 MB
Progress (3): 5.7/12 MB | 3.3/4.2 MB | 1.4 MB    
Progress (3): 5.7/12 MB | 3.3/4.2 MB | 1.4 MB
Progress (3): 5.7/12 MB | 3.3/4.2 MB | 1.4 MB
                                             
Downloaded from central: https://repo.maven.apache.org/maven2/org/springframework/data/spring-data-commons/3.2.4/spring-data-commons-3.2.4.jar (1.4 MB at 1.2 MB/s)
#13 13.26 Downloading from central: https://repo.maven.apache.org/maven2/org/springframework/boot/spring-boot-starter-validation/3.2.4/spring-boot-starter-validation-3.2.4.jar
#13 13.26 Progress (2): 5.7/12 MB | 3.3/4.2 MB
Progress (2): 5.7/12 MB | 3.4/4.2 MB
Progress (2): 5.7/12 MB | 3.4/4.2 MB
Progress (2): 5.7/12 MB | 3.4/4.2 MB
Progress (2): 5.7/12 MB | 3.4/4.2 MB
Progress (2): 5.8/12 MB | 3.4/4.2 MB
Progress (2): 5.8/12 MB | 3.4/4.2 MB
Progress (2): 5.8/12 MB | 3.4/4.2 MB
Progress (2): 5.8/12 MB | 3.4/4.2 MB
Progress (2): 5.8/12 MB | 3.4/4.2 MB
Progress (2): 5.8/12 MB | 3.4/4.2 MB
Progress (2): 5.8/12 MB | 3.4/4.2 MB
Progress (2): 5.8/12 MB | 3.4/4.2 MB
Progress (2): 5.8/12 MB | 3.5/4.2 MB
Progress (2): 5.8/12 MB | 3.5/4.2 MB
Progress (2): 5.8/12 MB | 3.5/4.2 MB
Progress (2): 5.9/12 MB | 3.5/4.2 MB
Progress (2): 5.9/12 MB | 3.5/4.2 MB
Progress (2): 5.9/12 MB | 3.5/4.2 MB
Progress (2): 5.9/12 MB | 3.5/4.2 MB
Progress (2): 5.9/12 MB | 3.5/4.2 MB
Progress (2): 5.9/12 MB | 3.5/4.2 MB
Progress (2): 5.9/12 MB | 3.5/4.2 MB
Progress (2): 5.9/12 MB | 3.5/4.2 MB
Progress (2): 5.9/12 MB | 3.5/4.2 MB
Progress (2): 5.9/12 MB | 3.6/4.2 MB
Progress (2): 5.9/12 MB | 3.6/4.2 MB
Progress (2): 5.9/12 MB | 3.6/4.2 MB
Progress (2): 5.9/12 MB | 3.6/4.2 MB
Progress (2): 5.9/12 MB | 3.6/4.2 MB
Progress (2): 5.9/12 MB | 3.6/4.2 MB
Progress (2): 5.9/12 MB | 3.6/4.2 MB
Progress (2): 6.0/12 MB | 3.6/4.2 MB
Progress (3): 6.0/12 MB | 3.6/4.2 MB | 7.7/50 kB
Progress (3): 6.0/12 MB | 3.6/4.2 MB | 7.7/50 kB
Progress (3): 6.0/12 MB | 3.6/4.2 MB | 16/50 kB 
Progress (3): 6.0/12 MB | 3.7/4.2 MB | 16/50 kB
Progress (3): 6.0/12 MB | 3.7/4.2 MB | 25/50 kB
Progress (3): 6.0/12 MB | 3.7/4.2 MB | 25/50 kB
Progress (3): 6.0/12 MB | 3.7/4.2 MB | 25/50 kB
Progress (3): 6.0/12 MB | 3.7/4.2 MB | 25/50 kB
Progress (3): 6.0/12 MB | 3.7/4.2 MB | 25/50 kB
Progress (4): 6.0/12 MB | 3.7/4.2 MB | 25/50 kB | 7.7/68 kB
Progress (4): 6.0/12 MB | 3.7/4.2 MB | 25/50 kB | 8.2/68 kB
Progress (4): 6.0/12 MB | 3.7/4.2 MB | 25/50 kB | 8.2/68 kB
Progress (4): 6.0/12 MB | 3.7/4.2 MB | 25/50 kB | 8.2/68 kB
Progress (4): 6.0/12 MB | 3.7/4.2 MB | 25/50 kB | 8.2/68 kB
Progress (4): 6.0/12 MB | 3.7/4.2 MB | 41/50 kB | 8.2/68 kB
Progress (4): 6.0/12 MB | 3.7/4.2 MB | 50 kB | 8.2/68 kB   
Progress (4): 6.0/12 MB | 3.7/4.2 MB | 50 kB | 8.2/68 kB
Progress (4): 6.0/12 MB | 3.7/4.2 MB | 50 kB | 8.2/68 kB
Progress (4): 6.0/12 MB | 3.8/4.2 MB | 50 kB | 8.2/68 kB
Progress (4): 6.0/12 MB | 3.8/4.2 MB | 50 kB | 8.2/68 kB
                                                        
Downloaded from central: https://repo.maven.apache.org/maven2/org/springframework/spring-aspects/6.1.5/spring-aspects-6.1.5.jar (50 kB at 41 kB/s)
#13 13.28 Downloading from central: https://repo.maven.apache.org/maven2/org/apache/tomcat/embed/tomcat-embed-el/10.1.19/tomcat-embed-el-10.1.19.jar
#13 13.28 Progress (3): 6.0/12 MB | 3.8/4.2 MB | 8.2/68 kB
Progress (3): 6.0/12 MB | 3.8/4.2 MB | 25/68 kB 
Progress (3): 6.0/12 MB | 3.8/4.2 MB | 25/68 kB
Progress (3): 6.0/12 MB | 3.8/4.2 MB | 41/68 kB
Progress (3): 6.0/12 MB | 3.8/4.2 MB | 41/68 kB
Progress (3): 6.0/12 MB | 3.8/4.2 MB | 41/68 kB
Progress (3): 6.0/12 MB | 3.8/4.2 MB | 57/68 kB
Progress (3): 6.1/12 MB | 3.8/4.2 MB | 57/68 kB
Progress (3): 6.1/12 MB | 3.8/4.2 MB | 68 kB   
Progress (3): 6.1/12 MB | 3.8/4.2 MB | 68 kB
Progress (3): 6.1/12 MB | 3.8/4.2 MB | 68 kB
Progress (3): 6.1/12 MB | 3.8/4.2 MB | 68 kB
Progress (3): 6.1/12 MB | 3.8/4.2 MB | 68 kB
                                            
Downloaded from central: https://repo.maven.apache.org/maven2/org/slf4j/slf4j-api/2.0.12/slf4j-api-2.0.12.jar (68 kB at 56 kB/s)
#13 13.29 Progress (2): 6.1/12 MB | 3.9/4.2 MB
                                    
Downloading from central: https://repo.maven.apache.org/maven2/org/hibernate/validator/hibernate-validator/8.0.1.Final/hibernate-validator-8.0.1.Final.jar
#13 13.29 Progress (2): 6.1/12 MB | 3.9/4.2 MB
Progress (2): 6.1/12 MB | 3.9/4.2 MB
Progress (2): 6.1/12 MB | 3.9/4.2 MB
Progress (2): 6.1/12 MB | 3.9/4.2 MB
Progress (2): 6.2/12 MB | 3.9/4.2 MB
Progress (2): 6.2/12 MB | 3.9/4.2 MB
Progress (2): 6.2/12 MB | 3.9/4.2 MB
Progress (2): 6.2/12 MB | 3.9/4.2 MB
Progress (2): 6.2/12 MB | 3.9/4.2 MB
Progress (2): 6.2/12 MB | 3.9/4.2 MB
Progress (2): 6.2/12 MB | 3.9/4.2 MB
Progress (2): 6.2/12 MB | 3.9/4.2 MB
Progress (2): 6.2/12 MB | 3.9/4.2 MB
Progress (2): 6.2/12 MB | 3.9/4.2 MB
Progress (2): 6.2/12 MB | 3.9/4.2 MB
Progress (2): 6.3/12 MB | 3.9/4.2 MB
Progress (2): 6.3/12 MB | 3.9/4.2 MB
Progress (3): 6.3/12 MB | 3.9/4.2 MB | 4.8 kB
Progress (3): 6.3/12 MB | 3.9/4.2 MB | 4.8 kB
Progress (3): 6.3/12 MB | 4.0/4.2 MB | 4.8 kB
                                             
Downloaded from central: https://repo.maven.apache.org/maven2/org/springframework/boot/spring-boot-starter-validation/3.2.4/spring-boot-starter-validation-3.2.4.jar (4.8 kB at 3.9 kB/s)
#13 13.30 Progress (2): 6.3/12 MB | 4.0/4.2 MB
                                    
Downloading from central: https://repo.maven.apache.org/maven2/jakarta/validation/jakarta.validation-api/3.0.2/jakarta.validation-api-3.0.2.jar
#13 13.30 Progress (2): 6.3/12 MB | 4.0/4.2 MB
Progress (2): 6.3/12 MB | 4.0/4.2 MB
Progress (2): 6.3/12 MB | 4.0/4.2 MB
Progress (2): 6.4/12 MB | 4.0/4.2 MB
Progress (2): 6.4/12 MB | 4.0/4.2 MB
Progress (2): 6.4/12 MB | 4.0/4.2 MB
Progress (2): 6.4/12 MB | 4.0/4.2 MB
Progress (2): 6.4/12 MB | 4.0/4.2 MB
Progress (2): 6.4/12 MB | 4.0/4.2 MB
Progress (2): 6.4/12 MB | 4.0/4.2 MB
Progress (2): 6.4/12 MB | 4.1/4.2 MB
Progress (2): 6.4/12 MB | 4.1/4.2 MB
Progress (2): 6.4/12 MB | 4.1/4.2 MB
Progress (2): 6.4/12 MB | 4.1/4.2 MB
Progress (2): 6.4/12 MB | 4.1/4.2 MB
Progress (2): 6.4/12 MB | 4.1/4.2 MB
Progress (2): 6.4/12 MB | 4.1/4.2 MB
Progress (2): 6.4/12 MB | 4.1/4.2 MB
Progress (2): 6.5/12 MB | 4.1/4.2 MB
Progress (2): 6.5/12 MB | 4.1/4.2 MB
Progress (2): 6.5/12 MB | 4.1/4.2 MB
Progress (2): 6.5/12 MB | 4.2/4.2 MB
Progress (2): 6.5/12 MB | 4.2/4.2 MB
Progress (2): 6.5/12 MB | 4.2/4.2 MB
Progress (2): 6.5/12 MB | 4.2/4.2 MB
Progress (2): 6.5/12 MB | 4.2/4.2 MB
Progress (2): 6.5/12 MB | 4.2/4.2 MB
Progress (2): 6.5/12 MB | 4.2/4.2 MB
Progress (2): 6.6/12 MB | 4.2/4.2 MB
Progress (2): 6.6/12 MB | 4.2/4.2 MB
Progress (2): 6.6/12 MB | 4.2/4.2 MB
Progress (2): 6.6/12 MB | 4.2/4.2 MB
Progress (2): 6.6/12 MB | 4.2 MB    
Progress (2): 6.6/12 MB | 4.2 MB
                                
Downloaded from central: https://repo.maven.apache.org/maven2/net/bytebuddy/byte-buddy/1.14.12/byte-buddy-1.14.12.jar (4.2 MB at 3.4 MB/s)
#13 13.31 Downloading from central: https://repo.maven.apache.org/maven2/org/postgresql/postgresql/42.6.2/postgresql-42.6.2.jar
#13 13.31 Progress (1): 6.6/12 MB
Progress (1): 6.6/12 MB
Progress (1): 6.6/12 MB
Progress (1): 6.6/12 MB
Progress (1): 6.7/12 MB
Progress (1): 6.7/12 MB
Progress (1): 6.7/12 MB
Progress (1): 6.7/12 MB
Progress (1): 6.7/12 MB
Progress (1): 6.7/12 MB
Progress (1): 6.8/12 MB
Progress (1): 6.8/12 MB
Progress (1): 6.8/12 MB
Progress (1): 6.8/12 MB
Progress (1): 6.8/12 MB
Progress (2): 6.8/12 MB | 3.2/261 kB
Progress (2): 6.8/12 MB | 3.2/261 kB
Progress (2): 6.9/12 MB | 3.2/261 kB
Progress (2): 6.9/12 MB | 20/261 kB 
Progress (3): 6.9/12 MB | 20/261 kB | 0/1.3 MB
Progress (3): 6.9/12 MB | 20/261 kB | 0/1.3 MB
Progress (3): 6.9/12 MB | 20/261 kB | 0/1.3 MB
Progress (3): 6.9/12 MB | 20/261 kB | 0/1.3 MB
Progress (3): 6.9/12 MB | 20/261 kB | 0/1.3 MB
Progress (3): 6.9/12 MB | 20/261 kB | 0/1.3 MB
Progress (3): 6.9/12 MB | 20/261 kB | 0/1.3 MB
Progress (3): 6.9/12 MB | 20/261 kB | 0/1.3 MB
Progress (3): 6.9/12 MB | 36/261 kB | 0/1.3 MB
Progress (3): 7.0/12 MB | 36/261 kB | 0/1.3 MB
Progress (3): 7.0/12 MB | 36/261 kB | 0/1.3 MB
Progress (3): 7.0/12 MB | 36/261 kB | 0/1.3 MB
Progress (3): 7.0/12 MB | 36/261 kB | 0/1.3 MB
Progress (3): 7.0/12 MB | 52/261 kB | 0/1.3 MB
Progress (3): 7.0/12 MB | 52/261 kB | 0.1/1.3 MB
Progress (3): 7.0/12 MB | 52/261 kB | 0.1/1.3 MB
Progress (3): 7.0/12 MB | 52/261 kB | 0.1/1.3 MB
Progress (3): 7.0/12 MB | 52/261 kB | 0.1/1.3 MB
Progress (3): 7.0/12 MB | 52/261 kB | 0.1/1.3 MB
Progress (3): 7.0/12 MB | 69/261 kB | 0.1/1.3 MB
Progress (3): 7.0/12 MB | 69/261 kB | 0.1/1.3 MB
Progress (3): 7.0/12 MB | 69/261 kB | 0.1/1.3 MB
Progress (3): 7.0/12 MB | 69/261 kB | 0.1/1.3 MB
Progress (4): 7.0/12 MB | 69/261 kB | 0.1/1.3 MB | 7.7/93 kB
Progress (4): 7.1/12 MB | 69/261 kB | 0.1/1.3 MB | 7.7/93 kB
Progress (4): 7.1/12 MB | 85/261 kB | 0.1/1.3 MB | 7.7/93 kB
Progress (4): 7.1/12 MB | 85/261 kB | 0.1/1.3 MB | 12/93 kB 
Progress (4): 7.1/12 MB | 85/261 kB | 0.1/1.3 MB | 12/93 kB
Progress (4): 7.1/12 MB | 85/261 kB | 0.1/1.3 MB | 12/93 kB
Progress (4): 7.1/12 MB | 85/261 kB | 0.1/1.3 MB | 12/93 kB
Progress (4): 7.1/12 MB | 85/261 kB | 0.1/1.3 MB | 12/93 kB
Progress (4): 7.1/12 MB | 85/261 kB | 0.1/1.3 MB | 12/93 kB
Progress (4): 7.1/12 MB | 85/261 kB | 0.1/1.3 MB | 29/93 kB
Progress (4): 7.1/12 MB | 85/261 kB | 0.2/1.3 MB | 29/93 kB
Progress (4): 7.1/12 MB | 85/261 kB | 0.2/1.3 MB | 29/93 kB
Progress (4): 7.1/12 MB | 102/261 kB | 0.2/1.3 MB | 29/93 kB
Progress (4): 7.1/12 MB | 102/261 kB | 0.2/1.3 MB | 29/93 kB
Progress (4): 7.1/12 MB | 102/261 kB | 0.2/1.3 MB | 29/93 kB
Progress (4): 7.1/12 MB | 102/261 kB | 0.2/1.3 MB | 29/93 kB
Progress (4): 7.1/12 MB | 102/261 kB | 0.2/1.3 MB | 29/93 kB
Progress (4): 7.1/12 MB | 102/261 kB | 0.2/1.3 MB | 45/93 kB
Progress (4): 7.2/12 MB | 102/261 kB | 0.2/1.3 MB | 45/93 kB
Progress (4): 7.2/12 MB | 118/261 kB | 0.2/1.3 MB | 45/93 kB
Progress (4): 7.2/12 MB | 118/261 kB | 0.2/1.3 MB | 45/93 kB
Progress (4): 7.2/12 MB | 118/261 kB | 0.2/1.3 MB | 45/93 kB
Progress (4): 7.2/12 MB | 118/261 kB | 0.2/1.3 MB | 61/93 kB
Progress (4): 7.2/12 MB | 134/261 kB | 0.2/1.3 MB | 61/93 kB
Progress (4): 7.2/12 MB | 134/261 kB | 0.2/1.3 MB | 61/93 kB
Progress (4): 7.2/12 MB | 134/261 kB | 0.2/1.3 MB | 61/93 kB
Progress (4): 7.2/12 MB | 151/261 kB | 0.2/1.3 MB | 61/93 kB
Progress (4): 7.2/12 MB | 167/261 kB | 0.2/1.3 MB | 61/93 kB
Progress (4): 7.2/12 MB | 167/261 kB | 0.2/1.3 MB | 61/93 kB
Progress (4): 7.2/12 MB | 167/261 kB | 0.2/1.3 MB | 78/93 kB
Progress (4): 7.2/12 MB | 183/261 kB | 0.2/1.3 MB | 78/93 kB
Progress (4): 7.2/12 MB | 200/261 kB | 0.2/1.3 MB | 78/93 kB
Progress (4): 7.2/12 MB | 200/261 kB | 0.2/1.3 MB | 78/93 kB
Progress (4): 7.2/12 MB | 200/261 kB | 0.2/1.3 MB | 93 kB   
Progress (4): 7.2/12 MB | 216/261 kB | 0.2/1.3 MB | 93 kB
Progress (4): 7.2/12 MB | 216/261 kB | 0.3/1.3 MB | 93 kB
Progress (4): 7.2/12 MB | 216/261 kB | 0.3/1.3 MB | 93 kB
Progress (4): 7.2/12 MB | 216/261 kB | 0.3/1.3 MB | 93 kB
Progress (4): 7.2/12 MB | 233/261 kB | 0.3/1.3 MB | 93 kB
                                                         
Downloaded from central: https://repo.maven.apache.org/maven2/jakarta/validation/jakarta.validation-api/3.0.2/jakarta.validation-api-3.0.2.jar (93 kB at 73 kB/s)
#13 13.35 Downloading from central: https://repo.maven.apache.org/maven2/org/checkerframework/checker-qual/3.31.0/checker-qual-3.31.0.jar
#13 13.35 Progress (3): 7.2/12 MB | 233/261 kB | 0.3/1.3 MB
Progress (3): 7.2/12 MB | 249/261 kB | 0.3/1.3 MB
Progress (3): 7.2/12 MB | 249/261 kB | 0.3/1.3 MB
Progress (3): 7.2/12 MB | 261 kB | 0.3/1.3 MB    
                                             
Downloaded from central: https://repo.maven.apache.org/maven2/org/apache/tomcat/embed/tomcat-embed-el/10.1.19/tomcat-embed-el-10.1.19.jar (261 kB at 204 kB/s)
#13 13.35 Downloading from central: https://repo.maven.apache.org/maven2/org/flywaydb/flyway-core/9.22.3/flyway-core-9.22.3.jar
#13 13.35 Progress (2): 7.3/12 MB | 0.3/1.3 MB
Progress (2): 7.3/12 MB | 0.3/1.3 MB
Progress (2): 7.3/12 MB | 0.3/1.3 MB
Progress (2): 7.3/12 MB | 0.3/1.3 MB
Progress (2): 7.3/12 MB | 0.3/1.3 MB
Progress (2): 7.3/12 MB | 0.3/1.3 MB
Progress (2): 7.3/12 MB | 0.3/1.3 MB
Progress (2): 7.3/12 MB | 0.4/1.3 MB
Progress (2): 7.3/12 MB | 0.4/1.3 MB
Progress (3): 7.3/12 MB | 0.4/1.3 MB | 0/1.1 MB
Progress (3): 7.3/12 MB | 0.4/1.3 MB | 0/1.1 MB
Progress (3): 7.3/12 MB | 0.4/1.3 MB | 0/1.1 MB
Progress (3): 7.3/12 MB | 0.4/1.3 MB | 0/1.1 MB
Progress (3): 7.3/12 MB | 0.4/1.3 MB | 0/1.1 MB
Progress (3): 7.3/12 MB | 0.4/1.3 MB | 0/1.1 MB
Progress (3): 7.3/12 MB | 0.4/1.3 MB | 0/1.1 MB
Progress (3): 7.3/12 MB | 0.4/1.3 MB | 0/1.1 MB
Progress (3): 7.4/12 MB | 0.4/1.3 MB | 0/1.1 MB
Progress (3): 7.4/12 MB | 0.4/1.3 MB | 0/1.1 MB
Progress (3): 7.4/12 MB | 0.4/1.3 MB | 0/1.1 MB
Progress (3): 7.4/12 MB | 0.4/1.3 MB | 0/1.1 MB
Progress (3): 7.4/12 MB | 0.4/1.3 MB | 0/1.1 MB
Progress (3): 7.4/12 MB | 0.4/1.3 MB | 0/1.1 MB
Progress (3): 7.4/12 MB | 0.4/1.3 MB | 0.1/1.1 MB
Progress (3): 7.4/12 MB | 0.4/1.3 MB | 0.1/1.1 MB
Progress (3): 7.4/12 MB | 0.4/1.3 MB | 0.1/1.1 MB
Progress (3): 7.4/12 MB | 0.4/1.3 MB | 0.1/1.1 MB
Progress (3): 7.4/12 MB | 0.4/1.3 MB | 0.1/1.1 MB
Progress (3): 7.5/12 MB | 0.4/1.3 MB | 0.1/1.1 MB
Progress (3): 7.5/12 MB | 0.4/1.3 MB | 0.1/1.1 MB
Progress (3): 7.5/12 MB | 0.4/1.3 MB | 0.1/1.1 MB
Progress (3): 7.5/12 MB | 0.4/1.3 MB | 0.1/1.1 MB
Progress (3): 7.5/12 MB | 0.4/1.3 MB | 0.1/1.1 MB
Progress (3): 7.5/12 MB | 0.4/1.3 MB | 0.1/1.1 MB
Progress (3): 7.5/12 MB | 0.4/1.3 MB | 0.1/1.1 MB
Progress (3): 7.5/12 MB | 0.4/1.3 MB | 0.1/1.1 MB
Progress (3): 7.5/12 MB | 0.4/1.3 MB | 0.1/1.1 MB
Progress (3): 7.5/12 MB | 0.4/1.3 MB | 0.2/1.1 MB
Progress (3): 7.5/12 MB | 0.4/1.3 MB | 0.2/1.1 MB
Progress (3): 7.5/12 MB | 0.4/1.3 MB | 0.2/1.1 MB
Progress (3): 7.6/12 MB | 0.4/1.3 MB | 0.2/1.1 MB
Progress (3): 7.6/12 MB | 0.4/1.3 MB | 0.2/1.1 MB
Progress (3): 7.6/12 MB | 0.4/1.3 MB | 0.2/1.1 MB
Progress (3): 7.6/12 MB | 0.4/1.3 MB | 0.2/1.1 MB
Progress (3): 7.6/12 MB | 0.4/1.3 MB | 0.2/1.1 MB
Progress (3): 7.6/12 MB | 0.4/1.3 MB | 0.2/1.1 MB
Progress (3): 7.6/12 MB | 0.4/1.3 MB | 0.2/1.1 MB
Progress (3): 7.6/12 MB | 0.4/1.3 MB | 0.2/1.1 MB
Progress (3): 7.6/12 MB | 0.4/1.3 MB | 0.2/1.1 MB
Progress (3): 7.6/12 MB | 0.4/1.3 MB | 0.3/1.1 MB
Progress (3): 7.6/12 MB | 0.4/1.3 MB | 0.3/1.1 MB
Progress (3): 7.6/12 MB | 0.4/1.3 MB | 0.3/1.1 MB
Progress (3): 7.7/12 MB | 0.4/1.3 MB | 0.3/1.1 MB
Progress (3): 7.7/12 MB | 0.4/1.3 MB | 0.3/1.1 MB
Progress (3): 7.7/12 MB | 0.4/1.3 MB | 0.3/1.1 MB
Progress (3): 7.7/12 MB | 0.4/1.3 MB | 0.3/1.1 MB
Progress (3): 7.7/12 MB | 0.4/1.3 MB | 0.3/1.1 MB
Progress (3): 7.7/12 MB | 0.4/1.3 MB | 0.3/1.1 MB
Progress (3): 7.7/12 MB | 0.4/1.3 MB | 0.3/1.1 MB
Progress (3): 7.7/12 MB | 0.4/1.3 MB | 0.4/1.1 MB
Progress (3): 7.7/12 MB | 0.4/1.3 MB | 0.4/1.1 MB
Progress (3): 7.7/12 MB | 0.4/1.3 MB | 0.4/1.1 MB
Progress (3): 7.7/12 MB | 0.4/1.3 MB | 0.4/1.1 MB
Progress (3): 7.7/12 MB | 0.4/1.3 MB | 0.4/1.1 MB
Progress (3): 7.7/12 MB | 0.4/1.3 MB | 0.4/1.1 MB
Progress (3): 7.7/12 MB | 0.4/1.3 MB | 0.4/1.1 MB
Progress (3): 7.7/12 MB | 0.4/1.3 MB | 0.4/1.1 MB
Progress (3): 7.8/12 MB | 0.4/1.3 MB | 0.4/1.1 MB
Progress (3): 7.8/12 MB | 0.4/1.3 MB | 0.4/1.1 MB
Progress (3): 7.8/12 MB | 0.4/1.3 MB | 0.4/1.1 MB
Progress (3): 7.8/12 MB | 0.4/1.3 MB | 0.4/1.1 MB
Progress (3): 7.8/12 MB | 0.4/1.3 MB | 0.5/1.1 MB
Progress (3): 7.8/12 MB | 0.4/1.3 MB | 0.5/1.1 MB
Progress (3): 7.8/12 MB | 0.4/1.3 MB | 0.5/1.1 MB
Progress (3): 7.8/12 MB | 0.4/1.3 MB | 0.5/1.1 MB
Progress (3): 7.8/12 MB | 0.4/1.3 MB | 0.5/1.1 MB
Progress (3): 7.8/12 MB | 0.4/1.3 MB | 0.5/1.1 MB
Progress (3): 7.8/12 MB | 0.4/1.3 MB | 0.5/1.1 MB
Progress (3): 7.9/12 MB | 0.4/1.3 MB | 0.5/1.1 MB
Progress (3): 7.9/12 MB | 0.4/1.3 MB | 0.5/1.1 MB
Progress (3): 7.9/12 MB | 0.4/1.3 MB | 0.5/1.1 MB
Progress (3): 7.9/12 MB | 0.4/1.3 MB | 0.5/1.1 MB
Progress (3): 7.9/12 MB | 0.4/1.3 MB | 0.6/1.1 MB
Progress (3): 7.9/12 MB | 0.4/1.3 MB | 0.6/1.1 MB
Progress (3): 7.9/12 MB | 0.4/1.3 MB | 0.6/1.1 MB
Progress (3): 7.9/12 MB | 0.4/1.3 MB | 0.6/1.1 MB
Progress (3): 7.9/12 MB | 0.4/1.3 MB | 0.6/1.1 MB
Progress (4): 7.9/12 MB | 0.4/1.3 MB | 0.6/1.1 MB | 7.7/885 kB
Progress (4): 7.9/12 MB | 0.4/1.3 MB | 0.6/1.1 MB | 8.2/885 kB
Progress (4): 7.9/12 MB | 0.4/1.3 MB | 0.6/1.1 MB | 8.2/885 kB
Progress (4): 7.9/12 MB | 0.4/1.3 MB | 0.6/1.1 MB | 8.2/885 kB
Progress (4): 7.9/12 MB | 0.4/1.3 MB | 0.6/1.1 MB | 25/885 kB 
Progress (4): 7.9/12 MB | 0.4/1.3 MB | 0.6/1.1 MB | 25/885 kB
Progress (4): 7.9/12 MB | 0.4/1.3 MB | 0.6/1.1 MB | 25/885 kB
Progress (4): 7.9/12 MB | 0.4/1.3 MB | 0.6/1.1 MB | 41/885 kB
Progress (4): 7.9/12 MB | 0.4/1.3 MB | 0.6/1.1 MB | 41/885 kB
Progress (4): 7.9/12 MB | 0.4/1.3 MB | 0.6/1.1 MB | 57/885 kB
Progress (4): 7.9/12 MB | 0.4/1.3 MB | 0.6/1.1 MB | 57/885 kB
Progress (4): 7.9/12 MB | 0.4/1.3 MB | 0.6/1.1 MB | 57/885 kB
Progress (4): 7.9/12 MB | 0.4/1.3 MB | 0.6/1.1 MB | 74/885 kB
Progress (4): 8.0/12 MB | 0.4/1.3 MB | 0.6/1.1 MB | 74/885 kB
Progress (4): 8.0/12 MB | 0.4/1.3 MB | 0.6/1.1 MB | 90/885 kB
Progress (4): 8.0/12 MB | 0.4/1.3 MB | 0.7/1.1 MB | 90/885 kB
Progress (4): 8.0/12 MB | 0.4/1.3 MB | 0.7/1.1 MB | 90/885 kB
Progress (4): 8.0/12 MB | 0.4/1.3 MB | 0.7/1.1 MB | 106/885 kB
Progress (4): 8.0/12 MB | 0.4/1.3 MB | 0.7/1.1 MB | 106/885 kB
Progress (4): 8.0/12 MB | 0.4/1.3 MB | 0.7/1.1 MB | 106/885 kB
Progress (4): 8.0/12 MB | 0.4/1.3 MB | 0.7/1.1 MB | 123/885 kB
Progress (4): 8.0/12 MB | 0.4/1.3 MB | 0.7/1.1 MB | 123/885 kB
Progress (4): 8.0/12 MB | 0.4/1.3 MB | 0.7/1.1 MB | 139/885 kB
Progress (5): 8.0/12 MB | 0.4/1.3 MB | 0.7/1.1 MB | 139/885 kB | 7.7/224 kB
Progress (5): 8.0/12 MB | 0.4/1.3 MB | 0.7/1.1 MB | 139/885 kB | 8.2/224 kB
Progress (5): 8.0/12 MB | 0.4/1.3 MB | 0.7/1.1 MB | 139/885 kB | 8.2/224 kB
Progress (5): 8.0/12 MB | 0.4/1.3 MB | 0.7/1.1 MB | 139/885 kB | 8.2/224 kB
Progress (5): 8.0/12 MB | 0.4/1.3 MB | 0.7/1.1 MB | 139/885 kB | 8.2/224 kB
Progress (5): 8.0/12 MB | 0.4/1.3 MB | 0.7/1.1 MB | 139/885 kB | 8.2/224 kB
Progress (5): 8.0/12 MB | 0.4/1.3 MB | 0.7/1.1 MB | 156/885 kB | 8.2/224 kB
Progress (5): 8.0/12 MB | 0.4/1.3 MB | 0.7/1.1 MB | 156/885 kB | 8.2/224 kB
Progress (5): 8.0/12 MB | 0.4/1.3 MB | 0.7/1.1 MB | 156/885 kB | 8.2/224 kB
Progress (5): 8.0/12 MB | 0.4/1.3 MB | 0.7/1.1 MB | 172/885 kB | 8.2/224 kB
Progress (5): 8.1/12 MB | 0.4/1.3 MB | 0.7/1.1 MB | 172/885 kB | 8.2/224 kB
Progress (5): 8.1/12 MB | 0.4/1.3 MB | 0.7/1.1 MB | 172/885 kB | 25/224 kB 
Progress (5): 8.1/12 MB | 0.4/1.3 MB | 0.8/1.1 MB | 172/885 kB | 25/224 kB
Progress (5): 8.1/12 MB | 0.4/1.3 MB | 0.8/1.1 MB | 172/885 kB | 25/224 kB
Progress (5): 8.1/12 MB | 0.4/1.3 MB | 0.8/1.1 MB | 188/885 kB | 25/224 kB
Progress (5): 8.1/12 MB | 0.4/1.3 MB | 0.8/1.1 MB | 199/885 kB | 25/224 kB
Progress (5): 8.1/12 MB | 0.4/1.3 MB | 0.8/1.1 MB | 199/885 kB | 41/224 kB
Progress (5): 8.1/12 MB | 0.4/1.3 MB | 0.8/1.1 MB | 199/885 kB | 41/224 kB
Progress (5): 8.1/12 MB | 0.4/1.3 MB | 0.8/1.1 MB | 199/885 kB | 41/224 kB
Progress (5): 8.1/12 MB | 0.4/1.3 MB | 0.8/1.1 MB | 199/885 kB | 41/224 kB
Progress (5): 8.1/12 MB | 0.4/1.3 MB | 0.8/1.1 MB | 215/885 kB | 41/224 kB
Progress (5): 8.1/12 MB | 0.4/1.3 MB | 0.8/1.1 MB | 215/885 kB | 41/224 kB
Progress (5): 8.1/12 MB | 0.4/1.3 MB | 0.8/1.1 MB | 215/885 kB | 41/224 kB
Progress (5): 8.1/12 MB | 0.4/1.3 MB | 0.8/1.1 MB | 231/885 kB | 41/224 kB
Progress (5): 8.1/12 MB | 0.4/1.3 MB | 0.8/1.1 MB | 231/885 kB | 41/224 kB
Progress (5): 8.1/12 MB | 0.4/1.3 MB | 0.8/1.1 MB | 231/885 kB | 57/224 kB
Progress (5): 8.1/12 MB | 0.4/1.3 MB | 0.8/1.1 MB | 231/885 kB | 57/224 kB
Progress (5): 8.1/12 MB | 0.5/1.3 MB | 0.8/1.1 MB | 231/885 kB | 57/224 kB
Progress (5): 8.1/12 MB | 0.5/1.3 MB | 0.8/1.1 MB | 231/885 kB | 57/224 kB
Progress (5): 8.1/12 MB | 0.5/1.3 MB | 0.8/1.1 MB | 248/885 kB | 57/224 kB
Progress (5): 8.1/12 MB | 0.5/1.3 MB | 0.9/1.1 MB | 248/885 kB | 57/224 kB
Progress (5): 8.1/12 MB | 0.5/1.3 MB | 0.9/1.1 MB | 248/885 kB | 57/224 kB
Progress (5): 8.1/12 MB | 0.5/1.3 MB | 0.9/1.1 MB | 248/885 kB | 57/224 kB
Progress (5): 8.2/12 MB | 0.5/1.3 MB | 0.9/1.1 MB | 248/885 kB | 57/224 kB
Progress (5): 8.2/12 MB | 0.5/1.3 MB | 0.9/1.1 MB | 248/885 kB | 74/224 kB
Progress (5): 8.2/12 MB | 0.5/1.3 MB | 0.9/1.1 MB | 264/885 kB | 74/224 kB
Progress (5): 8.2/12 MB | 0.5/1.3 MB | 0.9/1.1 MB | 264/885 kB | 74/224 kB
Progress (5): 8.2/12 MB | 0.5/1.3 MB | 0.9/1.1 MB | 264/885 kB | 90/224 kB
Progress (5): 8.2/12 MB | 0.5/1.3 MB | 0.9/1.1 MB | 281/885 kB | 90/224 kB
Progress (5): 8.2/12 MB | 0.5/1.3 MB | 0.9/1.1 MB | 281/885 kB | 90/224 kB
Progress (5): 8.2/12 MB | 0.5/1.3 MB | 0.9/1.1 MB | 281/885 kB | 90/224 kB
Progress (5): 8.2/12 MB | 0.5/1.3 MB | 0.9/1.1 MB | 281/885 kB | 90/224 kB
Progress (5): 8.2/12 MB | 0.5/1.3 MB | 0.9/1.1 MB | 281/885 kB | 90/224 kB
Progress (5): 8.2/12 MB | 0.5/1.3 MB | 0.9/1.1 MB | 281/885 kB | 90/224 kB
Progress (5): 8.2/12 MB | 0.5/1.3 MB | 0.9/1.1 MB | 281/885 kB | 90/224 kB
Progress (5): 8.2/12 MB | 0.5/1.3 MB | 0.9/1.1 MB | 297/885 kB | 90/224 kB
Progress (5): 8.2/12 MB | 0.5/1.3 MB | 0.9/1.1 MB | 297/885 kB | 90/224 kB
Progress (5): 8.2/12 MB | 0.5/1.3 MB | 0.9/1.1 MB | 297/885 kB | 106/224 kB
Progress (5): 8.2/12 MB | 0.5/1.3 MB | 0.9/1.1 MB | 313/885 kB | 106/224 kB
Progress (5): 8.2/12 MB | 0.5/1.3 MB | 1.0/1.1 MB | 313/885 kB | 106/224 kB
Progress (5): 8.2/12 MB | 0.5/1.3 MB | 1.0/1.1 MB | 313/885 kB | 123/224 kB
Progress (5): 8.2/12 MB | 0.5/1.3 MB | 1.0/1.1 MB | 313/885 kB | 123/224 kB
Progress (5): 8.2/12 MB | 0.5/1.3 MB | 1.0/1.1 MB | 313/885 kB | 123/224 kB
Progress (5): 8.2/12 MB | 0.5/1.3 MB | 1.0/1.1 MB | 313/885 kB | 139/224 kB
Progress (5): 8.2/12 MB | 0.5/1.3 MB | 1.0/1.1 MB | 313/885 kB | 139/224 kB
Progress (5): 8.2/12 MB | 0.5/1.3 MB | 1.0/1.1 MB | 313/885 kB | 156/224 kB
Progress (5): 8.2/12 MB | 0.5/1.3 MB | 1.0/1.1 MB | 330/885 kB | 156/224 kB
Progress (5): 8.2/12 MB | 0.5/1.3 MB | 1.0/1.1 MB | 330/885 kB | 172/224 kB
Progress (5): 8.2/12 MB | 0.5/1.3 MB | 1.0/1.1 MB | 330/885 kB | 172/224 kB
Progress (5): 8.2/12 MB | 0.5/1.3 MB | 1.0/1.1 MB | 330/885 kB | 172/224 kB
Progress (5): 8.2/12 MB | 0.5/1.3 MB | 1.0/1.1 MB | 346/885 kB | 172/224 kB
Progress (5): 8.2/12 MB | 0.5/1.3 MB | 1.0/1.1 MB | 346/885 kB | 188/224 kB
Progress (5): 8.2/12 MB | 0.5/1.3 MB | 1.0/1.1 MB | 346/885 kB | 205/224 kB
Progress (5): 8.2/12 MB | 0.5/1.3 MB | 1.0/1.1 MB | 346/885 kB | 205/224 kB
Progress (5): 8.2/12 MB | 0.5/1.3 MB | 1.0/1.1 MB | 346/885 kB | 221/224 kB
Progress (5): 8.2/12 MB | 0.5/1.3 MB | 1.0/1.1 MB | 346/885 kB | 221/224 kB
Progress (5): 8.2/12 MB | 0.5/1.3 MB | 1.0/1.1 MB | 346/885 kB | 224 kB    
Progress (5): 8.2/12 MB | 0.5/1.3 MB | 1.0/1.1 MB | 363/885 kB | 224 kB
Progress (5): 8.2/12 MB | 0.5/1.3 MB | 1.0/1.1 MB | 379/885 kB | 224 kB
Progress (5): 8.2/12 MB | 0.5/1.3 MB | 1.0/1.1 MB | 395/885 kB | 224 kB
                                                                       
Downloaded from central: https://repo.maven.apache.org/maven2/org/checkerframework/checker-qual/3.31.0/checker-qual-3.31.0.jar (224 kB at 166 kB/s)
#13 13.41 Downloading from central: https://repo.maven.apache.org/maven2/com/fasterxml/jackson/dataformat/jackson-dataformat-toml/2.15.4/jackson-dataformat-toml-2.15.4.jar
#13 13.41 Progress (4): 8.2/12 MB | 0.5/1.3 MB | 1.0/1.1 MB | 395/885 kB
Progress (4): 8.2/12 MB | 0.5/1.3 MB | 1.0/1.1 MB | 395/885 kB
Progress (4): 8.2/12 MB | 0.5/1.3 MB | 1.0/1.1 MB | 395/885 kB
Progress (4): 8.3/12 MB | 0.5/1.3 MB | 1.0/1.1 MB | 395/885 kB
Progress (4): 8.3/12 MB | 0.5/1.3 MB | 1.1/1.1 MB | 395/885 kB
Progress (4): 8.3/12 MB | 0.5/1.3 MB | 1.1/1.1 MB | 395/885 kB
Progress (4): 8.3/12 MB | 0.5/1.3 MB | 1.1/1.1 MB | 412/885 kB
Progress (4): 8.3/12 MB | 0.5/1.3 MB | 1.1/1.1 MB | 412/885 kB
Progress (4): 8.3/12 MB | 0.5/1.3 MB | 1.1/1.1 MB | 412/885 kB
Progress (4): 8.3/12 MB | 0.5/1.3 MB | 1.1/1.1 MB | 412/885 kB
Progress (4): 8.3/12 MB | 0.5/1.3 MB | 1.1 MB | 412/885 kB    
Progress (4): 8.3/12 MB | 0.5/1.3 MB | 1.1 MB | 428/885 kB
Progress (4): 8.3/12 MB | 0.5/1.3 MB | 1.1 MB | 428/885 kB
Progress (4): 8.3/12 MB | 0.5/1.3 MB | 1.1 MB | 428/885 kB
                                                          
Downloaded from central: https://repo.maven.apache.org/maven2/org/postgresql/postgresql/42.6.2/postgresql-42.6.2.jar (1.1 MB at 800 kB/s)
#13 13.42 Downloading from central: https://repo.maven.apache.org/maven2/com/fasterxml/jackson/core/jackson-core/2.15.4/jackson-core-2.15.4.jar
#13 13.42 Progress (3): 8.3/12 MB | 0.5/1.3 MB | 444/885 kB
Progress (3): 8.3/12 MB | 0.5/1.3 MB | 461/885 kB
Progress (3): 8.3/12 MB | 0.5/1.3 MB | 461/885 kB
Progress (3): 8.3/12 MB | 0.5/1.3 MB | 461/885 kB
Progress (3): 8.3/12 MB | 0.5/1.3 MB | 461/885 kB
Progress (3): 8.3/12 MB | 0.5/1.3 MB | 477/885 kB
Progress (3): 8.3/12 MB | 0.5/1.3 MB | 477/885 kB
Progress (3): 8.4/12 MB | 0.5/1.3 MB | 477/885 kB
Progress (3): 8.4/12 MB | 0.5/1.3 MB | 477/885 kB
Progress (3): 8.4/12 MB | 0.5/1.3 MB | 494/885 kB
Progress (3): 8.4/12 MB | 0.6/1.3 MB | 494/885 kB
Progress (3): 8.4/12 MB | 0.6/1.3 MB | 494/885 kB
Progress (3): 8.4/12 MB | 0.6/1.3 MB | 510/885 kB
Progress (3): 8.4/12 MB | 0.6/1.3 MB | 510/885 kB
Progress (3): 8.4/12 MB | 0.6/1.3 MB | 510/885 kB
Progress (3): 8.4/12 MB | 0.6/1.3 MB | 510/885 kB
Progress (3): 8.4/12 MB | 0.6/1.3 MB | 510/885 kB
Progress (3): 8.4/12 MB | 0.6/1.3 MB | 510/885 kB
Progress (3): 8.5/12 MB | 0.6/1.3 MB | 510/885 kB
Progress (3): 8.5/12 MB | 0.6/1.3 MB | 510/885 kB
Progress (3): 8.5/12 MB | 0.6/1.3 MB | 510/885 kB
Progress (3): 8.5/12 MB | 0.6/1.3 MB | 510/885 kB
Progress (3): 8.5/12 MB | 0.6/1.3 MB | 526/885 kB
Progress (3): 8.5/12 MB | 0.6/1.3 MB | 526/885 kB
Progress (3): 8.5/12 MB | 0.6/1.3 MB | 526/885 kB
Progress (3): 8.5/12 MB | 0.6/1.3 MB | 543/885 kB
Progress (3): 8.5/12 MB | 0.6/1.3 MB | 543/885 kB
Progress (3): 8.5/12 MB | 0.6/1.3 MB | 553/885 kB
Progress (3): 8.5/12 MB | 0.6/1.3 MB | 553/885 kB
Progress (3): 8.5/12 MB | 0.6/1.3 MB | 569/885 kB
Progress (3): 8.6/12 MB | 0.6/1.3 MB | 569/885 kB
Progress (3): 8.6/12 MB | 0.6/1.3 MB | 569/885 kB
Progress (3): 8.6/12 MB | 0.6/1.3 MB | 585/885 kB
Progress (3): 8.6/12 MB | 0.6/1.3 MB | 585/885 kB
Progress (3): 8.6/12 MB | 0.6/1.3 MB | 585/885 kB
Progress (3): 8.6/12 MB | 0.6/1.3 MB | 585/885 kB
Progress (3): 8.6/12 MB | 0.6/1.3 MB | 585/885 kB
Progress (3): 8.6/12 MB | 0.6/1.3 MB | 602/885 kB
Progress (3): 8.6/12 MB | 0.6/1.3 MB | 602/885 kB
Progress (3): 8.6/12 MB | 0.7/1.3 MB | 602/885 kB
Progress (3): 8.7/12 MB | 0.7/1.3 MB | 602/885 kB
Progress (3): 8.7/12 MB | 0.7/1.3 MB | 602/885 kB
Progress (3): 8.7/12 MB | 0.7/1.3 MB | 618/885 kB
Progress (3): 8.7/12 MB | 0.7/1.3 MB | 618/885 kB
Progress (3): 8.7/12 MB | 0.7/1.3 MB | 618/885 kB
Progress (3): 8.7/12 MB | 0.7/1.3 MB | 623/885 kB
Progress (3): 8.7/12 MB | 0.7/1.3 MB | 623/885 kB
Progress (3): 8.7/12 MB | 0.7/1.3 MB | 623/885 kB
Progress (3): 8.7/12 MB | 0.7/1.3 MB | 639/885 kB
Progress (3): 8.7/12 MB | 0.7/1.3 MB | 651/885 kB
Progress (3): 8.7/12 MB | 0.7/1.3 MB | 655/885 kB
Progress (3): 8.7/12 MB | 0.7/1.3 MB | 672/885 kB
Progress (3): 8.7/12 MB | 0.7/1.3 MB | 672/885 kB
Progress (3): 8.7/12 MB | 0.7/1.3 MB | 672/885 kB
Progress (3): 8.7/12 MB | 0.7/1.3 MB | 672/885 kB
Progress (3): 8.7/12 MB | 0.7/1.3 MB | 688/885 kB
Progress (3): 8.7/12 MB | 0.7/1.3 MB | 688/885 kB
Progress (3): 8.7/12 MB | 0.7/1.3 MB | 705/885 kB
Progress (3): 8.7/12 MB | 0.7/1.3 MB | 705/885 kB
Progress (3): 8.8/12 MB | 0.7/1.3 MB | 705/885 kB
Progress (3): 8.8/12 MB | 0.7/1.3 MB | 705/885 kB
Progress (3): 8.8/12 MB | 0.7/1.3 MB | 721/885 kB
Progress (3): 8.8/12 MB | 0.7/1.3 MB | 721/885 kB
Progress (3): 8.8/12 MB | 0.7/1.3 MB | 721/885 kB
Progress (3): 8.8/12 MB | 0.8/1.3 MB | 721/885 kB
Progress (3): 8.8/12 MB | 0.8/1.3 MB | 721/885 kB
Progress (3): 8.8/12 MB | 0.8/1.3 MB | 737/885 kB
Progress (3): 8.8/12 MB | 0.8/1.3 MB | 737/885 kB
Progress (3): 8.8/12 MB | 0.8/1.3 MB | 737/885 kB
Progress (3): 8.8/12 MB | 0.8/1.3 MB | 737/885 kB
Progress (3): 8.8/12 MB | 0.8/1.3 MB | 754/885 kB
Progress (3): 8.9/12 MB | 0.8/1.3 MB | 754/885 kB
Progress (4): 8.9/12 MB | 0.8/1.3 MB | 754/885 kB | 7.7/56 kB
Progress (4): 8.9/12 MB | 0.8/1.3 MB | 770/885 kB | 7.7/56 kB
Progress (4): 8.9/12 MB | 0.8/1.3 MB | 770/885 kB | 12/56 kB 
Progress (4): 8.9/12 MB | 0.8/1.3 MB | 770/885 kB | 12/56 kB
Progress (4): 8.9/12 MB | 0.8/1.3 MB | 770/885 kB | 29/56 kB
Progress (4): 8.9/12 MB | 0.8/1.3 MB | 786/885 kB | 29/56 kB
Progress (4): 8.9/12 MB | 0.8/1.3 MB | 786/885 kB | 29/56 kB
Progress (4): 8.9/12 MB | 0.8/1.3 MB | 786/885 kB | 45/56 kB
Progress (4): 8.9/12 MB | 0.8/1.3 MB | 786/885 kB | 56 kB   
Progress (5): 8.9/12 MB | 0.8/1.3 MB | 786/885 kB | 56 kB | 7.7/548 kB
Progress (5): 8.9/12 MB | 0.8/1.3 MB | 786/885 kB | 56 kB | 16/548 kB 
Progress (5): 8.9/12 MB | 0.8/1.3 MB | 803/885 kB | 56 kB | 16/548 kB
Progress (5): 8.9/12 MB | 0.8/1.3 MB | 803/885 kB | 56 kB | 16/548 kB
Progress (5): 8.9/12 MB | 0.8/1.3 MB | 803/885 kB | 56 kB | 16/548 kB
                                                                     
Downloaded from central: https://repo.maven.apache.org/maven2/com/fasterxml/jackson/dataformat/jackson-dataformat-toml/2.15.4/jackson-dataformat-toml-2.15.4.jar (56 kB at 40 kB/s)
#13 13.46 Downloading from central: https://repo.maven.apache.org/maven2/com/google/code/gson/gson/2.10.1/gson-2.10.1.jar
#13 13.46 Progress (4): 8.9/12 MB | 0.8/1.3 MB | 819/885 kB | 16/548 kB
Progress (4): 8.9/12 MB | 0.8/1.3 MB | 819/885 kB | 16/548 kB
Progress (4): 8.9/12 MB | 0.8/1.3 MB | 819/885 kB | 16/548 kB
Progress (4): 8.9/12 MB | 0.8/1.3 MB | 819/885 kB | 32/548 kB
Progress (4): 8.9/12 MB | 0.8/1.3 MB | 819/885 kB | 32/548 kB
Progress (4): 8.9/12 MB | 0.8/1.3 MB | 836/885 kB | 32/548 kB
Progress (4): 8.9/12 MB | 0.8/1.3 MB | 852/885 kB | 32/548 kB
Progress (4): 8.9/12 MB | 0.9/1.3 MB | 852/885 kB | 32/548 kB
Progress (4): 8.9/12 MB | 0.9/1.3 MB | 852/885 kB | 32/548 kB
Progress (4): 8.9/12 MB | 0.9/1.3 MB | 852/885 kB | 49/548 kB
Progress (4): 8.9/12 MB | 0.9/1.3 MB | 868/885 kB | 49/548 kB
Progress (4): 8.9/12 MB | 0.9/1.3 MB | 885/885 kB | 49/548 kB
Progress (4): 8.9/12 MB | 0.9/1.3 MB | 885 kB | 49/548 kB    
Progress (4): 8.9/12 MB | 0.9/1.3 MB | 885 kB | 49/548 kB
Progress (4): 8.9/12 MB | 0.9/1.3 MB | 885 kB | 49/548 kB
                                                         
Downloaded from central: https://repo.maven.apache.org/maven2/org/flywaydb/flyway-core/9.22.3/flyway-core-9.22.3.jar (885 kB at 634 kB/s)
#13 13.46 Progress (3): 8.9/12 MB | 0.9/1.3 MB | 49/548 kB
                                                
Downloading from central: https://repo.maven.apache.org/maven2/org/projectlombok/lombok/1.18.30/lombok-1.18.30.jar
#13 13.46 Progress (3): 9.0/12 MB | 0.9/1.3 MB | 49/548 kB
Progress (3): 9.0/12 MB | 0.9/1.3 MB | 49/548 kB
Progress (3): 9.0/12 MB | 0.9/1.3 MB | 49/548 kB
Progress (3): 9.0/12 MB | 0.9/1.3 MB | 65/548 kB
Progress (3): 9.0/12 MB | 0.9/1.3 MB | 81/548 kB
Progress (3): 9.0/12 MB | 0.9/1.3 MB | 81/548 kB
Progress (3): 9.0/12 MB | 0.9/1.3 MB | 81/548 kB
Progress (3): 9.0/12 MB | 0.9/1.3 MB | 81/548 kB
Progress (3): 9.0/12 MB | 0.9/1.3 MB | 98/548 kB
Progress (3): 9.0/12 MB | 0.9/1.3 MB | 98/548 kB
Progress (3): 9.0/12 MB | 0.9/1.3 MB | 98/548 kB
Progress (3): 9.0/12 MB | 1.0/1.3 MB | 98/548 kB
Progress (3): 9.0/12 MB | 1.0/1.3 MB | 98/548 kB
Progress (3): 9.0/12 MB | 1.0/1.3 MB | 98/548 kB
Progress (3): 9.0/12 MB | 1.0/1.3 MB | 98/548 kB
Progress (3): 9.0/12 MB | 1.0/1.3 MB | 98/548 kB
Progress (3): 9.1/12 MB | 1.0/1.3 MB | 98/548 kB
Progress (3): 9.1/12 MB | 1.0/1.3 MB | 114/548 kB
Progress (3): 9.1/12 MB | 1.0/1.3 MB | 114/548 kB
Progress (3): 9.1/12 MB | 1.0/1.3 MB | 131/548 kB
Progress (3): 9.1/12 MB | 1.0/1.3 MB | 131/548 kB
Progress (3): 9.1/12 MB | 1.0/1.3 MB | 147/548 kB
Progress (3): 9.1/12 MB | 1.0/1.3 MB | 147/548 kB
Progress (3): 9.1/12 MB | 1.0/1.3 MB | 163/548 kB
Progress (3): 9.1/12 MB | 1.0/1.3 MB | 163/548 kB
Progress (3): 9.1/12 MB | 1.0/1.3 MB | 163/548 kB
Progress (3): 9.1/12 MB | 1.0/1.3 MB | 180/548 kB
Progress (3): 9.1/12 MB | 1.0/1.3 MB | 180/548 kB
Progress (3): 9.1/12 MB | 1.0/1.3 MB | 180/548 kB
Progress (3): 9.1/12 MB | 1.0/1.3 MB | 180/548 kB
Progress (3): 9.1/12 MB | 1.1/1.3 MB | 180/548 kB
Progress (3): 9.1/12 MB | 1.1/1.3 MB | 196/548 kB
Progress (3): 9.1/12 MB | 1.1/1.3 MB | 213/548 kB
Progress (3): 9.1/12 MB | 1.1/1.3 MB | 213/548 kB
Progress (3): 9.1/12 MB | 1.1/1.3 MB | 213/548 kB
Progress (3): 9.2/12 MB | 1.1/1.3 MB | 213/548 kB
Progress (3): 9.2/12 MB | 1.1/1.3 MB | 229/548 kB
Progress (3): 9.2/12 MB | 1.1/1.3 MB | 245/548 kB
Progress (3): 9.2/12 MB | 1.1/1.3 MB | 245/548 kB
Progress (3): 9.2/12 MB | 1.1/1.3 MB | 262/548 kB
Progress (3): 9.2/12 MB | 1.1/1.3 MB | 262/548 kB
Progress (3): 9.2/12 MB | 1.1/1.3 MB | 278/548 kB
Progress (3): 9.2/12 MB | 1.1/1.3 MB | 278/548 kB
Progress (3): 9.2/12 MB | 1.1/1.3 MB | 294/548 kB
Progress (3): 9.2/12 MB | 1.1/1.3 MB | 294/548 kB
Progress (3): 9.2/12 MB | 1.1/1.3 MB | 294/548 kB
Progress (3): 9.2/12 MB | 1.1/1.3 MB | 294/548 kB
Progress (3): 9.2/12 MB | 1.1/1.3 MB | 311/548 kB
Progress (3): 9.2/12 MB | 1.1/1.3 MB | 327/548 kB
Progress (3): 9.2/12 MB | 1.1/1.3 MB | 327/548 kB
Progress (3): 9.2/12 MB | 1.1/1.3 MB | 327/548 kB
Progress (3): 9.2/12 MB | 1.2/1.3 MB | 327/548 kB
Progress (3): 9.2/12 MB | 1.2/1.3 MB | 327/548 kB
Progress (3): 9.2/12 MB | 1.2/1.3 MB | 327/548 kB
Progress (3): 9.2/12 MB | 1.2/1.3 MB | 327/548 kB
Progress (3): 9.2/12 MB | 1.2/1.3 MB | 327/548 kB
Progress (3): 9.2/12 MB | 1.2/1.3 MB | 344/548 kB
Progress (3): 9.3/12 MB | 1.2/1.3 MB | 344/548 kB
Progress (3): 9.3/12 MB | 1.2/1.3 MB | 344/548 kB
Progress (3): 9.3/12 MB | 1.2/1.3 MB | 360/548 kB
Progress (3): 9.3/12 MB | 1.2/1.3 MB | 376/548 kB
Progress (3): 9.3/12 MB | 1.2/1.3 MB | 376/548 kB
Progress (3): 9.3/12 MB | 1.2/1.3 MB | 393/548 kB
Progress (3): 9.3/12 MB | 1.2/1.3 MB | 409/548 kB
Progress (3): 9.3/12 MB | 1.2/1.3 MB | 409/548 kB
Progress (3): 9.3/12 MB | 1.3/1.3 MB | 409/548 kB
Progress (3): 9.3/12 MB | 1.3/1.3 MB | 426/548 kB
Progress (3): 9.3/12 MB | 1.3/1.3 MB | 426/548 kB
Progress (3): 9.3/12 MB | 1.3/1.3 MB | 426/548 kB
Progress (3): 9.3/12 MB | 1.3/1.3 MB | 426/548 kB
Progress (3): 9.3/12 MB | 1.3/1.3 MB | 426/548 kB
Progress (3): 9.3/12 MB | 1.3/1.3 MB | 426/548 kB
Progress (3): 9.3/12 MB | 1.3/1.3 MB | 442/548 kB
Progress (3): 9.3/12 MB | 1.3/1.3 MB | 442/548 kB
Progress (3): 9.3/12 MB | 1.3/1.3 MB | 458/548 kB
Progress (3): 9.3/12 MB | 1.3/1.3 MB | 458/548 kB
Progress (3): 9.3/12 MB | 1.3/1.3 MB | 458/548 kB
Progress (3): 9.3/12 MB | 1.3/1.3 MB | 475/548 kB
Progress (3): 9.3/12 MB | 1.3 MB | 475/548 kB    
                                             
Downloaded from central: https://repo.maven.apache.org/maven2/org/hibernate/validator/hibernate-validator/8.0.1.Final/hibernate-validator-8.0.1.Final.jar (1.3 MB at 930 kB/s)
#13 13.49 Downloading from central: https://repo.maven.apache.org/maven2/io/jsonwebtoken/jjwt-api/0.12.5/jjwt-api-0.12.5.jar
#13 13.49 Progress (2): 9.3/12 MB | 491/548 kB
Progress (2): 9.4/12 MB | 491/548 kB
Progress (2): 9.4/12 MB | 507/548 kB
Progress (2): 9.4/12 MB | 507/548 kB
Progress (3): 9.4/12 MB | 507/548 kB | 0/2.0 MB
Progress (3): 9.4/12 MB | 524/548 kB | 0/2.0 MB
Progress (3): 9.4/12 MB | 540/548 kB | 0/2.0 MB
Progress (3): 9.4/12 MB | 540/548 kB | 0/2.0 MB
Progress (3): 9.4/12 MB | 548 kB | 0/2.0 MB    
Progress (3): 9.4/12 MB | 548 kB | 0/2.0 MB
Progress (3): 9.4/12 MB | 548 kB | 0/2.0 MB
                                           
Downloaded from central: https://repo.maven.apache.org/maven2/com/fasterxml/jackson/core/jackson-core/2.15.4/jackson-core-2.15.4.jar (548 kB at 383 kB/s)
#13 13.50 Progress (2): 9.4/12 MB | 0/2.0 MB
Progress (2): 9.4/12 MB | 0/2.0 MB
                                  
Downloading from central: https://repo.maven.apache.org/maven2/io/jsonwebtoken/jjwt-impl/0.12.5/jjwt-impl-0.12.5.jar
#13 13.50 Progress (2): 9.4/12 MB | 0/2.0 MB
Progress (2): 9.5/12 MB | 0/2.0 MB
Progress (2): 9.5/12 MB | 0.1/2.0 MB
Progress (2): 9.5/12 MB | 0.1/2.0 MB
Progress (2): 9.5/12 MB | 0.1/2.0 MB
Progress (2): 9.5/12 MB | 0.1/2.0 MB
Progress (2): 9.5/12 MB | 0.1/2.0 MB
Progress (2): 9.5/12 MB | 0.1/2.0 MB
Progress (2): 9.5/12 MB | 0.1/2.0 MB
Progress (2): 9.5/12 MB | 0.1/2.0 MB
Progress (2): 9.5/12 MB | 0.1/2.0 MB
Progress (3): 9.5/12 MB | 0.1/2.0 MB | 7.7/283 kB
Progress (3): 9.5/12 MB | 0.1/2.0 MB | 7.7/283 kB
Progress (3): 9.5/12 MB | 0.1/2.0 MB | 7.7/283 kB
Progress (3): 9.5/12 MB | 0.1/2.0 MB | 7.7/283 kB
Progress (3): 9.5/12 MB | 0.1/2.0 MB | 24/283 kB 
Progress (3): 9.5/12 MB | 0.1/2.0 MB | 24/283 kB
Progress (3): 9.6/12 MB | 0.1/2.0 MB | 24/283 kB
Progress (3): 9.6/12 MB | 0.2/2.0 MB | 24/283 kB
Progress (3): 9.6/12 MB | 0.2/2.0 MB | 24/283 kB
Progress (3): 9.6/12 MB | 0.2/2.0 MB | 40/283 kB
Progress (3): 9.6/12 MB | 0.2/2.0 MB | 40/283 kB
Progress (3): 9.6/12 MB | 0.2/2.0 MB | 57/283 kB
Progress (3): 9.6/12 MB | 0.2/2.0 MB | 57/283 kB
Progress (3): 9.6/12 MB | 0.2/2.0 MB | 57/283 kB
Progress (3): 9.6/12 MB | 0.2/2.0 MB | 73/283 kB
Progress (3): 9.6/12 MB | 0.2/2.0 MB | 73/283 kB
Progress (3): 9.6/12 MB | 0.2/2.0 MB | 73/283 kB
Progress (3): 9.6/12 MB | 0.2/2.0 MB | 73/283 kB
Progress (3): 9.6/12 MB | 0.2/2.0 MB | 73/283 kB
Progress (3): 9.6/12 MB | 0.2/2.0 MB | 73/283 kB
Progress (3): 9.6/12 MB | 0.2/2.0 MB | 90/283 kB
Progress (3): 9.6/12 MB | 0.2/2.0 MB | 106/283 kB
Progress (3): 9.6/12 MB | 0.3/2.0 MB | 106/283 kB
Progress (3): 9.6/12 MB | 0.3/2.0 MB | 106/283 kB
Progress (3): 9.7/12 MB | 0.3/2.0 MB | 106/283 kB
Progress (3): 9.7/12 MB | 0.3/2.0 MB | 106/283 kB
Progress (3): 9.7/12 MB | 0.3/2.0 MB | 122/283 kB
Progress (3): 9.7/12 MB | 0.3/2.0 MB | 122/283 kB
Progress (3): 9.7/12 MB | 0.3/2.0 MB | 122/283 kB
Progress (3): 9.7/12 MB | 0.3/2.0 MB | 122/283 kB
Progress (3): 9.7/12 MB | 0.3/2.0 MB | 139/283 kB
Progress (3): 9.7/12 MB | 0.3/2.0 MB | 139/283 kB
Progress (3): 9.7/12 MB | 0.3/2.0 MB | 155/283 kB
Progress (3): 9.7/12 MB | 0.3/2.0 MB | 155/283 kB
Progress (3): 9.7/12 MB | 0.3/2.0 MB | 155/283 kB
Progress (3): 9.7/12 MB | 0.3/2.0 MB | 155/283 kB
Progress (3): 9.7/12 MB | 0.4/2.0 MB | 155/283 kB
Progress (3): 9.7/12 MB | 0.4/2.0 MB | 172/283 kB
Progress (3): 9.7/12 MB | 0.4/2.0 MB | 172/283 kB
Progress (3): 9.7/12 MB | 0.4/2.0 MB | 188/283 kB
Progress (3): 9.7/12 MB | 0.4/2.0 MB | 188/283 kB
Progress (3): 9.7/12 MB | 0.4/2.0 MB | 188/283 kB
Progress (3): 9.7/12 MB | 0.4/2.0 MB | 188/283 kB
Progress (3): 9.7/12 MB | 0.4/2.0 MB | 188/283 kB
Progress (3): 9.7/12 MB | 0.4/2.0 MB | 204/283 kB
Progress (3): 9.8/12 MB | 0.4/2.0 MB | 204/283 kB
Progress (3): 9.8/12 MB | 0.4/2.0 MB | 204/283 kB
Progress (3): 9.8/12 MB | 0.4/2.0 MB | 221/283 kB
Progress (3): 9.8/12 MB | 0.4/2.0 MB | 237/283 kB
Progress (3): 9.8/12 MB | 0.4/2.0 MB | 237/283 kB
Progress (3): 9.8/12 MB | 0.4/2.0 MB | 237/283 kB
Progress (3): 9.8/12 MB | 0.4/2.0 MB | 237/283 kB
Progress (3): 9.8/12 MB | 0.4/2.0 MB | 253/283 kB
Progress (3): 9.8/12 MB | 0.4/2.0 MB | 270/283 kB
Progress (3): 9.8/12 MB | 0.4/2.0 MB | 270/283 kB
Progress (3): 9.8/12 MB | 0.4/2.0 MB | 283 kB    
Progress (3): 9.8/12 MB | 0.4/2.0 MB | 283 kB
Progress (3): 9.8/12 MB | 0.4/2.0 MB | 283 kB
Progress (3): 9.8/12 MB | 0.5/2.0 MB | 283 kB
Progress (3): 9.8/12 MB | 0.5/2.0 MB | 283 kB
                                             
Downloaded from central: https://repo.maven.apache.org/maven2/com/google/code/gson/gson/2.10.1/gson-2.10.1.jar (283 kB at 193 kB/s)
#13 13.53 Downloading from central: https://repo.maven.apache.org/maven2/io/jsonwebtoken/jjwt-jackson/0.12.5/jjwt-jackson-0.12.5.jar
#13 13.53 Progress (2): 9.8/12 MB | 0.5/2.0 MB
Progress (2): 9.8/12 MB | 0.5/2.0 MB
Progress (2): 9.8/12 MB | 0.5/2.0 MB
Progress (2): 9.8/12 MB | 0.5/2.0 MB
Progress (2): 9.9/12 MB | 0.5/2.0 MB
Progress (2): 9.9/12 MB | 0.5/2.0 MB
Progress (2): 9.9/12 MB | 0.5/2.0 MB
Progress (2): 9.9/12 MB | 0.5/2.0 MB
Progress (3): 9.9/12 MB | 0.5/2.0 MB | 7.7/140 kB
Progress (3): 9.9/12 MB | 0.5/2.0 MB | 8.2/140 kB
Progress (3): 9.9/12 MB | 0.5/2.0 MB | 8.2/140 kB
Progress (3): 9.9/12 MB | 0.5/2.0 MB | 25/140 kB 
Progress (3): 9.9/12 MB | 0.6/2.0 MB | 25/140 kB
Progress (3): 9.9/12 MB | 0.6/2.0 MB | 25/140 kB
Progress (3): 9.9/12 MB | 0.6/2.0 MB | 25/140 kB
Progress (3): 9.9/12 MB | 0.6/2.0 MB | 41/140 kB
Progress (3): 9.9/12 MB | 0.6/2.0 MB | 41/140 kB
Progress (3): 9.9/12 MB | 0.6/2.0 MB | 41/140 kB
Progress (3): 9.9/12 MB | 0.6/2.0 MB | 57/140 kB
Progress (3): 9.9/12 MB | 0.6/2.0 MB | 57/140 kB
Progress (3): 9.9/12 MB | 0.6/2.0 MB | 74/140 kB
Progress (3): 9.9/12 MB | 0.6/2.0 MB | 74/140 kB
Progress (4): 9.9/12 MB | 0.6/2.0 MB | 74/140 kB | 7.7/473 kB
Progress (4): 9.9/12 MB | 0.6/2.0 MB | 74/140 kB | 15/473 kB 
Progress (4): 10.0/12 MB | 0.6/2.0 MB | 74/140 kB | 15/473 kB
Progress (4): 10.0/12 MB | 0.6/2.0 MB | 74/140 kB | 32/473 kB
Progress (4): 10.0/12 MB | 0.6/2.0 MB | 74/140 kB | 32/473 kB
Progress (4): 10.0/12 MB | 0.6/2.0 MB | 74/140 kB | 32/473 kB
Progress (4): 10.0/12 MB | 0.6/2.0 MB | 90/140 kB | 32/473 kB
Progress (4): 10.0/12 MB | 0.6/2.0 MB | 90/140 kB | 32/473 kB
Progress (4): 10/12 MB | 0.6/2.0 MB | 90/140 kB | 32/473 kB  
Progress (4): 10/12 MB | 0.6/2.0 MB | 106/140 kB | 32/473 kB
Progress (4): 10/12 MB | 0.6/2.0 MB | 123/140 kB | 32/473 kB
Progress (4): 10/12 MB | 0.6/2.0 MB | 123/140 kB | 48/473 kB
Progress (4): 10/12 MB | 0.6/2.0 MB | 123/140 kB | 48/473 kB
Progress (4): 10/12 MB | 0.6/2.0 MB | 123/140 kB | 48/473 kB
Progress (4): 10/12 MB | 0.6/2.0 MB | 123/140 kB | 65/473 kB
Progress (4): 10/12 MB | 0.6/2.0 MB | 139/140 kB | 65/473 kB
Progress (4): 10/12 MB | 0.6/2.0 MB | 140 kB | 65/473 kB    
Progress (4): 10/12 MB | 0.6/2.0 MB | 140 kB | 65/473 kB
Progress (4): 10/12 MB | 0.6/2.0 MB | 140 kB | 65/473 kB
Progress (4): 10/12 MB | 0.7/2.0 MB | 140 kB | 65/473 kB
Progress (4): 10/12 MB | 0.7/2.0 MB | 140 kB | 65/473 kB
                                                        
Downloaded from central: https://repo.maven.apache.org/maven2/io/jsonwebtoken/jjwt-api/0.12.5/jjwt-api-0.12.5.jar (140 kB at 94 kB/s)
#13 13.55 Progress (3): 10/12 MB | 0.7/2.0 MB | 81/473 kB
                                               
Downloading from central: https://repo.maven.apache.org/maven2/com/fasterxml/jackson/core/jackson-databind/2.15.4/jackson-databind-2.15.4.jar
#13 13.55 Progress (3): 10/12 MB | 0.7/2.0 MB | 81/473 kB
Progress (3): 10/12 MB | 0.7/2.0 MB | 81/473 kB
Progress (3): 10/12 MB | 0.7/2.0 MB | 81/473 kB
Progress (3): 10/12 MB | 0.7/2.0 MB | 81/473 kB
Progress (3): 10/12 MB | 0.7/2.0 MB | 97/473 kB
Progress (3): 10/12 MB | 0.7/2.0 MB | 97/473 kB
Progress (3): 10/12 MB | 0.7/2.0 MB | 97/473 kB
Progress (3): 10/12 MB | 0.7/2.0 MB | 114/473 kB
Progress (3): 10/12 MB | 0.7/2.0 MB | 114/473 kB
Progress (3): 10/12 MB | 0.7/2.0 MB | 114/473 kB
Progress (3): 10/12 MB | 0.7/2.0 MB | 114/473 kB
Progress (3): 10/12 MB | 0.7/2.0 MB | 130/473 kB
Progress (3): 10/12 MB | 0.7/2.0 MB | 130/473 kB
Progress (3): 10/12 MB | 0.7/2.0 MB | 147/473 kB
Progress (3): 10/12 MB | 0.7/2.0 MB | 147/473 kB
Progress (3): 10/12 MB | 0.8/2.0 MB | 147/473 kB
Progress (3): 10/12 MB | 0.8/2.0 MB | 163/473 kB
Progress (3): 10/12 MB | 0.8/2.0 MB | 163/473 kB
Progress (3): 10/12 MB | 0.8/2.0 MB | 163/473 kB
Progress (3): 10/12 MB | 0.8/2.0 MB | 163/473 kB
Progress (3): 10/12 MB | 0.8/2.0 MB | 163/473 kB
Progress (3): 10/12 MB | 0.8/2.0 MB | 163/473 kB
Progress (3): 10/12 MB | 0.8/2.0 MB | 179/473 kB
Progress (3): 10/12 MB | 0.8/2.0 MB | 179/473 kB
Progress (3): 10/12 MB | 0.8/2.0 MB | 179/473 kB
Progress (3): 10/12 MB | 0.8/2.0 MB | 179/473 kB
Progress (3): 10/12 MB | 0.8/2.0 MB | 179/473 kB
Progress (3): 10/12 MB | 0.8/2.0 MB | 196/473 kB
Progress (3): 10/12 MB | 0.8/2.0 MB | 196/473 kB
Progress (3): 10/12 MB | 0.8/2.0 MB | 196/473 kB
Progress (4): 10/12 MB | 0.8/2.0 MB | 196/473 kB | 7.7/9.4 kB
Progress (4): 10/12 MB | 0.8/2.0 MB | 196/473 kB | 9.4 kB    
Progress (4): 10/12 MB | 0.9/2.0 MB | 196/473 kB | 9.4 kB
Progress (4): 10/12 MB | 0.9/2.0 MB | 212/473 kB | 9.4 kB
                                                         
Downloaded from central: https://repo.maven.apache.org/maven2/io/jsonwebtoken/jjwt-jackson/0.12.5/jjwt-jackson-0.12.5.jar (9.4 kB at 6.3 kB/s)
#13 13.57 Downloading from central: https://repo.maven.apache.org/maven2/com/fasterxml/jackson/core/jackson-annotations/2.15.4/jackson-annotations-2.15.4.jar
#13 13.57 Progress (3): 10/12 MB | 0.9/2.0 MB | 212/473 kB
Progress (3): 10/12 MB | 0.9/2.0 MB | 212/473 kB
Progress (3): 10/12 MB | 0.9/2.0 MB | 228/473 kB
Progress (3): 10/12 MB | 0.9/2.0 MB | 228/473 kB
Progress (3): 10/12 MB | 0.9/2.0 MB | 245/473 kB
Progress (3): 10/12 MB | 0.9/2.0 MB | 245/473 kB
Progress (3): 10/12 MB | 0.9/2.0 MB | 261/473 kB
Progress (3): 10/12 MB | 0.9/2.0 MB | 261/473 kB
Progress (3): 10/12 MB | 0.9/2.0 MB | 278/473 kB
Progress (3): 10/12 MB | 0.9/2.0 MB | 278/473 kB
Progress (3): 10/12 MB | 0.9/2.0 MB | 278/473 kB
Progress (3): 10/12 MB | 0.9/2.0 MB | 294/473 kB
Progress (3): 10/12 MB | 0.9/2.0 MB | 294/473 kB
Progress (3): 10/12 MB | 0.9/2.0 MB | 294/473 kB
Progress (3): 10/12 MB | 0.9/2.0 MB | 310/473 kB
Progress (3): 10/12 MB | 0.9/2.0 MB | 310/473 kB
Progress (3): 10/12 MB | 0.9/2.0 MB | 327/473 kB
Progress (3): 10/12 MB | 0.9/2.0 MB | 327/473 kB
Progress (3): 10/12 MB | 1.0/2.0 MB | 327/473 kB
Progress (3): 10/12 MB | 1.0/2.0 MB | 327/473 kB
Progress (3): 10/12 MB | 1.0/2.0 MB | 327/473 kB
Progress (3): 10/12 MB | 1.0/2.0 MB | 343/473 kB
Progress (3): 10/12 MB | 1.0/2.0 MB | 343/473 kB
Progress (3): 10/12 MB | 1.0/2.0 MB | 343/473 kB
Progress (3): 10/12 MB | 1.0/2.0 MB | 360/473 kB
Progress (4): 10/12 MB | 1.0/2.0 MB | 360/473 kB | 0/1.6 MB
Progress (4): 10/12 MB | 1.0/2.0 MB | 360/473 kB | 0/1.6 MB
Progress (4): 10/12 MB | 1.0/2.0 MB | 360/473 kB | 0/1.6 MB
Progress (4): 10/12 MB | 1.0/2.0 MB | 376/473 kB | 0/1.6 MB
Progress (4): 10/12 MB | 1.0/2.0 MB | 376/473 kB | 0/1.6 MB
Progress (4): 10/12 MB | 1.0/2.0 MB | 376/473 kB | 0/1.6 MB
Progress (4): 10/12 MB | 1.0/2.0 MB | 392/473 kB | 0/1.6 MB
Progress (4): 10/12 MB | 1.0/2.0 MB | 392/473 kB | 0/1.6 MB
Progress (4): 10/12 MB | 1.0/2.0 MB | 392/473 kB | 0/1.6 MB
Progress (4): 10/12 MB | 1.0/2.0 MB | 392/473 kB | 0/1.6 MB
Progress (4): 10/12 MB | 1.0/2.0 MB | 392/473 kB | 0/1.6 MB
Progress (4): 10/12 MB | 1.0/2.0 MB | 392/473 kB | 0/1.6 MB
Progress (4): 10/12 MB | 1.0/2.0 MB | 392/473 kB | 0.1/1.6 MB
Progress (4): 10/12 MB | 1.0/2.0 MB | 392/473 kB | 0.1/1.6 MB
Progress (4): 10/12 MB | 1.0/2.0 MB | 392/473 kB | 0.1/1.6 MB
Progress (4): 10/12 MB | 1.0/2.0 MB | 409/473 kB | 0.1/1.6 MB
Progress (4): 10/12 MB | 1.0/2.0 MB | 409/473 kB | 0.1/1.6 MB
Progress (4): 10/12 MB | 1.0/2.0 MB | 425/473 kB | 0.1/1.6 MB
Progress (4): 10/12 MB | 1.0/2.0 MB | 441/473 kB | 0.1/1.6 MB
Progress (4): 10/12 MB | 1.0/2.0 MB | 441/473 kB | 0.1/1.6 MB
Progress (4): 10/12 MB | 1.0/2.0 MB | 441/473 kB | 0.1/1.6 MB
Progress (4): 10/12 MB | 1.0/2.0 MB | 441/473 kB | 0.1/1.6 MB
Progress (4): 10/12 MB | 1.1/2.0 MB | 441/473 kB | 0.1/1.6 MB
Progress (4): 10/12 MB | 1.1/2.0 MB | 458/473 kB | 0.1/1.6 MB
Progress (4): 10/12 MB | 1.1/2.0 MB | 458/473 kB | 0.1/1.6 MB
Progress (4): 10/12 MB | 1.1/2.0 MB | 473 kB | 0.1/1.6 MB    
Progress (4): 10/12 MB | 1.1/2.0 MB | 473 kB | 0.1/1.6 MB
Progress (4): 10/12 MB | 1.1/2.0 MB | 473 kB | 0.1/1.6 MB
                                                         
Downloaded from central: https://repo.maven.apache.org/maven2/io/jsonwebtoken/jjwt-impl/0.12.5/jjwt-impl-0.12.5.jar (473 kB at 308 kB/s)
#13 13.60 Downloading from central: https://repo.maven.apache.org/maven2/org/springframework/boot/spring-boot-starter-test/3.2.4/spring-boot-starter-test-3.2.4.jar
#13 13.61 Progress (4): 10/12 MB | 1.1/2.0 MB | 0.1/1.6 MB | 7.7/76 kB
Progress (4): 10/12 MB | 1.1/2.0 MB | 0.1/1.6 MB | 8.2/76 kB
Progress (4): 10/12 MB | 1.1/2.0 MB | 0.1/1.6 MB | 8.2/76 kB
Progress (4): 10/12 MB | 1.1/2.0 MB | 0.1/1.6 MB | 8.2/76 kB
Progress (4): 10/12 MB | 1.1/2.0 MB | 0.1/1.6 MB | 8.2/76 kB
Progress (4): 10/12 MB | 1.1/2.0 MB | 0.1/1.6 MB | 8.2/76 kB
Progress (4): 10/12 MB | 1.1/2.0 MB | 0.1/1.6 MB | 25/76 kB 
Progress (4): 10/12 MB | 1.1/2.0 MB | 0.1/1.6 MB | 25/76 kB
Progress (4): 10/12 MB | 1.1/2.0 MB | 0.1/1.6 MB | 25/76 kB
Progress (4): 11/12 MB | 1.1/2.0 MB | 0.1/1.6 MB | 25/76 kB
Progress (4): 11/12 MB | 1.1/2.0 MB | 0.1/1.6 MB | 41/76 kB
Progress (4): 11/12 MB | 1.1/2.0 MB | 0.1/1.6 MB | 41/76 kB
Progress (4): 11/12 MB | 1.1/2.0 MB | 0.1/1.6 MB | 57/76 kB
Progress (4): 11/12 MB | 1.1/2.0 MB | 0.2/1.6 MB | 57/76 kB
Progress (4): 11/12 MB | 1.1/2.0 MB | 0.2/1.6 MB | 57/76 kB
Progress (4): 11/12 MB | 1.1/2.0 MB | 0.2/1.6 MB | 57/76 kB
Progress (4): 11/12 MB | 1.1/2.0 MB | 0.2/1.6 MB | 74/76 kB
Progress (4): 11/12 MB | 1.1/2.0 MB | 0.2/1.6 MB | 76 kB   
Progress (4): 11/12 MB | 1.1/2.0 MB | 0.2/1.6 MB | 76 kB
                                                        
Downloaded from central: https://repo.maven.apache.org/maven2/com/fasterxml/jackson/core/jackson-annotations/2.15.4/jackson-annotations-2.15.4.jar (76 kB at 49 kB/s)
#13 13.61 Downloading from central: https://repo.maven.apache.org/maven2/org/springframework/boot/spring-boot-test/3.2.4/spring-boot-test-3.2.4.jar
#13 13.61 Progress (3): 11/12 MB | 1.1/2.0 MB | 0.2/1.6 MB
Progress (3): 11/12 MB | 1.1/2.0 MB | 0.2/1.6 MB
Progress (3): 11/12 MB | 1.2/2.0 MB | 0.2/1.6 MB
Progress (3): 11/12 MB | 1.2/2.0 MB | 0.2/1.6 MB
Progress (3): 11/12 MB | 1.2/2.0 MB | 0.2/1.6 MB
Progress (3): 11/12 MB | 1.2/2.0 MB | 0.2/1.6 MB
Progress (3): 11/12 MB | 1.2/2.0 MB | 0.2/1.6 MB
Progress (3): 11/12 MB | 1.2/2.0 MB | 0.2/1.6 MB
Progress (3): 11/12 MB | 1.2/2.0 MB | 0.2/1.6 MB
Progress (3): 11/12 MB | 1.2/2.0 MB | 0.2/1.6 MB
Progress (3): 11/12 MB | 1.2/2.0 MB | 0.2/1.6 MB
Progress (3): 11/12 MB | 1.2/2.0 MB | 0.2/1.6 MB
Progress (3): 11/12 MB | 1.2/2.0 MB | 0.2/1.6 MB
Progress (3): 11/12 MB | 1.2/2.0 MB | 0.2/1.6 MB
Progress (3): 11/12 MB | 1.2/2.0 MB | 0.2/1.6 MB
Progress (3): 11/12 MB | 1.2/2.0 MB | 0.2/1.6 MB
Progress (3): 11/12 MB | 1.2/2.0 MB | 0.2/1.6 MB
Progress (3): 11/12 MB | 1.2/2.0 MB | 0.2/1.6 MB
Progress (3): 11/12 MB | 1.2/2.0 MB | 0.2/1.6 MB
Progress (3): 11/12 MB | 1.2/2.0 MB | 0.3/1.6 MB
Progress (3): 11/12 MB | 1.2/2.0 MB | 0.3/1.6 MB
Progress (3): 11/12 MB | 1.3/2.0 MB | 0.3/1.6 MB
Progress (3): 11/12 MB | 1.3/2.0 MB | 0.3/1.6 MB
Progress (3): 11/12 MB | 1.3/2.0 MB | 0.3/1.6 MB
Progress (3): 11/12 MB | 1.3/2.0 MB | 0.3/1.6 MB
Progress (3): 11/12 MB | 1.3/2.0 MB | 0.3/1.6 MB
Progress (3): 11/12 MB | 1.3/2.0 MB | 0.3/1.6 MB
Progress (3): 11/12 MB | 1.3/2.0 MB | 0.3/1.6 MB
Progress (3): 11/12 MB | 1.3/2.0 MB | 0.3/1.6 MB
Progress (3): 11/12 MB | 1.3/2.0 MB | 0.3/1.6 MB
Progress (3): 11/12 MB | 1.3/2.0 MB | 0.3/1.6 MB
Progress (3): 11/12 MB | 1.3/2.0 MB | 0.3/1.6 MB
Progress (3): 11/12 MB | 1.3/2.0 MB | 0.3/1.6 MB
Progress (3): 11/12 MB | 1.3/2.0 MB | 0.3/1.6 MB
Progress (3): 11/12 MB | 1.3/2.0 MB | 0.3/1.6 MB
Progress (3): 11/12 MB | 1.3/2.0 MB | 0.3/1.6 MB
Progress (3): 11/12 MB | 1.4/2.0 MB | 0.3/1.6 MB
Progress (3): 11/12 MB | 1.4/2.0 MB | 0.3/1.6 MB
Progress (3): 11/12 MB | 1.4/2.0 MB | 0.4/1.6 MB
Progress (3): 11/12 MB | 1.4/2.0 MB | 0.4/1.6 MB
Progress (3): 11/12 MB | 1.4/2.0 MB | 0.4/1.6 MB
Progress (3): 11/12 MB | 1.4/2.0 MB | 0.4/1.6 MB
Progress (3): 11/12 MB | 1.4/2.0 MB | 0.4/1.6 MB
Progress (3): 11/12 MB | 1.4/2.0 MB | 0.4/1.6 MB
Progress (3): 11/12 MB | 1.4/2.0 MB | 0.4/1.6 MB
Progress (4): 11/12 MB | 1.4/2.0 MB | 0.4/1.6 MB | 4.8 kB
Progress (4): 11/12 MB | 1.4/2.0 MB | 0.4/1.6 MB | 4.8 kB
Progress (4): 11/12 MB | 1.4/2.0 MB | 0.4/1.6 MB | 4.8 kB
Progress (4): 11/12 MB | 1.4/2.0 MB | 0.4/1.6 MB | 4.8 kB
Progress (4): 11/12 MB | 1.4/2.0 MB | 0.4/1.6 MB | 4.8 kB
                                                         
Downloaded from central: https://repo.maven.apache.org/maven2/org/springframework/boot/spring-boot-starter-test/3.2.4/spring-boot-starter-test-3.2.4.jar (4.8 kB at 3.0 kB/s)
#13 13.64 Downloading from central: https://repo.maven.apache.org/maven2/org/springframework/boot/spring-boot-test-autoconfigure/3.2.4/spring-boot-test-autoconfigure-3.2.4.jar
#13 13.64 Progress (3): 11/12 MB | 1.4/2.0 MB | 0.4/1.6 MB
Progress (3): 11/12 MB | 1.4/2.0 MB | 0.4/1.6 MB
Progress (3): 11/12 MB | 1.4/2.0 MB | 0.5/1.6 MB
Progress (3): 11/12 MB | 1.4/2.0 MB | 0.5/1.6 MB
Progress (3): 11/12 MB | 1.4/2.0 MB | 0.5/1.6 MB
Progress (3): 11/12 MB | 1.4/2.0 MB | 0.5/1.6 MB
Progress (3): 11/12 MB | 1.4/2.0 MB | 0.5/1.6 MB
Progress (4): 11/12 MB | 1.4/2.0 MB | 0.5/1.6 MB | 7.3/246 kB
Progress (4): 11/12 MB | 1.4/2.0 MB | 0.5/1.6 MB | 7.3/246 kB
Progress (4): 11/12 MB | 1.4/2.0 MB | 0.5/1.6 MB | 7.3/246 kB
Progress (4): 11/12 MB | 1.4/2.0 MB | 0.5/1.6 MB | 7.3/246 kB
Progress (4): 11/12 MB | 1.4/2.0 MB | 0.5/1.6 MB | 7.3/246 kB
Progress (4): 11/12 MB | 1.4/2.0 MB | 0.5/1.6 MB | 7.3/246 kB
Progress (4): 11/12 MB | 1.4/2.0 MB | 0.5/1.6 MB | 24/246 kB 
Progress (4): 11/12 MB | 1.4/2.0 MB | 0.5/1.6 MB | 24/246 kB
Progress (4): 11/12 MB | 1.4/2.0 MB | 0.5/1.6 MB | 24/246 kB
Progress (4): 11/12 MB | 1.4/2.0 MB | 0.5/1.6 MB | 24/246 kB
Progress (4): 11/12 MB | 1.5/2.0 MB | 0.5/1.6 MB | 24/246 kB
Progress (4): 11/12 MB | 1.5/2.0 MB | 0.5/1.6 MB | 24/246 kB
Progress (4): 11/12 MB | 1.5/2.0 MB | 0.5/1.6 MB | 24/246 kB
Progress (4): 11/12 MB | 1.5/2.0 MB | 0.5/1.6 MB | 40/246 kB
Progress (4): 11/12 MB | 1.5/2.0 MB | 0.5/1.6 MB | 40/246 kB
Progress (4): 11/12 MB | 1.5/2.0 MB | 0.5/1.6 MB | 40/246 kB
Progress (4): 11/12 MB | 1.5/2.0 MB | 0.5/1.6 MB | 56/246 kB
Progress (4): 11/12 MB | 1.5/2.0 MB | 0.5/1.6 MB | 56/246 kB
Progress (4): 11/12 MB | 1.5/2.0 MB | 0.5/1.6 MB | 56/246 kB
Progress (4): 11/12 MB | 1.5/2.0 MB | 0.6/1.6 MB | 56/246 kB
Progress (4): 11/12 MB | 1.5/2.0 MB | 0.6/1.6 MB | 73/246 kB
Progress (4): 11/12 MB | 1.5/2.0 MB | 0.6/1.6 MB | 89/246 kB
Progress (4): 11/12 MB | 1.5/2.0 MB | 0.6/1.6 MB | 98/246 kB
Progress (4): 11/12 MB | 1.5/2.0 MB | 0.6/1.6 MB | 115/246 kB
Progress (4): 11/12 MB | 1.5/2.0 MB | 0.6/1.6 MB | 115/246 kB
Progress (4): 11/12 MB | 1.5/2.0 MB | 0.6/1.6 MB | 115/246 kB
Progress (4): 11/12 MB | 1.5/2.0 MB | 0.6/1.6 MB | 131/246 kB
Progress (4): 11/12 MB | 1.5/2.0 MB | 0.6/1.6 MB | 131/246 kB
Progress (4): 11/12 MB | 1.5/2.0 MB | 0.6/1.6 MB | 131/246 kB
Progress (4): 11/12 MB | 1.5/2.0 MB | 0.6/1.6 MB | 131/246 kB
Progress (4): 11/12 MB | 1.5/2.0 MB | 0.6/1.6 MB | 131/246 kB
Progress (4): 11/12 MB | 1.5/2.0 MB | 0.6/1.6 MB | 147/246 kB
Progress (4): 11/12 MB | 1.5/2.0 MB | 0.6/1.6 MB | 147/246 kB
Progress (4): 11/12 MB | 1.5/2.0 MB | 0.6/1.6 MB | 147/246 kB
Progress (4): 11/12 MB | 1.5/2.0 MB | 0.6/1.6 MB | 147/246 kB
Progress (4): 11/12 MB | 1.5/2.0 MB | 0.6/1.6 MB | 147/246 kB
Progress (4): 11/12 MB | 1.5/2.0 MB | 0.6/1.6 MB | 147/246 kB
Progress (4): 11/12 MB | 1.5/2.0 MB | 0.6/1.6 MB | 147/246 kB
Progress (4): 11/12 MB | 1.5/2.0 MB | 0.6/1.6 MB | 164/246 kB
Progress (4): 11/12 MB | 1.5/2.0 MB | 0.6/1.6 MB | 164/246 kB
Progress (4): 11/12 MB | 1.5/2.0 MB | 0.6/1.6 MB | 180/246 kB
Progress (4): 11/12 MB | 1.6/2.0 MB | 0.6/1.6 MB | 180/246 kB
Progress (4): 11/12 MB | 1.6/2.0 MB | 0.6/1.6 MB | 180/246 kB
Progress (4): 11/12 MB | 1.6/2.0 MB | 0.6/1.6 MB | 180/246 kB
Progress (4): 11/12 MB | 1.6/2.0 MB | 0.6/1.6 MB | 197/246 kB
Progress (4): 11/12 MB | 1.6/2.0 MB | 0.6/1.6 MB | 197/246 kB
Progress (4): 11/12 MB | 1.6/2.0 MB | 0.6/1.6 MB | 213/246 kB
Progress (4): 11/12 MB | 1.6/2.0 MB | 0.6/1.6 MB | 213/246 kB
Progress (4): 11/12 MB | 1.6/2.0 MB | 0.7/1.6 MB | 213/246 kB
Progress (4): 11/12 MB | 1.6/2.0 MB | 0.7/1.6 MB | 229/246 kB
Progress (4): 11/12 MB | 1.6/2.0 MB | 0.7/1.6 MB | 229/246 kB
Progress (4): 11/12 MB | 1.6/2.0 MB | 0.7/1.6 MB | 229/246 kB
Progress (4): 11/12 MB | 1.6/2.0 MB | 0.7/1.6 MB | 229/246 kB
Progress (4): 11/12 MB | 1.6/2.0 MB | 0.7/1.6 MB | 229/246 kB
Progress (4): 11/12 MB | 1.6/2.0 MB | 0.7/1.6 MB | 229/246 kB
Progress (4): 11/12 MB | 1.6/2.0 MB | 0.7/1.6 MB | 229/246 kB
Progress (4): 11/12 MB | 1.6/2.0 MB | 0.7/1.6 MB | 246 kB    
Progress (4): 11/12 MB | 1.6/2.0 MB | 0.7/1.6 MB | 246 kB
                                                         
Downloaded from central: https://repo.maven.apache.org/maven2/org/springframework/boot/spring-boot-test/3.2.4/spring-boot-test-3.2.4.jar (246 kB at 152 kB/s)
#13 13.68 Downloading from central: https://repo.maven.apache.org/maven2/com/jayway/jsonpath/json-path/2.9.0/json-path-2.9.0.jar
#13 13.68 Progress (3): 11/12 MB | 1.6/2.0 MB | 0.7/1.6 MB
Progress (3): 11/12 MB | 1.6/2.0 MB | 0.7/1.6 MB
Progress (3): 11/12 MB | 1.6/2.0 MB | 0.7/1.6 MB
Progress (3): 11/12 MB | 1.6/2.0 MB | 0.7/1.6 MB
Progress (4): 11/12 MB | 1.6/2.0 MB | 0.7/1.6 MB | 7.7/219 kB
Progress (4): 11/12 MB | 1.6/2.0 MB | 0.7/1.6 MB | 16/219 kB 
Progress (4): 11/12 MB | 1.6/2.0 MB | 0.7/1.6 MB | 32/219 kB
Progress (4): 11/12 MB | 1.6/2.0 MB | 0.7/1.6 MB | 32/219 kB
Progress (4): 11/12 MB | 1.6/2.0 MB | 0.7/1.6 MB | 32/219 kB
Progress (4): 11/12 MB | 1.6/2.0 MB | 0.7/1.6 MB | 32/219 kB
Progress (4): 11/12 MB | 1.7/2.0 MB | 0.7/1.6 MB | 32/219 kB
Progress (4): 11/12 MB | 1.7/2.0 MB | 0.7/1.6 MB | 48/219 kB
Progress (4): 11/12 MB | 1.7/2.0 MB | 0.7/1.6 MB | 48/219 kB
Progress (4): 11/12 MB | 1.7/2.0 MB | 0.7/1.6 MB | 48/219 kB
Progress (4): 11/12 MB | 1.7/2.0 MB | 0.7/1.6 MB | 48/219 kB
Progress (4): 11/12 MB | 1.7/2.0 MB | 0.7/1.6 MB | 48/219 kB
Progress (4): 11/12 MB | 1.7/2.0 MB | 0.7/1.6 MB | 48/219 kB
Progress (4): 11/12 MB | 1.7/2.0 MB | 0.7/1.6 MB | 48/219 kB
Progress (4): 11/12 MB | 1.7/2.0 MB | 0.7/1.6 MB | 48/219 kB
Progress (4): 11/12 MB | 1.7/2.0 MB | 0.7/1.6 MB | 48/219 kB
Progress (4): 11/12 MB | 1.7/2.0 MB | 0.7/1.6 MB | 48/219 kB
Progress (4): 11/12 MB | 1.7/2.0 MB | 0.7/1.6 MB | 65/219 kB
Progress (4): 11/12 MB | 1.7/2.0 MB | 0.7/1.6 MB | 81/219 kB
Progress (4): 11/12 MB | 1.7/2.0 MB | 0.8/1.6 MB | 81/219 kB
Progress (4): 11/12 MB | 1.7/2.0 MB | 0.8/1.6 MB | 97/219 kB
Progress (4): 11/12 MB | 1.7/2.0 MB | 0.8/1.6 MB | 97/219 kB
Progress (4): 11/12 MB | 1.7/2.0 MB | 0.8/1.6 MB | 97/219 kB
Progress (4): 11/12 MB | 1.7/2.0 MB | 0.8/1.6 MB | 97/219 kB
Progress (4): 11/12 MB | 1.7/2.0 MB | 0.8/1.6 MB | 97/219 kB
Progress (4): 11/12 MB | 1.7/2.0 MB | 0.8/1.6 MB | 97/219 kB
Progress (4): 11/12 MB | 1.7/2.0 MB | 0.8/1.6 MB | 114/219 kB
Progress (4): 11/12 MB | 1.8/2.0 MB | 0.8/1.6 MB | 114/219 kB
Progress (4): 11/12 MB | 1.8/2.0 MB | 0.8/1.6 MB | 114/219 kB
Progress (4): 11/12 MB | 1.8/2.0 MB | 0.8/1.6 MB | 114/219 kB
Progress (4): 11/12 MB | 1.8/2.0 MB | 0.8/1.6 MB | 130/219 kB
Progress (4): 11/12 MB | 1.8/2.0 MB | 0.8/1.6 MB | 130/219 kB
Progress (4): 11/12 MB | 1.8/2.0 MB | 0.8/1.6 MB | 130/219 kB
Progress (4): 11/12 MB | 1.8/2.0 MB | 0.8/1.6 MB | 130/219 kB
Progress (4): 11/12 MB | 1.8/2.0 MB | 0.8/1.6 MB | 130/219 kB
Progress (4): 11/12 MB | 1.8/2.0 MB | 0.8/1.6 MB | 147/219 kB
Progress (4): 11/12 MB | 1.8/2.0 MB | 0.8/1.6 MB | 147/219 kB
Progress (4): 11/12 MB | 1.8/2.0 MB | 0.8/1.6 MB | 163/219 kB
Progress (4): 11/12 MB | 1.8/2.0 MB | 0.8/1.6 MB | 163/219 kB
Progress (4): 11/12 MB | 1.8/2.0 MB | 0.8/1.6 MB | 163/219 kB
Progress (4): 11/12 MB | 1.8/2.0 MB | 0.8/1.6 MB | 163/219 kB
Progress (4): 11/12 MB | 1.8/2.0 MB | 0.8/1.6 MB | 179/219 kB
Progress (4): 11/12 MB | 1.8/2.0 MB | 0.8/1.6 MB | 196/219 kB
Progress (4): 11/12 MB | 1.8/2.0 MB | 0.8/1.6 MB | 196/219 kB
Progress (4): 11/12 MB | 1.8/2.0 MB | 0.8/1.6 MB | 196/219 kB
Progress (4): 11/12 MB | 1.8/2.0 MB | 0.8/1.6 MB | 196/219 kB
Progress (4): 11/12 MB | 1.8/2.0 MB | 0.8/1.6 MB | 212/219 kB
Progress (4): 11/12 MB | 1.8/2.0 MB | 0.8/1.6 MB | 212/219 kB
Progress (4): 11/12 MB | 1.8/2.0 MB | 0.8/1.6 MB | 219 kB    
Progress (4): 11/12 MB | 1.8/2.0 MB | 0.8/1.6 MB | 219 kB
Progress (4): 11/12 MB | 1.8/2.0 MB | 0.8/1.6 MB | 219 kB
                                                         
Downloaded from central: https://repo.maven.apache.org/maven2/org/springframework/boot/spring-boot-test-autoconfigure/3.2.4/spring-boot-test-autoconfigure-3.2.4.jar (219 kB at 133 kB/s)
#13 13.71 Downloading from central: https://repo.maven.apache.org/maven2/jakarta/xml/bind/jakarta.xml.bind-api/4.0.2/jakarta.xml.bind-api-4.0.2.jar
#13 13.72 Progress (3): 11/12 MB | 1.8/2.0 MB | 0.9/1.6 MB
Progress (3): 11/12 MB | 1.8/2.0 MB | 0.9/1.6 MB
Progress (3): 11/12 MB | 1.8/2.0 MB | 0.9/1.6 MB
Progress (3): 11/12 MB | 1.8/2.0 MB | 0.9/1.6 MB
Progress (4): 11/12 MB | 1.8/2.0 MB | 0.9/1.6 MB | 7.7/277 kB
Progress (4): 11/12 MB | 1.8/2.0 MB | 0.9/1.6 MB | 15/277 kB 
Progress (4): 11/12 MB | 1.8/2.0 MB | 0.9/1.6 MB | 32/277 kB
Progress (4): 11/12 MB | 1.8/2.0 MB | 0.9/1.6 MB | 32/277 kB
Progress (4): 11/12 MB | 1.8/2.0 MB | 0.9/1.6 MB | 32/277 kB
Progress (4): 11/12 MB | 1.8/2.0 MB | 0.9/1.6 MB | 32/277 kB
Progress (4): 11/12 MB | 1.8/2.0 MB | 0.9/1.6 MB | 32/277 kB
Progress (4): 11/12 MB | 1.8/2.0 MB | 0.9/1.6 MB | 48/277 kB
Progress (4): 11/12 MB | 1.9/2.0 MB | 0.9/1.6 MB | 48/277 kB
Progress (4): 11/12 MB | 1.9/2.0 MB | 0.9/1.6 MB | 48/277 kB
Progress (4): 11/12 MB | 1.9/2.0 MB | 0.9/1.6 MB | 48/277 kB
Progress (4): 11/12 MB | 1.9/2.0 MB | 0.9/1.6 MB | 48/277 kB
Progress (4): 11/12 MB | 1.9/2.0 MB | 0.9/1.6 MB | 48/277 kB
Progress (4): 11/12 MB | 1.9/2.0 MB | 0.9/1.6 MB | 48/277 kB
Progress (4): 11/12 MB | 1.9/2.0 MB | 0.9/1.6 MB | 48/277 kB
Progress (4): 11/12 MB | 1.9/2.0 MB | 0.9/1.6 MB | 65/277 kB
Progress (4): 11/12 MB | 1.9/2.0 MB | 0.9/1.6 MB | 65/277 kB
Progress (4): 11/12 MB | 1.9/2.0 MB | 0.9/1.6 MB | 65/277 kB
Progress (4): 11/12 MB | 1.9/2.0 MB | 0.9/1.6 MB | 65/277 kB
Progress (4): 11/12 MB | 1.9/2.0 MB | 0.9/1.6 MB | 65/277 kB
Progress (4): 11/12 MB | 1.9/2.0 MB | 0.9/1.6 MB | 81/277 kB
Progress (4): 11/12 MB | 1.9/2.0 MB | 0.9/1.6 MB | 97/277 kB
Progress (4): 11/12 MB | 1.9/2.0 MB | 0.9/1.6 MB | 114/277 kB
Progress (4): 11/12 MB | 1.9/2.0 MB | 0.9/1.6 MB | 114/277 kB
Progress (4): 12/12 MB | 1.9/2.0 MB | 0.9/1.6 MB | 114/277 kB
Progress (4): 12/12 MB | 1.9/2.0 MB | 1.0/1.6 MB | 114/277 kB
Progress (4): 12/12 MB | 1.9/2.0 MB | 1.0/1.6 MB | 114/277 kB
Progress (4): 12/12 MB | 1.9/2.0 MB | 1.0/1.6 MB | 114/277 kB
Progress (4): 12/12 MB | 1.9/2.0 MB | 1.0/1.6 MB | 114/277 kB
Progress (4): 12/12 MB | 2.0/2.0 MB | 1.0/1.6 MB | 114/277 kB
Progress (4): 12/12 MB | 2.0/2.0 MB | 1.0/1.6 MB | 130/277 kB
Progress (4): 12/12 MB | 2.0/2.0 MB | 1.0/1.6 MB | 130/277 kB
Progress (4): 12/12 MB | 2.0/2.0 MB | 1.0/1.6 MB | 130/277 kB
Progress (4): 12/12 MB | 2.0/2.0 MB | 1.0/1.6 MB | 130/277 kB
Progress (4): 12/12 MB | 2.0/2.0 MB | 1.0/1.6 MB | 147/277 kB
Progress (4): 12/12 MB | 2.0/2.0 MB | 1.0/1.6 MB | 147/277 kB
Progress (4): 12/12 MB | 2.0/2.0 MB | 1.0/1.6 MB | 147/277 kB
Progress (4): 12/12 MB | 2.0/2.0 MB | 1.0/1.6 MB | 147/277 kB
Progress (4): 12/12 MB | 2.0/2.0 MB | 1.0/1.6 MB | 147/277 kB
Progress (4): 12/12 MB | 2.0 MB | 1.0/1.6 MB | 147/277 kB    
Progress (4): 12 MB | 2.0 MB | 1.0/1.6 MB | 147/277 kB   
Progress (4): 12 MB | 2.0 MB | 1.0/1.6 MB | 163/277 kB
Progress (4): 12 MB | 2.0 MB | 1.0/1.6 MB | 179/277 kB
Progress (4): 12 MB | 2.0 MB | 1.0/1.6 MB | 196/277 kB
Progress (4): 12 MB | 2.0 MB | 1.0/1.6 MB | 212/277 kB
Progress (4): 12 MB | 2.0 MB | 1.0/1.6 MB | 228/277 kB
                                                      
Downloaded from central: https://repo.maven.apache.org/maven2/org/hibernate/orm/hibernate-core/6.4.4.Final/hibernate-core-6.4.4.Final.jar (12 MB at 6.9 MB/s)
#13 13.75 Progress (3): 2.0 MB | 1.0/1.6 MB | 245/277 kB
                                              
Downloading from central: https://repo.maven.apache.org/maven2/jakarta/activation/jakarta.activation-api/2.1.3/jakarta.activation-api-2.1.3.jar
#13 13.75 Downloaded from central: https://repo.maven.apache.org/maven2/org/projectlombok/lombok/1.18.30/lombok-1.18.30.jar (2.0 MB at 1.2 MB/s)
#13 13.75 Downloading from central: https://repo.maven.apache.org/maven2/net/minidev/json-smart/2.5.0/json-smart-2.5.0.jar
#13 13.75 Progress (2): 1.0/1.6 MB | 245/277 kB
Progress (2): 1.0/1.6 MB | 245/277 kB
Progress (2): 1.1/1.6 MB | 245/277 kB
Progress (2): 1.1/1.6 MB | 261/277 kB
Progress (2): 1.1/1.6 MB | 261/277 kB
Progress (2): 1.1/1.6 MB | 261/277 kB
Progress (2): 1.1/1.6 MB | 261/277 kB
Progress (2): 1.1/1.6 MB | 261/277 kB
Progress (2): 1.1/1.6 MB | 261/277 kB
Progress (2): 1.1/1.6 MB | 261/277 kB
Progress (2): 1.2/1.6 MB | 261/277 kB
Progress (3): 1.2/1.6 MB | 261/277 kB | 7.7/131 kB
Progress (3): 1.2/1.6 MB | 261/277 kB | 12/131 kB 
Progress (3): 1.2/1.6 MB | 261/277 kB | 12/131 kB
Progress (3): 1.2/1.6 MB | 277 kB | 12/131 kB    
Progress (3): 1.2/1.6 MB | 277 kB | 29/131 kB
                                             
Downloaded from central: https://repo.maven.apache.org/maven2/com/jayway/jsonpath/json-path/2.9.0/json-path-2.9.0.jar (277 kB at 164 kB/s)
#13 13.76 Progress (2): 1.2/1.6 MB | 29/131 kB
                                    
Downloading from central: https://repo.maven.apache.org/maven2/net/minidev/accessors-smart/2.5.0/accessors-smart-2.5.0.jar
#13 13.76 Progress (2): 1.2/1.6 MB | 29/131 kB
Progress (2): 1.2/1.6 MB | 45/131 kB
Progress (2): 1.2/1.6 MB | 45/131 kB
Progress (2): 1.2/1.6 MB | 61/131 kB
Progress (2): 1.2/1.6 MB | 78/131 kB
Progress (2): 1.2/1.6 MB | 78/131 kB
Progress (2): 1.2/1.6 MB | 94/131 kB
Progress (2): 1.2/1.6 MB | 94/131 kB
Progress (2): 1.3/1.6 MB | 94/131 kB
Progress (2): 1.3/1.6 MB | 94/131 kB
Progress (2): 1.3/1.6 MB | 111/131 kB
Progress (2): 1.3/1.6 MB | 111/131 kB
Progress (2): 1.3/1.6 MB | 111/131 kB
Progress (2): 1.3/1.6 MB | 111/131 kB
Progress (2): 1.3/1.6 MB | 111/131 kB
Progress (2): 1.4/1.6 MB | 111/131 kB
Progress (2): 1.4/1.6 MB | 127/131 kB
Progress (2): 1.4/1.6 MB | 131 kB    
Progress (2): 1.4/1.6 MB | 131 kB
                                 
Downloaded from central: https://repo.maven.apache.org/maven2/jakarta/xml/bind/jakarta.xml.bind-api/4.0.2/jakarta.xml.bind-api-4.0.2.jar (131 kB at 77 kB/s)
#13 13.76 Downloading from central: https://repo.maven.apache.org/maven2/org/ow2/asm/asm/9.3/asm-9.3.jar
#13 13.77 Progress (1): 1.4/1.6 MB
Progress (1): 1.4/1.6 MB
Progress (1): 1.4/1.6 MB
Progress (1): 1.4/1.6 MB
Progress (1): 1.4/1.6 MB
Progress (1): 1.5/1.6 MB
Progress (1): 1.5/1.6 MB
Progress (1): 1.5/1.6 MB
Progress (1): 1.5/1.6 MB
Progress (1): 1.5/1.6 MB
Progress (1): 1.5/1.6 MB
Progress (1): 1.6/1.6 MB
Progress (1): 1.6/1.6 MB
Progress (1): 1.6/1.6 MB
Progress (1): 1.6/1.6 MB
Progress (1): 1.6 MB    
Progress (2): 1.6 MB | 7.7/67 kB
Progress (2): 1.6 MB | 15/67 kB 
                               
Downloaded from central: https://repo.maven.apache.org/maven2/com/fasterxml/jackson/core/jackson-databind/2.15.4/jackson-databind-2.15.4.jar (1.6 MB at 947 kB/s)
#13 13.78 Progress (1): 32/67 kB
                      
Downloading from central: https://repo.maven.apache.org/maven2/org/assertj/assertj-core/3.24.2/assertj-core-3.24.2.jar
#13 13.78 Progress (1): 48/67 kB
Progress (1): 65/67 kB
Progress (1): 67 kB   
                   
Downloaded from central: https://repo.maven.apache.org/maven2/jakarta/activation/jakarta.activation-api/2.1.3/jakarta.activation-api-2.1.3.jar (67 kB at 39 kB/s)
#13 13.78 Downloading from central: https://repo.maven.apache.org/maven2/org/awaitility/awaitility/4.2.0/awaitility-4.2.0.jar
#13 13.78 Progress (1): 7.7/120 kB
Progress (1): 11/120 kB 
Progress (1): 28/120 kB
Progress (1): 44/120 kB
Progress (1): 61/120 kB
Progress (1): 77/120 kB
Progress (1): 93/120 kB
Progress (1): 110/120 kB
Progress (1): 120 kB    
                    
Downloaded from central: https://repo.maven.apache.org/maven2/net/minidev/json-smart/2.5.0/json-smart-2.5.0.jar (120 kB at 70 kB/s)
#13 13.79 Downloading from central: https://repo.maven.apache.org/maven2/org/hamcrest/hamcrest/2.2/hamcrest-2.2.jar
#13 13.79 Progress (1): 7.7/30 kB
Progress (1): 12/30 kB 
Progress (1): 29/30 kB
Progress (1): 30 kB   
                   
Downloaded from central: https://repo.maven.apache.org/maven2/net/minidev/accessors-smart/2.5.0/accessors-smart-2.5.0.jar (30 kB at 17 kB/s)
#13 13.79 Downloading from central: https://repo.maven.apache.org/maven2/org/junit/jupiter/junit-jupiter/5.10.2/junit-jupiter-5.10.2.jar
#13 13.80 Progress (1): 7.7/122 kB
Progress (1): 15/122 kB 
Progress (1): 32/122 kB
Progress (1): 48/122 kB
Progress (1): 65/122 kB
Progress (1): 81/122 kB
Progress (1): 97/122 kB
Progress (1): 114/122 kB
Progress (1): 122 kB    
                    
Downloaded from central: https://repo.maven.apache.org/maven2/org/ow2/asm/asm/9.3/asm-9.3.jar (122 kB at 70 kB/s)
#13 13.81 Downloading from central: https://repo.maven.apache.org/maven2/org/junit/jupiter/junit-jupiter-api/5.10.2/junit-jupiter-api-5.10.2.jar
#13 13.81 Progress (1): 0/1.3 MB
Progress (1): 0/1.3 MB
Progress (1): 0/1.3 MB
Progress (1): 0/1.3 MB
Progress (1): 0.1/1.3 MB
Progress (1): 0.1/1.3 MB
Progress (1): 0.1/1.3 MB
Progress (1): 0.1/1.3 MB
Progress (1): 0.1/1.3 MB
Progress (2): 0.1/1.3 MB | 7.7/96 kB
Progress (2): 0.1/1.3 MB | 16/96 kB 
Progress (2): 0.1/1.3 MB | 25/96 kB
Progress (2): 0.1/1.3 MB | 25/96 kB
Progress (2): 0.1/1.3 MB | 41/96 kB
Progress (2): 0.2/1.3 MB | 41/96 kB
Progress (2): 0.2/1.3 MB | 57/96 kB
Progress (2): 0.2/1.3 MB | 74/96 kB
Progress (2): 0.2/1.3 MB | 74/96 kB
Progress (2): 0.2/1.3 MB | 90/96 kB
Progress (2): 0.2/1.3 MB | 96 kB   
Progress (2): 0.2/1.3 MB | 96 kB
Progress (2): 0.2/1.3 MB | 96 kB
                                
Downloaded from central: https://repo.maven.apache.org/maven2/org/awaitility/awaitility/4.2.0/awaitility-4.2.0.jar (96 kB at 55 kB/s)
#13 13.82 Downloading from central: https://repo.maven.apache.org/maven2/org/opentest4j/opentest4j/1.3.0/opentest4j-1.3.0.jar
#13 13.82 Progress (1): 0.2/1.3 MB
Progress (1): 0.2/1.3 MB
Progress (1): 0.3/1.3 MB
Progress (1): 0.3/1.3 MB
Progress (1): 0.3/1.3 MB
Progress (1): 0.3/1.3 MB
Progress (1): 0.3/1.3 MB
Progress (1): 0.3/1.3 MB
Progress (1): 0.3/1.3 MB
Progress (1): 0.4/1.3 MB
Progress (1): 0.4/1.3 MB
Progress (1): 0.4/1.3 MB
Progress (1): 0.4/1.3 MB
Progress (1): 0.4/1.3 MB
Progress (2): 0.4/1.3 MB | 6.4 kB
Progress (2): 0.4/1.3 MB | 6.4 kB
                                 
Downloaded from central: https://repo.maven.apache.org/maven2/org/junit/jupiter/junit-jupiter/5.10.2/junit-jupiter-5.10.2.jar (6.4 kB at 3.6 kB/s)
#13 13.83 Downloading from central: https://repo.maven.apache.org/maven2/org/junit/platform/junit-platform-commons/1.10.2/junit-platform-commons-1.10.2.jar
#13 13.83 Progress (1): 0.5/1.3 MB
Progress (1): 0.5/1.3 MB
Progress (2): 0.5/1.3 MB | 7.7/123 kB
Progress (2): 0.5/1.3 MB | 16/123 kB 
Progress (2): 0.5/1.3 MB | 16/123 kB
Progress (2): 0.5/1.3 MB | 32/123 kB
Progress (2): 0.5/1.3 MB | 32/123 kB
Progress (2): 0.5/1.3 MB | 32/123 kB
Progress (2): 0.5/1.3 MB | 48/123 kB
Progress (2): 0.5/1.3 MB | 48/123 kB
Progress (2): 0.5/1.3 MB | 65/123 kB
Progress (2): 0.5/1.3 MB | 81/123 kB
Progress (2): 0.6/1.3 MB | 81/123 kB
Progress (2): 0.6/1.3 MB | 97/123 kB
Progress (2): 0.6/1.3 MB | 114/123 kB
Progress (2): 0.6/1.3 MB | 123 kB    
Progress (2): 0.6/1.3 MB | 123 kB
Progress (2): 0.6/1.3 MB | 123 kB
                                 
Downloaded from central: https://repo.maven.apache.org/maven2/org/hamcrest/hamcrest/2.2/hamcrest-2.2.jar (123 kB at 70 kB/s)
#13 13.84 Downloading from central: https://repo.maven.apache.org/maven2/org/apiguardian/apiguardian-api/1.1.2/apiguardian-api-1.1.2.jar
#13 13.84 Progress (1): 0.6/1.3 MB
Progress (1): 0.6/1.3 MB
Progress (1): 0.6/1.3 MB
Progress (1): 0.7/1.3 MB
Progress (1): 0.7/1.3 MB
Progress (1): 0.7/1.3 MB
Progress (2): 0.7/1.3 MB | 7.7/14 kB
Progress (2): 0.7/1.3 MB | 11/14 kB 
Progress (2): 0.7/1.3 MB | 14 kB   
Progress (3): 0.7/1.3 MB | 14 kB | 7.7/211 kB
Progress (3): 0.7/1.3 MB | 14 kB | 7.7/211 kB
Progress (3): 0.7/1.3 MB | 14 kB | 15/211 kB 
Progress (3): 0.7/1.3 MB | 14 kB | 32/211 kB
Progress (3): 0.7/1.3 MB | 14 kB | 32/211 kB
                                            
Downloaded from central: https://repo.maven.apache.org/maven2/org/opentest4j/opentest4j/1.3.0/opentest4j-1.3.0.jar (14 kB at 8.0 kB/s)
#13 13.85 Downloading from central: https://repo.maven.apache.org/maven2/org/junit/jupiter/junit-jupiter-params/5.10.2/junit-jupiter-params-5.10.2.jar
#13 13.85 Progress (2): 0.7/1.3 MB | 48/211 kB
Progress (2): 0.7/1.3 MB | 65/211 kB
Progress (2): 0.7/1.3 MB | 65/211 kB
Progress (2): 0.8/1.3 MB | 65/211 kB
Progress (2): 0.8/1.3 MB | 81/211 kB
Progress (2): 0.8/1.3 MB | 81/211 kB
Progress (2): 0.8/1.3 MB | 81/211 kB
Progress (2): 0.8/1.3 MB | 97/211 kB
Progress (2): 0.8/1.3 MB | 114/211 kB
Progress (2): 0.8/1.3 MB | 130/211 kB
Progress (2): 0.8/1.3 MB | 147/211 kB
Progress (2): 0.8/1.3 MB | 147/211 kB
Progress (2): 0.8/1.3 MB | 147/211 kB
Progress (2): 0.8/1.3 MB | 163/211 kB
Progress (2): 0.8/1.3 MB | 163/211 kB
Progress (2): 0.8/1.3 MB | 179/211 kB
Progress (2): 0.8/1.3 MB | 196/211 kB
Progress (2): 0.8/1.3 MB | 211 kB    
Progress (2): 0.9/1.3 MB | 211 kB
Progress (3): 0.9/1.3 MB | 211 kB | 7.7/106 kB
Progress (3): 0.9/1.3 MB | 211 kB | 11/106 kB 
                                             
Downloaded from central: https://repo.maven.apache.org/maven2/org/junit/jupiter/junit-jupiter-api/5.10.2/junit-jupiter-api-5.10.2.jar (211 kB at 118 kB/s)
#13 13.86 Downloading from central: https://repo.maven.apache.org/maven2/org/junit/jupiter/junit-jupiter-engine/5.10.2/junit-jupiter-engine-5.10.2.jar
#13 13.86 Progress (2): 0.9/1.3 MB | 11/106 kB
Progress (2): 0.9/1.3 MB | 28/106 kB
Progress (2): 0.9/1.3 MB | 28/106 kB
Progress (2): 0.9/1.3 MB | 28/106 kB
Progress (2): 0.9/1.3 MB | 44/106 kB
Progress (2): 0.9/1.3 MB | 44/106 kB
Progress (2): 0.9/1.3 MB | 61/106 kB
Progress (2): 0.9/1.3 MB | 61/106 kB
Progress (2): 0.9/1.3 MB | 77/106 kB
Progress (2): 1.0/1.3 MB | 77/106 kB
Progress (2): 1.0/1.3 MB | 77/106 kB
Progress (2): 1.0/1.3 MB | 77/106 kB
Progress (2): 1.0/1.3 MB | 93/106 kB
Progress (2): 1.0/1.3 MB | 106 kB   
Progress (2): 1.0/1.3 MB | 106 kB
Progress (2): 1.0/1.3 MB | 106 kB
                                 
Downloaded from central: https://repo.maven.apache.org/maven2/org/junit/platform/junit-platform-commons/1.10.2/junit-platform-commons-1.10.2.jar (106 kB at 59 kB/s)
#13 13.86 Progress (1): 1.0/1.3 MB
                        
Downloading from central: https://repo.maven.apache.org/maven2/org/junit/platform/junit-platform-engine/1.10.2/junit-platform-engine-1.10.2.jar
#13 13.86 Progress (1): 1.0/1.3 MB
Progress (1): 1.1/1.3 MB
Progress (1): 1.1/1.3 MB
Progress (1): 1.1/1.3 MB
Progress (1): 1.1/1.3 MB
Progress (1): 1.1/1.3 MB
Progress (1): 1.1/1.3 MB
Progress (1): 1.2/1.3 MB
Progress (1): 1.2/1.3 MB
Progress (1): 1.2/1.3 MB
Progress (1): 1.2/1.3 MB
Progress (1): 1.2/1.3 MB
Progress (1): 1.2/1.3 MB
Progress (1): 1.3/1.3 MB
Progress (1): 1.3/1.3 MB
Progress (2): 1.3/1.3 MB | 6.8 kB
Progress (2): 1.3/1.3 MB | 6.8 kB
Progress (2): 1.3/1.3 MB | 6.8 kB
                                 
Downloaded from central: https://repo.maven.apache.org/maven2/org/apiguardian/apiguardian-api/1.1.2/apiguardian-api-1.1.2.jar (6.8 kB at 3.8 kB/s)
#13 13.87 Progress (2): 1.3/1.3 MB | 7.7/586 kB
                                     
Downloading from central: https://repo.maven.apache.org/maven2/org/mockito/mockito-core/5.7.0/mockito-core-5.7.0.jar
#13 13.87 Progress (2): 1.3/1.3 MB | 12/586 kB
Progress (2): 1.3/1.3 MB | 12/586 kB
Progress (2): 1.3/1.3 MB | 29/586 kB
Progress (2): 1.3 MB | 29/586 kB    
                                
Downloaded from central: https://repo.maven.apache.org/maven2/org/assertj/assertj-core/3.24.2/assertj-core-3.24.2.jar (1.3 MB at 740 kB/s)
#13 13.88 Progress (1): 45/586 kB
                       
Downloading from central: https://repo.maven.apache.org/maven2/net/bytebuddy/byte-buddy-agent/1.14.12/byte-buddy-agent-1.14.12.jar
#13 13.88 Progress (1): 61/586 kB
Progress (1): 78/586 kB
Progress (1): 94/586 kB
Progress (1): 111/586 kB
Progress (1): 127/586 kB
Progress (1): 143/586 kB
Progress (1): 160/586 kB
Progress (1): 176/586 kB
Progress (1): 193/586 kB
Progress (1): 209/586 kB
Progress (1): 225/586 kB
Progress (1): 242/586 kB
Progress (1): 258/586 kB
Progress (1): 274/586 kB
Progress (1): 291/586 kB
Progress (1): 307/586 kB
Progress (1): 324/586 kB
Progress (1): 340/586 kB
Progress (1): 356/586 kB
Progress (1): 373/586 kB
Progress (1): 389/586 kB
Progress (1): 406/586 kB
Progress (2): 406/586 kB | 7.7/245 kB
Progress (2): 406/586 kB | 16/245 kB 
Progress (2): 406/586 kB | 32/245 kB
Progress (2): 422/586 kB | 32/245 kB
Progress (2): 438/586 kB | 32/245 kB
Progress (2): 438/586 kB | 48/245 kB
Progress (2): 455/586 kB | 48/245 kB
Progress (2): 455/586 kB | 65/245 kB
Progress (2): 455/586 kB | 81/245 kB
Progress (3): 455/586 kB | 81/245 kB | 7.7/205 kB
Progress (3): 455/586 kB | 81/245 kB | 16/205 kB 
Progress (3): 455/586 kB | 81/245 kB | 25/205 kB
Progress (3): 455/586 kB | 97/245 kB | 25/205 kB
Progress (3): 471/586 kB | 97/245 kB | 25/205 kB
Progress (3): 471/586 kB | 114/245 kB | 25/205 kB
Progress (3): 487/586 kB | 114/245 kB | 25/205 kB
Progress (3): 487/586 kB | 114/245 kB | 41/205 kB
Progress (3): 504/586 kB | 114/245 kB | 41/205 kB
Progress (3): 504/586 kB | 130/245 kB | 41/205 kB
Progress (3): 504/586 kB | 147/245 kB | 41/205 kB
Progress (3): 520/586 kB | 147/245 kB | 41/205 kB
Progress (3): 520/586 kB | 147/245 kB | 57/205 kB
Progress (3): 522/586 kB | 147/245 kB | 57/205 kB
Progress (3): 538/586 kB | 147/245 kB | 57/205 kB
Progress (3): 538/586 kB | 163/245 kB | 57/205 kB
Progress (3): 538/586 kB | 163/245 kB | 74/205 kB
Progress (3): 554/586 kB | 163/245 kB | 74/205 kB
Progress (3): 554/586 kB | 179/245 kB | 74/205 kB
Progress (3): 571/586 kB | 179/245 kB | 74/205 kB
Progress (3): 571/586 kB | 179/245 kB | 90/205 kB
Progress (3): 571/586 kB | 196/245 kB | 90/205 kB
Progress (3): 571/586 kB | 196/245 kB | 106/205 kB
Progress (3): 586 kB | 196/245 kB | 106/205 kB    
Progress (3): 586 kB | 212/245 kB | 106/205 kB
Progress (3): 586 kB | 228/245 kB | 106/205 kB
                                              
Downloaded from central: https://repo.maven.apache.org/maven2/org/junit/jupiter/junit-jupiter-params/5.10.2/junit-jupiter-params-5.10.2.jar (586 kB at 319 kB/s)
#13 13.90 Progress (2): 228/245 kB | 123/205 kB
                                     
Downloading from central: https://repo.maven.apache.org/maven2/org/objenesis/objenesis/3.3/objenesis-3.3.jar
#13 13.90 Progress (2): 245 kB | 123/205 kB
Progress (2): 245 kB | 139/205 kB
                                 
Downloaded from central: https://repo.maven.apache.org/maven2/org/junit/jupiter/junit-jupiter-engine/5.10.2/junit-jupiter-engine-5.10.2.jar (245 kB at 133 kB/s)
#13 13.90 Downloading from central: https://repo.maven.apache.org/maven2/org/mockito/mockito-junit-jupiter/5.7.0/mockito-junit-jupiter-5.7.0.jar
#13 13.90 Progress (1): 156/205 kB
Progress (1): 172/205 kB
Progress (1): 188/205 kB
Progress (1): 205/205 kB
Progress (1): 205 kB    
Progress (2): 205 kB | 7.7/257 kB
Progress (2): 205 kB | 16/257 kB 
                                
Downloaded from central: https://repo.maven.apache.org/maven2/org/junit/platform/junit-platform-engine/1.10.2/junit-platform-engine-1.10.2.jar (205 kB at 111 kB/s)
#13 13.91 Downloading from central: https://repo.maven.apache.org/maven2/org/skyscreamer/jsonassert/1.5.1/jsonassert-1.5.1.jar
#13 13.91 Progress (1): 24/257 kB
Progress (1): 40/257 kB
Progress (1): 57/257 kB
Progress (1): 73/257 kB
Progress (1): 90/257 kB
Progress (1): 106/257 kB
Progress (1): 122/257 kB
Progress (1): 139/257 kB
Progress (1): 155/257 kB
Progress (1): 172/257 kB
Progress (1): 188/257 kB
Progress (1): 204/257 kB
Progress (2): 204/257 kB | 7.7/700 kB
Progress (2): 204/257 kB | 16/700 kB 
Progress (2): 221/257 kB | 16/700 kB
Progress (2): 237/257 kB | 16/700 kB
Progress (2): 253/257 kB | 16/700 kB
Progress (2): 253/257 kB | 32/700 kB
Progress (2): 253/257 kB | 49/700 kB
Progress (2): 257 kB | 49/700 kB    
Progress (2): 257 kB | 65/700 kB
                                
Downloaded from central: https://repo.maven.apache.org/maven2/net/bytebuddy/byte-buddy-agent/1.14.12/byte-buddy-agent-1.14.12.jar (257 kB at 138 kB/s)
#13 13.92 Downloading from central: https://repo.maven.apache.org/maven2/com/vaadin/external/google/android-json/0.0.20131108.vaadin1/android-json-0.0.20131108.vaadin1.jar
#13 13.93 Progress (1): 81/700 kB
Progress (1): 98/700 kB
Progress (1): 114/700 kB
Progress (1): 131/700 kB
Progress (1): 147/700 kB
Progress (1): 163/700 kB
Progress (1): 180/700 kB
Progress (1): 196/700 kB
Progress (1): 212/700 kB
Progress (1): 217/700 kB
Progress (1): 233/700 kB
Progress (2): 233/700 kB | 7.7/8.8 kB
Progress (2): 233/700 kB | 8.8 kB    
Progress (2): 250/700 kB | 8.8 kB
Progress (2): 266/700 kB | 8.8 kB
                                 
Downloaded from central: https://repo.maven.apache.org/maven2/org/mockito/mockito-junit-jupiter/5.7.0/mockito-junit-jupiter-5.7.0.jar (8.8 kB at 4.7 kB/s)
#13 13.94 Downloading from central: https://repo.maven.apache.org/maven2/org/springframework/spring-core/6.1.5/spring-core-6.1.5.jar
#13 13.94 Progress (1): 282/700 kB
Progress (2): 282/700 kB | 7.7/31 kB
Progress (2): 282/700 kB | 15/31 kB 
Progress (2): 299/700 kB | 15/31 kB
Progress (3): 299/700 kB | 15/31 kB | 7.7/49 kB
Progress (3): 299/700 kB | 15/31 kB | 16/49 kB 
Progress (3): 299/700 kB | 15/31 kB | 32/49 kB
Progress (3): 315/700 kB | 15/31 kB | 32/49 kB
Progress (3): 315/700 kB | 31 kB | 32/49 kB   
Progress (3): 315/700 kB | 31 kB | 49/49 kB
Progress (3): 331/700 kB | 31 kB | 49/49 kB
Progress (3): 348/700 kB | 31 kB | 49/49 kB
Progress (3): 348/700 kB | 31 kB | 49 kB   
                                        
Downloaded from central: https://repo.maven.apache.org/maven2/org/objenesis/objenesis/3.3/objenesis-3.3.jar (49 kB at 26 kB/s)
#13 13.94 Downloading from central: https://repo.maven.apache.org/maven2/org/springframework/spring-jcl/6.1.5/spring-jcl-6.1.5.jar
#13 13.94 Progress (2): 364/700 kB | 31 kB
Progress (2): 381/700 kB | 31 kB
                                
Downloaded from central: https://repo.maven.apache.org/maven2/org/skyscreamer/jsonassert/1.5.1/jsonassert-1.5.1.jar (31 kB at 16 kB/s)
#13 13.94 Downloading from central: https://repo.maven.apache.org/maven2/org/springframework/spring-test/6.1.5/spring-test-6.1.5.jar
#13 13.94 Progress (1): 397/700 kB
Progress (1): 413/700 kB
Progress (1): 430/700 kB
Progress (1): 446/700 kB
Progress (1): 463/700 kB
Progress (1): 479/700 kB
Progress (1): 495/700 kB
Progress (1): 512/700 kB
Progress (1): 528/700 kB
Progress (1): 544/700 kB
Progress (1): 546/700 kB
Progress (1): 562/700 kB
Progress (1): 578/700 kB
Progress (1): 595/700 kB
Progress (1): 611/700 kB
Progress (1): 628/700 kB
Progress (1): 644/700 kB
Progress (1): 660/700 kB
Progress (1): 677/700 kB
Progress (1): 693/700 kB
Progress (1): 700 kB    
                    
Downloaded from central: https://repo.maven.apache.org/maven2/org/mockito/mockito-core/5.7.0/mockito-core-5.7.0.jar (700 kB at 370 kB/s)
#13 13.96 Downloading from central: https://repo.maven.apache.org/maven2/org/xmlunit/xmlunit-core/2.9.1/xmlunit-core-2.9.1.jar
#13 13.96 Progress (1): 7.7/18 kB
Progress (1): 15/18 kB 
Progress (1): 18 kB   
                   
Downloaded from central: https://repo.maven.apache.org/maven2/com/vaadin/external/google/android-json/0.0.20131108.vaadin1/android-json-0.0.20131108.vaadin1.jar (18 kB at 9.6 kB/s)
#13 13.96 Downloading from central: https://repo.maven.apache.org/maven2/org/springdoc/springdoc-openapi-starter-webmvc-ui/2.5.0/springdoc-openapi-starter-webmvc-ui-2.5.0.jar
#13 13.97 Progress (1): 0/1.9 MB
Progress (1): 0/1.9 MB
Progress (1): 0/1.9 MB
Progress (1): 0/1.9 MB
Progress (1): 0.1/1.9 MB
Progress (1): 0.1/1.9 MB
Progress (1): 0.1/1.9 MB
Progress (1): 0.1/1.9 MB
Progress (1): 0.1/1.9 MB
Progress (1): 0.1/1.9 MB
Progress (1): 0.1/1.9 MB
Progress (1): 0.2/1.9 MB
Progress (1): 0.2/1.9 MB
Progress (1): 0.2/1.9 MB
Progress (1): 0.2/1.9 MB
Progress (1): 0.2/1.9 MB
Progress (1): 0.2/1.9 MB
Progress (2): 0.2/1.9 MB | 7.7/854 kB
Progress (2): 0.2/1.9 MB | 8.2/854 kB
Progress (2): 0.2/1.9 MB | 25/854 kB 
Progress (2): 0.2/1.9 MB | 25/854 kB
Progress (2): 0.2/1.9 MB | 41/854 kB
Progress (2): 0.3/1.9 MB | 41/854 kB
Progress (2): 0.3/1.9 MB | 57/854 kB
Progress (2): 0.3/1.9 MB | 57/854 kB
Progress (2): 0.3/1.9 MB | 74/854 kB
Progress (2): 0.3/1.9 MB | 74/854 kB
Progress (2): 0.3/1.9 MB | 90/854 kB
Progress (3): 0.3/1.9 MB | 90/854 kB | 7.7/25 kB
Progress (3): 0.3/1.9 MB | 90/854 kB | 15/25 kB 
Progress (3): 0.3/1.9 MB | 90/854 kB | 25 kB   
Progress (3): 0.3/1.9 MB | 106/854 kB | 25 kB
Progress (3): 0.3/1.9 MB | 106/854 kB | 25 kB
Progress (3): 0.3/1.9 MB | 106/854 kB | 25 kB
Progress (3): 0.3/1.9 MB | 123/854 kB | 25 kB
                                             
Downloaded from central: https://repo.maven.apache.org/maven2/org/springframework/spring-jcl/6.1.5/spring-jcl-6.1.5.jar (25 kB at 13 kB/s)
#13 13.99 Downloading from central: https://repo.maven.apache.org/maven2/org/springdoc/springdoc-openapi-starter-webmvc-api/2.5.0/springdoc-openapi-starter-webmvc-api-2.5.0.jar
#13 13.99 Progress (2): 0.3/1.9 MB | 123/854 kB
Progress (2): 0.3/1.9 MB | 139/854 kB
Progress (2): 0.4/1.9 MB | 139/854 kB
Progress (2): 0.4/1.9 MB | 156/854 kB
Progress (2): 0.4/1.9 MB | 156/854 kB
Progress (2): 0.4/1.9 MB | 172/854 kB
Progress (2): 0.4/1.9 MB | 188/854 kB
Progress (2): 0.4/1.9 MB | 188/854 kB
Progress (2): 0.4/1.9 MB | 205/854 kB
Progress (2): 0.4/1.9 MB | 205/854 kB
Progress (3): 0.4/1.9 MB | 205/854 kB | 7.3/23 kB
Progress (3): 0.4/1.9 MB | 205/854 kB | 23 kB    
Progress (3): 0.4/1.9 MB | 221/854 kB | 23 kB
Progress (3): 0.4/1.9 MB | 221/854 kB | 23 kB
                                             
Downloaded from central: https://repo.maven.apache.org/maven2/org/springdoc/springdoc-openapi-starter-webmvc-ui/2.5.0/springdoc-openapi-starter-webmvc-ui-2.5.0.jar (23 kB at 12 kB/s)
#13 13.99 Downloading from central: https://repo.maven.apache.org/maven2/org/springdoc/springdoc-openapi-starter-common/2.5.0/springdoc-openapi-starter-common-2.5.0.jar
#13 13.99 Progress (2): 0.4/1.9 MB | 238/854 kB
Progress (2): 0.4/1.9 MB | 238/854 kB
Progress (2): 0.4/1.9 MB | 238/854 kB
Progress (2): 0.4/1.9 MB | 254/854 kB
Progress (2): 0.5/1.9 MB | 254/854 kB
Progress (2): 0.5/1.9 MB | 270/854 kB
Progress (2): 0.5/1.9 MB | 270/854 kB
Progress (2): 0.5/1.9 MB | 287/854 kB
Progress (2): 0.5/1.9 MB | 303/854 kB
Progress (2): 0.5/1.9 MB | 303/854 kB
Progress (2): 0.5/1.9 MB | 303/854 kB
Progress (2): 0.5/1.9 MB | 319/854 kB
Progress (2): 0.5/1.9 MB | 336/854 kB
Progress (2): 0.5/1.9 MB | 336/854 kB
Progress (3): 0.5/1.9 MB | 336/854 kB | 7.7/175 kB
Progress (3): 0.5/1.9 MB | 336/854 kB | 16/175 kB 
Progress (3): 0.5/1.9 MB | 336/854 kB | 32/175 kB
Progress (3): 0.5/1.9 MB | 336/854 kB | 49/175 kB
Progress (3): 0.5/1.9 MB | 352/854 kB | 49/175 kB
Progress (3): 0.5/1.9 MB | 352/854 kB | 49/175 kB
Progress (3): 0.5/1.9 MB | 369/854 kB | 49/175 kB
Progress (3): 0.5/1.9 MB | 369/854 kB | 49/175 kB
Progress (3): 0.5/1.9 MB | 369/854 kB | 65/175 kB
Progress (3): 0.5/1.9 MB | 369/854 kB | 81/175 kB
Progress (3): 0.5/1.9 MB | 385/854 kB | 81/175 kB
Progress (3): 0.6/1.9 MB | 385/854 kB | 81/175 kB
Progress (3): 0.6/1.9 MB | 401/854 kB | 81/175 kB
Progress (3): 0.6/1.9 MB | 401/854 kB | 98/175 kB
Progress (3): 0.6/1.9 MB | 418/854 kB | 98/175 kB
Progress (3): 0.6/1.9 MB | 418/854 kB | 114/175 kB
Progress (3): 0.6/1.9 MB | 418/854 kB | 114/175 kB
Progress (3): 0.6/1.9 MB | 434/854 kB | 114/175 kB
Progress (3): 0.6/1.9 MB | 434/854 kB | 131/175 kB
Progress (3): 0.6/1.9 MB | 451/854 kB | 131/175 kB
Progress (3): 0.6/1.9 MB | 451/854 kB | 131/175 kB
Progress (3): 0.6/1.9 MB | 467/854 kB | 131/175 kB
Progress (3): 0.6/1.9 MB | 467/854 kB | 147/175 kB
Progress (3): 0.6/1.9 MB | 483/854 kB | 147/175 kB
Progress (3): 0.6/1.9 MB | 483/854 kB | 163/175 kB
Progress (3): 0.6/1.9 MB | 483/854 kB | 163/175 kB
Progress (3): 0.6/1.9 MB | 483/854 kB | 175 kB    
Progress (3): 0.6/1.9 MB | 483/854 kB | 175 kB
Progress (3): 0.6/1.9 MB | 500/854 kB | 175 kB
Progress (3): 0.6/1.9 MB | 516/854 kB | 175 kB
                                              
Downloaded from central: https://repo.maven.apache.org/maven2/org/xmlunit/xmlunit-core/2.9.1/xmlunit-core-2.9.1.jar (175 kB at 90 kB/s)
#13 14.01 Downloading from central: https://repo.maven.apache.org/maven2/io/swagger/core/v3/swagger-core-jakarta/2.2.21/swagger-core-jakarta-2.2.21.jar
#13 14.01 Progress (2): 0.6/1.9 MB | 532/854 kB
Progress (2): 0.6/1.9 MB | 532/854 kB
Progress (2): 0.7/1.9 MB | 532/854 kB
Progress (2): 0.7/1.9 MB | 549/854 kB
Progress (2): 0.7/1.9 MB | 549/854 kB
Progress (2): 0.7/1.9 MB | 565/854 kB
Progress (2): 0.7/1.9 MB | 582/854 kB
Progress (2): 0.7/1.9 MB | 598/854 kB
Progress (2): 0.7/1.9 MB | 598/854 kB
Progress (2): 0.7/1.9 MB | 614/854 kB
Progress (2): 0.7/1.9 MB | 614/854 kB
Progress (2): 0.7/1.9 MB | 631/854 kB
Progress (2): 0.7/1.9 MB | 631/854 kB
Progress (2): 0.7/1.9 MB | 631/854 kB
Progress (2): 0.7/1.9 MB | 647/854 kB
Progress (2): 0.7/1.9 MB | 664/854 kB
Progress (2): 0.7/1.9 MB | 680/854 kB
Progress (2): 0.7/1.9 MB | 696/854 kB
Progress (2): 0.7/1.9 MB | 696/854 kB
Progress (2): 0.8/1.9 MB | 696/854 kB
Progress (2): 0.8/1.9 MB | 713/854 kB
Progress (2): 0.8/1.9 MB | 729/854 kB
Progress (2): 0.8/1.9 MB | 729/854 kB
Progress (2): 0.8/1.9 MB | 745/854 kB
Progress (2): 0.8/1.9 MB | 745/854 kB
Progress (2): 0.8/1.9 MB | 745/854 kB
Progress (2): 0.8/1.9 MB | 762/854 kB
Progress (2): 0.8/1.9 MB | 762/854 kB
Progress (2): 0.8/1.9 MB | 778/854 kB
Progress (2): 0.8/1.9 MB | 778/854 kB
Progress (2): 0.8/1.9 MB | 795/854 kB
Progress (2): 0.9/1.9 MB | 795/854 kB
Progress (2): 0.9/1.9 MB | 811/854 kB
Progress (2): 0.9/1.9 MB | 811/854 kB
Progress (2): 0.9/1.9 MB | 827/854 kB
Progress (2): 0.9/1.9 MB | 827/854 kB
Progress (2): 0.9/1.9 MB | 827/854 kB
Progress (2): 0.9/1.9 MB | 827/854 kB
Progress (2): 0.9/1.9 MB | 844/854 kB
Progress (2): 0.9/1.9 MB | 854 kB    
Progress (2): 0.9/1.9 MB | 854 kB
Progress (3): 0.9/1.9 MB | 854 kB | 7.7/42 kB
Progress (3): 0.9/1.9 MB | 854 kB | 15/42 kB 
Progress (3): 0.9/1.9 MB | 854 kB | 15/42 kB
Progress (3): 0.9/1.9 MB | 854 kB | 32/42 kB
Progress (3): 1.0/1.9 MB | 854 kB | 32/42 kB
                                            
Downloaded from central: https://repo.maven.apache.org/maven2/org/springframework/spring-test/6.1.5/spring-test-6.1.5.jar (854 kB at 435 kB/s)
#13 14.03 Downloading from central: https://repo.maven.apache.org/maven2/org/apache/commons/commons-lang3/3.13.0/commons-lang3-3.13.0.jar
#13 14.03 Progress (2): 1.0/1.9 MB | 32/42 kB
Progress (2): 1.0/1.9 MB | 32/42 kB
Progress (2): 1.0/1.9 MB | 42 kB   
Progress (2): 1.0/1.9 MB | 42 kB
Progress (2): 1.0/1.9 MB | 42 kB
Progress (3): 1.0/1.9 MB | 42 kB | 7.7/488 kB
Progress (3): 1.0/1.9 MB | 42 kB | 8.2/488 kB
Progress (3): 1.0/1.9 MB | 42 kB | 8.2/488 kB
                                             
Downloaded from central: https://repo.maven.apache.org/maven2/org/springdoc/springdoc-openapi-starter-webmvc-api/2.5.0/springdoc-openapi-starter-webmvc-api-2.5.0.jar (42 kB at 22 kB/s)
#13 14.03 Downloading from central: https://repo.maven.apache.org/maven2/io/swagger/core/v3/swagger-annotations-jakarta/2.2.21/swagger-annotations-jakarta-2.2.21.jar
#13 14.03 Progress (2): 1.1/1.9 MB | 8.2/488 kB
Progress (2): 1.1/1.9 MB | 25/488 kB 
Progress (2): 1.1/1.9 MB | 25/488 kB
Progress (2): 1.1/1.9 MB | 25/488 kB
Progress (2): 1.1/1.9 MB | 41/488 kB
Progress (2): 1.1/1.9 MB | 57/488 kB
Progress (2): 1.1/1.9 MB | 57/488 kB
Progress (2): 1.1/1.9 MB | 57/488 kB
Progress (2): 1.1/1.9 MB | 74/488 kB
Progress (2): 1.1/1.9 MB | 74/488 kB
Progress (2): 1.1/1.9 MB | 90/488 kB
Progress (2): 1.1/1.9 MB | 106/488 kB
Progress (2): 1.2/1.9 MB | 106/488 kB
Progress (2): 1.2/1.9 MB | 123/488 kB
Progress (2): 1.2/1.9 MB | 139/488 kB
Progress (2): 1.2/1.9 MB | 156/488 kB
Progress (2): 1.2/1.9 MB | 156/488 kB
Progress (2): 1.2/1.9 MB | 156/488 kB
Progress (2): 1.2/1.9 MB | 172/488 kB
Progress (2): 1.2/1.9 MB | 172/488 kB
Progress (2): 1.2/1.9 MB | 188/488 kB
Progress (2): 1.2/1.9 MB | 188/488 kB
Progress (2): 1.2/1.9 MB | 205/488 kB
Progress (2): 1.2/1.9 MB | 205/488 kB
Progress (2): 1.2/1.9 MB | 205/488 kB
Progress (2): 1.3/1.9 MB | 205/488 kB
Progress (2): 1.3/1.9 MB | 221/488 kB
Progress (2): 1.3/1.9 MB | 221/488 kB
Progress (2): 1.3/1.9 MB | 221/488 kB
Progress (2): 1.3/1.9 MB | 238/488 kB
Progress (2): 1.3/1.9 MB | 254/488 kB
Progress (2): 1.3/1.9 MB | 270/488 kB
Progress (2): 1.3/1.9 MB | 270/488 kB
Progress (2): 1.3/1.9 MB | 270/488 kB
Progress (2): 1.3/1.9 MB | 270/488 kB
Progress (2): 1.3/1.9 MB | 287/488 kB
Progress (2): 1.4/1.9 MB | 287/488 kB
Progress (2): 1.4/1.9 MB | 303/488 kB
Progress (2): 1.4/1.9 MB | 319/488 kB
Progress (2): 1.4/1.9 MB | 319/488 kB
Progress (2): 1.4/1.9 MB | 319/488 kB
Progress (2): 1.4/1.9 MB | 336/488 kB
Progress (2): 1.4/1.9 MB | 340/488 kB
Progress (2): 1.4/1.9 MB | 340/488 kB
Progress (2): 1.4/1.9 MB | 356/488 kB
Progress (2): 1.4/1.9 MB | 356/488 kB
Progress (2): 1.4/1.9 MB | 372/488 kB
Progress (2): 1.4/1.9 MB | 372/488 kB
Progress (2): 1.4/1.9 MB | 389/488 kB
Progress (2): 1.4/1.9 MB | 405/488 kB
Progress (2): 1.5/1.9 MB | 405/488 kB
Progress (2): 1.5/1.9 MB | 422/488 kB
Progress (2): 1.5/1.9 MB | 422/488 kB
Progress (2): 1.5/1.9 MB | 438/488 kB
Progress (2): 1.5/1.9 MB | 438/488 kB
Progress (2): 1.5/1.9 MB | 454/488 kB
Progress (2): 1.5/1.9 MB | 454/488 kB
Progress (2): 1.5/1.9 MB | 471/488 kB
Progress (2): 1.5/1.9 MB | 471/488 kB
Progress (2): 1.5/1.9 MB | 487/488 kB
Progress (2): 1.5/1.9 MB | 487/488 kB
Progress (2): 1.5/1.9 MB | 488 kB    
Progress (2): 1.5/1.9 MB | 488 kB
Progress (2): 1.6/1.9 MB | 488 kB
                                 
Downloaded from central: https://repo.maven.apache.org/maven2/org/springdoc/springdoc-openapi-starter-common/2.5.0/springdoc-openapi-starter-common-2.5.0.jar (488 kB at 246 kB/s)
#13 14.05 Progress (1): 1.6/1.9 MB
                        
Downloading from central: https://repo.maven.apache.org/maven2/io/swagger/core/v3/swagger-models-jakarta/2.2.21/swagger-models-jakarta-2.2.21.jar
#13 14.05 Progress (1): 1.6/1.9 MB
Progress (1): 1.6/1.9 MB
Progress (1): 1.6/1.9 MB
Progress (1): 1.6/1.9 MB
Progress (1): 1.7/1.9 MB
Progress (1): 1.7/1.9 MB
Progress (1): 1.7/1.9 MB
Progress (1): 1.7/1.9 MB
Progress (1): 1.7/1.9 MB
Progress (1): 1.7/1.9 MB
Progress (1): 1.8/1.9 MB
Progress (1): 1.8/1.9 MB
Progress (1): 1.8/1.9 MB
Progress (1): 1.8/1.9 MB
Progress (1): 1.8/1.9 MB
Progress (1): 1.8/1.9 MB
Progress (1): 1.9/1.9 MB
Progress (1): 1.9/1.9 MB
Progress (1): 1.9 MB    
                    
Downloaded from central: https://repo.maven.apache.org/maven2/org/springframework/spring-core/6.1.5/spring-core-6.1.5.jar (1.9 MB at 945 kB/s)
#13 14.06 Downloading from central: https://repo.maven.apache.org/maven2/com/fasterxml/jackson/dataformat/jackson-dataformat-yaml/2.15.4/jackson-dataformat-yaml-2.15.4.jar
#13 14.06 Progress (1): 7.7/228 kB
Progress (1): 16/228 kB 
Progress (1): 28/228 kB
Progress (1): 44/228 kB
Progress (1): 61/228 kB
Progress (1): 77/228 kB
Progress (2): 77/228 kB | 7.7/632 kB
Progress (2): 77/228 kB | 15/632 kB 
Progress (2): 77/228 kB | 32/632 kB
Progress (2): 93/228 kB | 32/632 kB
Progress (2): 93/228 kB | 48/632 kB
Progress (2): 110/228 kB | 48/632 kB
Progress (2): 126/228 kB | 48/632 kB
Progress (2): 126/228 kB | 65/632 kB
Progress (2): 142/228 kB | 65/632 kB
Progress (2): 142/228 kB | 81/632 kB
Progress (2): 142/228 kB | 97/632 kB
Progress (2): 142/228 kB | 114/632 kB
Progress (2): 159/228 kB | 114/632 kB
Progress (2): 175/228 kB | 114/632 kB
Progress (2): 175/228 kB | 130/632 kB
Progress (2): 175/228 kB | 147/632 kB
Progress (2): 192/228 kB | 147/632 kB
Progress (2): 208/228 kB | 147/632 kB
Progress (2): 208/228 kB | 163/632 kB
Progress (2): 208/228 kB | 179/632 kB
Progress (2): 208/228 kB | 196/632 kB
Progress (2): 224/228 kB | 196/632 kB
Progress (2): 228 kB | 196/632 kB    
Progress (2): 228 kB | 212/632 kB
Progress (3): 228 kB | 212/632 kB | 3.2/48 kB
Progress (3): 228 kB | 228/632 kB | 3.2/48 kB
Progress (3): 228 kB | 245/632 kB | 3.2/48 kB
Progress (3): 228 kB | 245/632 kB | 20/48 kB 
Progress (3): 228 kB | 261/632 kB | 20/48 kB
Progress (3): 228 kB | 261/632 kB | 28/48 kB
Progress (3): 228 kB | 262/632 kB | 28/48 kB
Progress (3): 228 kB | 279/632 kB | 28/48 kB
Progress (3): 228 kB | 295/632 kB | 28/48 kB
Progress (3): 228 kB | 295/632 kB | 44/48 kB
Progress (3): 228 kB | 295/632 kB | 48 kB   
Progress (3): 228 kB | 311/632 kB | 48 kB
                                         
Downloaded from central: https://repo.maven.apache.org/maven2/io/swagger/core/v3/swagger-core-jakarta/2.2.21/swagger-core-jakarta-2.2.21.jar (228 kB at 114 kB/s)
#13 14.07 Downloaded from central: https://repo.maven.apache.org/maven2/io/swagger/core/v3/swagger-annotations-jakarta/2.2.21/swagger-annotations-jakarta-2.2.21.jar (48 kB at 24 kB/s)
#13 14.07 Downloading from central: https://repo.maven.apache.org/maven2/org/webjars/swagger-ui/5.13.0/swagger-ui-5.13.0.jar
#13 14.07 Progress (1): 328/632 kB
                        
Downloading from central: https://repo.maven.apache.org/maven2/me/paulschwarz/spring-dotenv/4.0.0/spring-dotenv-4.0.0.jar
#13 14.07 Progress (1): 344/632 kB
Progress (1): 360/632 kB
Progress (1): 377/632 kB
Progress (1): 393/632 kB
Progress (1): 410/632 kB
Progress (1): 426/632 kB
Progress (1): 442/632 kB
Progress (1): 459/632 kB
Progress (1): 475/632 kB
Progress (1): 492/632 kB
Progress (1): 508/632 kB
Progress (1): 524/632 kB
Progress (1): 541/632 kB
Progress (1): 557/632 kB
Progress (1): 573/632 kB
Progress (1): 590/632 kB
Progress (1): 606/632 kB
Progress (1): 623/632 kB
Progress (1): 632 kB    
                    
Downloaded from central: https://repo.maven.apache.org/maven2/org/apache/commons/commons-lang3/3.13.0/commons-lang3-3.13.0.jar (632 kB at 313 kB/s)
#13 14.08 Downloading from central: https://repo.maven.apache.org/maven2/io/github/cdimascio/dotenv-java/3.0.0/dotenv-java-3.0.0.jar
#13 14.08 Progress (1): 7.7/135 kB
Progress (2): 7.7/135 kB | 7.7/55 kB
Progress (2): 16/135 kB | 7.7/55 kB 
Progress (2): 16/135 kB | 8.2/55 kB
Progress (2): 16/135 kB | 25/55 kB 
Progress (2): 32/135 kB | 25/55 kB
Progress (2): 32/135 kB | 41/55 kB
Progress (2): 49/135 kB | 41/55 kB
Progress (2): 65/135 kB | 41/55 kB
Progress (2): 65/135 kB | 55 kB   
Progress (2): 81/135 kB | 55 kB
                               
Downloaded from central: https://repo.maven.apache.org/maven2/com/fasterxml/jackson/dataformat/jackson-dataformat-yaml/2.15.4/jackson-dataformat-yaml-2.15.4.jar (55 kB at 27 kB/s)
#13 14.09 Progress (1): 98/135 kB
Progress (1): 114/135 kB
Progress (1): 131/135 kB
Progress (1): 135 kB    
                    
Downloaded from central: https://repo.maven.apache.org/maven2/io/swagger/core/v3/swagger-models-jakarta/2.2.21/swagger-models-jakarta-2.2.21.jar (135 kB at 66 kB/s)
#13 14.11 Progress (1): 0/4.0 MB
Progress (1): 0/4.0 MB
Progress (2): 0/4.0 MB | 3.2/10 kB
Progress (2): 0/4.0 MB | 10 kB    
                              
Downloaded from central: https://repo.maven.apache.org/maven2/me/paulschwarz/spring-dotenv/4.0.0/spring-dotenv-4.0.0.jar (10 kB at 5.0 kB/s)
#13 14.11 Progress (1): 0/4.0 MB
Progress (1): 0/4.0 MB
Progress (1): 0.1/4.0 MB
Progress (1): 0.1/4.0 MB
Progress (1): 0.1/4.0 MB
Progress (1): 0.1/4.0 MB
Progress (1): 0.1/4.0 MB
Progress (1): 0.1/4.0 MB
Progress (1): 0.2/4.0 MB
Progress (1): 0.2/4.0 MB
Progress (1): 0.2/4.0 MB
Progress (1): 0.2/4.0 MB
Progress (1): 0.2/4.0 MB
Progress (1): 0.2/4.0 MB
Progress (1): 0.3/4.0 MB
Progress (1): 0.3/4.0 MB
Progress (1): 0.3/4.0 MB
Progress (1): 0.3/4.0 MB
Progress (2): 0.3/4.0 MB | 7.7/17 kB
Progress (2): 0.3/4.0 MB | 11/17 kB 
Progress (2): 0.3/4.0 MB | 17 kB   
Progress (2): 0.3/4.0 MB | 17 kB
                                
Downloaded from central: https://repo.maven.apache.org/maven2/io/github/cdimascio/dotenv-java/3.0.0/dotenv-java-3.0.0.jar (17 kB at 8.3 kB/s)
#13 14.12 Progress (1): 0.3/4.0 MB
Progress (1): 0.4/4.0 MB
Progress (1): 0.4/4.0 MB
Progress (1): 0.4/4.0 MB
Progress (1): 0.4/4.0 MB
Progress (1): 0.4/4.0 MB
Progress (1): 0.4/4.0 MB
Progress (1): 0.4/4.0 MB
Progress (1): 0.5/4.0 MB
Progress (1): 0.5/4.0 MB
Progress (1): 0.5/4.0 MB
Progress (1): 0.5/4.0 MB
Progress (1): 0.5/4.0 MB
Progress (1): 0.5/4.0 MB
Progress (1): 0.6/4.0 MB
Progress (1): 0.6/4.0 MB
Progress (1): 0.6/4.0 MB
Progress (1): 0.6/4.0 MB
Progress (1): 0.6/4.0 MB
Progress (1): 0.6/4.0 MB
Progress (1): 0.7/4.0 MB
Progress (1): 0.7/4.0 MB
Progress (1): 0.7/4.0 MB
Progress (1): 0.7/4.0 MB
Progress (1): 0.7/4.0 MB
Progress (1): 0.7/4.0 MB
Progress (1): 0.8/4.0 MB
Progress (1): 0.8/4.0 MB
Progress (1): 0.8/4.0 MB
Progress (1): 0.8/4.0 MB
Progress (1): 0.8/4.0 MB
Progress (1): 0.8/4.0 MB
Progress (1): 0.9/4.0 MB
Progress (1): 0.9/4.0 MB
Progress (1): 0.9/4.0 MB
Progress (1): 0.9/4.0 MB
Progress (1): 0.9/4.0 MB
Progress (1): 0.9/4.0 MB
Progress (1): 1.0/4.0 MB
Progress (1): 1.0/4.0 MB
Progress (1): 1.0/4.0 MB
Progress (1): 1.0/4.0 MB
Progress (1): 1.0/4.0 MB
Progress (1): 1.0/4.0 MB
Progress (1): 1.0/4.0 MB
Progress (1): 1.1/4.0 MB
Progress (1): 1.1/4.0 MB
Progress (1): 1.1/4.0 MB
Progress (1): 1.1/4.0 MB
Progress (1): 1.1/4.0 MB
Progress (1): 1.1/4.0 MB
Progress (1): 1.2/4.0 MB
Progress (1): 1.2/4.0 MB
Progress (1): 1.2/4.0 MB
Progress (1): 1.2/4.0 MB
Progress (1): 1.2/4.0 MB
Progress (1): 1.2/4.0 MB
Progress (1): 1.3/4.0 MB
Progress (1): 1.3/4.0 MB
Progress (1): 1.3/4.0 MB
Progress (1): 1.3/4.0 MB
Progress (1): 1.3/4.0 MB
Progress (1): 1.3/4.0 MB
Progress (1): 1.4/4.0 MB
Progress (1): 1.4/4.0 MB
Progress (1): 1.4/4.0 MB
Progress (1): 1.4/4.0 MB
Progress (1): 1.4/4.0 MB
Progress (1): 1.4/4.0 MB
Progress (1): 1.5/4.0 MB
Progress (1): 1.5/4.0 MB
Progress (1): 1.5/4.0 MB
Progress (1): 1.5/4.0 MB
Progress (1): 1.5/4.0 MB
Progress (1): 1.5/4.0 MB
Progress (1): 1.6/4.0 MB
Progress (1): 1.6/4.0 MB
Progress (1): 1.6/4.0 MB
Progress (1): 1.6/4.0 MB
Progress (1): 1.6/4.0 MB
Progress (1): 1.6/4.0 MB
Progress (1): 1.7/4.0 MB
Progress (1): 1.7/4.0 MB
Progress (1): 1.7/4.0 MB
Progress (1): 1.7/4.0 MB
Progress (1): 1.7/4.0 MB
Progress (1): 1.7/4.0 MB
Progress (1): 1.8/4.0 MB
Progress (1): 1.8/4.0 MB
Progress (1): 1.8/4.0 MB
Progress (1): 1.8/4.0 MB
Progress (1): 1.8/4.0 MB
Progress (1): 1.8/4.0 MB
Progress (1): 1.9/4.0 MB
Progress (1): 1.9/4.0 MB
Progress (1): 1.9/4.0 MB
Progress (1): 1.9/4.0 MB
Progress (1): 1.9/4.0 MB
Progress (1): 1.9/4.0 MB
Progress (1): 1.9/4.0 MB
Progress (1): 2.0/4.0 MB
Progress (1): 2.0/4.0 MB
Progress (1): 2.0/4.0 MB
Progress (1): 2.0/4.0 MB
Progress (1): 2.0/4.0 MB
Progress (1): 2.0/4.0 MB
Progress (1): 2.1/4.0 MB
Progress (1): 2.1/4.0 MB
Progress (1): 2.1/4.0 MB
Progress (1): 2.1/4.0 MB
Progress (1): 2.1/4.0 MB
Progress (1): 2.1/4.0 MB
Progress (1): 2.2/4.0 MB
Progress (1): 2.2/4.0 MB
Progress (1): 2.2/4.0 MB
Progress (1): 2.2/4.0 MB
Progress (1): 2.2/4.0 MB
Progress (1): 2.2/4.0 MB
Progress (1): 2.3/4.0 MB
Progress (1): 2.3/4.0 MB
Progress (1): 2.3/4.0 MB
Progress (1): 2.3/4.0 MB
Progress (1): 2.3/4.0 MB
Progress (1): 2.3/4.0 MB
Progress (1): 2.3/4.0 MB
Progress (1): 2.4/4.0 MB
Progress (1): 2.4/4.0 MB
Progress (1): 2.4/4.0 MB
Progress (1): 2.4/4.0 MB
Progress (1): 2.4/4.0 MB
Progress (1): 2.4/4.0 MB
Progress (1): 2.5/4.0 MB
Progress (1): 2.5/4.0 MB
Progress (1): 2.5/4.0 MB
Progress (1): 2.5/4.0 MB
Progress (1): 2.5/4.0 MB
Progress (1): 2.5/4.0 MB
Progress (1): 2.6/4.0 MB
Progress (1): 2.6/4.0 MB
Progress (1): 2.6/4.0 MB
Progress (1): 2.6/4.0 MB
Progress (1): 2.6/4.0 MB
Progress (1): 2.6/4.0 MB
Progress (1): 2.7/4.0 MB
Progress (1): 2.7/4.0 MB
Progress (1): 2.7/4.0 MB
Progress (1): 2.7/4.0 MB
Progress (1): 2.7/4.0 MB
Progress (1): 2.7/4.0 MB
Progress (1): 2.8/4.0 MB
Progress (1): 2.8/4.0 MB
Progress (1): 2.8/4.0 MB
Progress (1): 2.8/4.0 MB
Progress (1): 2.8/4.0 MB
Progress (1): 2.8/4.0 MB
Progress (1): 2.9/4.0 MB
Progress (1): 2.9/4.0 MB
Progress (1): 2.9/4.0 MB
Progress (1): 2.9/4.0 MB
Progress (1): 2.9/4.0 MB
Progress (1): 2.9/4.0 MB
Progress (1): 3.0/4.0 MB
Progress (1): 3.0/4.0 MB
Progress (1): 3.0/4.0 MB
Progress (1): 3.0/4.0 MB
Progress (1): 3.0/4.0 MB
Progress (1): 3.0/4.0 MB
Progress (1): 3.0/4.0 MB
Progress (1): 3.1/4.0 MB
Progress (1): 3.1/4.0 MB
Progress (1): 3.1/4.0 MB
Progress (1): 3.1/4.0 MB
Progress (1): 3.1/4.0 MB
Progress (1): 3.1/4.0 MB
Progress (1): 3.2/4.0 MB
Progress (1): 3.2/4.0 MB
Progress (1): 3.2/4.0 MB
Progress (1): 3.2/4.0 MB
Progress (1): 3.2/4.0 MB
Progress (1): 3.2/4.0 MB
Progress (1): 3.3/4.0 MB
Progress (1): 3.3/4.0 MB
Progress (1): 3.3/4.0 MB
Progress (1): 3.3/4.0 MB
Progress (1): 3.3/4.0 MB
Progress (1): 3.3/4.0 MB
Progress (1): 3.4/4.0 MB
Progress (1): 3.4/4.0 MB
Progress (1): 3.4/4.0 MB
Progress (1): 3.4/4.0 MB
Progress (1): 3.4/4.0 MB
Progress (1): 3.4/4.0 MB
Progress (1): 3.5/4.0 MB
Progress (1): 3.5/4.0 MB
Progress (1): 3.5/4.0 MB
Progress (1): 3.5/4.0 MB
Progress (1): 3.5/4.0 MB
Progress (1): 3.5/4.0 MB
Progress (1): 3.6/4.0 MB
Progress (1): 3.6/4.0 MB
Progress (1): 3.6/4.0 MB
Progress (1): 3.6/4.0 MB
Progress (1): 3.6/4.0 MB
Progress (1): 3.6/4.0 MB
Progress (1): 3.6/4.0 MB
Progress (1): 3.7/4.0 MB
Progress (1): 3.7/4.0 MB
Progress (1): 3.7/4.0 MB
Progress (1): 3.7/4.0 MB
Progress (1): 3.7/4.0 MB
Progress (1): 3.7/4.0 MB
Progress (1): 3.8/4.0 MB
Progress (1): 3.8/4.0 MB
Progress (1): 3.8/4.0 MB
Progress (1): 3.8/4.0 MB
Progress (1): 3.8/4.0 MB
Progress (1): 3.8/4.0 MB
Progress (1): 3.9/4.0 MB
Progress (1): 3.9/4.0 MB
Progress (1): 3.9/4.0 MB
Progress (1): 3.9/4.0 MB
Progress (1): 3.9/4.0 MB
Progress (1): 3.9/4.0 MB
Progress (1): 4.0/4.0 MB
Progress (1): 4.0/4.0 MB
Progress (1): 4.0/4.0 MB
Progress (1): 4.0/4.0 MB
Progress (1): 4.0/4.0 MB
Progress (1): 4.0 MB    
                    
Downloaded from central: https://repo.maven.apache.org/maven2/org/webjars/swagger-ui/5.13.0/swagger-ui-5.13.0.jar (4.0 MB at 1.8 MB/s)
#13 14.32 [INFO] 
#13 14.32 [INFO] --- clean:3.3.2:clean (default-clean) @ backend ---
#13 14.33 Downloading from central: https://repo.maven.apache.org/maven2/org/codehaus/plexus/plexus-utils/4.0.0/plexus-utils-4.0.0.pom
#13 14.37 Progress (1): 724 B
Progress (1): 2.3 kB
Progress (1): 4.5 kB
Progress (1): 8.7 kB
                    
Downloaded from central: https://repo.maven.apache.org/maven2/org/codehaus/plexus/plexus-utils/4.0.0/plexus-utils-4.0.0.pom (8.7 kB at 201 kB/s)
#13 14.37 Downloading from central: https://repo.maven.apache.org/maven2/org/codehaus/plexus/plexus/13/plexus-13.pom
#13 14.42 Progress (1): 693 B
Progress (1): 2.5 kB
Progress (1): 6.4 kB
Progress (1): 8.9 kB
Progress (1): 11 kB 
Progress (1): 14 kB
Progress (1): 18 kB
Progress (1): 21 kB
Progress (1): 26 kB
Progress (1): 27 kB
                   
Downloaded from central: https://repo.maven.apache.org/maven2/org/codehaus/plexus/plexus/13/plexus-13.pom (27 kB at 637 kB/s)
#13 14.42 Downloading from central: https://repo.maven.apache.org/maven2/org/codehaus/plexus/plexus-utils/4.0.0/plexus-utils-4.0.0.jar
#13 14.45 Progress (1): 7.7/192 kB
Progress (1): 16/192 kB 
Progress (1): 25/192 kB
Progress (1): 41/192 kB
Progress (1): 57/192 kB
Progress (1): 74/192 kB
Progress (1): 90/192 kB
Progress (1): 106/192 kB
Progress (1): 123/192 kB
Progress (1): 139/192 kB
Progress (1): 156/192 kB
Progress (1): 172/192 kB
Progress (1): 188/192 kB
Progress (1): 192 kB    
                    
Downloaded from central: https://repo.maven.apache.org/maven2/org/codehaus/plexus/plexus-utils/4.0.0/plexus-utils-4.0.0.jar (192 kB at 4.4 MB/s)
#13 14.50 [INFO] 
#13 14.50 [INFO] --- checkstyle:3.3.1:check (validate) @ backend ---
#13 14.50 Downloading from central: https://repo.maven.apache.org/maven2/org/apache/maven/reporting/maven-reporting-api/3.1.1/maven-reporting-api-3.1.1.pom
#13 14.54 Progress (1): 778 B
Progress (1): 2.2 kB
Progress (1): 3.8 kB
                    
Downloaded from central: https://repo.maven.apache.org/maven2/org/apache/maven/reporting/maven-reporting-api/3.1.1/maven-reporting-api-3.1.1.pom (3.8 kB at 96 kB/s)
#13 14.54 Downloading from central: https://repo.maven.apache.org/maven2/org/apache/maven/shared/maven-shared-components/34/maven-shared-components-34.pom
#13 14.58 Progress (1): 781 B
Progress (1): 2.3 kB
Progress (1): 4.6 kB
Progress (1): 5.1 kB
                    
Downloaded from central: https://repo.maven.apache.org/maven2/org/apache/maven/shared/maven-shared-components/34/maven-shared-components-34.pom (5.1 kB at 116 kB/s)
#13 14.59 Downloading from central: https://repo.maven.apache.org/maven2/org/apache/maven/maven-parent/34/maven-parent-34.pom
#13 14.63 Progress (1): 727 B
Progress (1): 1.9 kB
Progress (1): 5.4 kB
Progress (1): 9.8 kB
Progress (1): 14 kB 
Progress (1): 19 kB
Progress (1): 23 kB
Progress (1): 26 kB
Progress (1): 27 kB
Progress (1): 30 kB
Progress (1): 34 kB
Progress (1): 37 kB
Progress (1): 41 kB
Progress (1): 43 kB
                   
Downloaded from central: https://repo.maven.apache.org/maven2/org/apache/maven/maven-parent/34/maven-parent-34.pom (43 kB at 1.0 MB/s)
#13 14.63 Downloading from central: https://repo.maven.apache.org/maven2/org/apache/apache/23/apache-23.pom
#13 14.67 Progress (1): 749 B
Progress (1): 2.1 kB
Progress (1): 3.9 kB
Progress (1): 7.9 kB
Progress (1): 13 kB 
Progress (1): 16 kB
Progress (1): 18 kB
                   
Downloaded from central: https://repo.maven.apache.org/maven2/org/apache/apache/23/apache-23.pom (18 kB at 472 kB/s)
#13 14.67 Downloading from central: https://repo.maven.apache.org/maven2/org/apache/maven/doxia/doxia-sink-api/1.11.1/doxia-sink-api-1.11.1.pom
#13 14.71 Progress (1): 835 B
Progress (1): 1.6 kB
                    
Downloaded from central: https://repo.maven.apache.org/maven2/org/apache/maven/doxia/doxia-sink-api/1.11.1/doxia-sink-api-1.11.1.pom (1.6 kB at 40 kB/s)
#13 14.71 Downloading from central: https://repo.maven.apache.org/maven2/org/apache/maven/doxia/doxia/1.11.1/doxia-1.11.1.pom
#13 14.75 Progress (1): 755 B
Progress (1): 2.2 kB
Progress (1): 3.7 kB
Progress (1): 8.9 kB
Progress (1): 12 kB 
Progress (1): 16 kB
Progress (1): 18 kB
                   
Downloaded from central: https://repo.maven.apache.org/maven2/org/apache/maven/doxia/doxia/1.11.1/doxia-1.11.1.pom (18 kB at 429 kB/s)
#13 14.76 Downloading from central: https://repo.maven.apache.org/maven2/org/apache/maven/doxia/doxia-logging-api/1.11.1/doxia-logging-api-1.11.1.pom
#13 14.80 Progress (1): 832 B
Progress (1): 1.6 kB
                    
Downloaded from central: https://repo.maven.apache.org/maven2/org/apache/maven/doxia/doxia-logging-api/1.11.1/doxia-logging-api-1.11.1.pom (1.6 kB at 38 kB/s)
#13 14.80 Downloading from central: https://repo.maven.apache.org/maven2/org/apache/maven/reporting/maven-reporting-impl/3.2.0/maven-reporting-impl-3.2.0.pom
#13 14.84 Progress (1): 783 B
Progress (1): 2.2 kB
Progress (1): 5.4 kB
Progress (1): 7.5 kB
Progress (1): 7.6 kB
                    
Downloaded from central: https://repo.maven.apache.org/maven2/org/apache/maven/reporting/maven-reporting-impl/3.2.0/maven-reporting-impl-3.2.0.pom (7.6 kB at 205 kB/s)
#13 14.84 Downloading from central: https://repo.maven.apache.org/maven2/org/apache/maven/maven-core/3.1.0/maven-core-3.1.0.pom
#13 14.88 Progress (1): 801 B
Progress (1): 3.9 kB
Progress (1): 6.3 kB
Progress (1): 6.9 kB
                    
Downloaded from central: https://repo.maven.apache.org/maven2/org/apache/maven/maven-core/3.1.0/maven-core-3.1.0.pom (6.9 kB at 182 kB/s)
#13 14.88 Downloading from central: https://repo.maven.apache.org/maven2/org/apache/maven/maven/3.1.0/maven-3.1.0.pom
#13 14.93 Progress (1): 770 B
Progress (1): 1.9 kB
Progress (1): 3.7 kB
Progress (1): 7.8 kB
Progress (1): 13 kB 
Progress (1): 17 kB
Progress (1): 19 kB
Progress (1): 22 kB
                   
Downloaded from central: https://repo.maven.apache.org/maven2/org/apache/maven/maven/3.1.0/maven-3.1.0.pom (22 kB at 507 kB/s)
#13 14.93 Downloading from central: https://repo.maven.apache.org/maven2/org/apache/maven/maven-parent/23/maven-parent-23.pom
#13 14.97 Progress (1): 798 B
Progress (1): 2.1 kB
Progress (1): 6.4 kB
Progress (1): 7.7 kB
Progress (1): 11 kB 
Progress (1): 16 kB
Progress (1): 20 kB
Progress (1): 22 kB
Progress (1): 25 kB
Progress (1): 27 kB
Progress (1): 32 kB
Progress (1): 33 kB
                   
Downloaded from central: https://repo.maven.apache.org/maven2/org/apache/maven/maven-parent/23/maven-parent-23.pom (33 kB at 795 kB/s)
#13 14.97 Downloading from central: https://repo.maven.apache.org/maven2/org/apache/apache/13/apache-13.pom
#13 15.01 Progress (1): 749 B
Progress (1): 2.1 kB
Progress (1): 4.1 kB
Progress (1): 9.0 kB
Progress (1): 11 kB 
Progress (1): 14 kB
                   
Downloaded from central: https://repo.maven.apache.org/maven2/org/apache/apache/13/apache-13.pom (14 kB at 341 kB/s)
#13 15.02 Downloading from central: https://repo.maven.apache.org/maven2/org/apache/maven/maven-model/3.1.0/maven-model-3.1.0.pom
#13 15.05 Progress (1): 811 B
Progress (1): 2.6 kB
Progress (1): 3.8 kB
                    
Downloaded from central: https://repo.maven.apache.org/maven2/org/apache/maven/maven-model/3.1.0/maven-model-3.1.0.pom (3.8 kB at 100 kB/s)
#13 15.06 Downloading from central: https://repo.maven.apache.org/maven2/org/apache/maven/maven-settings/3.1.0/maven-settings-3.1.0.pom
#13 15.10 Progress (1): 832 B
Progress (1): 1.8 kB
                    
Downloaded from central: https://repo.maven.apache.org/maven2/org/apache/maven/maven-settings/3.1.0/maven-settings-3.1.0.pom (1.8 kB at 46 kB/s)
#13 15.10 Downloading from central: https://repo.maven.apache.org/maven2/org/apache/maven/maven-settings-builder/3.1.0/maven-settings-builder-3.1.0.pom
#13 15.14 Progress (1): 823 B
Progress (1): 2.3 kB
                    
Downloaded from central: https://repo.maven.apache.org/maven2/org/apache/maven/maven-settings-builder/3.1.0/maven-settings-builder-3.1.0.pom (2.3 kB at 56 kB/s)
#13 15.15 Downloading from central: https://repo.maven.apache.org/maven2/org/codehaus/plexus/plexus-interpolation/1.16/plexus-interpolation-1.16.pom
#13 15.19 Progress (1): 1.0 kB
                    
Downloaded from central: https://repo.maven.apache.org/maven2/org/codehaus/plexus/plexus-interpolation/1.16/plexus-interpolation-1.16.pom (1.0 kB at 26 kB/s)
#13 15.19 Downloading from central: https://repo.maven.apache.org/maven2/org/codehaus/plexus/plexus-components/1.3/plexus-components-1.3.pom
#13 15.22 Progress (1): 1.3 kB
Progress (1): 3.1 kB
                    
Downloaded from central: https://repo.maven.apache.org/maven2/org/codehaus/plexus/plexus-components/1.3/plexus-components-1.3.pom (3.1 kB at 76 kB/s)
#13 15.23 Downloading from central: https://repo.maven.apache.org/maven2/org/codehaus/plexus/plexus/3.3/plexus-3.3.pom
#13 15.27 Progress (1): 707 B
Progress (1): 2.6 kB
Progress (1): 6.1 kB
Progress (1): 8.6 kB
Progress (1): 11 kB 
Progress (1): 16 kB
Progress (1): 20 kB
Progress (1): 20 kB
                   
Downloaded from central: https://repo.maven.apache.org/maven2/org/codehaus/plexus/plexus/3.3/plexus-3.3.pom (20 kB at 538 kB/s)
#13 15.27 Downloading from central: https://repo.maven.apache.org/maven2/org/sonatype/spice/spice-parent/17/spice-parent-17.pom
#13 15.31 Progress (1): 1.2 kB
Progress (1): 3.4 kB
Progress (1): 6.7 kB
Progress (1): 6.8 kB
                    
Downloaded from central: https://repo.maven.apache.org/maven2/org/sonatype/spice/spice-parent/17/spice-parent-17.pom (6.8 kB at 173 kB/s)
#13 15.31 Downloading from central: https://repo.maven.apache.org/maven2/org/sonatype/forge/forge-parent/10/forge-parent-10.pom
#13 15.35 Progress (1): 735 B
Progress (1): 2.6 kB
Progress (1): 8.6 kB
Progress (1): 12 kB 
Progress (1): 14 kB
                   
Downloaded from central: https://repo.maven.apache.org/maven2/org/sonatype/forge/forge-parent/10/forge-parent-10.pom (14 kB at 366 kB/s)
#13 15.35 Downloading from central: https://repo.maven.apache.org/maven2/org/codehaus/plexus/plexus-component-annotations/1.5.5/plexus-component-annotations-1.5.5.pom
#13 15.39 Progress (1): 815 B
                   
Downloaded from central: https://repo.maven.apache.org/maven2/org/codehaus/plexus/plexus-component-annotations/1.5.5/plexus-component-annotations-1.5.5.pom (815 B at 22 kB/s)
#13 15.39 Downloading from central: https://repo.maven.apache.org/maven2/org/codehaus/plexus/plexus-containers/1.5.5/plexus-containers-1.5.5.pom
#13 15.43 Progress (1): 1.3 kB
Progress (1): 4.2 kB
                    
Downloaded from central: https://repo.maven.apache.org/maven2/org/codehaus/plexus/plexus-containers/1.5.5/plexus-containers-1.5.5.pom (4.2 kB at 109 kB/s)
#13 15.43 Downloading from central: https://repo.maven.apache.org/maven2/org/codehaus/plexus/plexus/2.0.7/plexus-2.0.7.pom
#13 15.47 Progress (1): 711 B
Progress (1): 2.8 kB
Progress (1): 6.4 kB
Progress (1): 9.1 kB
Progress (1): 13 kB 
Progress (1): 17 kB
                   
Downloaded from central: https://repo.maven.apache.org/maven2/org/codehaus/plexus/plexus/2.0.7/plexus-2.0.7.pom (17 kB at 455 kB/s)
#13 15.47 Downloading from central: https://repo.maven.apache.org/maven2/org/sonatype/plexus/plexus-sec-dispatcher/1.3/plexus-sec-dispatcher-1.3.pom
#13 15.51 Progress (1): 1.3 kB
Progress (1): 3.0 kB
                    
Downloaded from central: https://repo.maven.apache.org/maven2/org/sonatype/plexus/plexus-sec-dispatcher/1.3/plexus-sec-dispatcher-1.3.pom (3.0 kB at 82 kB/s)
#13 15.51 Downloading from central: https://repo.maven.apache.org/maven2/org/sonatype/spice/spice-parent/12/spice-parent-12.pom
#13 15.54 Progress (1): 1.2 kB
Progress (1): 4.2 kB
Progress (1): 6.8 kB
                    
Downloaded from central: https://repo.maven.apache.org/maven2/org/sonatype/spice/spice-parent/12/spice-parent-12.pom (6.8 kB at 189 kB/s)
#13 15.54 Downloading from central: https://repo.maven.apache.org/maven2/org/sonatype/forge/forge-parent/4/forge-parent-4.pom
#13 15.58 Progress (1): 1.4 kB
Progress (1): 5.8 kB
Progress (1): 8.4 kB
                    
Downloaded from central: https://repo.maven.apache.org/maven2/org/sonatype/forge/forge-parent/4/forge-parent-4.pom (8.4 kB at 227 kB/s)
#13 15.58 Downloading from central: https://repo.maven.apache.org/maven2/org/sonatype/plexus/plexus-cipher/1.4/plexus-cipher-1.4.pom
#13 15.62 Progress (1): 1.4 kB
Progress (1): 2.1 kB
                    
Downloaded from central: https://repo.maven.apache.org/maven2/org/sonatype/plexus/plexus-cipher/1.4/plexus-cipher-1.4.pom (2.1 kB at 56 kB/s)
#13 15.62 Downloading from central: https://repo.maven.apache.org/maven2/org/apache/maven/maven-repository-metadata/3.1.0/maven-repository-metadata-3.1.0.pom
#13 15.66 Progress (1): 832 B
Progress (1): 1.9 kB
                    
Downloaded from central: https://repo.maven.apache.org/maven2/org/apache/maven/maven-repository-metadata/3.1.0/maven-repository-metadata-3.1.0.pom (1.9 kB at 46 kB/s)
#13 15.67 Downloading from central: https://repo.maven.apache.org/maven2/org/apache/maven/maven-artifact/3.1.0/maven-artifact-3.1.0.pom
#13 15.71 Progress (1): 857 B
Progress (1): 1.6 kB
                    
Downloaded from central: https://repo.maven.apache.org/maven2/org/apache/maven/maven-artifact/3.1.0/maven-artifact-3.1.0.pom (1.6 kB at 40 kB/s)
#13 15.71 Downloading from central: https://repo.maven.apache.org/maven2/org/apache/maven/maven-plugin-api/3.1.0/maven-plugin-api-3.1.0.pom
#13 15.74 Progress (1): 819 B
Progress (1): 2.7 kB
Progress (1): 3.0 kB
                    
Downloaded from central: https://repo.maven.apache.org/maven2/org/apache/maven/maven-plugin-api/3.1.0/maven-plugin-api-3.1.0.pom (3.0 kB at 82 kB/s)
#13 15.75 Downloading from central: https://repo.maven.apache.org/maven2/org/eclipse/sisu/org.eclipse.sisu.plexus/0.9.0.M2/org.eclipse.sisu.plexus-0.9.0.M2.pom
#13 15.79 Progress (1): 827 B
Progress (1): 3.5 kB
Progress (1): 8.7 kB
Progress (1): 15 kB 
Progress (1): 15 kB
                   
Downloaded from central: https://repo.maven.apache.org/maven2/org/eclipse/sisu/org.eclipse.sisu.plexus/0.9.0.M2/org.eclipse.sisu.plexus-0.9.0.M2.pom (15 kB at 374 kB/s)
#13 15.79 Downloading from central: https://repo.maven.apache.org/maven2/org/eclipse/sisu/sisu-plexus/0.9.0.M2/sisu-plexus-0.9.0.M2.pom
#13 15.83 Progress (1): 811 B
Progress (1): 2.8 kB
Progress (1): 4.9 kB
Progress (1): 8.5 kB
Progress (1): 12 kB 
Progress (1): 15 kB
                   
Downloaded from central: https://repo.maven.apache.org/maven2/org/eclipse/sisu/sisu-plexus/0.9.0.M2/sisu-plexus-0.9.0.M2.pom (15 kB at 363 kB/s)
#13 15.83 Downloading from central: https://repo.maven.apache.org/maven2/javax/annotation/javax.annotation-api/1.2/javax.annotation-api-1.2.pom
#13 15.87 Progress (1): 702 B
Progress (1): 2.0 kB
Progress (1): 3.5 kB
Progress (1): 5.5 kB
Progress (1): 8.7 kB
Progress (1): 12 kB 
Progress (1): 13 kB
                   
Downloaded from central: https://repo.maven.apache.org/maven2/javax/annotation/javax.annotation-api/1.2/javax.annotation-api-1.2.pom (13 kB at 328 kB/s)
#13 15.88 Downloading from central: https://repo.maven.apache.org/maven2/net/java/jvnet-parent/3/jvnet-parent-3.pom
#13 15.91 Progress (1): 838 B
Progress (1): 2.5 kB
Progress (1): 4.8 kB
                    
Downloaded from central: https://repo.maven.apache.org/maven2/net/java/jvnet-parent/3/jvnet-parent-3.pom (4.8 kB at 129 kB/s)
#13 15.91 Downloading from central: https://repo.maven.apache.org/maven2/javax/enterprise/cdi-api/1.2/cdi-api-1.2.pom
#13 15.95 Progress (1): 1.0 kB
Progress (1): 3.3 kB
Progress (1): 5.8 kB
Progress (1): 6.3 kB
                    
Downloaded from central: https://repo.maven.apache.org/maven2/javax/enterprise/cdi-api/1.2/cdi-api-1.2.pom (6.3 kB at 174 kB/s)
#13 15.95 Downloading from central: https://repo.maven.apache.org/maven2/org/jboss/weld/weld-parent/26/weld-parent-26.pom
#13 15.99 Progress (1): 1.0 kB
Progress (1): 2.9 kB
Progress (1): 6.3 kB
Progress (1): 11 kB 
Progress (1): 16 kB
Progress (1): 19 kB
Progress (1): 22 kB
Progress (1): 26 kB
Progress (1): 31 kB
Progress (1): 32 kB
                   
Downloaded from central: https://repo.maven.apache.org/maven2/org/jboss/weld/weld-parent/26/weld-parent-26.pom (32 kB at 770 kB/s)
#13 16.00 Downloading from central: https://repo.maven.apache.org/maven2/javax/inject/javax.inject/1/javax.inject-1.pom
#13 16.04 Progress (1): 612 B
                   
Downloaded from central: https://repo.maven.apache.org/maven2/javax/inject/javax.inject/1/javax.inject-1.pom (612 B at 15 kB/s)
#13 16.04 Downloading from central: https://repo.maven.apache.org/maven2/org/eclipse/sisu/org.eclipse.sisu.inject/0.9.0.M2/org.eclipse.sisu.inject-0.9.0.M2.pom
#13 16.08 Progress (1): 804 B
Progress (1): 4.1 kB
Progress (1): 10 kB 
Progress (1): 16 kB
Progress (1): 17 kB
                   
Downloaded from central: https://repo.maven.apache.org/maven2/org/eclipse/sisu/org.eclipse.sisu.inject/0.9.0.M2/org.eclipse.sisu.inject-0.9.0.M2.pom (17 kB at 456 kB/s)
#13 16.08 Downloading from central: https://repo.maven.apache.org/maven2/org/eclipse/sisu/sisu-inject/0.9.0.M2/sisu-inject-0.9.0.M2.pom
#13 16.12 Progress (1): 819 B
Progress (1): 2.8 kB
Progress (1): 4.9 kB
Progress (1): 8.5 kB
Progress (1): 12 kB 
Progress (1): 15 kB
                   
Downloaded from central: https://repo.maven.apache.org/maven2/org/eclipse/sisu/sisu-inject/0.9.0.M2/sisu-inject-0.9.0.M2.pom (15 kB at 379 kB/s)
#13 16.12 Downloading from central: https://repo.maven.apache.org/maven2/org/codehaus/plexus/plexus-component-annotations/2.1.0/plexus-component-annotations-2.1.0.pom
#13 16.16 Progress (1): 750 B
                   
Downloaded from central: https://repo.maven.apache.org/maven2/org/codehaus/plexus/plexus-component-annotations/2.1.0/plexus-component-annotations-2.1.0.pom (750 B at 20 kB/s)
#13 16.16 Downloading from central: https://repo.maven.apache.org/maven2/org/codehaus/plexus/plexus-containers/2.1.0/plexus-containers-2.1.0.pom
#13 16.21 Progress (1): 1.3 kB
Progress (1): 4.7 kB
Progress (1): 4.8 kB
                    
Downloaded from central: https://repo.maven.apache.org/maven2/org/codehaus/plexus/plexus-containers/2.1.0/plexus-containers-2.1.0.pom (4.8 kB at 109 kB/s)
#13 16.21 Downloading from central: https://repo.maven.apache.org/maven2/org/codehaus/plexus/plexus/5.1/plexus-5.1.pom
#13 16.25 Progress (1): 700 B
Progress (1): 2.7 kB
Progress (1): 6.5 kB
Progress (1): 9.1 kB
Progress (1): 12 kB 
Progress (1): 16 kB
Progress (1): 21 kB
Progress (1): 23 kB
                   
Downloaded from central: https://repo.maven.apache.org/maven2/org/codehaus/plexus/plexus/5.1/plexus-5.1.pom (23 kB at 536 kB/s)
#13 16.25 Downloading from central: https://repo.maven.apache.org/maven2/org/codehaus/plexus/plexus-classworlds/2.6.0/plexus-classworlds-2.6.0.pom
#13 16.29 Progress (1): 932 B
Progress (1): 2.6 kB
Progress (1): 5.5 kB
Progress (1): 7.9 kB
                    
Downloaded from central: https://repo.maven.apache.org/maven2/org/codehaus/plexus/plexus-classworlds/2.6.0/plexus-classworlds-2.6.0.pom (7.9 kB at 203 kB/s)
#13 16.29 Downloading from central: https://repo.maven.apache.org/maven2/org/apache/maven/maven-model-builder/3.1.0/maven-model-builder-3.1.0.pom
#13 16.33 Progress (1): 841 B
Progress (1): 2.5 kB
                    
Downloaded from central: https://repo.maven.apache.org/maven2/org/apache/maven/maven-model-builder/3.1.0/maven-model-builder-3.1.0.pom (2.5 kB at 69 kB/s)
#13 16.33 Downloading from central: https://repo.maven.apache.org/maven2/org/apache/maven/maven-aether-provider/3.1.0/maven-aether-provider-3.1.0.pom
#13 16.37 Progress (1): 816 B
Progress (1): 3.5 kB
Progress (1): 3.5 kB
                    
Downloaded from central: https://repo.maven.apache.org/maven2/org/apache/maven/maven-aether-provider/3.1.0/maven-aether-provider-3.1.0.pom (3.5 kB at 95 kB/s)
#13 16.37 Downloading from central: https://repo.maven.apache.org/maven2/org/eclipse/aether/aether-api/0.9.0.M2/aether-api-0.9.0.M2.pom
#13 16.41 Progress (1): 941 B
Progress (1): 1.7 kB
                    
Downloaded from central: https://repo.maven.apache.org/maven2/org/eclipse/aether/aether-api/0.9.0.M2/aether-api-0.9.0.M2.pom (1.7 kB at 43 kB/s)
#13 16.41 Downloading from central: https://repo.maven.apache.org/maven2/org/eclipse/aether/aether/0.9.0.M2/aether-0.9.0.M2.pom
#13 16.46 Progress (1): 807 B
Progress (1): 3.2 kB
Progress (1): 5.9 kB
Progress (1): 9.8 kB
Progress (1): 13 kB 
Progress (1): 17 kB
Progress (1): 20 kB
Progress (1): 24 kB
Progress (1): 28 kB
                   
Downloaded from central: https://repo.maven.apache.org/maven2/org/eclipse/aether/aether/0.9.0.M2/aether-0.9.0.M2.pom (28 kB at 581 kB/s)
#13 16.46 Downloading from central: https://repo.maven.apache.org/maven2/org/eclipse/aether/aether-spi/0.9.0.M2/aether-spi-0.9.0.M2.pom
#13 16.50 Progress (1): 938 B
Progress (1): 1.8 kB
                    
Downloaded from central: https://repo.maven.apache.org/maven2/org/eclipse/aether/aether-spi/0.9.0.M2/aether-spi-0.9.0.M2.pom (1.8 kB at 46 kB/s)
#13 16.50 Downloading from central: https://repo.maven.apache.org/maven2/org/eclipse/aether/aether-util/0.9.0.M2/aether-util-0.9.0.M2.pom
#13 16.54 Progress (1): 935 B
Progress (1): 2.0 kB
                    
Downloaded from central: https://repo.maven.apache.org/maven2/org/eclipse/aether/aether-util/0.9.0.M2/aether-util-0.9.0.M2.pom (2.0 kB at 58 kB/s)
#13 16.54 Downloading from central: https://repo.maven.apache.org/maven2/org/eclipse/aether/aether-impl/0.9.0.M2/aether-impl-0.9.0.M2.pom
#13 16.58 Progress (1): 944 B
Progress (1): 3.3 kB
                    
Downloaded from central: https://repo.maven.apache.org/maven2/org/eclipse/aether/aether-impl/0.9.0.M2/aether-impl-0.9.0.M2.pom (3.3 kB at 82 kB/s)
#13 16.59 Downloading from central: https://repo.maven.apache.org/maven2/org/codehaus/plexus/plexus-classworlds/2.4.2/plexus-classworlds-2.4.2.pom
#13 16.63 Progress (1): 950 B
Progress (1): 3.1 kB
Progress (1): 3.5 kB
                    
Downloaded from central: https://repo.maven.apache.org/maven2/org/codehaus/plexus/plexus-classworlds/2.4.2/plexus-classworlds-2.4.2.pom (3.5 kB at 84 kB/s)
#13 16.63 Downloading from central: https://repo.maven.apache.org/maven2/org/codehaus/plexus/plexus/3.0.1/plexus-3.0.1.pom
#13 16.67 Progress (1): 706 B
Progress (1): 2.6 kB
Progress (1): 6.1 kB
Progress (1): 8.8 kB
Progress (1): 13 kB 
Progress (1): 17 kB
Progress (1): 19 kB
                   
Downloaded from central: https://repo.maven.apache.org/maven2/org/codehaus/plexus/plexus/3.0.1/plexus-3.0.1.pom (19 kB at 490 kB/s)
#13 16.67 Downloading from central: https://repo.maven.apache.org/maven2/org/apache/maven/shared/maven-shared-utils/3.3.4/maven-shared-utils-3.3.4.pom
#13 16.71 Progress (1): 790 B
Progress (1): 2.3 kB
Progress (1): 4.3 kB
Progress (1): 5.8 kB
                    
Downloaded from central: https://repo.maven.apache.org/maven2/org/apache/maven/shared/maven-shared-utils/3.3.4/maven-shared-utils-3.3.4.pom (5.8 kB at 136 kB/s)
#13 16.72 Downloading from central: https://repo.maven.apache.org/maven2/commons-io/commons-io/2.6/commons-io-2.6.pom
#13 16.76 Progress (1): 782 B
Progress (1): 2.1 kB
Progress (1): 5.3 kB
Progress (1): 7.5 kB
Progress (1): 9.5 kB
Progress (1): 12 kB 
Progress (1): 14 kB
                   
Downloaded from central: https://repo.maven.apache.org/maven2/commons-io/commons-io/2.6/commons-io-2.6.pom (14 kB at 348 kB/s)
#13 16.76 Downloading from central: https://repo.maven.apache.org/maven2/org/apache/commons/commons-parent/42/commons-parent-42.pom
#13 16.80 Progress (1): 707 B
Progress (1): 1.9 kB
Progress (1): 3.1 kB
Progress (1): 4.5 kB
Progress (1): 5.9 kB
Progress (1): 7.5 kB
Progress (1): 11 kB 
Progress (1): 14 kB
Progress (1): 17 kB
Progress (1): 21 kB
Progress (1): 24 kB
Progress (1): 26 kB
Progress (1): 29 kB
Progress (1): 31 kB
Progress (1): 34 kB
Progress (1): 34 kB
Progress (1): 37 kB
Progress (1): 40 kB
Progress (1): 44 kB
Progress (1): 49 kB
Progress (1): 53 kB
Progress (1): 55 kB
Progress (1): 59 kB
Progress (1): 60 kB
Progress (1): 62 kB
Progress (1): 65 kB
Progress (1): 66 kB
Progress (1): 68 kB
                   
Downloaded from central: https://repo.maven.apache.org/maven2/org/apache/commons/commons-parent/42/commons-parent-42.pom (68 kB at 1.5 MB/s)
#13 16.81 Downloading from central: https://repo.maven.apache.org/maven2/org/apache/apache/18/apache-18.pom
#13 16.84 Progress (1): 748 B
Progress (1): 2.1 kB
Progress (1): 3.9 kB
Progress (1): 8.0 kB
Progress (1): 12 kB 
Progress (1): 15 kB
Progress (1): 16 kB
                   
Downloaded from central: https://repo.maven.apache.org/maven2/org/apache/apache/18/apache-18.pom (16 kB at 402 kB/s)
#13 16.85 Downloading from central: https://repo.maven.apache.org/maven2/org/codehaus/plexus/plexus-container-default/2.1.0/plexus-container-default-2.1.0.pom
#13 16.89 Progress (1): 1.6 kB
Progress (1): 3.0 kB
                    
Downloaded from central: https://repo.maven.apache.org/maven2/org/codehaus/plexus/plexus-container-default/2.1.0/plexus-container-default-2.1.0.pom (3.0 kB at 72 kB/s)
#13 16.89 Downloading from central: https://repo.maven.apache.org/maven2/org/apache/xbean/xbean-reflect/3.7/xbean-reflect-3.7.pom
#13 16.93 Progress (1): 811 B
Progress (1): 2.9 kB
Progress (1): 5.1 kB
                    
Downloaded from central: https://repo.maven.apache.org/maven2/org/apache/xbean/xbean-reflect/3.7/xbean-reflect-3.7.pom (5.1 kB at 124 kB/s)
#13 16.93 Downloading from central: https://repo.maven.apache.org/maven2/org/apache/xbean/xbean/3.7/xbean-3.7.pom
#13 16.97 Progress (1): 900 B
Progress (1): 2.2 kB
Progress (1): 5.3 kB
Progress (1): 11 kB 
Progress (1): 14 kB
Progress (1): 15 kB
                   
Downloaded from central: https://repo.maven.apache.org/maven2/org/apache/xbean/xbean/3.7/xbean-3.7.pom (15 kB at 406 kB/s)
#13 16.97 Downloading from central: https://repo.maven.apache.org/maven2/org/apache/geronimo/genesis/genesis-java5-flava/2.0/genesis-java5-flava-2.0.pom
#13 17.02 Progress (1): 832 B
Progress (1): 3.2 kB
Progress (1): 5.5 kB
                    
Downloaded from central: https://repo.maven.apache.org/maven2/org/apache/geronimo/genesis/genesis-java5-flava/2.0/genesis-java5-flava-2.0.pom (5.5 kB at 125 kB/s)
#13 17.02 Downloading from central: https://repo.maven.apache.org/maven2/org/apache/geronimo/genesis/genesis-default-flava/2.0/genesis-default-flava-2.0.pom
#13 17.06 Progress (1): 796 B
Progress (1): 2.1 kB
Progress (1): 6.3 kB
Progress (1): 9.8 kB
Progress (1): 15 kB 
Progress (1): 18 kB
                   
Downloaded from central: https://repo.maven.apache.org/maven2/org/apache/geronimo/genesis/genesis-default-flava/2.0/genesis-default-flava-2.0.pom (18 kB at 445 kB/s)
#13 17.06 Downloading from central: https://repo.maven.apache.org/maven2/org/apache/geronimo/genesis/genesis/2.0/genesis-2.0.pom
#13 17.10 Progress (1): 802 B
Progress (1): 2.2 kB
Progress (1): 4.6 kB
Progress (1): 8.9 kB
Progress (1): 15 kB 
Progress (1): 18 kB
                   
Downloaded from central: https://repo.maven.apache.org/maven2/org/apache/geronimo/genesis/genesis/2.0/genesis-2.0.pom (18 kB at 449 kB/s)
#13 17.10 Downloading from central: https://repo.maven.apache.org/maven2/org/apache/apache/6/apache-6.pom
#13 17.14 Progress (1): 749 B
Progress (1): 2.0 kB
Progress (1): 3.7 kB
Progress (1): 6.9 kB
Progress (1): 11 kB 
Progress (1): 13 kB
                   
Downloaded from central: https://repo.maven.apache.org/maven2/org/apache/apache/6/apache-6.pom (13 kB at 346 kB/s)
#13 17.14 Downloading from central: https://repo.maven.apache.org/maven2/com/google/collections/google-collections/1.0/google-collections-1.0.pom
#13 17.18 Progress (1): 1.2 kB
Progress (1): 2.5 kB
                    
Downloaded from central: https://repo.maven.apache.org/maven2/com/google/collections/google-collections/1.0/google-collections-1.0.pom (2.5 kB at 59 kB/s)
#13 17.19 Downloading from central: https://repo.maven.apache.org/maven2/com/google/google/1/google-1.pom
#13 17.22 Progress (1): 1.3 kB
Progress (1): 1.6 kB
                    
Downloaded from central: https://repo.maven.apache.org/maven2/com/google/google/1/google-1.pom (1.6 kB at 40 kB/s)
#13 17.23 Downloading from central: https://repo.maven.apache.org/maven2/org/apache/maven/doxia/doxia-decoration-model/1.11.1/doxia-decoration-model-1.11.1.pom
#13 17.26 Progress (1): 797 B
Progress (1): 2.4 kB
Progress (1): 3.4 kB
                    
Downloaded from central: https://repo.maven.apache.org/maven2/org/apache/maven/doxia/doxia-decoration-model/1.11.1/doxia-decoration-model-1.11.1.pom (3.4 kB at 90 kB/s)
#13 17.27 Downloading from central: https://repo.maven.apache.org/maven2/org/apache/maven/doxia/doxia-sitetools/1.11.1/doxia-sitetools-1.11.1.pom
#13 17.30 Progress (1): 755 B
Progress (1): 2.2 kB
Progress (1): 6.2 kB
Progress (1): 9.5 kB
Progress (1): 14 kB 
Progress (1): 14 kB
                   
Downloaded from central: https://repo.maven.apache.org/maven2/org/apache/maven/doxia/doxia-sitetools/1.11.1/doxia-sitetools-1.11.1.pom (14 kB at 349 kB/s)
#13 17.31 Downloading from central: https://repo.maven.apache.org/maven2/org/codehaus/plexus/plexus-component-annotations/2.0.0/plexus-component-annotations-2.0.0.pom
#13 17.34 Progress (1): 750 B
                   
Downloaded from central: https://repo.maven.apache.org/maven2/org/codehaus/plexus/plexus-component-annotations/2.0.0/plexus-component-annotations-2.0.0.pom (750 B at 21 kB/s)
#13 17.35 Downloading from central: https://repo.maven.apache.org/maven2/org/codehaus/plexus/plexus-containers/2.0.0/plexus-containers-2.0.0.pom
#13 17.39 Progress (1): 1.3 kB
Progress (1): 4.7 kB
Progress (1): 4.8 kB
                    
Downloaded from central: https://repo.maven.apache.org/maven2/org/codehaus/plexus/plexus-containers/2.0.0/plexus-containers-2.0.0.pom (4.8 kB at 117 kB/s)
#13 17.39 Downloading from central: https://repo.maven.apache.org/maven2/org/apache/maven/doxia/doxia-core/1.11.1/doxia-core-1.11.1.pom
#13 17.43 Progress (1): 785 B
Progress (1): 3.2 kB
Progress (1): 4.5 kB
                    
Downloaded from central: https://repo.maven.apache.org/maven2/org/apache/maven/doxia/doxia-core/1.11.1/doxia-core-1.11.1.pom (4.5 kB at 101 kB/s)
#13 17.44 Downloading from central: https://repo.maven.apache.org/maven2/org/apache/commons/commons-lang3/3.8.1/commons-lang3-3.8.1.pom
#13 17.48 Progress (1): 743 B
Progress (1): 2.1 kB
Progress (1): 5.4 kB
Progress (1): 8.8 kB
Progress (1): 12 kB 
Progress (1): 15 kB
Progress (1): 16 kB
Progress (1): 18 kB
Progress (1): 21 kB
Progress (1): 24 kB
Progress (1): 27 kB
Progress (1): 28 kB
                   
Downloaded from central: https://repo.maven.apache.org/maven2/org/apache/commons/commons-lang3/3.8.1/commons-lang3-3.8.1.pom (28 kB at 664 kB/s)
#13 17.48 Downloading from central: https://repo.maven.apache.org/maven2/org/apache/commons/commons-parent/47/commons-parent-47.pom
#13 17.52 Progress (1): 704 B
Progress (1): 1.9 kB
Progress (1): 3.3 kB
Progress (1): 5.0 kB
Progress (1): 6.7 kB
Progress (1): 8.3 kB
Progress (1): 9.8 kB
Progress (1): 12 kB 
Progress (1): 15 kB
Progress (1): 18 kB
Progress (1): 22 kB
Progress (1): 26 kB
Progress (1): 29 kB
Progress (1): 32 kB
Progress (1): 34 kB
Progress (1): 34 kB
Progress (1): 37 kB
Progress (1): 41 kB
Progress (1): 44 kB
Progress (1): 46 kB
Progress (1): 50 kB
Progress (1): 55 kB
Progress (1): 60 kB
Progress (1): 64 kB
Progress (1): 67 kB
Progress (1): 69 kB
Progress (1): 71 kB
Progress (1): 73 kB
Progress (1): 75 kB
Progress (1): 77 kB
Progress (1): 78 kB
                   
Downloaded from central: https://repo.maven.apache.org/maven2/org/apache/commons/commons-parent/47/commons-parent-47.pom (78 kB at 1.8 MB/s)
#13 17.52 Downloading from central: https://repo.maven.apache.org/maven2/org/apache/apache/19/apache-19.pom
#13 17.56 Progress (1): 756 B
Progress (1): 2.1 kB
Progress (1): 3.9 kB
Progress (1): 8.0 kB
Progress (1): 12 kB 
Progress (1): 15 kB
                   
Downloaded from central: https://repo.maven.apache.org/maven2/org/apache/apache/19/apache-19.pom (15 kB at 408 kB/s)
#13 17.57 Downloading from central: https://repo.maven.apache.org/maven2/org/apache/commons/commons-text/1.3/commons-text-1.3.pom
#13 17.61 Progress (1): 759 B
Progress (1): 2.2 kB
Progress (1): 4.3 kB
Progress (1): 7.4 kB
Progress (1): 11 kB 
Progress (1): 13 kB
Progress (1): 14 kB
                   
Downloaded from central: https://repo.maven.apache.org/maven2/org/apache/commons/commons-text/1.3/commons-text-1.3.pom (14 kB at 317 kB/s)
#13 17.61 Downloading from central: https://repo.maven.apache.org/maven2/org/apache/commons/commons-parent/45/commons-parent-45.pom
#13 17.66 Progress (1): 704 B
Progress (1): 1.9 kB
Progress (1): 3.2 kB
Progress (1): 4.7 kB
Progress (1): 6.5 kB
Progress (1): 7.9 kB
Progress (1): 9.4 kB
Progress (1): 13 kB 
Progress (1): 16 kB
Progress (1): 20 kB
Progress (1): 23 kB
Progress (1): 26 kB
Progress (1): 29 kB
Progress (1): 31 kB
Progress (1): 33 kB
Progress (1): 34 kB
Progress (1): 37 kB
Progress (1): 41 kB
Progress (1): 43 kB
Progress (1): 46 kB
Progress (1): 51 kB
Progress (1): 57 kB
Progress (1): 60 kB
Progress (1): 63 kB
Progress (1): 65 kB
Progress (1): 67 kB
Progress (1): 70 kB
Progress (1): 71 kB
Progress (1): 73 kB
                   
Downloaded from central: https://repo.maven.apache.org/maven2/org/apache/commons/commons-parent/45/commons-parent-45.pom (73 kB at 1.5 MB/s)
#13 17.67 Downloading from central: https://repo.maven.apache.org/maven2/org/apache/commons/commons-lang3/3.7/commons-lang3-3.7.pom
#13 17.71 Progress (1): 742 B
Progress (1): 2.1 kB
Progress (1): 5.4 kB
Progress (1): 9.1 kB
Progress (1): 13 kB 
Progress (1): 15 kB
Progress (1): 17 kB
Progress (1): 19 kB
Progress (1): 22 kB
Progress (1): 25 kB
Progress (1): 28 kB
                   
Downloaded from central: https://repo.maven.apache.org/maven2/org/apache/commons/commons-lang3/3.7/commons-lang3-3.7.pom (28 kB at 599 kB/s)
#13 17.72 Downloading from central: https://repo.maven.apache.org/maven2/org/apache/httpcomponents/httpclient/4.5.13/httpclient-4.5.13.pom
#13 17.76 Progress (1): 863 B
Progress (1): 2.8 kB
Progress (1): 5.1 kB
Progress (1): 6.6 kB
                    
Downloaded from central: https://repo.maven.apache.org/maven2/org/apache/httpcomponents/httpclient/4.5.13/httpclient-4.5.13.pom (6.6 kB at 157 kB/s)
#13 17.76 Downloading from central: https://repo.maven.apache.org/maven2/org/apache/httpcomponents/httpcomponents-client/4.5.13/httpcomponents-client-4.5.13.pom
#13 17.80 Progress (1): 838 B
Progress (1): 2.3 kB
Progress (1): 5.1 kB
Progress (1): 8.5 kB
Progress (1): 11 kB 
Progress (1): 15 kB
Progress (1): 16 kB
                   
Downloaded from central: https://repo.maven.apache.org/maven2/org/apache/httpcomponents/httpcomponents-client/4.5.13/httpcomponents-client-4.5.13.pom (16 kB at 364 kB/s)
#13 17.81 Downloading from central: https://repo.maven.apache.org/maven2/org/apache/httpcomponents/httpcomponents-parent/11/httpcomponents-parent-11.pom
#13 17.85 Progress (1): 803 B
Progress (1): 2.2 kB
Progress (1): 3.7 kB
Progress (1): 5.3 kB
Progress (1): 6.5 kB
Progress (1): 8.9 kB
Progress (1): 12 kB 
Progress (1): 15 kB
Progress (1): 18 kB
Progress (1): 23 kB
Progress (1): 26 kB
Progress (1): 28 kB
Progress (1): 32 kB
Progress (1): 34 kB
Progress (1): 35 kB
                   
Downloaded from central: https://repo.maven.apache.org/maven2/org/apache/httpcomponents/httpcomponents-parent/11/httpcomponents-parent-11.pom (35 kB at 846 kB/s)
#13 17.85 Downloading from central: https://repo.maven.apache.org/maven2/org/apache/httpcomponents/httpcore/4.4.13/httpcore-4.4.13.pom
#13 17.89 Progress (1): 869 B
Progress (1): 2.5 kB
Progress (1): 4.7 kB
Progress (1): 5.0 kB
                    
Downloaded from central: https://repo.maven.apache.org/maven2/org/apache/httpcomponents/httpcore/4.4.13/httpcore-4.4.13.pom (5.0 kB at 131 kB/s)
#13 17.89 Downloading from central: https://repo.maven.apache.org/maven2/org/apache/httpcomponents/httpcomponents-core/4.4.13/httpcomponents-core-4.4.13.pom
#13 17.93 Progress (1): 846 B
Progress (1): 2.3 kB
Progress (1): 4.5 kB
Progress (1): 7.1 kB
Progress (1): 11 kB 
Progress (1): 13 kB
                   
Downloaded from central: https://repo.maven.apache.org/maven2/org/apache/httpcomponents/httpcomponents-core/4.4.13/httpcomponents-core-4.4.13.pom (13 kB at 338 kB/s)
#13 17.94 Downloading from central: https://repo.maven.apache.org/maven2/commons-logging/commons-logging/1.2/commons-logging-1.2.pom
#13 17.97 Progress (1): 768 B
Progress (1): 2.0 kB
Progress (1): 5.3 kB
Progress (1): 7.4 kB
Progress (1): 11 kB 
Progress (1): 14 kB
Progress (1): 17 kB
Progress (1): 19 kB
Progress (1): 19 kB
                   
Downloaded from central: https://repo.maven.apache.org/maven2/commons-logging/commons-logging/1.2/commons-logging-1.2.pom (19 kB at 480 kB/s)
#13 17.98 Downloading from central: https://repo.maven.apache.org/maven2/org/apache/commons/commons-parent/34/commons-parent-34.pom
#13 18.02 Progress (1): 715 B
Progress (1): 1.9 kB
Progress (1): 3.2 kB
Progress (1): 4.7 kB
Progress (1): 8.3 kB
Progress (1): 12 kB 
Progress (1): 16 kB
Progress (1): 19 kB
Progress (1): 21 kB
Progress (1): 24 kB
Progress (1): 27 kB
Progress (1): 30 kB
Progress (1): 33 kB
Progress (1): 37 kB
Progress (1): 43 kB
Progress (1): 43 kB
Progress (1): 45 kB
Progress (1): 48 kB
Progress (1): 51 kB
Progress (1): 53 kB
Progress (1): 55 kB
Progress (1): 56 kB
                   
Downloaded from central: https://repo.maven.apache.org/maven2/org/apache/commons/commons-parent/34/commons-parent-34.pom (56 kB at 1.4 MB/s)
#13 18.02 Downloading from central: https://repo.maven.apache.org/maven2/commons-codec/commons-codec/1.11/commons-codec-1.11.pom
#13 18.06 Progress (1): 752 B
Progress (1): 2.0 kB
Progress (1): 4.1 kB
Progress (1): 6.5 kB
Progress (1): 8.4 kB
Progress (1): 11 kB 
Progress (1): 14 kB
                   
Downloaded from central: https://repo.maven.apache.org/maven2/commons-codec/commons-codec/1.11/commons-codec-1.11.pom (14 kB at 341 kB/s)
#13 18.07 Downloading from central: https://repo.maven.apache.org/maven2/org/apache/httpcomponents/httpcore/4.4.14/httpcore-4.4.14.pom
#13 18.10 Progress (1): 869 B
Progress (1): 2.5 kB
Progress (1): 4.7 kB
Progress (1): 5.0 kB
                    
Downloaded from central: https://repo.maven.apache.org/maven2/org/apache/httpcomponents/httpcore/4.4.14/httpcore-4.4.14.pom (5.0 kB at 134 kB/s)
#13 18.10 Downloading from central: https://repo.maven.apache.org/maven2/org/apache/httpcomponents/httpcomponents-core/4.4.14/httpcomponents-core-4.4.14.pom
#13 18.14 Progress (1): 850 B
Progress (1): 2.3 kB
Progress (1): 4.5 kB
Progress (1): 7.1 kB
Progress (1): 11 kB 
Progress (1): 13 kB
                   
Downloaded from central: https://repo.maven.apache.org/maven2/org/apache/httpcomponents/httpcomponents-core/4.4.14/httpcomponents-core-4.4.14.pom (13 kB at 366 kB/s)
#13 18.14 Downloading from central: https://repo.maven.apache.org/maven2/org/apache/maven/doxia/doxia-integration-tools/1.11.1/doxia-integration-tools-1.11.1.pom
#13 18.18 Progress (1): 800 B
Progress (1): 3.3 kB
Progress (1): 6.0 kB
                    
Downloaded from central: https://repo.maven.apache.org/maven2/org/apache/maven/doxia/doxia-integration-tools/1.11.1/doxia-integration-tools-1.11.1.pom (6.0 kB at 159 kB/s)
#13 18.18 Downloading from central: https://repo.maven.apache.org/maven2/org/apache/maven/reporting/maven-reporting-api/3.0/maven-reporting-api-3.0.pom
#13 18.22 Progress (1): 816 B
Progress (1): 2.4 kB
Progress (1): 2.4 kB
                    
Downloaded from central: https://repo.maven.apache.org/maven2/org/apache/maven/reporting/maven-reporting-api/3.0/maven-reporting-api-3.0.pom (2.4 kB at 64 kB/s)
#13 18.22 Downloading from central: https://repo.maven.apache.org/maven2/org/apache/maven/shared/maven-shared-components/15/maven-shared-components-15.pom
#13 18.26 Progress (1): 770 B
Progress (1): 2.9 kB
Progress (1): 6.5 kB
Progress (1): 9.1 kB
Progress (1): 9.3 kB
                    
Downloaded from central: https://repo.maven.apache.org/maven2/org/apache/maven/shared/maven-shared-components/15/maven-shared-components-15.pom (9.3 kB at 233 kB/s)
#13 18.26 Downloading from central: https://repo.maven.apache.org/maven2/org/apache/maven/maven-parent/16/maven-parent-16.pom
#13 18.30 Progress (1): 742 B
Progress (1): 2.0 kB
Progress (1): 6.6 kB
Progress (1): 11 kB 
Progress (1): 15 kB
Progress (1): 17 kB
Progress (1): 21 kB
Progress (1): 23 kB
                   
Downloaded from central: https://repo.maven.apache.org/maven2/org/apache/maven/maven-parent/16/maven-parent-16.pom (23 kB at 597 kB/s)
#13 18.30 Downloading from central: https://repo.maven.apache.org/maven2/org/apache/apache/7/apache-7.pom
#13 18.35 Progress (1): 754 B
Progress (1): 2.0 kB
Progress (1): 3.7 kB
Progress (1): 7.1 kB
Progress (1): 11 kB 
Progress (1): 14 kB
Progress (1): 14 kB
                   
Downloaded from central: https://repo.maven.apache.org/maven2/org/apache/apache/7/apache-7.pom (14 kB at 344 kB/s)
#13 18.35 Downloading from central: https://repo.maven.apache.org/maven2/org/apache/maven/doxia/doxia-sink-api/1.0/doxia-sink-api-1.0.pom
#13 18.39 Progress (1): 835 B
Progress (1): 1.4 kB
                    
Downloaded from central: https://repo.maven.apache.org/maven2/org/apache/maven/doxia/doxia-sink-api/1.0/doxia-sink-api-1.0.pom (1.4 kB at 36 kB/s)
#13 18.39 Downloading from central: https://repo.maven.apache.org/maven2/org/apache/maven/doxia/doxia/1.0/doxia-1.0.pom
#13 18.43 Progress (1): 762 B
Progress (1): 2.2 kB
Progress (1): 5.7 kB
Progress (1): 8.9 kB
Progress (1): 9.6 kB
                    
Downloaded from central: https://repo.maven.apache.org/maven2/org/apache/maven/doxia/doxia/1.0/doxia-1.0.pom (9.6 kB at 261 kB/s)
#13 18.43 Downloading from central: https://repo.maven.apache.org/maven2/org/apache/maven/maven-parent/10/maven-parent-10.pom
#13 18.47 Progress (1): 736 B
Progress (1): 1.9 kB
Progress (1): 6.2 kB
Progress (1): 11 kB 
Progress (1): 14 kB
Progress (1): 16 kB
Progress (1): 22 kB
Progress (1): 25 kB
Progress (1): 29 kB
Progress (1): 32 kB
                   
Downloaded from central: https://repo.maven.apache.org/maven2/org/apache/maven/maven-parent/10/maven-parent-10.pom (32 kB at 791 kB/s)
#13 18.47 Downloading from central: https://repo.maven.apache.org/maven2/org/apache/apache/4/apache-4.pom
#13 18.51 Progress (1): 790 B
Progress (1): 2.1 kB
Progress (1): 4.2 kB
Progress (1): 4.5 kB
                    
Downloaded from central: https://repo.maven.apache.org/maven2/org/apache/apache/4/apache-4.pom (4.5 kB at 121 kB/s)
#13 18.51 Downloading from central: https://repo.maven.apache.org/maven2/org/apache/maven/maven-artifact/2.2.1/maven-artifact-2.2.1.pom
#13 18.54 Progress (1): 844 B
Progress (1): 1.6 kB
                    
Downloaded from central: https://repo.maven.apache.org/maven2/org/apache/maven/maven-artifact/2.2.1/maven-artifact-2.2.1.pom (1.6 kB at 44 kB/s)
#13 18.55 Downloading from central: https://repo.maven.apache.org/maven2/org/apache/maven/maven/2.2.1/maven-2.2.1.pom
#13 18.58 Progress (1): 738 B
Progress (1): 1.9 kB
Progress (1): 5.8 kB
Progress (1): 9.1 kB
Progress (1): 12 kB 
Progress (1): 18 kB
Progress (1): 22 kB
Progress (1): 22 kB
                   
Downloaded from central: https://repo.maven.apache.org/maven2/org/apache/maven/maven/2.2.1/maven-2.2.1.pom (22 kB at 590 kB/s)
#13 18.59 Downloading from central: https://repo.maven.apache.org/maven2/org/apache/maven/maven-parent/11/maven-parent-11.pom
#13 18.63 Progress (1): 733 B
Progress (1): 1.9 kB
Progress (1): 6.1 kB
Progress (1): 11 kB 
Progress (1): 14 kB
Progress (1): 17 kB
Progress (1): 23 kB
Progress (1): 26 kB
Progress (1): 31 kB
Progress (1): 32 kB
                   
Downloaded from central: https://repo.maven.apache.org/maven2/org/apache/maven/maven-parent/11/maven-parent-11.pom (32 kB at 737 kB/s)
#13 18.63 Downloading from central: https://repo.maven.apache.org/maven2/org/apache/apache/5/apache-5.pom
#13 18.67 Progress (1): 785 B
Progress (1): 2.1 kB
Progress (1): 4.1 kB
                    
Downloaded from central: https://repo.maven.apache.org/maven2/org/apache/apache/5/apache-5.pom (4.1 kB at 105 kB/s)
#13 18.67 Downloading from central: https://repo.maven.apache.org/maven2/org/apache/maven/maven-model/2.2.1/maven-model-2.2.1.pom
#13 18.71 Progress (1): 809 B
Progress (1): 3.0 kB
Progress (1): 3.2 kB
                    
Downloaded from central: https://repo.maven.apache.org/maven2/org/apache/maven/maven-model/2.2.1/maven-model-2.2.1.pom (3.2 kB at 88 kB/s)
#13 18.71 Downloading from central: https://repo.maven.apache.org/maven2/org/apache/maven/maven-plugin-api/2.2.1/maven-plugin-api-2.2.1.pom
#13 18.75 Progress (1): 845 B
Progress (1): 1.5 kB
                    
Downloaded from central: https://repo.maven.apache.org/maven2/org/apache/maven/maven-plugin-api/2.2.1/maven-plugin-api-2.2.1.pom (1.5 kB at 37 kB/s)
#13 18.75 Downloading from central: https://repo.maven.apache.org/maven2/org/codehaus/plexus/plexus-container-default/1.0-alpha-9/plexus-container-default-1.0-alpha-9.pom
#13 18.79 Progress (1): 1.2 kB
                    
Downloaded from central: https://repo.maven.apache.org/maven2/org/codehaus/plexus/plexus-container-default/1.0-alpha-9/plexus-container-default-1.0-alpha-9.pom (1.2 kB at 33 kB/s)
#13 18.80 Downloading from central: https://repo.maven.apache.org/maven2/org/codehaus/plexus/plexus-containers/1.0.3/plexus-containers-1.0.3.pom
#13 18.84 Progress (1): 492 B
                   
Downloaded from central: https://repo.maven.apache.org/maven2/org/codehaus/plexus/plexus-containers/1.0.3/plexus-containers-1.0.3.pom (492 B at 11 kB/s)
#13 18.84 Downloading from central: https://repo.maven.apache.org/maven2/org/codehaus/plexus/plexus/1.0.4/plexus-1.0.4.pom
#13 18.88 Progress (1): 1.5 kB
Progress (1): 4.6 kB
Progress (1): 5.7 kB
                    
Downloaded from central: https://repo.maven.apache.org/maven2/org/codehaus/plexus/plexus/1.0.4/plexus-1.0.4.pom (5.7 kB at 127 kB/s)
#13 18.89 Downloading from central: https://repo.maven.apache.org/maven2/junit/junit/3.8.1/junit-3.8.1.pom
#13 18.93 Progress (1): 998 B
                   
Downloaded from central: https://repo.maven.apache.org/maven2/junit/junit/3.8.1/junit-3.8.1.pom (998 B at 23 kB/s)
#13 18.93 Downloading from central: https://repo.maven.apache.org/maven2/classworlds/classworlds/1.1-alpha-2/classworlds-1.1-alpha-2.pom
#13 18.97 Progress (1): 2.0 kB
Progress (1): 3.1 kB
                    
Downloaded from central: https://repo.maven.apache.org/maven2/classworlds/classworlds/1.1-alpha-2/classworlds-1.1-alpha-2.pom (3.1 kB at 76 kB/s)
#13 18.98 Downloading from central: https://repo.maven.apache.org/maven2/org/codehaus/plexus/plexus-i18n/1.0-beta-10/plexus-i18n-1.0-beta-10.pom
#13 19.02 Progress (1): 1.4 kB
Progress (1): 2.1 kB
                    
Downloaded from central: https://repo.maven.apache.org/maven2/org/codehaus/plexus/plexus-i18n/1.0-beta-10/plexus-i18n-1.0-beta-10.pom (2.1 kB at 53 kB/s)
#13 19.02 Downloading from central: https://repo.maven.apache.org/maven2/org/codehaus/plexus/plexus-components/1.1.12/plexus-components-1.1.12.pom
#13 19.05 Progress (1): 1.7 kB
Progress (1): 3.0 kB
                    
Downloaded from central: https://repo.maven.apache.org/maven2/org/codehaus/plexus/plexus-components/1.1.12/plexus-components-1.1.12.pom (3.0 kB at 83 kB/s)
#13 19.05 Downloading from central: https://repo.maven.apache.org/maven2/org/codehaus/plexus/plexus/1.0.10/plexus-1.0.10.pom
#13 19.09 Progress (1): 1.7 kB
Progress (1): 4.8 kB
Progress (1): 7.9 kB
Progress (1): 8.2 kB
                    
Downloaded from central: https://repo.maven.apache.org/maven2/org/codehaus/plexus/plexus/1.0.10/plexus-1.0.10.pom (8.2 kB at 229 kB/s)
#13 19.09 Downloading from central: https://repo.maven.apache.org/maven2/org/codehaus/plexus/plexus-interpolation/1.26/plexus-interpolation-1.26.pom
#13 19.13 Progress (1): 1.4 kB
Progress (1): 2.7 kB
                    
Downloaded from central: https://repo.maven.apache.org/maven2/org/codehaus/plexus/plexus-interpolation/1.26/plexus-interpolation-1.26.pom (2.7 kB at 72 kB/s)
#13 19.13 Downloading from central: https://repo.maven.apache.org/maven2/org/apache/maven/doxia/doxia-site-renderer/1.11.1/doxia-site-renderer-1.11.1.pom
#13 19.17 Progress (1): 776 B
Progress (1): 3.1 kB
Progress (1): 7.3 kB
Progress (1): 7.7 kB
                    
Downloaded from central: https://repo.maven.apache.org/maven2/org/apache/maven/doxia/doxia-site-renderer/1.11.1/doxia-site-renderer-1.11.1.pom (7.7 kB at 192 kB/s)
#13 19.18 Downloading from central: https://repo.maven.apache.org/maven2/org/apache/maven/maven-artifact/3.0/maven-artifact-3.0.pom
#13 19.21 Progress (1): 850 B
Progress (1): 1.9 kB
                    
Downloaded from central: https://repo.maven.apache.org/maven2/org/apache/maven/maven-artifact/3.0/maven-artifact-3.0.pom (1.9 kB at 51 kB/s)
#13 19.22 Downloading from central: https://repo.maven.apache.org/maven2/org/apache/maven/maven/3.0/maven-3.0.pom
#13 19.25 Progress (1): 759 B
Progress (1): 2.0 kB
Progress (1): 4.6 kB
Progress (1): 7.8 kB
Progress (1): 14 kB 
Progress (1): 18 kB
Progress (1): 21 kB
Progress (1): 22 kB
                   
Downloaded from central: https://repo.maven.apache.org/maven2/org/apache/maven/maven/3.0/maven-3.0.pom (22 kB at 625 kB/s)
#13 19.25 Downloading from central: https://repo.maven.apache.org/maven2/org/apache/maven/maven-parent/15/maven-parent-15.pom
#13 19.29 Progress (1): 743 B
Progress (1): 2.0 kB
Progress (1): 6.5 kB
Progress (1): 11 kB 
Progress (1): 15 kB
Progress (1): 17 kB
Progress (1): 20 kB
Progress (1): 24 kB
                   
Downloaded from central: https://repo.maven.apache.org/maven2/org/apache/maven/maven-parent/15/maven-parent-15.pom (24 kB at 667 kB/s)
#13 19.29 Downloading from central: https://repo.maven.apache.org/maven2/org/apache/maven/doxia/doxia-skin-model/1.11.1/doxia-skin-model-1.11.1.pom
#13 19.33 Progress (1): 799 B
Progress (1): 2.3 kB
Progress (1): 3.0 kB
                    
Downloaded from central: https://repo.maven.apache.org/maven2/org/apache/maven/doxia/doxia-skin-model/1.11.1/doxia-skin-model-1.11.1.pom (3.0 kB at 84 kB/s)
#13 19.33 Downloading from central: https://repo.maven.apache.org/maven2/org/apache/maven/doxia/doxia-module-xhtml/1.11.1/doxia-module-xhtml-1.11.1.pom
#13 19.37 Progress (1): 821 B
Progress (1): 2.0 kB
                    
Downloaded from central: https://repo.maven.apache.org/maven2/org/apache/maven/doxia/doxia-module-xhtml/1.11.1/doxia-module-xhtml-1.11.1.pom (2.0 kB at 51 kB/s)
#13 19.37 Downloading from central: https://repo.maven.apache.org/maven2/org/apache/maven/doxia/doxia-modules/1.11.1/doxia-modules-1.11.1.pom
#13 19.41 Progress (1): 818 B
Progress (1): 2.7 kB
                    
Downloaded from central: https://repo.maven.apache.org/maven2/org/apache/maven/doxia/doxia-modules/1.11.1/doxia-modules-1.11.1.pom (2.7 kB at 72 kB/s)
#13 19.41 Downloading from central: https://repo.maven.apache.org/maven2/org/apache/maven/doxia/doxia-module-xhtml5/1.11.1/doxia-module-xhtml5-1.11.1.pom
#13 19.45 Progress (1): 821 B
Progress (1): 2.0 kB
                    
Downloaded from central: https://repo.maven.apache.org/maven2/org/apache/maven/doxia/doxia-module-xhtml5/1.11.1/doxia-module-xhtml5-1.11.1.pom (2.0 kB at 54 kB/s)
#13 19.45 Downloading from central: https://repo.maven.apache.org/maven2/org/codehaus/plexus/plexus-container-default/1.0-alpha-30/plexus-container-default-1.0-alpha-30.pom
#13 19.49 Progress (1): 1.5 kB
Progress (1): 3.5 kB
                    
Downloaded from central: https://repo.maven.apache.org/maven2/org/codehaus/plexus/plexus-container-default/1.0-alpha-30/plexus-container-default-1.0-alpha-30.pom (3.5 kB at 99 kB/s)
#13 19.49 Downloading from central: https://repo.maven.apache.org/maven2/org/codehaus/plexus/plexus-containers/1.0-alpha-30/plexus-containers-1.0-alpha-30.pom
#13 19.53 Progress (1): 1.8 kB
Progress (1): 1.9 kB
                    
Downloaded from central: https://repo.maven.apache.org/maven2/org/codehaus/plexus/plexus-containers/1.0-alpha-30/plexus-containers-1.0-alpha-30.pom (1.9 kB at 53 kB/s)
#13 19.53 Downloading from central: https://repo.maven.apache.org/maven2/org/codehaus/plexus/plexus/1.0.11/plexus-1.0.11.pom
#13 19.56 Progress (1): 1.2 kB
Progress (1): 4.1 kB
Progress (1): 7.4 kB
Progress (1): 9.0 kB
                    
Downloaded from central: https://repo.maven.apache.org/maven2/org/codehaus/plexus/plexus/1.0.11/plexus-1.0.11.pom (9.0 kB at 249 kB/s)
#13 19.57 Downloading from central: https://repo.maven.apache.org/maven2/org/codehaus/plexus/plexus-classworlds/1.2-alpha-9/plexus-classworlds-1.2-alpha-9.pom
#13 19.60 Progress (1): 937 B
Progress (1): 2.9 kB
Progress (1): 3.2 kB
                    
Downloaded from central: https://repo.maven.apache.org/maven2/org/codehaus/plexus/plexus-classworlds/1.2-alpha-9/plexus-classworlds-1.2-alpha-9.pom (3.2 kB at 90 kB/s)
#13 19.61 Downloading from central: https://repo.maven.apache.org/maven2/org/codehaus/plexus/plexus-velocity/1.2/plexus-velocity-1.2.pom
#13 19.64 Progress (1): 844 B
Progress (1): 2.7 kB
Progress (1): 2.8 kB
                    
Downloaded from central: https://repo.maven.apache.org/maven2/org/codehaus/plexus/plexus-velocity/1.2/plexus-velocity-1.2.pom (2.8 kB at 74 kB/s)
#13 19.65 Downloading from central: https://repo.maven.apache.org/maven2/org/codehaus/plexus/plexus-components/4.0/plexus-components-4.0.pom
#13 19.68 Progress (1): 1.3 kB
Progress (1): 2.7 kB
                    
Downloaded from central: https://repo.maven.apache.org/maven2/org/codehaus/plexus/plexus-components/4.0/plexus-components-4.0.pom (2.7 kB at 74 kB/s)
#13 19.68 Downloading from central: https://repo.maven.apache.org/maven2/org/codehaus/plexus/plexus/4.0/plexus-4.0.pom
#13 19.72 Progress (1): 707 B
Progress (1): 2.5 kB
Progress (1): 6.4 kB
Progress (1): 9.2 kB
Progress (1): 12 kB 
Progress (1): 16 kB
Progress (1): 21 kB
Progress (1): 22 kB
                   
Downloaded from central: https://repo.maven.apache.org/maven2/org/codehaus/plexus/plexus/4.0/plexus-4.0.pom (22 kB at 581 kB/s)
#13 19.72 Downloading from central: https://repo.maven.apache.org/maven2/org/codehaus/plexus/plexus-container-default/1.0-alpha-9-stable-1/plexus-container-default-1.0-alpha-9-stable-1.pom
#13 19.76 Progress (1): 2.1 kB
Progress (1): 3.9 kB
                    
Downloaded from central: https://repo.maven.apache.org/maven2/org/codehaus/plexus/plexus-container-default/1.0-alpha-9-stable-1/plexus-container-default-1.0-alpha-9-stable-1.pom (3.9 kB at 104 kB/s)
#13 19.76 Downloading from central: https://repo.maven.apache.org/maven2/commons-collections/commons-collections/3.1/commons-collections-3.1.pom
#13 19.80 Progress (1): 2.2 kB
Progress (1): 5.5 kB
Progress (1): 6.1 kB
                    
Downloaded from central: https://repo.maven.apache.org/maven2/commons-collections/commons-collections/3.1/commons-collections-3.1.pom (6.1 kB at 148 kB/s)
#13 19.81 Downloading from central: https://repo.maven.apache.org/maven2/org/apache/velocity/velocity/1.7/velocity-1.7.pom
#13 19.85 Progress (1): 767 B
Progress (1): 2.2 kB
Progress (1): 4.2 kB
Progress (1): 7.8 kB
Progress (1): 10 kB 
Progress (1): 11 kB
                   
Downloaded from central: https://repo.maven.apache.org/maven2/org/apache/velocity/velocity/1.7/velocity-1.7.pom (11 kB at 265 kB/s)
#13 19.85 Downloading from central: https://repo.maven.apache.org/maven2/commons-collections/commons-collections/3.2.1/commons-collections-3.2.1.pom
#13 19.89 Progress (1): 795 B
Progress (1): 2.4 kB
Progress (1): 6.1 kB
Progress (1): 9.8 kB
Progress (1): 12 kB 
Progress (1): 13 kB
                   
Downloaded from central: https://repo.maven.apache.org/maven2/commons-collections/commons-collections/3.2.1/commons-collections-3.2.1.pom (13 kB at 284 kB/s)
#13 19.90 Downloading from central: https://repo.maven.apache.org/maven2/org/apache/commons/commons-parent/9/commons-parent-9.pom
#13 19.94 Progress (1): 1.1 kB
Progress (1): 2.7 kB
Progress (1): 7.5 kB
Progress (1): 10 kB 
Progress (1): 13 kB
Progress (1): 19 kB
Progress (1): 22 kB
                   
Downloaded from central: https://repo.maven.apache.org/maven2/org/apache/commons/commons-parent/9/commons-parent-9.pom (22 kB at 535 kB/s)
#13 19.94 Downloading from central: https://repo.maven.apache.org/maven2/commons-lang/commons-lang/2.4/commons-lang-2.4.pom
#13 19.99 Progress (1): 791 B
Progress (1): 2.2 kB
Progress (1): 6.1 kB
Progress (1): 10 kB 
Progress (1): 13 kB
Progress (1): 14 kB
                   
Downloaded from central: https://repo.maven.apache.org/maven2/commons-lang/commons-lang/2.4/commons-lang-2.4.pom (14 kB at 291 kB/s)
#13 19.99 Downloading from central: https://repo.maven.apache.org/maven2/org/apache/velocity/velocity-tools/2.0/velocity-tools-2.0.pom
#13 20.04 Progress (1): 764 B
Progress (1): 2.2 kB
Progress (1): 4.7 kB
Progress (1): 8.5 kB
Progress (1): 11 kB 
Progress (1): 16 kB
Progress (1): 18 kB
                   
Downloaded from central: https://repo.maven.apache.org/maven2/org/apache/velocity/velocity-tools/2.0/velocity-tools-2.0.pom (18 kB at 423 kB/s)
#13 20.04 Downloading from central: https://repo.maven.apache.org/maven2/commons-beanutils/commons-beanutils/1.7.0/commons-beanutils-1.7.0.pom
#13 20.08 Progress (1): 357 B
                   
Downloaded from central: https://repo.maven.apache.org/maven2/commons-beanutils/commons-beanutils/1.7.0/commons-beanutils-1.7.0.pom (357 B at 8.3 kB/s)
#13 20.08 Downloading from central: https://repo.maven.apache.org/maven2/commons-logging/commons-logging/1.0.3/commons-logging-1.0.3.pom
#13 20.12 Progress (1): 866 B
                   
Downloaded from central: https://repo.maven.apache.org/maven2/commons-logging/commons-logging/1.0.3/commons-logging-1.0.3.pom (866 B at 22 kB/s)
#13 20.12 Downloading from central: https://repo.maven.apache.org/maven2/commons-digester/commons-digester/1.8/commons-digester-1.8.pom
#13 20.17 Progress (1): 1.1 kB
Progress (1): 4.0 kB
Progress (1): 6.2 kB
Progress (1): 7.0 kB
                    
Downloaded from central: https://repo.maven.apache.org/maven2/commons-digester/commons-digester/1.8/commons-digester-1.8.pom (7.0 kB at 146 kB/s)
#13 20.18 Downloading from central: https://repo.maven.apache.org/maven2/commons-logging/commons-logging/1.1/commons-logging-1.1.pom
#13 20.22 Progress (1): 1.4 kB
Progress (1): 4.3 kB
Progress (1): 6.2 kB
                    
Downloaded from central: https://repo.maven.apache.org/maven2/commons-logging/commons-logging/1.1/commons-logging-1.1.pom (6.2 kB at 151 kB/s)
#13 20.22 Downloading from central: https://repo.maven.apache.org/maven2/log4j/log4j/1.2.12/log4j-1.2.12.pom
#13 20.27 Progress (1): 145 B
                   
Downloaded from central: https://repo.maven.apache.org/maven2/log4j/log4j/1.2.12/log4j-1.2.12.pom (145 B at 3.0 kB/s)
#13 20.27 Downloading from central: https://repo.maven.apache.org/maven2/logkit/logkit/1.0.1/logkit-1.0.1.pom
#13 20.31 Progress (1): 147 B
                   
Downloaded from central: https://repo.maven.apache.org/maven2/logkit/logkit/1.0.1/logkit-1.0.1.pom (147 B at 3.2 kB/s)
#13 20.32 Downloading from central: https://repo.maven.apache.org/maven2/avalon-framework/avalon-framework/4.1.3/avalon-framework-4.1.3.pom
#13 20.36 Progress (1): 167 B
                   
Downloaded from central: https://repo.maven.apache.org/maven2/avalon-framework/avalon-framework/4.1.3/avalon-framework-4.1.3.pom (167 B at 3.8 kB/s)
#13 20.36 Downloading from central: https://repo.maven.apache.org/maven2/commons-chain/commons-chain/1.1/commons-chain-1.1.pom
#13 20.41 Progress (1): 1.5 kB
Progress (1): 3.6 kB
Progress (1): 6.0 kB
                    
Downloaded from central: https://repo.maven.apache.org/maven2/commons-chain/commons-chain/1.1/commons-chain-1.1.pom (6.0 kB at 116 kB/s)
#13 20.42 Downloading from central: https://repo.maven.apache.org/maven2/commons-digester/commons-digester/1.6/commons-digester-1.6.pom
#13 20.45 Progress (1): 974 B
                   
Downloaded from central: https://repo.maven.apache.org/maven2/commons-digester/commons-digester/1.6/commons-digester-1.6.pom (974 B at 26 kB/s)
#13 20.46 Downloading from central: https://repo.maven.apache.org/maven2/commons-beanutils/commons-beanutils/1.6/commons-beanutils-1.6.pom
#13 20.50 Progress (1): 1.9 kB
Progress (1): 2.3 kB
                    
Downloaded from central: https://repo.maven.apache.org/maven2/commons-beanutils/commons-beanutils/1.6/commons-beanutils-1.6.pom (2.3 kB at 58 kB/s)
#13 20.50 Downloading from central: https://repo.maven.apache.org/maven2/commons-logging/commons-logging/1.0/commons-logging-1.0.pom
#13 20.54 Progress (1): 163 B
                   
Downloaded from central: https://repo.maven.apache.org/maven2/commons-logging/commons-logging/1.0/commons-logging-1.0.pom (163 B at 3.8 kB/s)
#13 20.54 Downloading from central: https://repo.maven.apache.org/maven2/commons-collections/commons-collections/2.0/commons-collections-2.0.pom
#13 20.58 Progress (1): 171 B
                   
Downloaded from central: https://repo.maven.apache.org/maven2/commons-collections/commons-collections/2.0/commons-collections-2.0.pom (171 B at 4.5 kB/s)
#13 20.58 Downloading from central: https://repo.maven.apache.org/maven2/commons-collections/commons-collections/2.1/commons-collections-2.1.pom
#13 20.62 Progress (1): 2.7 kB
Progress (1): 3.3 kB
                    
Downloaded from central: https://repo.maven.apache.org/maven2/commons-collections/commons-collections/2.1/commons-collections-2.1.pom (3.3 kB at 90 kB/s)
#13 20.62 Downloading from central: https://repo.maven.apache.org/maven2/xml-apis/xml-apis/1.0.b2/xml-apis-1.0.b2.pom
#13 20.67 Progress (1): 955 B
Progress (1): 2.2 kB
                    
Downloaded from central: https://repo.maven.apache.org/maven2/xml-apis/xml-apis/1.0.b2/xml-apis-1.0.b2.pom (2.2 kB at 51 kB/s)
#13 20.67 Downloading from central: https://repo.maven.apache.org/maven2/commons-collections/commons-collections/3.2/commons-collections-3.2.pom
#13 20.71 Progress (1): 1.5 kB
Progress (1): 4.9 kB
Progress (1): 8.5 kB
Progress (1): 10 kB 
Progress (1): 11 kB
                   
Downloaded from central: https://repo.maven.apache.org/maven2/commons-collections/commons-collections/3.2/commons-collections-3.2.pom (11 kB at 276 kB/s)
#13 20.71 Downloading from central: https://repo.maven.apache.org/maven2/dom4j/dom4j/1.1/dom4j-1.1.pom
#13 20.75 Progress (1): 142 B
                   
Downloaded from central: https://repo.maven.apache.org/maven2/dom4j/dom4j/1.1/dom4j-1.1.pom (142 B at 3.3 kB/s)
#13 20.76 Downloading from central: https://repo.maven.apache.org/maven2/oro/oro/2.0.8/oro-2.0.8.pom
#13 20.81 Progress (1): 140 B
                   
Downloaded from central: https://repo.maven.apache.org/maven2/oro/oro/2.0.8/oro-2.0.8.pom (140 B at 2.8 kB/s)
#13 20.81 Downloading from central: https://repo.maven.apache.org/maven2/org/apache/velocity/velocity/1.6.2/velocity-1.6.2.pom
#13 20.86 Progress (1): 767 B
Progress (1): 2.2 kB
Progress (1): 4.2 kB
Progress (1): 7.8 kB
Progress (1): 10 kB 
Progress (1): 11 kB
                   
Downloaded from central: https://repo.maven.apache.org/maven2/org/apache/velocity/velocity/1.6.2/velocity-1.6.2.pom (11 kB at 190 kB/s)
#13 20.87 Downloading from central: https://repo.maven.apache.org/maven2/commons-collections/commons-collections/3.2.2/commons-collections-3.2.2.pom
#13 20.90 Progress (1): 785 B
Progress (1): 2.4 kB
Progress (1): 5.9 kB
Progress (1): 9.5 kB
Progress (1): 11 kB 
Progress (1): 12 kB
                   
Downloaded from central: https://repo.maven.apache.org/maven2/commons-collections/commons-collections/3.2.2/commons-collections-3.2.2.pom (12 kB at 345 kB/s)
#13 20.90 Downloading from central: https://repo.maven.apache.org/maven2/org/apache/commons/commons-parent/39/commons-parent-39.pom
#13 20.94 Progress (1): 718 B
Progress (1): 1.9 kB
Progress (1): 3.1 kB
Progress (1): 4.6 kB
Progress (1): 8.0 kB
Progress (1): 11 kB 
Progress (1): 14 kB
Progress (1): 18 kB
Progress (1): 21 kB
Progress (1): 23 kB
Progress (1): 26 kB
Progress (1): 29 kB
Progress (1): 32 kB
Progress (1): 35 kB
Progress (1): 37 kB
Progress (1): 37 kB
Progress (1): 41 kB
Progress (1): 46 kB
Progress (1): 50 kB
Progress (1): 53 kB
Progress (1): 55 kB
Progress (1): 58 kB
Progress (1): 60 kB
Progress (1): 62 kB
                   
Downloaded from central: https://repo.maven.apache.org/maven2/org/apache/commons/commons-parent/39/commons-parent-39.pom (62 kB at 1.5 MB/s)
#13 20.95 Downloading from central: https://repo.maven.apache.org/maven2/org/apache/apache/16/apache-16.pom
#13 20.98 Progress (1): 745 B
Progress (1): 2.1 kB
Progress (1): 3.9 kB
Progress (1): 7.8 kB
Progress (1): 11 kB 
Progress (1): 14 kB
Progress (1): 15 kB
                   
Downloaded from central: https://repo.maven.apache.org/maven2/org/apache/apache/16/apache-16.pom (15 kB at 416 kB/s)
#13 20.99 Downloading from central: https://repo.maven.apache.org/maven2/org/codehaus/plexus/plexus-resources/1.1.0/plexus-resources-1.1.0.pom
#13 21.03 Progress (1): 1.2 kB
Progress (1): 3.2 kB
                    
Downloaded from central: https://repo.maven.apache.org/maven2/org/codehaus/plexus/plexus-resources/1.1.0/plexus-resources-1.1.0.pom (3.2 kB at 69 kB/s)
#13 21.04 Downloading from central: https://repo.maven.apache.org/maven2/org/codehaus/plexus/plexus-utils/3.5.1/plexus-utils-3.5.1.pom
#13 21.07 Progress (1): 726 B
Progress (1): 2.4 kB
Progress (1): 4.4 kB
Progress (1): 8.6 kB
Progress (1): 8.8 kB
                    
Downloaded from central: https://repo.maven.apache.org/maven2/org/codehaus/plexus/plexus-utils/3.5.1/plexus-utils-3.5.1.pom (8.8 kB at 231 kB/s)
#13 21.07 Downloading from central: https://repo.maven.apache.org/maven2/org/codehaus/plexus/plexus/10/plexus-10.pom
#13 21.11 Progress (1): 696 B
Progress (1): 2.7 kB
Progress (1): 6.4 kB
Progress (1): 9.2 kB
Progress (1): 11 kB 
Progress (1): 16 kB
Progress (1): 20 kB
Progress (1): 24 kB
Progress (1): 25 kB
                   
Downloaded from central: https://repo.maven.apache.org/maven2/org/codehaus/plexus/plexus/10/plexus-10.pom (25 kB at 726 kB/s)
#13 21.11 Downloading from central: https://repo.maven.apache.org/maven2/com/puppycrawl/tools/checkstyle/9.3/checkstyle-9.3.pom
#13 21.16 Progress (1): 851 B
Progress (1): 4.0 kB
Progress (1): 6.3 kB
Progress (1): 9.0 kB
Progress (1): 12 kB 
Progress (1): 14 kB
Progress (1): 18 kB
Progress (1): 22 kB
Progress (1): 26 kB
Progress (1): 30 kB
Progress (1): 39 kB
Progress (1): 43 kB
Progress (1): 47 kB
Progress (1): 50 kB
Progress (1): 54 kB
Progress (1): 54 kB
Progress (1): 57 kB
Progress (1): 61 kB
Progress (1): 63 kB
Progress (1): 66 kB
Progress (1): 68 kB
Progress (1): 70 kB
Progress (1): 74 kB
Progress (1): 77 kB
Progress (1): 81 kB
Progress (1): 101 kB
Progress (1): 115 kB
Progress (1): 123 kB
Progress (1): 132 kB
Progress (1): 139 kB
Progress (1): 142 kB
                    
Downloaded from central: https://repo.maven.apache.org/maven2/com/puppycrawl/tools/checkstyle/9.3/checkstyle-9.3.pom (142 kB at 2.8 MB/s)
#13 21.17 Downloading from central: https://repo.maven.apache.org/maven2/info/picocli/picocli/4.6.2/picocli-4.6.2.pom
#13 21.21 Progress (1): 998 B
Progress (1): 1.4 kB
                    
Downloaded from central: https://repo.maven.apache.org/maven2/info/picocli/picocli/4.6.2/picocli-4.6.2.pom (1.4 kB at 31 kB/s)
#13 21.21 Downloading from central: https://repo.maven.apache.org/maven2/org/antlr/antlr4-runtime/4.9.3/antlr4-runtime-4.9.3.pom
#13 21.25 Progress (1): 915 B
Progress (1): 3.3 kB
Progress (1): 3.6 kB
                    
Downloaded from central: https://repo.maven.apache.org/maven2/org/antlr/antlr4-runtime/4.9.3/antlr4-runtime-4.9.3.pom (3.6 kB at 90 kB/s)
#13 21.25 Downloading from central: https://repo.maven.apache.org/maven2/org/antlr/antlr4-master/4.9.3/antlr4-master-4.9.3.pom
#13 21.29 Progress (1): 1.0 kB
Progress (1): 2.9 kB
Progress (1): 4.4 kB
                    
Downloaded from central: https://repo.maven.apache.org/maven2/org/antlr/antlr4-master/4.9.3/antlr4-master-4.9.3.pom (4.4 kB at 126 kB/s)
#13 21.29 Downloading from central: https://repo.maven.apache.org/maven2/commons-beanutils/commons-beanutils/1.9.4/commons-beanutils-1.9.4.pom
#13 21.33 Progress (1): 764 B
Progress (1): 2.1 kB
Progress (1): 3.7 kB
Progress (1): 7.1 kB
Progress (1): 11 kB 
Progress (1): 13 kB
Progress (1): 16 kB
Progress (1): 18 kB
                   
Downloaded from central: https://repo.maven.apache.org/maven2/commons-beanutils/commons-beanutils/1.9.4/commons-beanutils-1.9.4.pom (18 kB at 450 kB/s)
#13 21.33 Downloading from central: https://repo.maven.apache.org/maven2/com/google/guava/guava/31.0.1-jre/guava-31.0.1-jre.pom
#13 21.38 Progress (1): 1.1 kB
Progress (1): 2.9 kB
Progress (1): 4.9 kB
Progress (1): 6.9 kB
Progress (1): 8.6 kB
Progress (1): 11 kB 
                   
Downloaded from central: https://repo.maven.apache.org/maven2/com/google/guava/guava/31.0.1-jre/guava-31.0.1-jre.pom (11 kB at 244 kB/s)
#13 21.38 Downloading from central: https://repo.maven.apache.org/maven2/com/google/guava/guava-parent/31.0.1-jre/guava-parent-31.0.1-jre.pom
#13 21.42 Progress (1): 1.0 kB
Progress (1): 3.0 kB
Progress (1): 5.0 kB
Progress (1): 7.6 kB
Progress (1): 9.3 kB
Progress (1): 14 kB 
                   
Downloaded from central: https://repo.maven.apache.org/maven2/com/google/guava/guava-parent/31.0.1-jre/guava-parent-31.0.1-jre.pom (14 kB at 337 kB/s)
#13 21.42 Downloading from central: https://repo.maven.apache.org/maven2/com/google/guava/failureaccess/1.0.1/failureaccess-1.0.1.pom
#13 21.46 Progress (1): 980 B
Progress (1): 2.4 kB
                    
Downloaded from central: https://repo.maven.apache.org/maven2/com/google/guava/failureaccess/1.0.1/failureaccess-1.0.1.pom (2.4 kB at 59 kB/s)
#13 21.47 Downloading from central: https://repo.maven.apache.org/maven2/com/google/guava/guava-parent/26.0-android/guava-parent-26.0-android.pom
#13 21.50 Progress (1): 986 B
Progress (1): 2.8 kB
Progress (1): 5.4 kB
Progress (1): 7.4 kB
Progress (1): 10 kB 
                   
Downloaded from central: https://repo.maven.apache.org/maven2/com/google/guava/guava-parent/26.0-android/guava-parent-26.0-android.pom (10 kB at 268 kB/s)
#13 21.51 Downloading from central: https://repo.maven.apache.org/maven2/com/google/guava/listenablefuture/9999.0-empty-to-avoid-conflict-with-guava/listenablefuture-9999.0-empty-to-avoid-conflict-with-guava.pom
#13 21.55 Progress (1): 1.0 kB
Progress (1): 2.3 kB
                    
Downloaded from central: https://repo.maven.apache.org/maven2/com/google/guava/listenablefuture/9999.0-empty-to-avoid-conflict-with-guava/listenablefuture-9999.0-empty-to-avoid-conflict-with-guava.pom (2.3 kB at 54 kB/s)
#13 21.55 Downloading from central: https://repo.maven.apache.org/maven2/com/google/code/findbugs/jsr305/3.0.2/jsr305-3.0.2.pom
#13 21.60 Progress (1): 1.1 kB
Progress (1): 3.7 kB
Progress (1): 4.3 kB
                    
Downloaded from central: https://repo.maven.apache.org/maven2/com/google/code/findbugs/jsr305/3.0.2/jsr305-3.0.2.pom (4.3 kB at 97 kB/s)
#13 21.60 Downloading from central: https://repo.maven.apache.org/maven2/org/checkerframework/checker-qual/3.12.0/checker-qual-3.12.0.pom
#13 21.64 Progress (1): 951 B
Progress (1): 2.1 kB
                    
Downloaded from central: https://repo.maven.apache.org/maven2/org/checkerframework/checker-qual/3.12.0/checker-qual-3.12.0.pom (2.1 kB at 48 kB/s)
#13 21.64 Downloading from central: https://repo.maven.apache.org/maven2/com/google/errorprone/error_prone_annotations/2.7.1/error_prone_annotations-2.7.1.pom
#13 21.68 Progress (1): 835 B
Progress (1): 2.1 kB
                    
Downloaded from central: https://repo.maven.apache.org/maven2/com/google/errorprone/error_prone_annotations/2.7.1/error_prone_annotations-2.7.1.pom (2.1 kB at 56 kB/s)
#13 21.68 Downloading from central: https://repo.maven.apache.org/maven2/com/google/errorprone/error_prone_parent/2.7.1/error_prone_parent-2.7.1.pom
#13 21.73 Progress (1): 739 B
Progress (1): 2.3 kB
Progress (1): 4.9 kB
Progress (1): 7.0 kB
                    
Downloaded from central: https://repo.maven.apache.org/maven2/com/google/errorprone/error_prone_parent/2.7.1/error_prone_parent-2.7.1.pom (7.0 kB at 166 kB/s)
#13 21.73 Downloading from central: https://repo.maven.apache.org/maven2/com/google/j2objc/j2objc-annotations/1.3/j2objc-annotations-1.3.pom
#13 21.78 Progress (1): 858 B
Progress (1): 2.8 kB
                    
Downloaded from central: https://repo.maven.apache.org/maven2/com/google/j2objc/j2objc-annotations/1.3/j2objc-annotations-1.3.pom (2.8 kB at 58 kB/s)
#13 21.78 Downloading from central: https://repo.maven.apache.org/maven2/org/reflections/reflections/0.10.2/reflections-0.10.2.pom
#13 21.82 Progress (1): 1.3 kB
Progress (1): 3.9 kB
Progress (1): 8.1 kB
Progress (1): 9.3 kB
                    
Downloaded from central: https://repo.maven.apache.org/maven2/org/reflections/reflections/0.10.2/reflections-0.10.2.pom (9.3 kB at 203 kB/s)
#13 21.83 Downloading from central: https://repo.maven.apache.org/maven2/org/javassist/javassist/3.28.0-GA/javassist-3.28.0-GA.pom
#13 21.87 Progress (1): 950 B
Progress (1): 3.4 kB
Progress (1): 5.5 kB
Progress (1): 7.9 kB
Progress (1): 9.8 kB
Progress (1): 11 kB 
                   
Downloaded from central: https://repo.maven.apache.org/maven2/org/javassist/javassist/3.28.0-GA/javassist-3.28.0-GA.pom (11 kB at 240 kB/s)
#13 21.87 Downloading from central: https://repo.maven.apache.org/maven2/org/slf4j/slf4j-api/1.7.32/slf4j-api-1.7.32.pom
#13 21.92 Progress (1): 1.0 kB
Progress (1): 3.3 kB
Progress (1): 3.8 kB
                    
Downloaded from central: https://repo.maven.apache.org/maven2/org/slf4j/slf4j-api/1.7.32/slf4j-api-1.7.32.pom (3.8 kB at 89 kB/s)
#13 21.92 Downloading from central: https://repo.maven.apache.org/maven2/org/slf4j/slf4j-parent/1.7.32/slf4j-parent-1.7.32.pom
#13 21.96 Progress (1): 1.0 kB
Progress (1): 3.2 kB
Progress (1): 6.0 kB
Progress (1): 9.1 kB
Progress (1): 12 kB 
Progress (1): 14 kB
                   
Downloaded from central: https://repo.maven.apache.org/maven2/org/slf4j/slf4j-parent/1.7.32/slf4j-parent-1.7.32.pom (14 kB at 337 kB/s)
#13 21.96 Downloading from central: https://repo.maven.apache.org/maven2/net/sf/saxon/Saxon-HE/10.6/Saxon-HE-10.6.pom
#13 22.00 Progress (1): 1.3 kB
Progress (1): 2.6 kB
                    
Downloaded from central: https://repo.maven.apache.org/maven2/net/sf/saxon/Saxon-HE/10.6/Saxon-HE-10.6.pom (2.6 kB at 61 kB/s)
#13 22.01 Downloading from central: https://repo.maven.apache.org/maven2/org/apache/commons/commons-lang3/3.12.0/commons-lang3-3.12.0.pom
#13 22.05 Progress (1): 740 B
Progress (1): 2.1 kB
Progress (1): 5.4 kB
Progress (1): 8.8 kB
Progress (1): 12 kB 
Progress (1): 15 kB
Progress (1): 17 kB
Progress (1): 19 kB
Progress (1): 21 kB
Progress (1): 24 kB
Progress (1): 28 kB
Progress (1): 30 kB
Progress (1): 31 kB
                   
Downloaded from central: https://repo.maven.apache.org/maven2/org/apache/commons/commons-lang3/3.12.0/commons-lang3-3.12.0.pom (31 kB at 766 kB/s)
#13 22.05 Downloading from central: https://repo.maven.apache.org/maven2/org/apache/commons/commons-parent/52/commons-parent-52.pom
#13 22.09 Progress (1): 703 B
Progress (1): 1.8 kB
Progress (1): 3.1 kB
Progress (1): 4.6 kB
Progress (1): 6.7 kB
Progress (1): 8.1 kB
Progress (1): 10 kB 
Progress (1): 12 kB
Progress (1): 15 kB
Progress (1): 17 kB
Progress (1): 20 kB
Progress (1): 22 kB
Progress (1): 25 kB
Progress (1): 29 kB
Progress (1): 32 kB
Progress (1): 32 kB
Progress (1): 36 kB
Progress (1): 39 kB
Progress (1): 42 kB
Progress (1): 44 kB
Progress (1): 47 kB
Progress (1): 51 kB
Progress (1): 54 kB
Progress (1): 56 kB
Progress (1): 61 kB
Progress (1): 65 kB
Progress (1): 73 kB
Progress (1): 76 kB
Progress (1): 79 kB
                   
Downloaded from central: https://repo.maven.apache.org/maven2/org/apache/commons/commons-parent/52/commons-parent-52.pom (79 kB at 1.9 MB/s)
#13 22.09 Downloading from central: https://repo.maven.apache.org/maven2/org/junit/junit-bom/5.7.1/junit-bom-5.7.1.pom
#13 22.14 Progress (1): 912 B
Progress (1): 4.1 kB
Progress (1): 5.1 kB
                    
Downloaded from central: https://repo.maven.apache.org/maven2/org/junit/junit-bom/5.7.1/junit-bom-5.7.1.pom (5.1 kB at 116 kB/s)
#13 22.14 Downloading from central: https://repo.maven.apache.org/maven2/javax/xml/bind/jaxb-api/2.3.1/jaxb-api-2.3.1.pom
#13 22.18 Progress (1): 732 B
Progress (1): 2.0 kB
Progress (1): 4.2 kB
Progress (1): 7.2 kB
Progress (1): 10 kB 
Progress (1): 13 kB
Progress (1): 17 kB
Progress (1): 20 kB
                   
Downloaded from central: https://repo.maven.apache.org/maven2/javax/xml/bind/jaxb-api/2.3.1/jaxb-api-2.3.1.pom (20 kB at 448 kB/s)
#13 22.18 Downloading from central: https://repo.maven.apache.org/maven2/javax/xml/bind/jaxb-api-parent/2.3.1/jaxb-api-parent-2.3.1.pom
#13 22.23 Progress (1): 759 B
Progress (1): 2.0 kB
Progress (1): 4.0 kB
Progress (1): 6.5 kB
Progress (1): 8.1 kB
                    
Downloaded from central: https://repo.maven.apache.org/maven2/javax/xml/bind/jaxb-api-parent/2.3.1/jaxb-api-parent-2.3.1.pom (8.1 kB at 198 kB/s)
#13 22.23 Downloading from central: https://repo.maven.apache.org/maven2/net/java/jvnet-parent/5/jvnet-parent-5.pom
#13 22.27 Progress (1): 832 B
Progress (1): 2.8 kB
Progress (1): 5.3 kB
Progress (1): 8.9 kB
                    
Downloaded from central: https://repo.maven.apache.org/maven2/net/java/jvnet-parent/5/jvnet-parent-5.pom (8.9 kB at 193 kB/s)
#13 22.28 Downloading from central: https://repo.maven.apache.org/maven2/javax/activation/javax.activation-api/1.2.0/javax.activation-api-1.2.0.pom
#13 22.32 Progress (1): 755 B
Progress (1): 2.1 kB
Progress (1): 3.5 kB
Progress (1): 4.9 kB
                    
Downloaded from central: https://repo.maven.apache.org/maven2/javax/activation/javax.activation-api/1.2.0/javax.activation-api-1.2.0.pom (4.9 kB at 123 kB/s)
#13 22.32 Downloading from central: https://repo.maven.apache.org/maven2/com/sun/activation/all/1.2.0/all-1.2.0.pom
#13 22.36 Progress (1): 696 B
Progress (1): 2.0 kB
Progress (1): 3.4 kB
Progress (1): 5.4 kB
Progress (1): 7.8 kB
Progress (1): 9.8 kB
Progress (1): 12 kB 
Progress (1): 15 kB
Progress (1): 18 kB
Progress (1): 18 kB
                   
Downloaded from central: https://repo.maven.apache.org/maven2/com/sun/activation/all/1.2.0/all-1.2.0.pom (18 kB at 382 kB/s)
#13 22.37 Downloading from central: https://repo.maven.apache.org/maven2/net/java/jvnet-parent/1/jvnet-parent-1.pom
#13 22.40 Progress (1): 843 B
Progress (1): 2.5 kB
Progress (1): 4.7 kB
                    
Downloaded from central: https://repo.maven.apache.org/maven2/net/java/jvnet-parent/1/jvnet-parent-1.pom (4.7 kB at 121 kB/s)
#13 22.42 Downloading from central: https://repo.maven.apache.org/maven2/org/apache/maven/reporting/maven-reporting-api/3.1.1/maven-reporting-api-3.1.1.jar
#13 22.45 Progress (1): 7.7/11 kB
Progress (1): 11 kB    
                   
Downloaded from central: https://repo.maven.apache.org/maven2/org/apache/maven/reporting/maven-reporting-api/3.1.1/maven-reporting-api-3.1.1.jar (11 kB at 293 kB/s)
#13 22.45 Downloading from central: https://repo.maven.apache.org/maven2/org/apache/maven/reporting/maven-reporting-impl/3.2.0/maven-reporting-impl-3.2.0.jar
#13 22.45 Downloading from central: https://repo.maven.apache.org/maven2/org/apache/maven/maven-core/3.1.0/maven-core-3.1.0.jar
#13 22.45 Downloading from central: https://repo.maven.apache.org/maven2/org/apache/maven/maven-settings/3.1.0/maven-settings-3.1.0.jar
#13 22.45 Downloading from central: https://repo.maven.apache.org/maven2/org/apache/maven/maven-settings-builder/3.1.0/maven-settings-builder-3.1.0.jar
#13 22.45 Downloading from central: https://repo.maven.apache.org/maven2/org/apache/maven/maven-repository-metadata/3.1.0/maven-repository-metadata-3.1.0.jar
#13 22.49 Progress (1): 7.7/41 kB
Progress (2): 7.7/41 kB | 7.7/30 kB
Progress (2): 15/41 kB | 7.7/30 kB 
Progress (2): 15/41 kB | 15/30 kB 
Progress (2): 15/41 kB | 30 kB   
Progress (3): 15/41 kB | 30 kB | 7.7/563 kB
Progress (3): 32/41 kB | 30 kB | 7.7/563 kB
Progress (3): 32/41 kB | 30 kB | 16/563 kB 
Progress (3): 41 kB | 30 kB | 16/563 kB   
Progress (3): 41 kB | 30 kB | 24/563 kB
Progress (3): 41 kB | 30 kB | 40/563 kB
Progress (4): 41 kB | 30 kB | 40/563 kB | 7.7/20 kB
                                                   
Downloaded from central: https://repo.maven.apache.org/maven2/org/apache/maven/maven-settings-builder/3.1.0/maven-settings-builder-3.1.0.jar (41 kB at 1.2 MB/s)
#13 22.49 Downloaded from central: https://repo.maven.apache.org/maven2/org/apache/maven/maven-repository-metadata/3.1.0/maven-repository-metadata-3.1.0.jar (30 kB at 885 kB/s)
#13 22.49 Downloading from central: https://repo.maven.apache.org/maven2/org/apache/maven/maven-model-builder/3.1.0/maven-model-builder-3.1.0.jar
#13 22.49 Downloading from central: https://repo.maven.apache.org/maven2/org/apache/maven/maven-aether-provider/3.1.0/maven-aether-provider-3.1.0.jar
#13 22.49 Progress (2): 40/563 kB | 15/20 kB
Progress (2): 57/563 kB | 15/20 kB
Progress (2): 57/563 kB | 20 kB   
Progress (2): 73/563 kB | 20 kB
Progress (2): 90/563 kB | 20 kB
Progress (2): 106/563 kB | 20 kB
Progress (2): 122/563 kB | 20 kB
Progress (2): 139/563 kB | 20 kB
Progress (2): 155/563 kB | 20 kB
                                
Downloaded from central: https://repo.maven.apache.org/maven2/org/apache/maven/reporting/maven-reporting-impl/3.2.0/maven-reporting-impl-3.2.0.jar (20 kB at 488 kB/s)
#13 22.49 Downloading from central: https://repo.maven.apache.org/maven2/org/eclipse/aether/aether-spi/0.9.0.M2/aether-spi-0.9.0.M2.jar
#13 22.49 Progress (1): 172/563 kB
Progress (1): 180/563 kB
Progress (1): 197/563 kB
Progress (1): 213/563 kB
Progress (1): 229/563 kB
Progress (1): 246/563 kB
Progress (1): 262/563 kB
Progress (1): 279/563 kB
Progress (1): 295/563 kB
Progress (1): 311/563 kB
Progress (1): 328/563 kB
Progress (1): 344/563 kB
Progress (1): 360/563 kB
Progress (1): 377/563 kB
Progress (1): 393/563 kB
Progress (1): 410/563 kB
Progress (1): 426/563 kB
Progress (1): 442/563 kB
Progress (2): 442/563 kB | 7.7/47 kB
Progress (2): 459/563 kB | 7.7/47 kB
Progress (2): 459/563 kB | 16/47 kB 
Progress (2): 459/563 kB | 32/47 kB
Progress (2): 459/563 kB | 47 kB   
Progress (2): 475/563 kB | 47 kB
Progress (2): 492/563 kB | 47 kB
Progress (2): 508/563 kB | 47 kB
                                
Downloaded from central: https://repo.maven.apache.org/maven2/org/apache/maven/maven-settings/3.1.0/maven-settings-3.1.0.jar (47 kB at 916 kB/s)
#13 22.50 Downloading from central: https://repo.maven.apache.org/maven2/org/eclipse/aether/aether-impl/0.9.0.M2/aether-impl-0.9.0.M2.jar
#13 22.50 Progress (1): 524/563 kB
Progress (1): 541/563 kB
Progress (1): 557/563 kB
Progress (1): 563 kB    
                    
Downloaded from central: https://repo.maven.apache.org/maven2/org/apache/maven/maven-core/3.1.0/maven-core-3.1.0.jar (563 kB at 9.9 MB/s)
#13 22.51 Downloading from central: https://repo.maven.apache.org/maven2/org/eclipse/aether/aether-api/0.9.0.M2/aether-api-0.9.0.M2.jar
#13 22.52 Progress (1): 7.3/18 kB
Progress (2): 7.3/18 kB | 7.7/60 kB
Progress (2): 7.3/18 kB | 7.7/60 kB
Progress (2): 18 kB | 7.7/60 kB    
                               
Downloaded from central: https://repo.maven.apache.org/maven2/org/eclipse/aether/aether-spi/0.9.0.M2/aether-spi-0.9.0.M2.jar (18 kB at 277 kB/s)
#13 22.52 Downloading from central: https://repo.maven.apache.org/maven2/org/eclipse/aether/aether-util/0.9.0.M2/aether-util-0.9.0.M2.jar
#13 22.52 Progress (1): 24/60 kB
Progress (1): 40/60 kB
Progress (1): 57/60 kB
Progress (1): 60 kB   
Progress (2): 60 kB | 7.7/159 kB
Progress (2): 60 kB | 7.7/159 kB
                                
Downloaded from central: https://repo.maven.apache.org/maven2/org/apache/maven/maven-aether-provider/3.1.0/maven-aether-provider-3.1.0.jar (60 kB at 896 kB/s)
#13 22.52 Downloading from central: https://repo.maven.apache.org/maven2/org/eclipse/sisu/org.eclipse.sisu.plexus/0.9.0.M2/org.eclipse.sisu.plexus-0.9.0.M2.jar
#13 22.52 Progress (1): 24/159 kB
Progress (1): 40/159 kB
Progress (1): 57/159 kB
Progress (1): 73/159 kB
Progress (1): 90/159 kB
Progress (1): 106/159 kB
Progress (1): 122/159 kB
Progress (1): 139/159 kB
Progress (1): 155/159 kB
Progress (1): 159 kB    
                    
Downloaded from central: https://repo.maven.apache.org/maven2/org/apache/maven/maven-model-builder/3.1.0/maven-model-builder-3.1.0.jar (159 kB at 2.2 MB/s)
#13 22.53 Downloading from central: https://repo.maven.apache.org/maven2/javax/annotation/javax.annotation-api/1.2/javax.annotation-api-1.2.jar
#13 22.54 Progress (1): 7.7/134 kB
Progress (1): 8.2/134 kB
Progress (1): 25/134 kB 
Progress (1): 41/134 kB
Progress (1): 57/134 kB
Progress (1): 66/134 kB
Progress (1): 82/134 kB
Progress (1): 98/134 kB
Progress (2): 98/134 kB | 7.7/134 kB
Progress (2): 98/134 kB | 15/134 kB 
Progress (2): 98/134 kB | 32/134 kB
Progress (2): 115/134 kB | 32/134 kB
Progress (2): 131/134 kB | 32/134 kB
Progress (2): 131/134 kB | 48/134 kB
Progress (2): 134 kB | 48/134 kB    
Progress (2): 134 kB | 65/134 kB
Progress (2): 134 kB | 81/134 kB
                                
Downloaded from central: https://repo.maven.apache.org/maven2/org/eclipse/aether/aether-api/0.9.0.M2/aether-api-0.9.0.M2.jar (134 kB at 1.4 MB/s)
#13 22.55 Downloading from central: https://repo.maven.apache.org/maven2/javax/enterprise/cdi-api/1.2/cdi-api-1.2.jar
#13 22.55 Progress (1): 97/134 kB
Progress (1): 114/134 kB
Progress (1): 130/134 kB
Progress (1): 134 kB    
                    
Downloaded from central: https://repo.maven.apache.org/maven2/org/eclipse/aether/aether-util/0.9.0.M2/aether-util-0.9.0.M2.jar (134 kB at 1.4 MB/s)
#13 22.55 Downloading from central: https://repo.maven.apache.org/maven2/javax/inject/javax.inject/1/javax.inject-1.jar
#13 22.56 Progress (1): 7.7/145 kB
Progress (2): 7.7/145 kB | 7.7/210 kB
Progress (3): 7.7/145 kB | 7.7/210 kB | 7.7/26 kB
Progress (3): 16/145 kB | 7.7/210 kB | 7.7/26 kB 
Progress (3): 16/145 kB | 7.7/210 kB | 16/26 kB 
Progress (3): 25/145 kB | 7.7/210 kB | 16/26 kB
Progress (3): 25/145 kB | 15/210 kB | 16/26 kB 
Progress (3): 41/145 kB | 15/210 kB | 16/26 kB
Progress (3): 57/145 kB | 15/210 kB | 16/26 kB
Progress (3): 57/145 kB | 15/210 kB | 25/26 kB
Progress (3): 57/145 kB | 15/210 kB | 26 kB   
Progress (3): 57/145 kB | 32/210 kB | 26 kB
                                           
Downloaded from central: https://repo.maven.apache.org/maven2/javax/annotation/javax.annotation-api/1.2/javax.annotation-api-1.2.jar (26 kB at 242 kB/s)
#13 22.56 Downloading from central: https://repo.maven.apache.org/maven2/org/eclipse/sisu/org.eclipse.sisu.inject/0.9.0.M2/org.eclipse.sisu.inject-0.9.0.M2.jar
#13 22.56 Progress (2): 74/145 kB | 32/210 kB
Progress (2): 74/145 kB | 48/210 kB
Progress (2): 90/145 kB | 48/210 kB
Progress (2): 90/145 kB | 65/210 kB
Progress (2): 106/145 kB | 65/210 kB
Progress (2): 123/145 kB | 65/210 kB
Progress (2): 123/145 kB | 81/210 kB
Progress (2): 139/145 kB | 81/210 kB
Progress (2): 145 kB | 81/210 kB    
Progress (2): 145 kB | 97/210 kB
                                
Downloaded from central: https://repo.maven.apache.org/maven2/org/eclipse/aether/aether-impl/0.9.0.M2/aether-impl-0.9.0.M2.jar (145 kB at 1.3 MB/s)
#13 22.57 Downloading from central: https://repo.maven.apache.org/maven2/org/codehaus/plexus/plexus-classworlds/2.4.2/plexus-classworlds-2.4.2.jar
#13 22.57 Progress (1): 114/210 kB
Progress (1): 130/210 kB
Progress (1): 131/210 kB
Progress (1): 147/210 kB
Progress (1): 164/210 kB
Progress (1): 180/210 kB
Progress (1): 188/210 kB
Progress (1): 205/210 kB
Progress (1): 210 kB    
                    
Downloaded from central: https://repo.maven.apache.org/maven2/org/eclipse/sisu/org.eclipse.sisu.plexus/0.9.0.M2/org.eclipse.sisu.plexus-0.9.0.M2.jar (210 kB at 1.8 MB/s)
#13 22.57 Downloading from central: https://repo.maven.apache.org/maven2/org/sonatype/plexus/plexus-sec-dispatcher/1.3/plexus-sec-dispatcher-1.3.jar
#13 22.58 Progress (1): 2.5 kB
                    
Downloaded from central: https://repo.maven.apache.org/maven2/javax/inject/javax.inject/1/javax.inject-1.jar (2.5 kB at 19 kB/s)
#13 22.58 Downloading from central: https://repo.maven.apache.org/maven2/org/sonatype/plexus/plexus-cipher/1.4/plexus-cipher-1.4.jar
#13 22.59 Progress (1): 7.7/71 kB
Progress (1): 16/71 kB 
Progress (1): 24/71 kB
Progress (1): 40/71 kB
Progress (1): 57/71 kB
Progress (1): 71 kB   
                   
Downloaded from central: https://repo.maven.apache.org/maven2/javax/enterprise/cdi-api/1.2/cdi-api-1.2.jar (71 kB at 526 kB/s)
#13 22.59 Downloading from central: https://repo.maven.apache.org/maven2/org/apache/maven/maven-artifact/3.1.0/maven-artifact-3.1.0.jar
#13 22.60 Progress (1): 7.7/425 kB
Progress (1): 16/425 kB 
Progress (1): 32/425 kB
Progress (1): 48/425 kB
Progress (1): 65/425 kB
Progress (2): 65/425 kB | 7.7/29 kB
Progress (2): 65/425 kB | 15/29 kB 
Progress (2): 65/425 kB | 29 kB   
Progress (2): 81/425 kB | 29 kB
                               
Downloaded from central: https://repo.maven.apache.org/maven2/org/sonatype/plexus/plexus-sec-dispatcher/1.3/plexus-sec-dispatcher-1.3.jar (29 kB at 190 kB/s)
#13 22.60 Progress (1): 97/425 kB
                       
Downloading from central: https://repo.maven.apache.org/maven2/org/apache/maven/maven-plugin-api/3.1.0/maven-plugin-api-3.1.0.jar
#13 22.60 Progress (1): 114/425 kB
Progress (1): 130/425 kB
Progress (1): 147/425 kB
Progress (1): 163/425 kB
Progress (1): 179/425 kB
Progress (1): 196/425 kB
Progress (1): 212/425 kB
Progress (1): 228/425 kB
Progress (1): 245/425 kB
Progress (1): 261/425 kB
Progress (2): 261/425 kB | 7.7/47 kB
Progress (2): 261/425 kB | 15/47 kB 
Progress (2): 278/425 kB | 15/47 kB
Progress (2): 278/425 kB | 32/47 kB
Progress (2): 294/425 kB | 32/47 kB
Progress (2): 294/425 kB | 47 kB   
Progress (2): 310/425 kB | 47 kB
Progress (2): 327/425 kB | 47 kB
Progress (2): 343/425 kB | 47 kB
                                
Downloaded from central: https://repo.maven.apache.org/maven2/org/codehaus/plexus/plexus-classworlds/2.4.2/plexus-classworlds-2.4.2.jar (47 kB at 295 kB/s)
#13 22.61 Downloading from central: https://repo.maven.apache.org/maven2/org/apache/maven/shared/maven-shared-utils/3.3.4/maven-shared-utils-3.3.4.jar
#13 22.61 Progress (1): 359/425 kB
Progress (1): 376/425 kB
Progress (1): 392/425 kB
Progress (2): 392/425 kB | 7.3/13 kB
Progress (2): 408/425 kB | 7.3/13 kB
Progress (2): 408/425 kB | 13 kB    
Progress (2): 425 kB | 13 kB    
                            
Downloaded from central: https://repo.maven.apache.org/maven2/org/sonatype/plexus/plexus-cipher/1.4/plexus-cipher-1.4.jar (13 kB at 82 kB/s)
#13 22.62 Downloaded from central: https://repo.maven.apache.org/maven2/org/eclipse/sisu/org.eclipse.sisu.inject/0.9.0.M2/org.eclipse.sisu.inject-0.9.0.M2.jar (425 kB at 2.6 MB/s)
#13 22.62 Downloading from central: https://repo.maven.apache.org/maven2/org/apache/maven/doxia/doxia-decoration-model/1.11.1/doxia-decoration-model-1.11.1.jar
#13 22.62 Downloading from central: https://repo.maven.apache.org/maven2/org/apache/maven/doxia/doxia-site-renderer/1.11.1/doxia-site-renderer-1.11.1.jar
#13 22.62 Progress (1): 7.7/52 kB
Progress (1): 12/52 kB 
Progress (1): 29/52 kB
Progress (1): 45/52 kB
Progress (1): 52 kB   
                   
Downloaded from central: https://repo.maven.apache.org/maven2/org/apache/maven/maven-artifact/3.1.0/maven-artifact-3.1.0.jar (52 kB at 305 kB/s)
#13 22.62 Downloading from central: https://repo.maven.apache.org/maven2/org/apache/maven/doxia/doxia-skin-model/1.11.1/doxia-skin-model-1.11.1.jar
#13 22.64 Progress (1): 4.1/50 kB
Progress (1): 20/50 kB 
Progress (1): 37/50 kB
Progress (1): 50 kB   
                   
Downloaded from central: https://repo.maven.apache.org/maven2/org/apache/maven/maven-plugin-api/3.1.0/maven-plugin-api-3.1.0.jar (50 kB at 269 kB/s)
#13 22.64 Downloading from central: https://repo.maven.apache.org/maven2/org/apache/maven/doxia/doxia-module-xhtml/1.11.1/doxia-module-xhtml-1.11.1.jar
#13 22.65 Progress (1): 4.1/65 kB
Progress (1): 20/65 kB 
Progress (1): 29/65 kB
Progress (2): 29/65 kB | 7.7/153 kB
Progress (2): 29/65 kB | 8.2/153 kB
Progress (2): 29/65 kB | 25/153 kB 
Progress (2): 45/65 kB | 25/153 kB
Progress (2): 61/65 kB | 25/153 kB
Progress (2): 65 kB | 25/153 kB   
                               
Downloaded from central: https://repo.maven.apache.org/maven2/org/apache/maven/doxia/doxia-site-renderer/1.11.1/doxia-site-renderer-1.11.1.jar (65 kB at 321 kB/s)
#13 22.66 Downloading from central: https://repo.maven.apache.org/maven2/org/apache/maven/doxia/doxia-module-xhtml5/1.11.1/doxia-module-xhtml5-1.11.1.jar
#13 22.66 Progress (1): 41/153 kB
Progress (2): 41/153 kB | 7.3/16 kB
Progress (2): 41/153 kB | 16 kB    
Progress (3): 41/153 kB | 16 kB | 7.7/60 kB
Progress (3): 41/153 kB | 16 kB | 16/60 kB 
Progress (3): 41/153 kB | 16 kB | 25/60 kB
Progress (3): 57/153 kB | 16 kB | 25/60 kB
                                          
Downloaded from central: https://repo.maven.apache.org/maven2/org/apache/maven/doxia/doxia-skin-model/1.11.1/doxia-skin-model-1.11.1.jar (16 kB at 79 kB/s)
#13 22.66 Progress (2): 57/153 kB | 41/60 kB
Progress (2): 74/153 kB | 41/60 kB
                                  
Downloading from central: https://repo.maven.apache.org/maven2/org/codehaus/plexus/plexus-velocity/1.2/plexus-velocity-1.2.jar
#13 22.66 Progress (2): 74/153 kB | 57/60 kB
Progress (2): 74/153 kB | 60 kB   
Progress (2): 90/153 kB | 60 kB
                               
Downloaded from central: https://repo.maven.apache.org/maven2/org/apache/maven/doxia/doxia-decoration-model/1.11.1/doxia-decoration-model-1.11.1.jar (60 kB at 283 kB/s)
#13 22.66 Progress (1): 106/153 kB
                        
Downloading from central: https://repo.maven.apache.org/maven2/org/apache/velocity/velocity/1.7/velocity-1.7.jar
#13 22.66 Progress (1): 123/153 kB
Progress (1): 139/153 kB
Progress (1): 153 kB    
                    
Downloaded from central: https://repo.maven.apache.org/maven2/org/apache/maven/shared/maven-shared-utils/3.3.4/maven-shared-utils-3.3.4.jar (153 kB at 716 kB/s)
#13 22.67 Downloading from central: https://repo.maven.apache.org/maven2/commons-lang/commons-lang/2.4/commons-lang-2.4.jar
#13 22.67 Progress (1): 7.7/17 kB
Progress (1): 16/17 kB 
Progress (1): 17 kB   
                   
Downloaded from central: https://repo.maven.apache.org/maven2/org/apache/maven/doxia/doxia-module-xhtml/1.11.1/doxia-module-xhtml-1.11.1.jar (17 kB at 79 kB/s)
#13 22.67 Downloading from central: https://repo.maven.apache.org/maven2/org/apache/velocity/velocity-tools/2.0/velocity-tools-2.0.jar
#13 22.69 Progress (1): 7.7/18 kB
Progress (1): 15/18 kB 
Progress (1): 18 kB   
                   
Downloaded from central: https://repo.maven.apache.org/maven2/org/apache/maven/doxia/doxia-module-xhtml5/1.11.1/doxia-module-xhtml5-1.11.1.jar (18 kB at 74 kB/s)
#13 22.69 Downloading from central: https://repo.maven.apache.org/maven2/commons-digester/commons-digester/1.8/commons-digester-1.8.jar
#13 22.70 Progress (1): 7.7/8.1 kB
Progress (1): 8.1 kB    
Progress (2): 8.1 kB | 7.7/450 kB
Progress (2): 8.1 kB | 12/450 kB 
                                
Downloaded from central: https://repo.maven.apache.org/maven2/org/codehaus/plexus/plexus-velocity/1.2/plexus-velocity-1.2.jar (8.1 kB at 33 kB/s)
#13 22.70 Downloading from central: https://repo.maven.apache.org/maven2/commons-chain/commons-chain/1.1/commons-chain-1.1.jar
#13 22.70 Progress (1): 29/450 kB
Progress (1): 45/450 kB
Progress (1): 61/450 kB
Progress (1): 78/450 kB
Progress (2): 78/450 kB | 7.7/262 kB
Progress (2): 78/450 kB | 15/262 kB 
Progress (2): 78/450 kB | 32/262 kB
Progress (2): 94/450 kB | 32/262 kB
Progress (2): 111/450 kB | 32/262 kB
Progress (3): 111/450 kB | 32/262 kB | 7.7/347 kB
Progress (3): 111/450 kB | 48/262 kB | 7.7/347 kB
Progress (3): 111/450 kB | 48/262 kB | 16/347 kB 
Progress (3): 111/450 kB | 48/262 kB | 32/347 kB
Progress (3): 111/450 kB | 65/262 kB | 32/347 kB
Progress (3): 127/450 kB | 65/262 kB | 32/347 kB
Progress (3): 127/450 kB | 81/262 kB | 32/347 kB
Progress (3): 127/450 kB | 81/262 kB | 49/347 kB
Progress (3): 127/450 kB | 97/262 kB | 49/347 kB
Progress (3): 143/450 kB | 97/262 kB | 49/347 kB
Progress (3): 143/450 kB | 114/262 kB | 49/347 kB
Progress (3): 143/450 kB | 130/262 kB | 49/347 kB
Progress (3): 143/450 kB | 130/262 kB | 65/347 kB
Progress (3): 160/450 kB | 130/262 kB | 65/347 kB
Progress (3): 176/450 kB | 130/262 kB | 65/347 kB
Progress (3): 176/450 kB | 147/262 kB | 65/347 kB
Progress (3): 176/450 kB | 147/262 kB | 81/347 kB
Progress (3): 193/450 kB | 147/262 kB | 81/347 kB
Progress (3): 193/450 kB | 163/262 kB | 81/347 kB
Progress (3): 193/450 kB | 179/262 kB | 81/347 kB
Progress (3): 209/450 kB | 179/262 kB | 81/347 kB
Progress (3): 209/450 kB | 179/262 kB | 98/347 kB
Progress (3): 209/450 kB | 196/262 kB | 98/347 kB
Progress (3): 225/450 kB | 196/262 kB | 98/347 kB
Progress (3): 237/450 kB | 196/262 kB | 98/347 kB
Progress (3): 237/450 kB | 212/262 kB | 98/347 kB
Progress (3): 253/450 kB | 212/262 kB | 98/347 kB
Progress (3): 253/450 kB | 212/262 kB | 114/347 kB
Progress (3): 269/450 kB | 212/262 kB | 114/347 kB
Progress (3): 269/450 kB | 228/262 kB | 114/347 kB
Progress (3): 269/450 kB | 228/262 kB | 131/347 kB
Progress (3): 269/450 kB | 245/262 kB | 131/347 kB
Progress (3): 286/450 kB | 245/262 kB | 131/347 kB
Progress (3): 286/450 kB | 261/262 kB | 131/347 kB
Progress (3): 286/450 kB | 262 kB | 131/347 kB    
Progress (3): 302/450 kB | 262 kB | 131/347 kB
Progress (3): 302/450 kB | 262 kB | 147/347 kB
Progress (3): 302/450 kB | 262 kB | 163/347 kB
                                              
Downloaded from central: https://repo.maven.apache.org/maven2/commons-lang/commons-lang/2.4/commons-lang-2.4.jar (262 kB at 956 kB/s)
#13 22.73 Downloading from central: https://repo.maven.apache.org/maven2/dom4j/dom4j/1.1/dom4j-1.1.jar
#13 22.73 Progress (2): 319/450 kB | 163/347 kB
Progress (2): 335/450 kB | 163/347 kB
Progress (2): 335/450 kB | 180/347 kB
Progress (2): 335/450 kB | 196/347 kB
Progress (2): 351/450 kB | 196/347 kB
Progress (2): 368/450 kB | 196/347 kB
Progress (2): 384/450 kB | 196/347 kB
Progress (2): 400/450 kB | 196/347 kB
Progress (2): 417/450 kB | 196/347 kB
Progress (2): 417/450 kB | 213/347 kB
Progress (3): 417/450 kB | 213/347 kB | 7.7/144 kB
Progress (3): 417/450 kB | 213/347 kB | 16/144 kB 
Progress (3): 417/450 kB | 213/347 kB | 24/144 kB
Progress (4): 417/450 kB | 213/347 kB | 24/144 kB | 7.7/90 kB
Progress (4): 417/450 kB | 213/347 kB | 24/144 kB | 16/90 kB 
Progress (4): 433/450 kB | 213/347 kB | 24/144 kB | 16/90 kB
Progress (4): 433/450 kB | 229/347 kB | 24/144 kB | 16/90 kB
Progress (4): 433/450 kB | 229/347 kB | 24/144 kB | 25/90 kB
Progress (4): 433/450 kB | 245/347 kB | 24/144 kB | 25/90 kB
Progress (4): 450 kB | 245/347 kB | 24/144 kB | 25/90 kB    
Progress (4): 450 kB | 245/347 kB | 40/144 kB | 25/90 kB
Progress (4): 450 kB | 262/347 kB | 40/144 kB | 25/90 kB
Progress (4): 450 kB | 262/347 kB | 40/144 kB | 41/90 kB
Progress (4): 450 kB | 262/347 kB | 57/144 kB | 41/90 kB
                                                        
Downloaded from central: https://repo.maven.apache.org/maven2/org/apache/velocity/velocity/1.7/velocity-1.7.jar (450 kB at 1.6 MB/s)
#13 22.74 Downloading from central: https://repo.maven.apache.org/maven2/oro/oro/2.0.8/oro-2.0.8.jar
#13 22.74 Progress (3): 278/347 kB | 57/144 kB | 41/90 kB
Progress (3): 278/347 kB | 73/144 kB | 41/90 kB
Progress (3): 278/347 kB | 73/144 kB | 57/90 kB
Progress (3): 294/347 kB | 73/144 kB | 57/90 kB
Progress (3): 294/347 kB | 73/144 kB | 74/90 kB
Progress (3): 311/347 kB | 73/144 kB | 74/90 kB
Progress (3): 311/347 kB | 90/144 kB | 74/90 kB
Progress (3): 311/347 kB | 90/144 kB | 90 kB   
Progress (3): 327/347 kB | 90/144 kB | 90 kB
Progress (3): 344/347 kB | 90/144 kB | 90 kB
Progress (3): 347 kB | 90/144 kB | 90 kB    
Progress (3): 347 kB | 106/144 kB | 90 kB
                                         
Downloaded from central: https://repo.maven.apache.org/maven2/commons-chain/commons-chain/1.1/commons-chain-1.1.jar (90 kB at 306 kB/s)
#13 22.75 Downloading from central: https://repo.maven.apache.org/maven2/commons-collections/commons-collections/3.2.2/commons-collections-3.2.2.jar
#13 22.75 Downloaded from central: https://repo.maven.apache.org/maven2/org/apache/velocity/velocity-tools/2.0/velocity-tools-2.0.jar (347 kB at 1.2 MB/s)
#13 22.75 Downloading from central: https://repo.maven.apache.org/maven2/org/apache/maven/doxia/doxia-sink-api/1.11.1/doxia-sink-api-1.11.1.jar
#13 22.75 Progress (1): 122/144 kB
Progress (1): 139/144 kB
Progress (1): 144 kB    
                    
Downloaded from central: https://repo.maven.apache.org/maven2/commons-digester/commons-digester/1.8/commons-digester-1.8.jar (144 kB at 484 kB/s)
#13 22.75 Downloading from central: https://repo.maven.apache.org/maven2/org/apache/maven/doxia/doxia-logging-api/1.11.1/doxia-logging-api-1.11.1.jar
#13 22.77 Progress (1): 7.7/457 kB
Progress (1): 15/457 kB 
Progress (1): 32/457 kB
Progress (1): 48/457 kB
Progress (1): 65/457 kB
Progress (1): 81/457 kB
Progress (1): 97/457 kB
Progress (1): 114/457 kB
Progress (1): 130/457 kB
Progress (1): 147/457 kB
Progress (1): 163/457 kB
Progress (1): 179/457 kB
Progress (1): 196/457 kB
Progress (2): 196/457 kB | 7.7/65 kB
Progress (2): 196/457 kB | 16/65 kB 
Progress (3): 196/457 kB | 16/65 kB | 7.7/588 kB
Progress (3): 196/457 kB | 16/65 kB | 15/588 kB 
Progress (3): 212/457 kB | 16/65 kB | 15/588 kB
Progress (4): 212/457 kB | 16/65 kB | 15/588 kB | 7.7/12 kB
Progress (4): 212/457 kB | 16/65 kB | 15/588 kB | 12 kB    
Progress (4): 212/457 kB | 16/65 kB | 32/588 kB | 12 kB
Progress (4): 228/457 kB | 16/65 kB | 32/588 kB | 12 kB
                                                       
Downloaded from central: https://repo.maven.apache.org/maven2/org/apache/maven/doxia/doxia-sink-api/1.11.1/doxia-sink-api-1.11.1.jar (12 kB at 36 kB/s)
#13 22.78 Downloading from central: https://repo.maven.apache.org/maven2/org/apache/maven/doxia/doxia-core/1.11.1/doxia-core-1.11.1.jar
#13 22.78 Progress (3): 228/457 kB | 16/65 kB | 48/588 kB
Progress (3): 245/457 kB | 16/65 kB | 48/588 kB
Progress (3): 245/457 kB | 16/65 kB | 65/588 kB
Progress (3): 261/457 kB | 16/65 kB | 65/588 kB
Progress (3): 261/457 kB | 16/65 kB | 81/588 kB
Progress (3): 261/457 kB | 32/65 kB | 81/588 kB
Progress (3): 278/457 kB | 32/65 kB | 81/588 kB
Progress (4): 278/457 kB | 32/65 kB | 81/588 kB | 7.3/12 kB
Progress (4): 278/457 kB | 32/65 kB | 81/588 kB | 12 kB    
Progress (4): 278/457 kB | 48/65 kB | 81/588 kB | 12 kB
Progress (4): 278/457 kB | 48/65 kB | 97/588 kB | 12 kB
                                                       
Downloaded from central: https://repo.maven.apache.org/maven2/org/apache/maven/doxia/doxia-logging-api/1.11.1/doxia-logging-api-1.11.1.jar (12 kB at 35 kB/s)
#13 22.78 Downloading from central: https://repo.maven.apache.org/maven2/org/codehaus/plexus/plexus-container-default/2.1.0/plexus-container-default-2.1.0.jar
#13 22.78 Progress (3): 294/457 kB | 48/65 kB | 97/588 kB
Progress (3): 310/457 kB | 48/65 kB | 97/588 kB
Progress (3): 327/457 kB | 48/65 kB | 97/588 kB
Progress (3): 327/457 kB | 65/65 kB | 97/588 kB
Progress (3): 327/457 kB | 65 kB | 97/588 kB   
Progress (3): 343/457 kB | 65 kB | 97/588 kB
Progress (3): 348/457 kB | 65 kB | 97/588 kB
Progress (3): 348/457 kB | 65 kB | 114/588 kB
                                             
Downloaded from central: https://repo.maven.apache.org/maven2/oro/oro/2.0.8/oro-2.0.8.jar (65 kB at 196 kB/s)
#13 22.79 Progress (2): 364/457 kB | 114/588 kB
                                     
Downloading from central: https://repo.maven.apache.org/maven2/org/apache/xbean/xbean-reflect/3.7/xbean-reflect-3.7.jar
#13 22.79 Progress (2): 364/457 kB | 130/588 kB
Progress (2): 364/457 kB | 147/588 kB
Progress (2): 381/457 kB | 147/588 kB
Progress (2): 397/457 kB | 147/588 kB
Progress (2): 397/457 kB | 163/588 kB
Progress (2): 397/457 kB | 179/588 kB
Progress (2): 413/457 kB | 179/588 kB
Progress (2): 430/457 kB | 179/588 kB
Progress (2): 446/457 kB | 179/588 kB
Progress (2): 446/457 kB | 196/588 kB
Progress (2): 457 kB | 196/588 kB    
Progress (2): 457 kB | 212/588 kB
                                 
Downloaded from central: https://repo.maven.apache.org/maven2/dom4j/dom4j/1.1/dom4j-1.1.jar (457 kB at 1.4 MB/s)
#13 22.79 Downloading from central: https://repo.maven.apache.org/maven2/com/google/collections/google-collections/1.0/google-collections-1.0.jar
#13 22.79 Progress (1): 228/588 kB
Progress (1): 245/588 kB
Progress (1): 261/588 kB
Progress (1): 278/588 kB
Progress (1): 294/588 kB
Progress (1): 310/588 kB
Progress (1): 327/588 kB
Progress (1): 343/588 kB
Progress (1): 360/588 kB
Progress (1): 360/588 kB
Progress (1): 377/588 kB
Progress (1): 393/588 kB
Progress (1): 410/588 kB
Progress (1): 426/588 kB
Progress (1): 442/588 kB
Progress (1): 459/588 kB
Progress (1): 475/588 kB
Progress (1): 492/588 kB
Progress (1): 508/588 kB
Progress (1): 524/588 kB
Progress (1): 541/588 kB
Progress (1): 557/588 kB
Progress (2): 557/588 kB | 7.7/218 kB
Progress (2): 557/588 kB | 12/218 kB 
Progress (2): 573/588 kB | 12/218 kB
Progress (2): 573/588 kB | 29/218 kB
Progress (2): 588 kB | 29/218 kB    
Progress (2): 588 kB | 45/218 kB
                                
Downloaded from central: https://repo.maven.apache.org/maven2/commons-collections/commons-collections/3.2.2/commons-collections-3.2.2.jar (588 kB at 1.6 MB/s)
#13 22.81 Downloading from central: https://repo.maven.apache.org/maven2/org/apache/commons/commons-text/1.3/commons-text-1.3.jar
#13 22.81 Progress (1): 61/218 kB
Progress (2): 61/218 kB | 7.7/230 kB
Progress (2): 61/218 kB | 15/230 kB 
Progress (2): 78/218 kB | 15/230 kB
Progress (2): 94/218 kB | 15/230 kB
Progress (2): 94/218 kB | 32/230 kB
Progress (2): 111/218 kB | 32/230 kB
Progress (2): 111/218 kB | 48/230 kB
Progress (3): 111/218 kB | 48/230 kB | 3.2/148 kB
Progress (3): 111/218 kB | 65/230 kB | 3.2/148 kB
Progress (3): 127/218 kB | 65/230 kB | 3.2/148 kB
Progress (3): 127/218 kB | 65/230 kB | 20/148 kB 
Progress (3): 127/218 kB | 81/230 kB | 20/148 kB
Progress (3): 127/218 kB | 81/230 kB | 28/148 kB
Progress (3): 127/218 kB | 81/230 kB | 44/148 kB
Progress (3): 127/218 kB | 97/230 kB | 44/148 kB
Progress (3): 143/218 kB | 97/230 kB | 44/148 kB
Progress (3): 143/218 kB | 97/230 kB | 61/148 kB
Progress (3): 143/218 kB | 114/230 kB | 61/148 kB
Progress (3): 143/218 kB | 114/230 kB | 64/148 kB
Progress (3): 143/218 kB | 114/230 kB | 81/148 kB
Progress (3): 160/218 kB | 114/230 kB | 81/148 kB
Progress (3): 160/218 kB | 130/230 kB | 81/148 kB
Progress (3): 160/218 kB | 130/230 kB | 97/148 kB
Progress (3): 160/218 kB | 147/230 kB | 97/148 kB
Progress (3): 160/218 kB | 147/230 kB | 113/148 kB
Progress (3): 176/218 kB | 147/230 kB | 113/148 kB
Progress (3): 176/218 kB | 147/230 kB | 126/148 kB
Progress (3): 193/218 kB | 147/230 kB | 126/148 kB
Progress (3): 193/218 kB | 163/230 kB | 126/148 kB
Progress (3): 209/218 kB | 163/230 kB | 126/148 kB
Progress (3): 209/218 kB | 163/230 kB | 142/148 kB
Progress (3): 209/218 kB | 179/230 kB | 142/148 kB
Progress (3): 218 kB | 179/230 kB | 142/148 kB    
Progress (3): 218 kB | 179/230 kB | 148 kB    
                                          
Downloaded from central: https://repo.maven.apache.org/maven2/org/apache/xbean/xbean-reflect/3.7/xbean-reflect-3.7.jar (148 kB at 396 kB/s)
#13 22.83 Progress (2): 218 kB | 196/230 kB
                                 
Downloading from central: https://repo.maven.apache.org/maven2/org/apache/httpcomponents/httpclient/4.5.13/httpclient-4.5.13.jar
#13 22.83 Progress (2): 218 kB | 212/230 kB
                                 
Downloaded from central: https://repo.maven.apache.org/maven2/org/apache/maven/doxia/doxia-core/1.11.1/doxia-core-1.11.1.jar (218 kB at 581 kB/s)
#13 22.83 Downloading from central: https://repo.maven.apache.org/maven2/commons-logging/commons-logging/1.2/commons-logging-1.2.jar
#13 22.83 Progress (1): 228/230 kB
Progress (1): 230 kB    
                    
Downloaded from central: https://repo.maven.apache.org/maven2/org/codehaus/plexus/plexus-container-default/2.1.0/plexus-container-default-2.1.0.jar (230 kB at 612 kB/s)
#13 22.83 Downloading from central: https://repo.maven.apache.org/maven2/commons-codec/commons-codec/1.11/commons-codec-1.11.jar
#13 22.83 Progress (1): 7.7/640 kB
Progress (1): 16/640 kB 
Progress (1): 32/640 kB
Progress (1): 49/640 kB
Progress (1): 61/640 kB
Progress (1): 77/640 kB
Progress (1): 93/640 kB
Progress (1): 110/640 kB
Progress (1): 126/640 kB
Progress (2): 126/640 kB | 7.7/183 kB
Progress (2): 126/640 kB | 16/183 kB 
Progress (2): 142/640 kB | 16/183 kB
Progress (2): 142/640 kB | 32/183 kB
Progress (2): 142/640 kB | 49/183 kB
Progress (2): 142/640 kB | 65/183 kB
Progress (2): 159/640 kB | 65/183 kB
Progress (2): 159/640 kB | 81/183 kB
Progress (2): 175/640 kB | 81/183 kB
Progress (2): 175/640 kB | 98/183 kB
Progress (2): 192/640 kB | 98/183 kB
Progress (2): 192/640 kB | 114/183 kB
Progress (2): 208/640 kB | 114/183 kB
Progress (2): 208/640 kB | 123/183 kB
Progress (2): 224/640 kB | 123/183 kB
Progress (2): 241/640 kB | 123/183 kB
Progress (2): 241/640 kB | 139/183 kB
Progress (2): 257/640 kB | 139/183 kB
Progress (2): 274/640 kB | 139/183 kB
Progress (2): 290/640 kB | 139/183 kB
Progress (2): 306/640 kB | 139/183 kB
Progress (2): 323/640 kB | 139/183 kB
Progress (2): 323/640 kB | 156/183 kB
Progress (2): 339/640 kB | 156/183 kB
Progress (2): 355/640 kB | 156/183 kB
Progress (2): 355/640 kB | 172/183 kB
Progress (2): 355/640 kB | 183 kB    
Progress (2): 372/640 kB | 183 kB
Progress (2): 388/640 kB | 183 kB
                                 
Downloaded from central: https://repo.maven.apache.org/maven2/org/apache/commons/commons-text/1.3/commons-text-1.3.jar (183 kB at 459 kB/s)
#13 22.85 Downloading from central: https://repo.maven.apache.org/maven2/org/apache/httpcomponents/httpcore/4.4.14/httpcore-4.4.14.jar
#13 22.85 Progress (1): 405/640 kB
Progress (1): 421/640 kB
Progress (1): 437/640 kB
Progress (1): 454/640 kB
Progress (1): 470/640 kB
Progress (1): 487/640 kB
Progress (1): 503/640 kB
Progress (1): 519/640 kB
Progress (1): 536/640 kB
Progress (1): 552/640 kB
Progress (1): 568/640 kB
Progress (1): 585/640 kB
Progress (1): 601/640 kB
Progress (1): 618/640 kB
Progress (1): 634/640 kB
Progress (2): 634/640 kB | 4.1/335 kB
Progress (2): 634/640 kB | 20/335 kB 
Progress (2): 634/640 kB | 37/335 kB
Progress (2): 640 kB | 37/335 kB    
Progress (2): 640 kB | 53/335 kB
                                
Downloaded from central: https://repo.maven.apache.org/maven2/com/google/collections/google-collections/1.0/google-collections-1.0.jar (640 kB at 1.5 MB/s)
#13 22.87 Downloading from central: https://repo.maven.apache.org/maven2/org/apache/maven/doxia/doxia-integration-tools/1.11.1/doxia-integration-tools-1.11.1.jar
#13 22.87 Progress (2): 53/335 kB | 3.2/780 kB
Progress (3): 53/335 kB | 3.2/780 kB | 7.7/62 kB
Progress (3): 53/335 kB | 3.2/780 kB | 15/62 kB 
Progress (3): 70/335 kB | 3.2/780 kB | 15/62 kB
Progress (3): 70/335 kB | 3.2/780 kB | 32/62 kB
Progress (3): 70/335 kB | 20/780 kB | 32/62 kB 
Progress (3): 70/335 kB | 20/780 kB | 48/62 kB
Progress (3): 70/335 kB | 20/780 kB | 62 kB   
Progress (3): 86/335 kB | 20/780 kB | 62 kB
Progress (3): 86/335 kB | 36/780 kB | 62 kB
Progress (3): 102/335 kB | 36/780 kB | 62 kB
                                            
Downloaded from central: https://repo.maven.apache.org/maven2/commons-logging/commons-logging/1.2/commons-logging-1.2.jar (62 kB at 148 kB/s)
#13 22.87 Downloading from central: https://repo.maven.apache.org/maven2/commons-io/commons-io/2.6/commons-io-2.6.jar
#13 22.87 Progress (2): 102/335 kB | 52/780 kB
Progress (2): 119/335 kB | 52/780 kB
Progress (2): 127/335 kB | 52/780 kB
Progress (2): 127/335 kB | 69/780 kB
Progress (2): 143/335 kB | 69/780 kB
Progress (2): 143/335 kB | 85/780 kB
Progress (2): 160/335 kB | 85/780 kB
Progress (2): 176/335 kB | 85/780 kB
Progress (2): 176/335 kB | 102/780 kB
Progress (2): 193/335 kB | 102/780 kB
Progress (2): 193/335 kB | 118/780 kB
Progress (2): 209/335 kB | 118/780 kB
Progress (2): 209/335 kB | 134/780 kB
Progress (2): 225/335 kB | 134/780 kB
Progress (2): 225/335 kB | 151/780 kB
Progress (2): 242/335 kB | 151/780 kB
Progress (2): 242/335 kB | 167/780 kB
Progress (2): 258/335 kB | 167/780 kB
Progress (2): 262/335 kB | 167/780 kB
Progress (2): 262/335 kB | 183/780 kB
Progress (2): 278/335 kB | 183/780 kB
Progress (2): 294/335 kB | 183/780 kB
Progress (2): 311/335 kB | 183/780 kB
Progress (2): 327/335 kB | 183/780 kB
Progress (2): 335 kB | 183/780 kB    
Progress (2): 335 kB | 200/780 kB
Progress (2): 335 kB | 216/780 kB
                                 
Downloaded from central: https://repo.maven.apache.org/maven2/commons-codec/commons-codec/1.11/commons-codec-1.11.jar (335 kB at 786 kB/s)
#13 22.88 Downloading from central: https://repo.maven.apache.org/maven2/org/apache/maven/maven-model/2.2.1/maven-model-2.2.1.jar
#13 22.88 Progress (1): 233/780 kB
Progress (1): 249/780 kB
Progress (1): 265/780 kB
Progress (1): 282/780 kB
Progress (1): 298/780 kB
Progress (1): 314/780 kB
Progress (2): 314/780 kB | 7.7/328 kB
Progress (2): 314/780 kB | 16/328 kB 
Progress (2): 331/780 kB | 16/328 kB
Progress (2): 331/780 kB | 25/328 kB
Progress (2): 342/780 kB | 25/328 kB
Progress (2): 359/780 kB | 25/328 kB
Progress (2): 375/780 kB | 25/328 kB
Progress (2): 391/780 kB | 25/328 kB
Progress (2): 408/780 kB | 25/328 kB
Progress (2): 424/780 kB | 25/328 kB
Progress (2): 424/780 kB | 41/328 kB
Progress (2): 440/780 kB | 41/328 kB
Progress (2): 440/780 kB | 57/328 kB
Progress (2): 457/780 kB | 57/328 kB
Progress (2): 473/780 kB | 57/328 kB
Progress (2): 473/780 kB | 74/328 kB
Progress (2): 473/780 kB | 90/328 kB
Progress (2): 473/780 kB | 98/328 kB
Progress (2): 473/780 kB | 115/328 kB
Progress (2): 490/780 kB | 115/328 kB
Progress (2): 490/780 kB | 131/328 kB
Progress (2): 490/780 kB | 147/328 kB
Progress (2): 490/780 kB | 164/328 kB
Progress (2): 506/780 kB | 164/328 kB
Progress (2): 522/780 kB | 164/328 kB
Progress (2): 539/780 kB | 164/328 kB
Progress (2): 555/780 kB | 164/328 kB
Progress (2): 572/780 kB | 164/328 kB
Progress (2): 572/780 kB | 180/328 kB
Progress (2): 572/780 kB | 197/328 kB
Progress (2): 572/780 kB | 213/328 kB
Progress (2): 588/780 kB | 213/328 kB
Progress (2): 604/780 kB | 213/328 kB
Progress (2): 621/780 kB | 213/328 kB
Progress (2): 637/780 kB | 213/328 kB
Progress (2): 653/780 kB | 213/328 kB
Progress (2): 670/780 kB | 213/328 kB
Progress (2): 671/780 kB | 213/328 kB
Progress (2): 687/780 kB | 213/328 kB
Progress (2): 704/780 kB | 213/328 kB
Progress (2): 720/780 kB | 213/328 kB
Progress (2): 737/780 kB | 213/328 kB
Progress (2): 753/780 kB | 213/328 kB
Progress (2): 769/780 kB | 213/328 kB
Progress (2): 780 kB | 213/328 kB    
Progress (2): 780 kB | 229/328 kB
Progress (2): 780 kB | 246/328 kB
                                 
Downloaded from central: https://repo.maven.apache.org/maven2/org/apache/httpcomponents/httpclient/4.5.13/httpclient-4.5.13.jar (780 kB at 1.7 MB/s)
#13 22.90 Progress (1): 262/328 kB
                        
Downloading from central: https://repo.maven.apache.org/maven2/org/codehaus/plexus/plexus-interpolation/1.26/plexus-interpolation-1.26.jar
#13 22.90 Progress (2): 262/328 kB | 7.3/215 kB
Progress (2): 279/328 kB | 7.3/215 kB
Progress (2): 279/328 kB | 24/215 kB 
Progress (2): 295/328 kB | 24/215 kB
Progress (2): 311/328 kB | 24/215 kB
Progress (2): 328/328 kB | 24/215 kB
Progress (2): 328/328 kB | 40/215 kB
Progress (2): 328 kB | 40/215 kB    
Progress (2): 328 kB | 56/215 kB
                                
Downloaded from central: https://repo.maven.apache.org/maven2/org/apache/httpcomponents/httpcore/4.4.14/httpcore-4.4.14.jar (328 kB at 725 kB/s)
#13 22.91 Downloading from central: https://repo.maven.apache.org/maven2/org/codehaus/plexus/plexus-component-annotations/2.1.0/plexus-component-annotations-2.1.0.jar
#13 22.91 Progress (1): 73/215 kB
Progress (1): 89/215 kB
Progress (1): 106/215 kB
Progress (1): 122/215 kB
Progress (1): 138/215 kB
Progress (2): 138/215 kB | 7.7/47 kB
Progress (2): 138/215 kB | 16/47 kB 
Progress (2): 138/215 kB | 32/47 kB
Progress (2): 155/215 kB | 32/47 kB
Progress (3): 155/215 kB | 32/47 kB | 7.7/88 kB
Progress (3): 155/215 kB | 32/47 kB | 15/88 kB 
Progress (3): 155/215 kB | 47 kB | 15/88 kB   
Progress (3): 155/215 kB | 47 kB | 32/88 kB
Progress (3): 171/215 kB | 47 kB | 32/88 kB
Progress (3): 188/215 kB | 47 kB | 32/88 kB
                                           
Downloaded from central: https://repo.maven.apache.org/maven2/org/apache/maven/doxia/doxia-integration-tools/1.11.1/doxia-integration-tools-1.11.1.jar (47 kB at 101 kB/s)
#13 22.91 Downloading from central: https://repo.maven.apache.org/maven2/org/codehaus/plexus/plexus-resources/1.1.0/plexus-resources-1.1.0.jar
#13 22.92 Progress (2): 188/215 kB | 48/88 kB
Progress (2): 204/215 kB | 48/88 kB
Progress (2): 204/215 kB | 65/88 kB
Progress (2): 215 kB | 65/88 kB    
Progress (2): 215 kB | 81/88 kB
Progress (2): 215 kB | 88 kB   
                            
Downloaded from central: https://repo.maven.apache.org/maven2/commons-io/commons-io/2.6/commons-io-2.6.jar (215 kB at 464 kB/s)
#13 22.92 Downloaded from central: https://repo.maven.apache.org/maven2/org/apache/maven/maven-model/2.2.1/maven-model-2.2.1.jar (88 kB at 189 kB/s)
#13 22.92 Downloading from central: https://repo.maven.apache.org/maven2/org/codehaus/plexus/plexus-utils/3.5.1/plexus-utils-3.5.1.jar
#13 22.92 Downloading from central: https://repo.maven.apache.org/maven2/org/codehaus/plexus/plexus-i18n/1.0-beta-10/plexus-i18n-1.0-beta-10.jar
#13 22.94 Progress (1): 7.7/85 kB
Progress (1): 16/85 kB 
Progress (1): 25/85 kB
Progress (1): 41/85 kB
Progress (1): 57/85 kB
Progress (1): 74/85 kB
Progress (1): 85 kB   
                   
Downloaded from central: https://repo.maven.apache.org/maven2/org/codehaus/plexus/plexus-interpolation/1.26/plexus-interpolation-1.26.jar (85 kB at 175 kB/s)
#13 22.94 Downloading from central: https://repo.maven.apache.org/maven2/com/puppycrawl/tools/checkstyle/9.3/checkstyle-9.3.jar
#13 22.95 Progress (1): 4.2 kB
Progress (2): 4.2 kB | 7.3/12 kB
Progress (2): 4.2 kB | 12 kB    
                            
Downloaded from central: https://repo.maven.apache.org/maven2/org/codehaus/plexus/plexus-component-annotations/2.1.0/plexus-component-annotations-2.1.0.jar (4.2 kB at 8.6 kB/s)
#13 22.95 Downloading from central: https://repo.maven.apache.org/maven2/info/picocli/picocli/4.6.2/picocli-4.6.2.jar
#13 22.95 Downloaded from central: https://repo.maven.apache.org/maven2/org/codehaus/plexus/plexus-i18n/1.0-beta-10/plexus-i18n-1.0-beta-10.jar (12 kB at 24 kB/s)
#13 22.95 Downloading from central: https://repo.maven.apache.org/maven2/org/antlr/antlr4-runtime/4.9.3/antlr4-runtime-4.9.3.jar
#13 22.95 Progress (1): 7.7/269 kB
Progress (1): 12/269 kB 
Progress (1): 29/269 kB
Progress (1): 45/269 kB
Progress (1): 61/269 kB
Progress (1): 78/269 kB
Progress (1): 94/269 kB
Progress (1): 111/269 kB
Progress (1): 127/269 kB
Progress (1): 143/269 kB
Progress (1): 160/269 kB
Progress (2): 160/269 kB | 7.7/23 kB
Progress (2): 160/269 kB | 15/23 kB 
Progress (2): 160/269 kB | 23 kB   
Progress (2): 176/269 kB | 23 kB
                                
Downloaded from central: https://repo.maven.apache.org/maven2/org/codehaus/plexus/plexus-resources/1.1.0/plexus-resources-1.1.0.jar (23 kB at 46 kB/s)
#13 22.95 Downloading from central: https://repo.maven.apache.org/maven2/commons-beanutils/commons-beanutils/1.9.4/commons-beanutils-1.9.4.jar
#13 22.95 Progress (1): 193/269 kB
Progress (1): 209/269 kB
Progress (1): 225/269 kB
Progress (1): 242/269 kB
Progress (1): 258/269 kB
Progress (1): 269 kB    
                    
Downloaded from central: https://repo.maven.apache.org/maven2/org/codehaus/plexus/plexus-utils/3.5.1/plexus-utils-3.5.1.jar (269 kB at 533 kB/s)
#13 22.96 Downloading from central: https://repo.maven.apache.org/maven2/com/google/guava/guava/31.0.1-jre/guava-31.0.1-jre.jar
#13 22.97 Progress (1): 7.7/337 kB
Progress (1): 16/337 kB 
Progress (1): 25/337 kB
Progress (1): 41/337 kB
Progress (1): 57/337 kB
Progress (1): 74/337 kB
Progress (1): 90/337 kB
Progress (1): 106/337 kB
Progress (1): 123/337 kB
Progress (1): 139/337 kB
Progress (1): 156/337 kB
Progress (1): 172/337 kB
Progress (2): 172/337 kB | 7.7/403 kB
Progress (2): 172/337 kB | 16/403 kB 
Progress (2): 172/337 kB | 24/403 kB
Progress (2): 188/337 kB | 24/403 kB
Progress (2): 205/337 kB | 24/403 kB
Progress (3): 205/337 kB | 24/403 kB | 0/2.0 MB
Progress (3): 221/337 kB | 24/403 kB | 0/2.0 MB
Progress (3): 221/337 kB | 24/403 kB | 0/2.0 MB
Progress (3): 221/337 kB | 24/403 kB | 0/2.0 MB
Progress (3): 221/337 kB | 40/403 kB | 0/2.0 MB
Progress (3): 238/337 kB | 40/403 kB | 0/2.0 MB
Progress (3): 254/337 kB | 40/403 kB | 0/2.0 MB
Progress (3): 254/337 kB | 57/403 kB | 0/2.0 MB
Progress (3): 270/337 kB | 57/403 kB | 0/2.0 MB
Progress (3): 270/337 kB | 57/403 kB | 0/2.0 MB
Progress (3): 270/337 kB | 73/403 kB | 0/2.0 MB
Progress (3): 270/337 kB | 90/403 kB | 0/2.0 MB
Progress (3): 270/337 kB | 90/403 kB | 0/2.0 MB
Progress (3): 270/337 kB | 90/403 kB | 0.1/2.0 MB
Progress (3): 287/337 kB | 90/403 kB | 0.1/2.0 MB
Progress (3): 287/337 kB | 90/403 kB | 0.1/2.0 MB
Progress (3): 303/337 kB | 90/403 kB | 0.1/2.0 MB
Progress (3): 303/337 kB | 106/403 kB | 0.1/2.0 MB
Progress (3): 303/337 kB | 106/403 kB | 0.1/2.0 MB
Progress (3): 303/337 kB | 106/403 kB | 0.1/2.0 MB
Progress (3): 303/337 kB | 122/403 kB | 0.1/2.0 MB
Progress (3): 319/337 kB | 122/403 kB | 0.1/2.0 MB
Progress (3): 319/337 kB | 122/403 kB | 0.1/2.0 MB
Progress (3): 336/337 kB | 122/403 kB | 0.1/2.0 MB
Progress (3): 337 kB | 122/403 kB | 0.1/2.0 MB    
                                              
Downloaded from central: https://repo.maven.apache.org/maven2/org/antlr/antlr4-runtime/4.9.3/antlr4-runtime-4.9.3.jar (337 kB at 629 kB/s)
#13 22.99 Downloading from central: https://repo.maven.apache.org/maven2/com/google/guava/failureaccess/1.0.1/failureaccess-1.0.1.jar
#13 22.99 Progress (2): 139/403 kB | 0.1/2.0 MB
Progress (2): 139/403 kB | 0.1/2.0 MB
Progress (2): 155/403 kB | 0.1/2.0 MB
Progress (2): 155/403 kB | 0.2/2.0 MB
Progress (2): 172/403 kB | 0.2/2.0 MB
Progress (2): 188/403 kB | 0.2/2.0 MB
Progress (2): 188/403 kB | 0.2/2.0 MB
Progress (2): 188/403 kB | 0.2/2.0 MB
Progress (2): 204/403 kB | 0.2/2.0 MB
Progress (3): 204/403 kB | 0.2/2.0 MB | 0/3.0 MB
Progress (3): 204/403 kB | 0.2/2.0 MB | 0/3.0 MB
Progress (3): 204/403 kB | 0.2/2.0 MB | 0/3.0 MB
Progress (3): 221/403 kB | 0.2/2.0 MB | 0/3.0 MB
Progress (3): 225/403 kB | 0.2/2.0 MB | 0/3.0 MB
Progress (3): 225/403 kB | 0.2/2.0 MB | 0/3.0 MB
Progress (3): 225/403 kB | 0.2/2.0 MB | 0/3.0 MB
Progress (3): 242/403 kB | 0.2/2.0 MB | 0/3.0 MB
Progress (3): 242/403 kB | 0.3/2.0 MB | 0/3.0 MB
Progress (3): 242/403 kB | 0.3/2.0 MB | 0/3.0 MB
Progress (3): 242/403 kB | 0.3/2.0 MB | 0/3.0 MB
Progress (3): 258/403 kB | 0.3/2.0 MB | 0/3.0 MB
Progress (3): 258/403 kB | 0.3/2.0 MB | 0/3.0 MB
Progress (3): 274/403 kB | 0.3/2.0 MB | 0/3.0 MB
Progress (3): 274/403 kB | 0.3/2.0 MB | 0/3.0 MB
Progress (3): 274/403 kB | 0.3/2.0 MB | 0.1/3.0 MB
Progress (3): 274/403 kB | 0.3/2.0 MB | 0.1/3.0 MB
Progress (3): 291/403 kB | 0.3/2.0 MB | 0.1/3.0 MB
Progress (3): 291/403 kB | 0.3/2.0 MB | 0.1/3.0 MB
Progress (3): 291/403 kB | 0.3/2.0 MB | 0.1/3.0 MB
Progress (3): 307/403 kB | 0.3/2.0 MB | 0.1/3.0 MB
Progress (3): 307/403 kB | 0.4/2.0 MB | 0.1/3.0 MB
Progress (3): 307/403 kB | 0.4/2.0 MB | 0.1/3.0 MB
Progress (3): 324/403 kB | 0.4/2.0 MB | 0.1/3.0 MB
Progress (3): 340/403 kB | 0.4/2.0 MB | 0.1/3.0 MB
Progress (3): 340/403 kB | 0.4/2.0 MB | 0.1/3.0 MB
Progress (3): 356/403 kB | 0.4/2.0 MB | 0.1/3.0 MB
Progress (3): 356/403 kB | 0.4/2.0 MB | 0.1/3.0 MB
Progress (3): 373/403 kB | 0.4/2.0 MB | 0.1/3.0 MB
Progress (3): 373/403 kB | 0.4/2.0 MB | 0.1/3.0 MB
Progress (3): 373/403 kB | 0.4/2.0 MB | 0.1/3.0 MB
Progress (3): 389/403 kB | 0.4/2.0 MB | 0.1/3.0 MB
Progress (3): 389/403 kB | 0.4/2.0 MB | 0.1/3.0 MB
Progress (3): 389/403 kB | 0.4/2.0 MB | 0.1/3.0 MB
Progress (3): 389/403 kB | 0.4/2.0 MB | 0.1/3.0 MB
Progress (4): 389/403 kB | 0.4/2.0 MB | 0.1/3.0 MB | 7.7/247 kB
Progress (4): 389/403 kB | 0.4/2.0 MB | 0.1/3.0 MB | 12/247 kB 
Progress (4): 403 kB | 0.4/2.0 MB | 0.1/3.0 MB | 12/247 kB    
Progress (4): 403 kB | 0.4/2.0 MB | 0.2/3.0 MB | 12/247 kB
                                                          
Downloaded from central: https://repo.maven.apache.org/maven2/info/picocli/picocli/4.6.2/picocli-4.6.2.jar (403 kB at 718 kB/s)
#13 23.01 Progress (3): 0.4/2.0 MB | 0.2/3.0 MB | 29/247 kB
                                                 
Downloading from central: https://repo.maven.apache.org/maven2/com/google/guava/listenablefuture/9999.0-empty-to-avoid-conflict-with-guava/listenablefuture-9999.0-empty-to-avoid-conflict-with-guava.jar
#13 23.01 Progress (3): 0.4/2.0 MB | 0.2/3.0 MB | 45/247 kB
Progress (3): 0.4/2.0 MB | 0.2/3.0 MB | 45/247 kB
Progress (3): 0.4/2.0 MB | 0.2/3.0 MB | 45/247 kB
Progress (3): 0.5/2.0 MB | 0.2/3.0 MB | 45/247 kB
Progress (3): 0.5/2.0 MB | 0.2/3.0 MB | 45/247 kB
Progress (3): 0.5/2.0 MB | 0.2/3.0 MB | 61/247 kB
Progress (3): 0.5/2.0 MB | 0.2/3.0 MB | 61/247 kB
Progress (3): 0.5/2.0 MB | 0.2/3.0 MB | 61/247 kB
Progress (3): 0.5/2.0 MB | 0.2/3.0 MB | 61/247 kB
Progress (3): 0.5/2.0 MB | 0.2/3.0 MB | 61/247 kB
Progress (3): 0.5/2.0 MB | 0.2/3.0 MB | 78/247 kB
Progress (3): 0.5/2.0 MB | 0.2/3.0 MB | 94/247 kB
Progress (3): 0.5/2.0 MB | 0.2/3.0 MB | 94/247 kB
Progress (3): 0.5/2.0 MB | 0.2/3.0 MB | 94/247 kB
Progress (3): 0.5/2.0 MB | 0.2/3.0 MB | 111/247 kB
Progress (3): 0.5/2.0 MB | 0.3/3.0 MB | 111/247 kB
Progress (3): 0.5/2.0 MB | 0.3/3.0 MB | 111/247 kB
Progress (3): 0.5/2.0 MB | 0.3/3.0 MB | 111/247 kB
Progress (3): 0.5/2.0 MB | 0.3/3.0 MB | 127/247 kB
Progress (3): 0.5/2.0 MB | 0.3/3.0 MB | 127/247 kB
Progress (3): 0.5/2.0 MB | 0.3/3.0 MB | 127/247 kB
Progress (3): 0.5/2.0 MB | 0.3/3.0 MB | 143/247 kB
Progress (3): 0.5/2.0 MB | 0.3/3.0 MB | 143/247 kB
Progress (3): 0.5/2.0 MB | 0.3/3.0 MB | 143/247 kB
Progress (3): 0.6/2.0 MB | 0.3/3.0 MB | 143/247 kB
Progress (3): 0.6/2.0 MB | 0.3/3.0 MB | 160/247 kB
Progress (3): 0.6/2.0 MB | 0.3/3.0 MB | 160/247 kB
Progress (3): 0.6/2.0 MB | 0.3/3.0 MB | 176/247 kB
Progress (3): 0.6/2.0 MB | 0.3/3.0 MB | 176/247 kB
Progress (3): 0.6/2.0 MB | 0.4/3.0 MB | 176/247 kB
Progress (4): 0.6/2.0 MB | 0.4/3.0 MB | 176/247 kB | 4.6 kB
Progress (4): 0.6/2.0 MB | 0.4/3.0 MB | 176/247 kB | 4.6 kB
Progress (4): 0.6/2.0 MB | 0.4/3.0 MB | 176/247 kB | 4.6 kB
                                                           
Downloaded from central: https://repo.maven.apache.org/maven2/com/google/guava/failureaccess/1.0.1/failureaccess-1.0.1.jar (4.6 kB at 8.1 kB/s)
#13 23.02 Downloading from central: https://repo.maven.apache.org/maven2/com/google/code/findbugs/jsr305/3.0.2/jsr305-3.0.2.jar
#13 23.02 Progress (3): 0.6/2.0 MB | 0.4/3.0 MB | 176/247 kB
Progress (3): 0.6/2.0 MB | 0.4/3.0 MB | 193/247 kB
Progress (3): 0.6/2.0 MB | 0.4/3.0 MB | 193/247 kB
Progress (3): 0.6/2.0 MB | 0.4/3.0 MB | 193/247 kB
Progress (3): 0.6/2.0 MB | 0.4/3.0 MB | 193/247 kB
Progress (3): 0.6/2.0 MB | 0.4/3.0 MB | 193/247 kB
Progress (3): 0.6/2.0 MB | 0.4/3.0 MB | 193/247 kB
Progress (3): 0.6/2.0 MB | 0.4/3.0 MB | 209/247 kB
Progress (3): 0.6/2.0 MB | 0.4/3.0 MB | 209/247 kB
Progress (3): 0.6/2.0 MB | 0.4/3.0 MB | 225/247 kB
Progress (3): 0.6/2.0 MB | 0.5/3.0 MB | 225/247 kB
Progress (3): 0.7/2.0 MB | 0.5/3.0 MB | 225/247 kB
Progress (3): 0.7/2.0 MB | 0.5/3.0 MB | 225/247 kB
Progress (3): 0.7/2.0 MB | 0.5/3.0 MB | 242/247 kB
Progress (3): 0.7/2.0 MB | 0.5/3.0 MB | 242/247 kB
Progress (3): 0.7/2.0 MB | 0.5/3.0 MB | 242/247 kB
Progress (3): 0.7/2.0 MB | 0.5/3.0 MB | 247 kB    
Progress (3): 0.7/2.0 MB | 0.5/3.0 MB | 247 kB
Progress (3): 0.7/2.0 MB | 0.5/3.0 MB | 247 kB
Progress (3): 0.7/2.0 MB | 0.5/3.0 MB | 247 kB
Progress (3): 0.7/2.0 MB | 0.5/3.0 MB | 247 kB
Progress (3): 0.7/2.0 MB | 0.5/3.0 MB | 247 kB
Progress (3): 0.7/2.0 MB | 0.5/3.0 MB | 247 kB
                                              
Downloaded from central: https://repo.maven.apache.org/maven2/commons-beanutils/commons-beanutils/1.9.4/commons-beanutils-1.9.4.jar (247 kB at 429 kB/s)
#13 23.03 Downloading from central: https://repo.maven.apache.org/maven2/org/checkerframework/checker-qual/3.12.0/checker-qual-3.12.0.jar
#13 23.03 Progress (2): 0.7/2.0 MB | 0.5/3.0 MB
Progress (2): 0.7/2.0 MB | 0.5/3.0 MB
Progress (2): 0.8/2.0 MB | 0.5/3.0 MB
Progress (2): 0.8/2.0 MB | 0.5/3.0 MB
Progress (2): 0.8/2.0 MB | 0.6/3.0 MB
Progress (2): 0.8/2.0 MB | 0.6/3.0 MB
Progress (2): 0.8/2.0 MB | 0.6/3.0 MB
Progress (2): 0.8/2.0 MB | 0.6/3.0 MB
Progress (2): 0.8/2.0 MB | 0.6/3.0 MB
Progress (2): 0.8/2.0 MB | 0.6/3.0 MB
Progress (2): 0.8/2.0 MB | 0.6/3.0 MB
Progress (2): 0.8/2.0 MB | 0.6/3.0 MB
Progress (2): 0.8/2.0 MB | 0.6/3.0 MB
Progress (2): 0.8/2.0 MB | 0.6/3.0 MB
Progress (2): 0.9/2.0 MB | 0.6/3.0 MB
Progress (2): 0.9/2.0 MB | 0.7/3.0 MB
Progress (2): 0.9/2.0 MB | 0.7/3.0 MB
Progress (2): 0.9/2.0 MB | 0.7/3.0 MB
Progress (2): 0.9/2.0 MB | 0.7/3.0 MB
Progress (2): 0.9/2.0 MB | 0.7/3.0 MB
Progress (2): 0.9/2.0 MB | 0.7/3.0 MB
Progress (2): 0.9/2.0 MB | 0.7/3.0 MB
Progress (2): 0.9/2.0 MB | 0.7/3.0 MB
Progress (2): 0.9/2.0 MB | 0.7/3.0 MB
Progress (2): 0.9/2.0 MB | 0.7/3.0 MB
Progress (2): 1.0/2.0 MB | 0.7/3.0 MB
Progress (2): 1.0/2.0 MB | 0.7/3.0 MB
Progress (2): 1.0/2.0 MB | 0.7/3.0 MB
Progress (2): 1.0/2.0 MB | 0.8/3.0 MB
Progress (2): 1.0/2.0 MB | 0.8/3.0 MB
Progress (2): 1.0/2.0 MB | 0.8/3.0 MB
Progress (2): 1.0/2.0 MB | 0.8/3.0 MB
Progress (2): 1.0/2.0 MB | 0.8/3.0 MB
Progress (2): 1.0/2.0 MB | 0.8/3.0 MB
Progress (2): 1.0/2.0 MB | 0.8/3.0 MB
Progress (2): 1.0/2.0 MB | 0.8/3.0 MB
Progress (2): 1.0/2.0 MB | 0.8/3.0 MB
Progress (2): 1.0/2.0 MB | 0.8/3.0 MB
Progress (2): 1.1/2.0 MB | 0.8/3.0 MB
Progress (2): 1.1/2.0 MB | 0.8/3.0 MB
Progress (2): 1.1/2.0 MB | 0.8/3.0 MB
Progress (2): 1.1/2.0 MB | 0.8/3.0 MB
Progress (2): 1.1/2.0 MB | 0.9/3.0 MB
Progress (2): 1.1/2.0 MB | 0.9/3.0 MB
Progress (2): 1.1/2.0 MB | 0.9/3.0 MB
Progress (2): 1.1/2.0 MB | 0.9/3.0 MB
Progress (2): 1.1/2.0 MB | 0.9/3.0 MB
Progress (2): 1.1/2.0 MB | 0.9/3.0 MB
Progress (2): 1.1/2.0 MB | 0.9/3.0 MB
Progress (2): 1.2/2.0 MB | 0.9/3.0 MB
Progress (2): 1.2/2.0 MB | 0.9/3.0 MB
Progress (2): 1.2/2.0 MB | 0.9/3.0 MB
Progress (2): 1.2/2.0 MB | 0.9/3.0 MB
Progress (2): 1.2/2.0 MB | 0.9/3.0 MB
Progress (2): 1.2/2.0 MB | 1.0/3.0 MB
Progress (2): 1.2/2.0 MB | 1.0/3.0 MB
Progress (3): 1.2/2.0 MB | 1.0/3.0 MB | 2.2 kB
Progress (3): 1.2/2.0 MB | 1.0/3.0 MB | 2.2 kB
                                              
Downloaded from central: https://repo.maven.apache.org/maven2/com/google/guava/listenablefuture/9999.0-empty-to-avoid-conflict-with-guava/listenablefuture-9999.0-empty-to-avoid-conflict-with-guava.jar (2.2 kB at 3.7 kB/s)
#13 23.05 Progress (2): 1.2/2.0 MB | 1.0/3.0 MB
                                     
Downloading from central: https://repo.maven.apache.org/maven2/com/google/errorprone/error_prone_annotations/2.7.1/error_prone_annotations-2.7.1.jar
#13 23.05 Progress (2): 1.2/2.0 MB | 1.0/3.0 MB
Progress (2): 1.2/2.0 MB | 1.0/3.0 MB
Progress (2): 1.2/2.0 MB | 1.0/3.0 MB
Progress (2): 1.2/2.0 MB | 1.0/3.0 MB
Progress (2): 1.2/2.0 MB | 1.0/3.0 MB
Progress (2): 1.3/2.0 MB | 1.0/3.0 MB
Progress (2): 1.3/2.0 MB | 1.0/3.0 MB
Progress (2): 1.3/2.0 MB | 1.0/3.0 MB
Progress (2): 1.3/2.0 MB | 1.1/3.0 MB
Progress (2): 1.3/2.0 MB | 1.1/3.0 MB
Progress (2): 1.3/2.0 MB | 1.1/3.0 MB
Progress (2): 1.3/2.0 MB | 1.1/3.0 MB
Progress (2): 1.3/2.0 MB | 1.1/3.0 MB
Progress (2): 1.3/2.0 MB | 1.1/3.0 MB
Progress (2): 1.3/2.0 MB | 1.1/3.0 MB
Progress (2): 1.3/2.0 MB | 1.1/3.0 MB
Progress (2): 1.3/2.0 MB | 1.1/3.0 MB
Progress (2): 1.4/2.0 MB | 1.1/3.0 MB
Progress (2): 1.4/2.0 MB | 1.1/3.0 MB
Progress (2): 1.4/2.0 MB | 1.2/3.0 MB
Progress (2): 1.4/2.0 MB | 1.2/3.0 MB
Progress (2): 1.4/2.0 MB | 1.2/3.0 MB
Progress (2): 1.4/2.0 MB | 1.2/3.0 MB
Progress (2): 1.4/2.0 MB | 1.2/3.0 MB
Progress (2): 1.4/2.0 MB | 1.2/3.0 MB
Progress (2): 1.4/2.0 MB | 1.2/3.0 MB
Progress (2): 1.4/2.0 MB | 1.2/3.0 MB
Progress (2): 1.4/2.0 MB | 1.3/3.0 MB
Progress (2): 1.4/2.0 MB | 1.3/3.0 MB
Progress (2): 1.4/2.0 MB | 1.3/3.0 MB
Progress (2): 1.4/2.0 MB | 1.3/3.0 MB
Progress (2): 1.4/2.0 MB | 1.3/3.0 MB
Progress (2): 1.5/2.0 MB | 1.3/3.0 MB
Progress (2): 1.5/2.0 MB | 1.3/3.0 MB
Progress (2): 1.5/2.0 MB | 1.3/3.0 MB
Progress (2): 1.5/2.0 MB | 1.3/3.0 MB
Progress (2): 1.5/2.0 MB | 1.3/3.0 MB
Progress (2): 1.5/2.0 MB | 1.3/3.0 MB
Progress (2): 1.5/2.0 MB | 1.3/3.0 MB
Progress (2): 1.5/2.0 MB | 1.4/3.0 MB
Progress (2): 1.5/2.0 MB | 1.4/3.0 MB
Progress (2): 1.5/2.0 MB | 1.4/3.0 MB
Progress (2): 1.5/2.0 MB | 1.4/3.0 MB
Progress (2): 1.5/2.0 MB | 1.4/3.0 MB
Progress (2): 1.5/2.0 MB | 1.4/3.0 MB
Progress (2): 1.5/2.0 MB | 1.4/3.0 MB
Progress (2): 1.5/2.0 MB | 1.4/3.0 MB
Progress (2): 1.6/2.0 MB | 1.4/3.0 MB
Progress (2): 1.6/2.0 MB | 1.4/3.0 MB
Progress (2): 1.6/2.0 MB | 1.5/3.0 MB
Progress (2): 1.6/2.0 MB | 1.5/3.0 MB
Progress (2): 1.6/2.0 MB | 1.5/3.0 MB
Progress (2): 1.6/2.0 MB | 1.5/3.0 MB
Progress (3): 1.6/2.0 MB | 1.5/3.0 MB | 7.7/209 kB
Progress (3): 1.6/2.0 MB | 1.5/3.0 MB | 7.7/209 kB
Progress (3): 1.6/2.0 MB | 1.5/3.0 MB | 7.7/209 kB
Progress (3): 1.6/2.0 MB | 1.5/3.0 MB | 7.7/209 kB
Progress (3): 1.6/2.0 MB | 1.5/3.0 MB | 7.7/209 kB
Progress (3): 1.6/2.0 MB | 1.5/3.0 MB | 7.7/209 kB
Progress (3): 1.6/2.0 MB | 1.5/3.0 MB | 7.7/209 kB
Progress (3): 1.6/2.0 MB | 1.5/3.0 MB | 7.7/209 kB
Progress (3): 1.7/2.0 MB | 1.5/3.0 MB | 7.7/209 kB
Progress (3): 1.7/2.0 MB | 1.5/3.0 MB | 7.7/209 kB
Progress (3): 1.7/2.0 MB | 1.5/3.0 MB | 7.7/209 kB
Progress (3): 1.7/2.0 MB | 1.5/3.0 MB | 24/209 kB 
Progress (3): 1.7/2.0 MB | 1.6/3.0 MB | 24/209 kB
Progress (3): 1.7/2.0 MB | 1.6/3.0 MB | 24/209 kB
Progress (3): 1.7/2.0 MB | 1.6/3.0 MB | 24/209 kB
Progress (4): 1.7/2.0 MB | 1.6/3.0 MB | 24/209 kB | 7.7/20 kB
Progress (4): 1.7/2.0 MB | 1.6/3.0 MB | 24/209 kB | 8.2/20 kB
Progress (4): 1.7/2.0 MB | 1.6/3.0 MB | 24/209 kB | 8.2/20 kB
Progress (4): 1.7/2.0 MB | 1.6/3.0 MB | 24/209 kB | 20 kB    
Progress (4): 1.7/2.0 MB | 1.6/3.0 MB | 40/209 kB | 20 kB
Progress (4): 1.7/2.0 MB | 1.6/3.0 MB | 40/209 kB | 20 kB
Progress (4): 1.7/2.0 MB | 1.6/3.0 MB | 40/209 kB | 20 kB
                                                         
Downloaded from central: https://repo.maven.apache.org/maven2/com/google/code/findbugs/jsr305/3.0.2/jsr305-3.0.2.jar (20 kB at 32 kB/s)
#13 23.08 Downloading from central: https://repo.maven.apache.org/maven2/com/google/j2objc/j2objc-annotations/1.3/j2objc-annotations-1.3.jar
#13 23.08 Progress (3): 1.7/2.0 MB | 1.6/3.0 MB | 40/209 kB
Progress (3): 1.7/2.0 MB | 1.6/3.0 MB | 57/209 kB
Progress (3): 1.7/2.0 MB | 1.6/3.0 MB | 57/209 kB
Progress (3): 1.8/2.0 MB | 1.6/3.0 MB | 57/209 kB
Progress (3): 1.8/2.0 MB | 1.6/3.0 MB | 57/209 kB
Progress (4): 1.8/2.0 MB | 1.6/3.0 MB | 57/209 kB | 7.7/15 kB
Progress (4): 1.8/2.0 MB | 1.6/3.0 MB | 57/209 kB | 11/15 kB 
Progress (4): 1.8/2.0 MB | 1.6/3.0 MB | 57/209 kB | 11/15 kB
Progress (4): 1.8/2.0 MB | 1.6/3.0 MB | 57/209 kB | 15 kB   
Progress (4): 1.8/2.0 MB | 1.6/3.0 MB | 57/209 kB | 15 kB
Progress (4): 1.8/2.0 MB | 1.6/3.0 MB | 57/209 kB | 15 kB
                                                         
Downloaded from central: https://repo.maven.apache.org/maven2/com/google/errorprone/error_prone_annotations/2.7.1/error_prone_annotations-2.7.1.jar (15 kB at 24 kB/s)
#13 23.08 Downloading from central: https://repo.maven.apache.org/maven2/org/reflections/reflections/0.10.2/reflections-0.10.2.jar
#13 23.08 Progress (3): 1.8/2.0 MB | 1.6/3.0 MB | 73/209 kB
Progress (3): 1.8/2.0 MB | 1.6/3.0 MB | 73/209 kB
Progress (3): 1.8/2.0 MB | 1.7/3.0 MB | 73/209 kB
Progress (3): 1.8/2.0 MB | 1.7/3.0 MB | 90/209 kB
Progress (3): 1.8/2.0 MB | 1.7/3.0 MB | 90/209 kB
Progress (3): 1.8/2.0 MB | 1.7/3.0 MB | 106/209 kB
Progress (3): 1.8/2.0 MB | 1.7/3.0 MB | 106/209 kB
Progress (3): 1.8/2.0 MB | 1.7/3.0 MB | 106/209 kB
Progress (3): 1.9/2.0 MB | 1.7/3.0 MB | 106/209 kB
Progress (3): 1.9/2.0 MB | 1.7/3.0 MB | 122/209 kB
Progress (3): 1.9/2.0 MB | 1.7/3.0 MB | 139/209 kB
Progress (3): 1.9/2.0 MB | 1.7/3.0 MB | 139/209 kB
Progress (3): 1.9/2.0 MB | 1.7/3.0 MB | 155/209 kB
Progress (3): 1.9/2.0 MB | 1.7/3.0 MB | 155/209 kB
Progress (3): 1.9/2.0 MB | 1.7/3.0 MB | 172/209 kB
Progress (3): 1.9/2.0 MB | 1.7/3.0 MB | 172/209 kB
Progress (3): 1.9/2.0 MB | 1.7/3.0 MB | 188/209 kB
Progress (3): 1.9/2.0 MB | 1.7/3.0 MB | 188/209 kB
Progress (3): 1.9/2.0 MB | 1.7/3.0 MB | 204/209 kB
Progress (3): 1.9/2.0 MB | 1.7/3.0 MB | 204/209 kB
Progress (3): 1.9/2.0 MB | 1.7/3.0 MB | 209 kB    
Progress (3): 1.9/2.0 MB | 1.7/3.0 MB | 209 kB
Progress (3): 1.9/2.0 MB | 1.7/3.0 MB | 209 kB
Progress (3): 1.9/2.0 MB | 1.7/3.0 MB | 209 kB
                                              
Downloaded from central: https://repo.maven.apache.org/maven2/org/checkerframework/checker-qual/3.12.0/checker-qual-3.12.0.jar (209 kB at 327 kB/s)
#13 23.09 Downloading from central: https://repo.maven.apache.org/maven2/org/javassist/javassist/3.28.0-GA/javassist-3.28.0-GA.jar
#13 23.09 Progress (2): 1.9/2.0 MB | 1.7/3.0 MB
Progress (2): 2.0/2.0 MB | 1.7/3.0 MB
Progress (2): 2.0/2.0 MB | 1.7/3.0 MB
Progress (2): 2.0/2.0 MB | 1.7/3.0 MB
Progress (2): 2.0/2.0 MB | 1.8/3.0 MB
Progress (2): 2.0/2.0 MB | 1.8/3.0 MB
Progress (2): 2.0 MB | 1.8/3.0 MB    
Progress (2): 2.0 MB | 1.8/3.0 MB
Progress (2): 2.0 MB | 1.8/3.0 MB
Progress (2): 2.0 MB | 1.8/3.0 MB
                                 
Downloaded from central: https://repo.maven.apache.org/maven2/com/puppycrawl/tools/checkstyle/9.3/checkstyle-9.3.jar (2.0 MB at 3.1 MB/s)
#13 23.09 Downloading from central: https://repo.maven.apache.org/maven2/org/slf4j/slf4j-api/1.7.32/slf4j-api-1.7.32.jar
#13 23.10 Progress (1): 1.8/3.0 MB
Progress (1): 1.8/3.0 MB
Progress (1): 1.9/3.0 MB
Progress (1): 1.9/3.0 MB
Progress (1): 1.9/3.0 MB
Progress (1): 1.9/3.0 MB
Progress (1): 1.9/3.0 MB
Progress (1): 1.9/3.0 MB
Progress (1): 1.9/3.0 MB
Progress (1): 2.0/3.0 MB
Progress (1): 2.0/3.0 MB
Progress (1): 2.0/3.0 MB
Progress (1): 2.0/3.0 MB
Progress (1): 2.0/3.0 MB
Progress (1): 2.0/3.0 MB
Progress (1): 2.1/3.0 MB
Progress (1): 2.1/3.0 MB
Progress (1): 2.1/3.0 MB
Progress (1): 2.1/3.0 MB
Progress (1): 2.1/3.0 MB
Progress (1): 2.1/3.0 MB
Progress (1): 2.2/3.0 MB
Progress (2): 2.2/3.0 MB | 3.2/8.8 kB
Progress (2): 2.2/3.0 MB | 8.8 kB    
Progress (2): 2.2/3.0 MB | 8.8 kB
                                 
Downloaded from central: https://repo.maven.apache.org/maven2/com/google/j2objc/j2objc-annotations/1.3/j2objc-annotations-1.3.jar (8.8 kB at 13 kB/s)
#13 23.11 Downloading from central: https://repo.maven.apache.org/maven2/net/sf/saxon/Saxon-HE/10.6/Saxon-HE-10.6.jar
#13 23.11 Progress (1): 2.2/3.0 MB
Progress (2): 2.2/3.0 MB | 7.7/130 kB
Progress (2): 2.2/3.0 MB | 16/130 kB 
Progress (2): 2.2/3.0 MB | 24/130 kB
Progress (2): 2.2/3.0 MB | 24/130 kB
Progress (2): 2.2/3.0 MB | 24/130 kB
Progress (2): 2.2/3.0 MB | 24/130 kB
Progress (2): 2.2/3.0 MB | 40/130 kB
Progress (2): 2.2/3.0 MB | 57/130 kB
Progress (2): 2.3/3.0 MB | 57/130 kB
Progress (2): 2.3/3.0 MB | 73/130 kB
Progress (2): 2.3/3.0 MB | 73/130 kB
Progress (2): 2.3/3.0 MB | 90/130 kB
Progress (2): 2.3/3.0 MB | 90/130 kB
Progress (2): 2.3/3.0 MB | 90/130 kB
Progress (2): 2.3/3.0 MB | 90/130 kB
Progress (2): 2.3/3.0 MB | 90/130 kB
Progress (2): 2.3/3.0 MB | 106/130 kB
Progress (2): 2.4/3.0 MB | 106/130 kB
Progress (2): 2.4/3.0 MB | 106/130 kB
Progress (2): 2.4/3.0 MB | 106/130 kB
Progress (2): 2.4/3.0 MB | 122/130 kB
Progress (2): 2.4/3.0 MB | 122/130 kB
Progress (2): 2.4/3.0 MB | 122/130 kB
Progress (2): 2.4/3.0 MB | 130 kB    
Progress (2): 2.4/3.0 MB | 130 kB
Progress (2): 2.5/3.0 MB | 130 kB
                                 
Downloaded from central: https://repo.maven.apache.org/maven2/org/reflections/reflections/0.10.2/reflections-0.10.2.jar (130 kB at 194 kB/s)
#13 23.13 Downloading from central: https://repo.maven.apache.org/maven2/org/apache/commons/commons-lang3/3.12.0/commons-lang3-3.12.0.jar
#13 23.13 Progress (1): 2.5/3.0 MB
Progress (1): 2.5/3.0 MB
Progress (1): 2.5/3.0 MB
Progress (2): 2.5/3.0 MB | 7.7/42 kB
Progress (2): 2.5/3.0 MB | 16/42 kB 
Progress (3): 2.5/3.0 MB | 16/42 kB | 7.7/852 kB
Progress (3): 2.5/3.0 MB | 16/42 kB | 7.7/852 kB
Progress (3): 2.5/3.0 MB | 16/42 kB | 16/852 kB 
Progress (3): 2.5/3.0 MB | 32/42 kB | 16/852 kB
Progress (3): 2.5/3.0 MB | 32/42 kB | 16/852 kB
Progress (3): 2.5/3.0 MB | 32/42 kB | 25/852 kB
Progress (3): 2.5/3.0 MB | 42 kB | 25/852 kB   
Progress (3): 2.6/3.0 MB | 42 kB | 25/852 kB
Progress (3): 2.6/3.0 MB | 42 kB | 41/852 kB
                                            
Downloaded from central: https://repo.maven.apache.org/maven2/org/slf4j/slf4j-api/1.7.32/slf4j-api-1.7.32.jar (42 kB at 61 kB/s)
#13 23.13 Downloading from central: https://repo.maven.apache.org/maven2/javax/xml/bind/jaxb-api/2.3.1/jaxb-api-2.3.1.jar
#13 23.13 Progress (2): 2.6/3.0 MB | 41/852 kB
Progress (2): 2.6/3.0 MB | 57/852 kB
Progress (2): 2.6/3.0 MB | 57/852 kB
Progress (2): 2.6/3.0 MB | 74/852 kB
Progress (2): 2.6/3.0 MB | 74/852 kB
Progress (2): 2.6/3.0 MB | 90/852 kB
Progress (2): 2.6/3.0 MB | 106/852 kB
Progress (2): 2.6/3.0 MB | 106/852 kB
Progress (2): 2.6/3.0 MB | 123/852 kB
Progress (2): 2.6/3.0 MB | 123/852 kB
Progress (2): 2.6/3.0 MB | 139/852 kB
Progress (2): 2.7/3.0 MB | 139/852 kB
Progress (2): 2.7/3.0 MB | 156/852 kB
Progress (2): 2.7/3.0 MB | 156/852 kB
Progress (2): 2.7/3.0 MB | 172/852 kB
Progress (2): 2.7/3.0 MB | 172/852 kB
Progress (2): 2.7/3.0 MB | 188/852 kB
Progress (2): 2.7/3.0 MB | 188/852 kB
Progress (2): 2.7/3.0 MB | 188/852 kB
Progress (2): 2.7/3.0 MB | 205/852 kB
Progress (2): 2.7/3.0 MB | 221/852 kB
Progress (2): 2.7/3.0 MB | 221/852 kB
Progress (2): 2.7/3.0 MB | 221/852 kB
Progress (2): 2.8/3.0 MB | 221/852 kB
Progress (2): 2.8/3.0 MB | 238/852 kB
Progress (2): 2.8/3.0 MB | 238/852 kB
Progress (2): 2.8/3.0 MB | 254/852 kB
Progress (2): 2.8/3.0 MB | 254/852 kB
Progress (2): 2.8/3.0 MB | 254/852 kB
Progress (2): 2.8/3.0 MB | 270/852 kB
Progress (2): 2.8/3.0 MB | 270/852 kB
Progress (2): 2.8/3.0 MB | 287/852 kB
Progress (2): 2.8/3.0 MB | 287/852 kB
Progress (2): 2.8/3.0 MB | 303/852 kB
Progress (2): 2.9/3.0 MB | 303/852 kB
Progress (2): 2.9/3.0 MB | 319/852 kB
Progress (2): 2.9/3.0 MB | 319/852 kB
Progress (2): 2.9/3.0 MB | 336/852 kB
Progress (2): 2.9/3.0 MB | 336/852 kB
Progress (2): 2.9/3.0 MB | 352/852 kB
Progress (2): 2.9/3.0 MB | 352/852 kB
Progress (2): 2.9/3.0 MB | 364/852 kB
Progress (2): 2.9/3.0 MB | 364/852 kB
Progress (2): 2.9/3.0 MB | 364/852 kB
Progress (2): 2.9/3.0 MB | 381/852 kB
Progress (2): 2.9/3.0 MB | 397/852 kB
Progress (2): 3.0/3.0 MB | 397/852 kB
Progress (2): 3.0/3.0 MB | 413/852 kB
Progress (2): 3.0/3.0 MB | 413/852 kB
Progress (2): 3.0 MB | 413/852 kB    
Progress (2): 3.0 MB | 430/852 kB
Progress (2): 3.0 MB | 446/852 kB
Progress (2): 3.0 MB | 463/852 kB
                                 
Downloaded from central: https://repo.maven.apache.org/maven2/com/google/guava/guava/31.0.1-jre/guava-31.0.1-jre.jar (3.0 MB at 4.3 MB/s)
#13 23.15 Downloading from central: https://repo.maven.apache.org/maven2/javax/activation/javax.activation-api/1.2.0/javax.activation-api-1.2.0.jar
#13 23.15 Progress (1): 479/852 kB
Progress (1): 495/852 kB
Progress (1): 512/852 kB
Progress (1): 528/852 kB
Progress (1): 544/852 kB
Progress (1): 561/852 kB
Progress (1): 577/852 kB
Progress (2): 577/852 kB | 0/5.8 MB
Progress (2): 577/852 kB | 0/5.8 MB
Progress (2): 594/852 kB | 0/5.8 MB
Progress (2): 594/852 kB | 0/5.8 MB
Progress (2): 610/852 kB | 0/5.8 MB
Progress (2): 626/852 kB | 0/5.8 MB
Progress (2): 626/852 kB | 0/5.8 MB
Progress (2): 643/852 kB | 0/5.8 MB
Progress (2): 643/852 kB | 0.1/5.8 MB
Progress (2): 659/852 kB | 0.1/5.8 MB
Progress (2): 659/852 kB | 0.1/5.8 MB
Progress (2): 676/852 kB | 0.1/5.8 MB
Progress (2): 676/852 kB | 0.1/5.8 MB
Progress (2): 692/852 kB | 0.1/5.8 MB
Progress (2): 693/852 kB | 0.1/5.8 MB
Progress (2): 710/852 kB | 0.1/5.8 MB
Progress (2): 710/852 kB | 0.1/5.8 MB
Progress (2): 726/852 kB | 0.1/5.8 MB
Progress (2): 726/852 kB | 0.1/5.8 MB
Progress (2): 742/852 kB | 0.1/5.8 MB
Progress (2): 742/852 kB | 0.1/5.8 MB
Progress (2): 759/852 kB | 0.1/5.8 MB
Progress (2): 775/852 kB | 0.1/5.8 MB
Progress (2): 791/852 kB | 0.1/5.8 MB
Progress (2): 791/852 kB | 0.2/5.8 MB
Progress (2): 791/852 kB | 0.2/5.8 MB
Progress (2): 808/852 kB | 0.2/5.8 MB
Progress (2): 808/852 kB | 0.2/5.8 MB
Progress (2): 808/852 kB | 0.2/5.8 MB
Progress (2): 824/852 kB | 0.2/5.8 MB
Progress (2): 824/852 kB | 0.2/5.8 MB
Progress (2): 824/852 kB | 0.2/5.8 MB
Progress (2): 841/852 kB | 0.2/5.8 MB
Progress (2): 841/852 kB | 0.2/5.8 MB
Progress (3): 841/852 kB | 0.2/5.8 MB | 7.7/587 kB
Progress (3): 841/852 kB | 0.2/5.8 MB | 12/587 kB 
Progress (3): 841/852 kB | 0.3/5.8 MB | 12/587 kB
Progress (3): 852 kB | 0.3/5.8 MB | 12/587 kB    
Progress (3): 852 kB | 0.3/5.8 MB | 12/587 kB
                                             
Downloaded from central: https://repo.maven.apache.org/maven2/org/javassist/javassist/3.28.0-GA/javassist-3.28.0-GA.jar (852 kB at 1.2 MB/s)
#13 23.17 Progress (2): 0.3/5.8 MB | 29/587 kB
Progress (2): 0.3/5.8 MB | 29/587 kB
Progress (2): 0.3/5.8 MB | 29/587 kB
Progress (2): 0.3/5.8 MB | 45/587 kB
Progress (2): 0.3/5.8 MB | 61/587 kB
Progress (2): 0.3/5.8 MB | 61/587 kB
Progress (2): 0.3/5.8 MB | 61/587 kB
Progress (2): 0.4/5.8 MB | 61/587 kB
Progress (2): 0.4/5.8 MB | 78/587 kB
Progress (2): 0.4/5.8 MB | 94/587 kB
Progress (2): 0.4/5.8 MB | 94/587 kB
Progress (2): 0.4/5.8 MB | 94/587 kB
Progress (2): 0.4/5.8 MB | 111/587 kB
Progress (2): 0.4/5.8 MB | 111/587 kB
Progress (2): 0.4/5.8 MB | 111/587 kB
Progress (2): 0.4/5.8 MB | 127/587 kB
Progress (2): 0.4/5.8 MB | 127/587 kB
Progress (2): 0.4/5.8 MB | 143/587 kB
Progress (2): 0.5/5.8 MB | 143/587 kB
Progress (2): 0.5/5.8 MB | 143/587 kB
Progress (2): 0.5/5.8 MB | 160/587 kB
Progress (2): 0.5/5.8 MB | 160/587 kB
Progress (2): 0.5/5.8 MB | 176/587 kB
Progress (2): 0.5/5.8 MB | 176/587 kB
Progress (2): 0.5/5.8 MB | 193/587 kB
Progress (2): 0.5/5.8 MB | 193/587 kB
Progress (2): 0.5/5.8 MB | 209/587 kB
Progress (2): 0.5/5.8 MB | 209/587 kB
Progress (2): 0.6/5.8 MB | 209/587 kB
Progress (2): 0.6/5.8 MB | 225/587 kB
Progress (3): 0.6/5.8 MB | 225/587 kB | 7.7/128 kB
Progress (3): 0.6/5.8 MB | 242/587 kB | 7.7/128 kB
Progress (3): 0.6/5.8 MB | 242/587 kB | 16/128 kB 
Progress (3): 0.6/5.8 MB | 242/587 kB | 16/128 kB
Progress (3): 0.6/5.8 MB | 242/587 kB | 16/128 kB
Progress (3): 0.6/5.8 MB | 242/587 kB | 28/128 kB
Progress (3): 0.6/5.8 MB | 242/587 kB | 44/128 kB
Progress (3): 0.6/5.8 MB | 258/587 kB | 44/128 kB
Progress (3): 0.6/5.8 MB | 258/587 kB | 44/128 kB
Progress (3): 0.6/5.8 MB | 258/587 kB | 61/128 kB
Progress (3): 0.6/5.8 MB | 274/587 kB | 61/128 kB
Progress (3): 0.6/5.8 MB | 274/587 kB | 61/128 kB
Progress (3): 0.6/5.8 MB | 274/587 kB | 77/128 kB
Progress (3): 0.6/5.8 MB | 291/587 kB | 77/128 kB
Progress (3): 0.6/5.8 MB | 291/587 kB | 93/128 kB
Progress (3): 0.6/5.8 MB | 307/587 kB | 93/128 kB
Progress (3): 0.6/5.8 MB | 307/587 kB | 93/128 kB
Progress (4): 0.6/5.8 MB | 307/587 kB | 93/128 kB | 7.7/57 kB
Progress (4): 0.6/5.8 MB | 307/587 kB | 93/128 kB | 7.7/57 kB
Progress (4): 0.7/5.8 MB | 307/587 kB | 93/128 kB | 7.7/57 kB
Progress (4): 0.7/5.8 MB | 324/587 kB | 93/128 kB | 7.7/57 kB
Progress (4): 0.7/5.8 MB | 324/587 kB | 110/128 kB | 7.7/57 kB
Progress (4): 0.7/5.8 MB | 324/587 kB | 110/128 kB | 24/57 kB 
Progress (4): 0.7/5.8 MB | 324/587 kB | 126/128 kB | 24/57 kB
Progress (4): 0.7/5.8 MB | 324/587 kB | 128 kB | 24/57 kB    
Progress (4): 0.7/5.8 MB | 324/587 kB | 128 kB | 24/57 kB
                                                         
Downloaded from central: https://repo.maven.apache.org/maven2/javax/xml/bind/jaxb-api/2.3.1/jaxb-api-2.3.1.jar (128 kB at 174 kB/s)
#13 23.19 Progress (3): 0.7/5.8 MB | 324/587 kB | 24/57 kB
Progress (3): 0.7/5.8 MB | 324/587 kB | 40/57 kB
Progress (3): 0.7/5.8 MB | 340/587 kB | 40/57 kB
Progress (3): 0.7/5.8 MB | 340/587 kB | 40/57 kB
Progress (3): 0.7/5.8 MB | 356/587 kB | 40/57 kB
Progress (3): 0.7/5.8 MB | 364/587 kB | 40/57 kB
Progress (3): 0.7/5.8 MB | 381/587 kB | 40/57 kB
Progress (3): 0.7/5.8 MB | 381/587 kB | 57 kB   
Progress (3): 0.7/5.8 MB | 381/587 kB | 57 kB
Progress (3): 0.7/5.8 MB | 397/587 kB | 57 kB
Progress (3): 0.7/5.8 MB | 397/587 kB | 57 kB
                                             
Downloaded from central: https://repo.maven.apache.org/maven2/javax/activation/javax.activation-api/1.2.0/javax.activation-api-1.2.0.jar (57 kB at 76 kB/s)
#13 23.20 Progress (2): 0.8/5.8 MB | 397/587 kB
Progress (2): 0.8/5.8 MB | 397/587 kB
Progress (2): 0.8/5.8 MB | 413/587 kB
Progress (2): 0.8/5.8 MB | 413/587 kB
Progress (2): 0.8/5.8 MB | 413/587 kB
Progress (2): 0.8/5.8 MB | 413/587 kB
Progress (2): 0.8/5.8 MB | 413/587 kB
Progress (2): 0.8/5.8 MB | 430/587 kB
Progress (2): 0.8/5.8 MB | 430/587 kB
Progress (2): 0.8/5.8 MB | 430/587 kB
Progress (2): 0.9/5.8 MB | 430/587 kB
Progress (2): 0.9/5.8 MB | 430/587 kB
Progress (2): 0.9/5.8 MB | 430/587 kB
Progress (2): 0.9/5.8 MB | 430/587 kB
Progress (2): 0.9/5.8 MB | 446/587 kB
Progress (2): 0.9/5.8 MB | 446/587 kB
Progress (2): 0.9/5.8 MB | 446/587 kB
Progress (2): 0.9/5.8 MB | 463/587 kB
Progress (2): 1.0/5.8 MB | 463/587 kB
Progress (2): 1.0/5.8 MB | 463/587 kB
Progress (2): 1.0/5.8 MB | 463/587 kB
Progress (2): 1.0/5.8 MB | 479/587 kB
Progress (2): 1.0/5.8 MB | 479/587 kB
Progress (2): 1.0/5.8 MB | 479/587 kB
Progress (2): 1.0/5.8 MB | 495/587 kB
Progress (2): 1.0/5.8 MB | 495/587 kB
Progress (2): 1.0/5.8 MB | 495/587 kB
Progress (2): 1.1/5.8 MB | 495/587 kB
Progress (2): 1.1/5.8 MB | 512/587 kB
Progress (2): 1.1/5.8 MB | 512/587 kB
Progress (2): 1.1/5.8 MB | 528/587 kB
Progress (2): 1.1/5.8 MB | 528/587 kB
Progress (2): 1.1/5.8 MB | 528/587 kB
Progress (2): 1.1/5.8 MB | 528/587 kB
Progress (2): 1.1/5.8 MB | 528/587 kB
Progress (2): 1.1/5.8 MB | 544/587 kB
Progress (2): 1.2/5.8 MB | 544/587 kB
Progress (2): 1.2/5.8 MB | 561/587 kB
Progress (2): 1.2/5.8 MB | 561/587 kB
Progress (2): 1.2/5.8 MB | 577/587 kB
Progress (2): 1.2/5.8 MB | 577/587 kB
Progress (2): 1.2/5.8 MB | 577/587 kB
Progress (2): 1.2/5.8 MB | 577/587 kB
Progress (2): 1.2/5.8 MB | 587 kB    
Progress (2): 1.2/5.8 MB | 587 kB
Progress (2): 1.3/5.8 MB | 587 kB
                                 
Downloaded from central: https://repo.maven.apache.org/maven2/org/apache/commons/commons-lang3/3.12.0/commons-lang3-3.12.0.jar (587 kB at 772 kB/s)
#13 23.21 Progress (1): 1.3/5.8 MB
Progress (1): 1.3/5.8 MB
Progress (1): 1.3/5.8 MB
Progress (1): 1.3/5.8 MB
Progress (1): 1.3/5.8 MB
Progress (1): 1.4/5.8 MB
Progress (1): 1.4/5.8 MB
Progress (1): 1.4/5.8 MB
Progress (1): 1.4/5.8 MB
Progress (1): 1.4/5.8 MB
Progress (1): 1.4/5.8 MB
Progress (1): 1.5/5.8 MB
Progress (1): 1.5/5.8 MB
Progress (1): 1.5/5.8 MB
Progress (1): 1.5/5.8 MB
Progress (1): 1.5/5.8 MB
Progress (1): 1.5/5.8 MB
Progress (1): 1.6/5.8 MB
Progress (1): 1.6/5.8 MB
Progress (1): 1.6/5.8 MB
Progress (1): 1.6/5.8 MB
Progress (1): 1.6/5.8 MB
Progress (1): 1.6/5.8 MB
Progress (1): 1.7/5.8 MB
Progress (1): 1.7/5.8 MB
Progress (1): 1.7/5.8 MB
Progress (1): 1.7/5.8 MB
Progress (1): 1.7/5.8 MB
Progress (1): 1.7/5.8 MB
Progress (1): 1.8/5.8 MB
Progress (1): 1.8/5.8 MB
Progress (1): 1.8/5.8 MB
Progress (1): 1.8/5.8 MB
Progress (1): 1.8/5.8 MB
Progress (1): 1.8/5.8 MB
Progress (1): 1.9/5.8 MB
Progress (1): 1.9/5.8 MB
Progress (1): 1.9/5.8 MB
Progress (1): 1.9/5.8 MB
Progress (1): 1.9/5.8 MB
Progress (1): 1.9/5.8 MB
Progress (1): 1.9/5.8 MB
Progress (1): 2.0/5.8 MB
Progress (1): 2.0/5.8 MB
Progress (1): 2.0/5.8 MB
Progress (1): 2.0/5.8 MB
Progress (1): 2.0/5.8 MB
Progress (1): 2.0/5.8 MB
Progress (1): 2.1/5.8 MB
Progress (1): 2.1/5.8 MB
Progress (1): 2.1/5.8 MB
Progress (1): 2.1/5.8 MB
Progress (1): 2.1/5.8 MB
Progress (1): 2.1/5.8 MB
Progress (1): 2.2/5.8 MB
Progress (1): 2.2/5.8 MB
Progress (1): 2.2/5.8 MB
Progress (1): 2.2/5.8 MB
Progress (1): 2.2/5.8 MB
Progress (1): 2.2/5.8 MB
Progress (1): 2.2/5.8 MB
Progress (1): 2.3/5.8 MB
Progress (1): 2.3/5.8 MB
Progress (1): 2.3/5.8 MB
Progress (1): 2.3/5.8 MB
Progress (1): 2.3/5.8 MB
Progress (1): 2.3/5.8 MB
Progress (1): 2.4/5.8 MB
Progress (1): 2.4/5.8 MB
Progress (1): 2.4/5.8 MB
Progress (1): 2.4/5.8 MB
Progress (1): 2.4/5.8 MB
Progress (1): 2.4/5.8 MB
Progress (1): 2.5/5.8 MB
Progress (1): 2.5/5.8 MB
Progress (1): 2.5/5.8 MB
Progress (1): 2.5/5.8 MB
Progress (1): 2.5/5.8 MB
Progress (1): 2.5/5.8 MB
Progress (1): 2.6/5.8 MB
Progress (1): 2.6/5.8 MB
Progress (1): 2.6/5.8 MB
Progress (1): 2.6/5.8 MB
Progress (1): 2.6/5.8 MB
Progress (1): 2.6/5.8 MB
Progress (1): 2.6/5.8 MB
Progress (1): 2.7/5.8 MB
Progress (1): 2.7/5.8 MB
Progress (1): 2.7/5.8 MB
Progress (1): 2.7/5.8 MB
Progress (1): 2.7/5.8 MB
Progress (1): 2.7/5.8 MB
Progress (1): 2.8/5.8 MB
Progress (1): 2.8/5.8 MB
Progress (1): 2.8/5.8 MB
Progress (1): 2.8/5.8 MB
Progress (1): 2.8/5.8 MB
Progress (1): 2.8/5.8 MB
Progress (1): 2.8/5.8 MB
Progress (1): 2.9/5.8 MB
Progress (1): 2.9/5.8 MB
Progress (1): 2.9/5.8 MB
Progress (1): 2.9/5.8 MB
Progress (1): 2.9/5.8 MB
Progress (1): 2.9/5.8 MB
Progress (1): 3.0/5.8 MB
Progress (1): 3.0/5.8 MB
Progress (1): 3.0/5.8 MB
Progress (1): 3.0/5.8 MB
Progress (1): 3.0/5.8 MB
Progress (1): 3.0/5.8 MB
Progress (1): 3.1/5.8 MB
Progress (1): 3.1/5.8 MB
Progress (1): 3.1/5.8 MB
Progress (1): 3.1/5.8 MB
Progress (1): 3.1/5.8 MB
Progress (1): 3.1/5.8 MB
Progress (1): 3.1/5.8 MB
Progress (1): 3.2/5.8 MB
Progress (1): 3.2/5.8 MB
Progress (1): 3.2/5.8 MB
Progress (1): 3.2/5.8 MB
Progress (1): 3.2/5.8 MB
Progress (1): 3.2/5.8 MB
Progress (1): 3.3/5.8 MB
Progress (1): 3.3/5.8 MB
Progress (1): 3.3/5.8 MB
Progress (1): 3.3/5.8 MB
Progress (1): 3.3/5.8 MB
Progress (1): 3.3/5.8 MB
Progress (1): 3.3/5.8 MB
Progress (1): 3.4/5.8 MB
Progress (1): 3.4/5.8 MB
Progress (1): 3.4/5.8 MB
Progress (1): 3.4/5.8 MB
Progress (1): 3.4/5.8 MB
Progress (1): 3.4/5.8 MB
Progress (1): 3.5/5.8 MB
Progress (1): 3.5/5.8 MB
Progress (1): 3.5/5.8 MB
Progress (1): 3.5/5.8 MB
Progress (1): 3.5/5.8 MB
Progress (1): 3.5/5.8 MB
Progress (1): 3.6/5.8 MB
Progress (1): 3.6/5.8 MB
Progress (1): 3.6/5.8 MB
Progress (1): 3.6/5.8 MB
Progress (1): 3.6/5.8 MB
Progress (1): 3.6/5.8 MB
Progress (1): 3.7/5.8 MB
Progress (1): 3.7/5.8 MB
Progress (1): 3.7/5.8 MB
Progress (1): 3.7/5.8 MB
Progress (1): 3.7/5.8 MB
Progress (1): 3.7/5.8 MB
Progress (1): 3.8/5.8 MB
Progress (1): 3.8/5.8 MB
Progress (1): 3.8/5.8 MB
Progress (1): 3.8/5.8 MB
Progress (1): 3.8/5.8 MB
Progress (1): 3.8/5.8 MB
Progress (1): 3.9/5.8 MB
Progress (1): 3.9/5.8 MB
Progress (1): 3.9/5.8 MB
Progress (1): 3.9/5.8 MB
Progress (1): 3.9/5.8 MB
Progress (1): 3.9/5.8 MB
Progress (1): 4.0/5.8 MB
Progress (1): 4.0/5.8 MB
Progress (1): 4.0/5.8 MB
Progress (1): 4.0/5.8 MB
Progress (1): 4.0/5.8 MB
Progress (1): 4.0/5.8 MB
Progress (1): 4.0/5.8 MB
Progress (1): 4.1/5.8 MB
Progress (1): 4.1/5.8 MB
Progress (1): 4.1/5.8 MB
Progress (1): 4.1/5.8 MB
Progress (1): 4.1/5.8 MB
Progress (1): 4.1/5.8 MB
Progress (1): 4.2/5.8 MB
Progress (1): 4.2/5.8 MB
Progress (1): 4.2/5.8 MB
Progress (1): 4.2/5.8 MB
Progress (1): 4.2/5.8 MB
Progress (1): 4.2/5.8 MB
Progress (1): 4.3/5.8 MB
Progress (1): 4.3/5.8 MB
Progress (1): 4.3/5.8 MB
Progress (1): 4.3/5.8 MB
Progress (1): 4.3/5.8 MB
Progress (1): 4.3/5.8 MB
Progress (1): 4.4/5.8 MB
Progress (1): 4.4/5.8 MB
Progress (1): 4.4/5.8 MB
Progress (1): 4.4/5.8 MB
Progress (1): 4.4/5.8 MB
Progress (1): 4.4/5.8 MB
Progress (1): 4.5/5.8 MB
Progress (1): 4.5/5.8 MB
Progress (1): 4.5/5.8 MB
Progress (1): 4.5/5.8 MB
Progress (1): 4.5/5.8 MB
Progress (1): 4.5/5.8 MB
Progress (1): 4.6/5.8 MB
Progress (1): 4.6/5.8 MB
Progress (1): 4.6/5.8 MB
Progress (1): 4.6/5.8 MB
Progress (1): 4.6/5.8 MB
Progress (1): 4.6/5.8 MB
Progress (1): 4.6/5.8 MB
Progress (1): 4.7/5.8 MB
Progress (1): 4.7/5.8 MB
Progress (1): 4.7/5.8 MB
Progress (1): 4.7/5.8 MB
Progress (1): 4.7/5.8 MB
Progress (1): 4.7/5.8 MB
Progress (1): 4.8/5.8 MB
Progress (1): 4.8/5.8 MB
Progress (1): 4.8/5.8 MB
Progress (1): 4.8/5.8 MB
Progress (1): 4.8/5.8 MB
Progress (1): 4.8/5.8 MB
Progress (1): 4.9/5.8 MB
Progress (1): 4.9/5.8 MB
Progress (1): 4.9/5.8 MB
Progress (1): 4.9/5.8 MB
Progress (1): 4.9/5.8 MB
Progress (1): 4.9/5.8 MB
Progress (1): 4.9/5.8 MB
Progress (1): 5.0/5.8 MB
Progress (1): 5.0/5.8 MB
Progress (1): 5.0/5.8 MB
Progress (1): 5.0/5.8 MB
Progress (1): 5.0/5.8 MB
Progress (1): 5.0/5.8 MB
Progress (1): 5.1/5.8 MB
Progress (1): 5.1/5.8 MB
Progress (1): 5.1/5.8 MB
Progress (1): 5.1/5.8 MB
Progress (1): 5.1/5.8 MB
Progress (1): 5.1/5.8 MB
Progress (1): 5.2/5.8 MB
Progress (1): 5.2/5.8 MB
Progress (1): 5.2/5.8 MB
Progress (1): 5.2/5.8 MB
Progress (1): 5.2/5.8 MB
Progress (1): 5.2/5.8 MB
Progress (1): 5.3/5.8 MB
Progress (1): 5.3/5.8 MB
Progress (1): 5.3/5.8 MB
Progress (1): 5.3/5.8 MB
Progress (1): 5.3/5.8 MB
Progress (1): 5.3/5.8 MB
Progress (1): 5.4/5.8 MB
Progress (1): 5.4/5.8 MB
Progress (1): 5.4/5.8 MB
Progress (1): 5.4/5.8 MB
Progress (1): 5.4/5.8 MB
Progress (1): 5.4/5.8 MB
Progress (1): 5.5/5.8 MB
Progress (1): 5.5/5.8 MB
Progress (1): 5.5/5.8 MB
Progress (1): 5.5/5.8 MB
Progress (1): 5.5/5.8 MB
Progress (1): 5.5/5.8 MB
Progress (1): 5.6/5.8 MB
Progress (1): 5.6/5.8 MB
Progress (1): 5.6/5.8 MB
Progress (1): 5.6/5.8 MB
Progress (1): 5.6/5.8 MB
Progress (1): 5.6/5.8 MB
Progress (1): 5.7/5.8 MB
Progress (1): 5.7/5.8 MB
Progress (1): 5.7/5.8 MB
Progress (1): 5.7/5.8 MB
Progress (1): 5.7/5.8 MB
Progress (1): 5.7/5.8 MB
Progress (1): 5.8/5.8 MB
Progress (1): 5.8 MB    
                    
Downloaded from central: https://repo.maven.apache.org/maven2/net/sf/saxon/Saxon-HE/10.6/Saxon-HE-10.6.jar (5.8 MB at 5.8 MB/s)
#13 23.62 [INFO] 
#13 23.62 [INFO] --- resources:3.3.1:resources (default-resources) @ backend ---
#13 23.62 Downloading from central: https://repo.maven.apache.org/maven2/org/apache/maven/shared/maven-filtering/3.3.1/maven-filtering-3.3.1.pom
#13 23.65 Progress (1): 793 B
Progress (1): 2.3 kB
Progress (1): 5.6 kB
Progress (1): 6.0 kB
                    
Downloaded from central: https://repo.maven.apache.org/maven2/org/apache/maven/shared/maven-filtering/3.3.1/maven-filtering-3.3.1.pom (6.0 kB at 178 kB/s)
#13 23.66 Downloading from central: https://repo.maven.apache.org/maven2/org/apache/maven/shared/maven-shared-components/39/maven-shared-components-39.pom
#13 23.69 Progress (1): 812 B
Progress (1): 2.2 kB
Progress (1): 3.2 kB
                    
Downloaded from central: https://repo.maven.apache.org/maven2/org/apache/maven/shared/maven-shared-components/39/maven-shared-components-39.pom (3.2 kB at 92 kB/s)
#13 23.69 Downloading from central: https://repo.maven.apache.org/maven2/org/slf4j/slf4j-api/1.7.36/slf4j-api-1.7.36.pom
#13 23.72 Progress (1): 1.0 kB
Progress (1): 2.7 kB
                    
Downloaded from central: https://repo.maven.apache.org/maven2/org/slf4j/slf4j-api/1.7.36/slf4j-api-1.7.36.pom (2.7 kB at 95 kB/s)
#13 23.73 Downloading from central: https://repo.maven.apache.org/maven2/org/slf4j/slf4j-parent/1.7.36/slf4j-parent-1.7.36.pom
#13 23.76 Progress (1): 1.0 kB
Progress (1): 3.0 kB
Progress (1): 5.9 kB
Progress (1): 8.7 kB
Progress (1): 12 kB 
Progress (1): 14 kB
                   
Downloaded from central: https://repo.maven.apache.org/maven2/org/slf4j/slf4j-parent/1.7.36/slf4j-parent-1.7.36.pom (14 kB at 403 kB/s)
#13 23.76 Downloading from central: https://repo.maven.apache.org/maven2/org/sonatype/plexus/plexus-build-api/0.0.7/plexus-build-api-0.0.7.pom
#13 23.80 Progress (1): 910 B
Progress (1): 3.2 kB
                    
Downloaded from central: https://repo.maven.apache.org/maven2/org/sonatype/plexus/plexus-build-api/0.0.7/plexus-build-api-0.0.7.pom (3.2 kB at 84 kB/s)
#13 23.81 Downloading from central: https://repo.maven.apache.org/maven2/org/sonatype/spice/spice-parent/15/spice-parent-15.pom
#13 23.84 Progress (1): 1.2 kB
Progress (1): 3.7 kB
Progress (1): 7.3 kB
Progress (1): 8.4 kB
                    
Downloaded from central: https://repo.maven.apache.org/maven2/org/sonatype/spice/spice-parent/15/spice-parent-15.pom (8.4 kB at 239 kB/s)
#13 23.84 Downloading from central: https://repo.maven.apache.org/maven2/org/sonatype/forge/forge-parent/5/forge-parent-5.pom
#13 23.88 Progress (1): 1.3 kB
Progress (1): 5.5 kB
Progress (1): 8.4 kB
                    
Downloaded from central: https://repo.maven.apache.org/maven2/org/sonatype/forge/forge-parent/5/forge-parent-5.pom (8.4 kB at 239 kB/s)
#13 23.88 Downloading from central: https://repo.maven.apache.org/maven2/org/codehaus/plexus/plexus-utils/3.5.0/plexus-utils-3.5.0.pom
#13 23.91 Progress (1): 725 B
Progress (1): 2.4 kB
Progress (1): 4.5 kB
Progress (1): 8.0 kB
                    
Downloaded from central: https://repo.maven.apache.org/maven2/org/codehaus/plexus/plexus-utils/3.5.0/plexus-utils-3.5.0.pom (8.0 kB at 258 kB/s)
#13 23.91 Downloading from central: https://repo.maven.apache.org/maven2/commons-io/commons-io/2.11.0/commons-io-2.11.0.pom
#13 23.95 Progress (1): 764 B
Progress (1): 2.1 kB
Progress (1): 5.2 kB
Progress (1): 7.8 kB
Progress (1): 10 kB 
Progress (1): 12 kB
Progress (1): 15 kB
Progress (1): 18 kB
Progress (1): 20 kB
                   
Downloaded from central: https://repo.maven.apache.org/maven2/commons-io/commons-io/2.11.0/commons-io-2.11.0.pom (20 kB at 564 kB/s)
#13 23.95 Downloading from central: https://repo.maven.apache.org/maven2/org/junit/junit-bom/5.7.2/junit-bom-5.7.2.pom
#13 23.98 Progress (1): 912 B
Progress (1): 4.1 kB
Progress (1): 5.1 kB
                    
Downloaded from central: https://repo.maven.apache.org/maven2/org/junit/junit-bom/5.7.2/junit-bom-5.7.2.pom (5.1 kB at 150 kB/s)
#13 23.99 Downloading from central: https://repo.maven.apache.org/maven2/org/apache/maven/shared/maven-filtering/3.3.1/maven-filtering-3.3.1.jar
#13 24.02 Progress (1): 7.7/55 kB
Progress (1): 16/55 kB 
Progress (1): 25/55 kB
Progress (1): 41/55 kB
Progress (1): 55 kB   
                   
Downloaded from central: https://repo.maven.apache.org/maven2/org/apache/maven/shared/maven-filtering/3.3.1/maven-filtering-3.3.1.jar (55 kB at 1.7 MB/s)
#13 24.02 Downloading from central: https://repo.maven.apache.org/maven2/org/slf4j/slf4j-api/1.7.36/slf4j-api-1.7.36.jar
#13 24.02 Downloading from central: https://repo.maven.apache.org/maven2/org/sonatype/plexus/plexus-build-api/0.0.7/plexus-build-api-0.0.7.jar
#13 24.02 Downloading from central: https://repo.maven.apache.org/maven2/commons-io/commons-io/2.11.0/commons-io-2.11.0.jar
#13 24.05 Progress (1): 3.2/327 kB
Progress (2): 3.2/327 kB | 3.2/41 kB
Progress (2): 11/327 kB | 3.2/41 kB 
Progress (2): 11/327 kB | 20/41 kB 
Progress (2): 11/327 kB | 36/41 kB
Progress (2): 11/327 kB | 41 kB   
                               
Downloaded from central: https://repo.maven.apache.org/maven2/org/slf4j/slf4j-api/1.7.36/slf4j-api-1.7.36.jar (41 kB at 1.2 MB/s)
#13 24.05 Progress (1): 28/327 kB
Progress (1): 44/327 kB
Progress (2): 44/327 kB | 7.7/8.5 kB
Progress (2): 61/327 kB | 7.7/8.5 kB
Progress (2): 61/327 kB | 8.5 kB    
                                
Downloaded from central: https://repo.maven.apache.org/maven2/org/sonatype/plexus/plexus-build-api/0.0.7/plexus-build-api-0.0.7.jar (8.5 kB at 242 kB/s)
#13 24.06 Progress (1): 77/327 kB
Progress (1): 93/327 kB
Progress (1): 110/327 kB
Progress (1): 126/327 kB
Progress (1): 142/327 kB
Progress (1): 159/327 kB
Progress (1): 175/327 kB
Progress (1): 192/327 kB
Progress (1): 208/327 kB
Progress (1): 224/327 kB
Progress (1): 241/327 kB
Progress (1): 257/327 kB
Progress (1): 274/327 kB
Progress (1): 290/327 kB
Progress (1): 306/327 kB
Progress (1): 323/327 kB
Progress (1): 327 kB    
                    
Downloaded from central: https://repo.maven.apache.org/maven2/commons-io/commons-io/2.11.0/commons-io-2.11.0.jar (327 kB at 5.6 MB/s)
#13 24.11 [INFO] Copying 1 resource from src/main/resources to target/classes
#13 24.12 [INFO] Copying 19 resources from src/main/resources to target/classes
#13 24.12 [INFO] 
#13 24.12 [INFO] --- compiler:3.11.0:compile (default-compile) @ backend ---
#13 24.12 Downloading from central: https://repo.maven.apache.org/maven2/org/apache/maven/shared/maven-shared-incremental/1.1/maven-shared-incremental-1.1.pom
#13 24.16 Progress (1): 806 B
Progress (1): 2.3 kB
Progress (1): 4.7 kB
                    
Downloaded from central: https://repo.maven.apache.org/maven2/org/apache/maven/shared/maven-shared-incremental/1.1/maven-shared-incremental-1.1.pom (4.7 kB at 135 kB/s)
#13 24.16 Downloading from central: https://repo.maven.apache.org/maven2/org/apache/maven/shared/maven-shared-components/19/maven-shared-components-19.pom
#13 24.20 Progress (1): 773 B
Progress (1): 2.4 kB
Progress (1): 4.2 kB
Progress (1): 6.4 kB
                    
Downloaded from central: https://repo.maven.apache.org/maven2/org/apache/maven/shared/maven-shared-components/19/maven-shared-components-19.pom (6.4 kB at 182 kB/s)
#13 24.20 Downloading from central: https://repo.maven.apache.org/maven2/org/codehaus/plexus/plexus-java/1.1.2/plexus-java-1.1.2.pom
#13 24.24 Progress (1): 1.3 kB
Progress (1): 4.2 kB
Progress (1): 5.0 kB
                    
Downloaded from central: https://repo.maven.apache.org/maven2/org/codehaus/plexus/plexus-java/1.1.2/plexus-java-1.1.2.pom (5.0 kB at 131 kB/s)
#13 24.24 Downloading from central: https://repo.maven.apache.org/maven2/org/codehaus/plexus/plexus-languages/1.1.2/plexus-languages-1.1.2.pom
#13 24.27 Progress (1): 1.3 kB
Progress (1): 4.1 kB
                    
Downloaded from central: https://repo.maven.apache.org/maven2/org/codehaus/plexus/plexus-languages/1.1.2/plexus-languages-1.1.2.pom (4.1 kB at 122 kB/s)
#13 24.27 Downloading from central: https://repo.maven.apache.org/maven2/org/ow2/asm/asm/9.4/asm-9.4.pom
#13 24.30 Progress (1): 1.3 kB
Progress (1): 2.4 kB
                    
Downloaded from central: https://repo.maven.apache.org/maven2/org/ow2/asm/asm/9.4/asm-9.4.pom (2.4 kB at 76 kB/s)
#13 24.31 Downloading from central: https://repo.maven.apache.org/maven2/com/thoughtworks/qdox/qdox/2.0.3/qdox-2.0.3.pom
#13 24.34 Progress (1): 872 B
Progress (1): 3.4 kB
Progress (1): 6.6 kB
Progress (1): 11 kB 
Progress (1): 13 kB
Progress (1): 17 kB
                   
Downloaded from central: https://repo.maven.apache.org/maven2/com/thoughtworks/qdox/qdox/2.0.3/qdox-2.0.3.pom (17 kB at 454 kB/s)
#13 24.35 Downloading from central: https://repo.maven.apache.org/maven2/org/codehaus/plexus/plexus-compiler-api/2.13.0/plexus-compiler-api-2.13.0.pom
#13 24.38 Progress (1): 1.1 kB
                    
Downloaded from central: https://repo.maven.apache.org/maven2/org/codehaus/plexus/plexus-compiler-api/2.13.0/plexus-compiler-api-2.13.0.pom (1.1 kB at 31 kB/s)
#13 24.38 Downloading from central: https://repo.maven.apache.org/maven2/org/codehaus/plexus/plexus-compiler/2.13.0/plexus-compiler-2.13.0.pom
#13 24.41 Progress (1): 1.2 kB
Progress (1): 4.1 kB
Progress (1): 7.3 kB
Progress (1): 8.4 kB
                    
Downloaded from central: https://repo.maven.apache.org/maven2/org/codehaus/plexus/plexus-compiler/2.13.0/plexus-compiler-2.13.0.pom (8.4 kB at 262 kB/s)
#13 24.42 Downloading from central: https://repo.maven.apache.org/maven2/org/codehaus/plexus/plexus-components/10.0/plexus-components-10.0.pom
#13 24.45 Progress (1): 1.3 kB
Progress (1): 2.7 kB
                    
Downloaded from central: https://repo.maven.apache.org/maven2/org/codehaus/plexus/plexus-components/10.0/plexus-components-10.0.pom (2.7 kB at 79 kB/s)
#13 24.45 Downloading from central: https://repo.maven.apache.org/maven2/org/codehaus/plexus/plexus-compiler-manager/2.13.0/plexus-compiler-manager-2.13.0.pom
#13 24.49 Progress (1): 1.1 kB
                    
Downloaded from central: https://repo.maven.apache.org/maven2/org/codehaus/plexus/plexus-compiler-manager/2.13.0/plexus-compiler-manager-2.13.0.pom (1.1 kB at 30 kB/s)
#13 24.49 Downloading from central: https://repo.maven.apache.org/maven2/org/codehaus/plexus/plexus-component-annotations/2.1.1/plexus-component-annotations-2.1.1.pom
#13 24.53 Progress (1): 770 B
                   
Downloaded from central: https://repo.maven.apache.org/maven2/org/codehaus/plexus/plexus-component-annotations/2.1.1/plexus-component-annotations-2.1.1.pom (770 B at 24 kB/s)
#13 24.53 Downloading from central: https://repo.maven.apache.org/maven2/org/codehaus/plexus/plexus-containers/2.1.1/plexus-containers-2.1.1.pom
#13 24.56 Progress (1): 1.3 kB
Progress (1): 4.9 kB
Progress (1): 6.0 kB
                    
Downloaded from central: https://repo.maven.apache.org/maven2/org/codehaus/plexus/plexus-containers/2.1.1/plexus-containers-2.1.1.pom (6.0 kB at 172 kB/s)
#13 24.56 Downloading from central: https://repo.maven.apache.org/maven2/org/codehaus/plexus/plexus/6.5/plexus-6.5.pom
#13 24.60 Progress (1): 696 B
Progress (1): 2.7 kB
Progress (1): 6.4 kB
Progress (1): 9.2 kB
Progress (1): 11 kB 
Progress (1): 16 kB
Progress (1): 20 kB
Progress (1): 24 kB
Progress (1): 26 kB
                   
Downloaded from central: https://repo.maven.apache.org/maven2/org/codehaus/plexus/plexus/6.5/plexus-6.5.pom (26 kB at 677 kB/s)
#13 24.61 Downloading from central: https://repo.maven.apache.org/maven2/org/codehaus/plexus/plexus-compiler-javac/2.13.0/plexus-compiler-javac-2.13.0.pom
#13 24.64 Progress (1): 1.2 kB
                    
Downloaded from central: https://repo.maven.apache.org/maven2/org/codehaus/plexus/plexus-compiler-javac/2.13.0/plexus-compiler-javac-2.13.0.pom (1.2 kB at 35 kB/s)
#13 24.64 Downloading from central: https://repo.maven.apache.org/maven2/org/codehaus/plexus/plexus-compilers/2.13.0/plexus-compilers-2.13.0.pom
#13 24.67 Progress (1): 1.3 kB
                    
Downloaded from central: https://repo.maven.apache.org/maven2/org/codehaus/plexus/plexus-compilers/2.13.0/plexus-compilers-2.13.0.pom (1.3 kB at 40 kB/s)
#13 24.68 Downloading from central: https://repo.maven.apache.org/maven2/org/apache/maven/shared/maven-shared-incremental/1.1/maven-shared-incremental-1.1.jar
#13 24.71 Progress (1): 7.7/14 kB
Progress (1): 14 kB    
                   
Downloaded from central: https://repo.maven.apache.org/maven2/org/apache/maven/shared/maven-shared-incremental/1.1/maven-shared-incremental-1.1.jar (14 kB at 410 kB/s)
#13 24.71 Downloading from central: https://repo.maven.apache.org/maven2/org/codehaus/plexus/plexus-component-annotations/1.5.5/plexus-component-annotations-1.5.5.jar
#13 24.71 Downloading from central: https://repo.maven.apache.org/maven2/org/codehaus/plexus/plexus-java/1.1.2/plexus-java-1.1.2.jar
#13 24.71 Downloading from central: https://repo.maven.apache.org/maven2/org/ow2/asm/asm/9.4/asm-9.4.jar
#13 24.71 Downloading from central: https://repo.maven.apache.org/maven2/com/thoughtworks/qdox/qdox/2.0.3/qdox-2.0.3.jar
#13 24.71 Downloading from central: https://repo.maven.apache.org/maven2/org/codehaus/plexus/plexus-compiler-api/2.13.0/plexus-compiler-api-2.13.0.jar
#13 24.74 Progress (1): 3.2/4.2 kB
Progress (2): 3.2/4.2 kB | 4.1/55 kB
Progress (2): 4.2 kB | 4.1/55 kB    
Progress (3): 4.2 kB | 4.1/55 kB | 7.7/122 kB
Progress (3): 4.2 kB | 4.1/55 kB | 8.2/122 kB
                                             
Downloaded from central: https://repo.maven.apache.org/maven2/org/codehaus/plexus/plexus-component-annotations/1.5.5/plexus-component-annotations-1.5.5.jar (4.2 kB at 124 kB/s)
#13 24.74 Downloading from central: https://repo.maven.apache.org/maven2/org/codehaus/plexus/plexus-utils/3.5.0/plexus-utils-3.5.0.jar
#13 24.74 Progress (2): 20/55 kB | 8.2/122 kB
Progress (2): 20/55 kB | 25/122 kB 
Progress (2): 37/55 kB | 25/122 kB
Progress (2): 53/55 kB | 25/122 kB
Progress (2): 55 kB | 25/122 kB   
Progress (2): 55 kB | 41/122 kB
                               
Downloaded from central: https://repo.maven.apache.org/maven2/org/codehaus/plexus/plexus-java/1.1.2/plexus-java-1.1.2.jar (55 kB at 1.5 MB/s)
#13 24.75 Downloading from central: https://repo.maven.apache.org/maven2/org/codehaus/plexus/plexus-compiler-manager/2.13.0/plexus-compiler-manager-2.13.0.jar
#13 24.75 Progress (2): 41/122 kB | 7.7/27 kB
Progress (3): 41/122 kB | 7.7/27 kB | 7.7/334 kB
Progress (3): 41/122 kB | 12/27 kB | 7.7/334 kB 
Progress (3): 41/122 kB | 12/27 kB | 16/334 kB 
Progress (3): 41/122 kB | 27 kB | 16/334 kB   
Progress (3): 57/122 kB | 27 kB | 16/334 kB
                                           
Downloaded from central: https://repo.maven.apache.org/maven2/org/codehaus/plexus/plexus-compiler-api/2.13.0/plexus-compiler-api-2.13.0.jar (27 kB at 751 kB/s)
#13 24.75 Downloading from central: https://repo.maven.apache.org/maven2/org/codehaus/plexus/plexus-compiler-javac/2.13.0/plexus-compiler-javac-2.13.0.jar
#13 24.75 Progress (2): 57/122 kB | 32/334 kB
Progress (2): 74/122 kB | 32/334 kB
Progress (2): 74/122 kB | 48/334 kB
Progress (2): 90/122 kB | 48/334 kB
Progress (2): 90/122 kB | 65/334 kB
Progress (2): 106/122 kB | 65/334 kB
Progress (2): 106/122 kB | 81/334 kB
Progress (2): 122 kB | 81/334 kB    
Progress (2): 122 kB | 97/334 kB
Progress (2): 122 kB | 114/334 kB
Progress (2): 122 kB | 130/334 kB
                                 
Downloaded from central: https://repo.maven.apache.org/maven2/org/ow2/asm/asm/9.4/asm-9.4.jar (122 kB at 2.9 MB/s)
#13 24.75 Progress (1): 147/334 kB
Progress (1): 163/334 kB
Progress (1): 179/334 kB
Progress (1): 196/334 kB
Progress (1): 212/334 kB
Progress (1): 228/334 kB
Progress (1): 245/334 kB
Progress (1): 261/334 kB
Progress (1): 278/334 kB
Progress (1): 279/334 kB
Progress (1): 295/334 kB
Progress (1): 311/334 kB
Progress (1): 328/334 kB
Progress (1): 334 kB    
                    
Downloaded from central: https://repo.maven.apache.org/maven2/com/thoughtworks/qdox/qdox/2.0.3/qdox-2.0.3.jar (334 kB at 5.9 MB/s)
#13 24.78 Progress (1): 7.7/267 kB
Progress (1): 8.2/267 kB
Progress (2): 8.2/267 kB | 4.7 kB
                                 
Downloaded from central: https://repo.maven.apache.org/maven2/org/codehaus/plexus/plexus-compiler-manager/2.13.0/plexus-compiler-manager-2.13.0.jar (4.7 kB at 72 kB/s)
#13 24.78 Progress (1): 25/267 kB
Progress (1): 41/267 kB
Progress (1): 57/267 kB
Progress (2): 57/267 kB | 7.7/23 kB
Progress (2): 74/267 kB | 7.7/23 kB
Progress (2): 74/267 kB | 16/23 kB 
Progress (2): 74/267 kB | 23 kB   
                               
Downloaded from central: https://repo.maven.apache.org/maven2/org/codehaus/plexus/plexus-compiler-javac/2.13.0/plexus-compiler-javac-2.13.0.jar (23 kB at 321 kB/s)
#13 24.78 Progress (1): 90/267 kB
Progress (1): 106/267 kB
Progress (1): 123/267 kB
Progress (1): 131/267 kB
Progress (1): 147/267 kB
Progress (1): 164/267 kB
Progress (1): 180/267 kB
Progress (1): 197/267 kB
Progress (1): 213/267 kB
Progress (1): 229/267 kB
Progress (1): 246/267 kB
Progress (1): 262/267 kB
Progress (1): 267 kB    
                    
Downloaded from central: https://repo.maven.apache.org/maven2/org/codehaus/plexus/plexus-utils/3.5.0/plexus-utils-3.5.0.jar (267 kB at 3.5 MB/s)
#13 24.85 [INFO] Changes detected - recompiling the module! :source
#13 24.85 [INFO] Compiling 66 source files with javac [debug release 17] to target/classes
#13 28.47 [INFO] /app/src/main/java/com/app/service/AIService.java: /app/src/main/java/com/app/service/AIService.java uses unchecked or unsafe operations.
#13 28.47 [INFO] /app/src/main/java/com/app/service/AIService.java: Recompile with -Xlint:unchecked for details.
#13 28.47 [INFO] -------------------------------------------------------------
#13 28.47 [WARNING] COMPILATION WARNING : 
#13 28.47 [INFO] -------------------------------------------------------------
#13 28.47 [WARNING] /app/src/main/java/com/app/model/DirectMessage.java:[38,21] @Builder will ignore the initializing expression entirely. If you want the initializing expression to serve as default, add @Builder.Default. If it is not supposed to be settable during building, make the field final.
#13 28.47 [WARNING] /app/src/main/java/com/app/model/Notification.java:[40,21] @Builder will ignore the initializing expression entirely. If you want the initializing expression to serve as default, add @Builder.Default. If it is not supposed to be settable during building, make the field final.
#13 28.47 [INFO] 2 warnings 
#13 28.47 [INFO] -------------------------------------------------------------
#13 28.47 [INFO] -------------------------------------------------------------
#13 28.47 [ERROR] COMPILATION ERROR : 
#13 28.47 [INFO] -------------------------------------------------------------
#13 28.47 [ERROR] /app/src/main/java/com/app/service/CommunityService.java:[72,30] local variables referenced from a lambda expression must be final or effectively final
#13 28.47 [ERROR] /app/src/main/java/com/app/service/CommunityService.java:[72,99] local variables referenced from a lambda expression must be final or effectively final
#13 28.47 [INFO] 2 errors 
#13 28.47 [INFO] -------------------------------------------------------------
#13 28.47 [INFO] ------------------------------------------------------------------------
#13 28.47 [INFO] BUILD FAILURE
#13 28.47 [INFO] ------------------------------------------------------------------------
#13 28.47 [INFO] Total time:  27.194 s
#13 28.47 [INFO] Finished at: 2026-05-04T12:07:48Z
#13 28.47 [INFO] ------------------------------------------------------------------------
#13 28.47 [ERROR] Failed to execute goal org.apache.maven.plugins:maven-compiler-plugin:3.11.0:compile (default-compile) on project backend: Compilation failure: Compilation failure: 
#13 28.47 [ERROR] /app/src/main/java/com/app/service/CommunityService.java:[72,30] local variables referenced from a lambda expression must be final or effectively final
#13 28.47 [ERROR] /app/src/main/java/com/app/service/CommunityService.java:[72,99] local variables referenced from a lambda expression must be final or effectively final
#13 28.47 [ERROR] -> [Help 1]
#13 28.47 [ERROR] 
#13 28.47 [ERROR] To see the full stack trace of the errors, re-run Maven with the -e switch.
#13 28.47 [ERROR] Re-run Maven using the -X switch to enable full debug logging.
#13 28.47 [ERROR] 
#13 28.47 [ERROR] For more information about the errors and possible solutions, please read the following articles:
#13 28.47 [ERROR] [Help 1] http://cwiki.apache.org/confluence/display/MAVEN/MojoFailureException
#13 ERROR: process "/bin/sh -c mvn clean package -DskipTests -Dcheckstyle.skip=true" did not complete successfully: exit code: 1
------
 > [build 6/6] RUN mvn clean package -DskipTests -Dcheckstyle.skip=true:
28.47 [ERROR] Failed to execute goal org.apache.maven.plugins:maven-compiler-plugin:3.11.0:compile (default-compile) on project backend: Compilation failure: Compilation failure: 
28.47 [ERROR] /app/src/main/java/com/app/service/CommunityService.java:[72,30] local variables referenced from a lambda expression must be final or effectively final
28.47 [ERROR] /app/src/main/java/com/app/service/CommunityService.java:[72,99] local variables referenced from a lambda expression must be final or effectively final
28.47 [ERROR] -> [Help 1]
28.47 [ERROR] 
28.47 [ERROR] To see the full stack trace of the errors, re-run Maven with the -e switch.
28.47 [ERROR] Re-run Maven using the -X switch to enable full debug logging.
28.47 [ERROR] 
28.47 [ERROR] For more information about the errors and possible solutions, please read the following articles:
28.47 [ERROR] [Help 1] http://cwiki.apache.org/confluence/display/MAVEN/MojoFailureException
------
Dockerfile:7

--------------------

   5 |     COPY src ./src

   6 |     COPY checkstyle.xml .

   7 | >>> RUN mvn clean package -DskipTests -Dcheckstyle.skip=true

   8 |     

   9 |     # Production stage

--------------------

failed to solve: process "/bin/sh -c mvn clean package -DskipTests -Dcheckstyle.skip=true" did not complete 
successfully: exit code: 1



View build details: docker-desktop://dashboard/build/default/default/8c7111td1j870j12trv0625gu

